<testsuites id="" name="" tests="765" failures="534" skipped="6" errors="0" time="1062.636776">
<testsuite name="e2e/accessibility.spec.ts" timestamp="2025-07-24T07:09:26.317Z" hostname="chromium" tests="20" failures="2" skipped="0" time="114.729" errors="0">
<testcase name="可访问性测试 › 键盘导航 › Tab键导航测试" classname="e2e/accessibility.spec.ts" time="6.413">
<system-out>
<![CDATA[Tab导航测试完成，测试了 10 个元素
]]>
</system-out>
</testcase>
<testcase name="可访问性测试 › 键盘导航 › Shift+Tab反向导航测试" classname="e2e/accessibility.spec.ts" time="6.401">
<system-out>
<![CDATA[Shift+Tab反向导航测试通过
]]>
</system-out>
</testcase>
<testcase name="可访问性测试 › 键盘导航 › Enter键激活测试" classname="e2e/accessibility.spec.ts" time="7.096">
<system-out>
<![CDATA[Enter键激活测试完成
]]>
</system-out>
</testcase>
<testcase name="可访问性测试 › 键盘导航 › 空格键激活测试" classname="e2e/accessibility.spec.ts" time="7.108">
<system-out>
<![CDATA[空格键激活测试完成
]]>
</system-out>
</testcase>
<testcase name="可访问性测试 › ARIA属性 › ARIA标签测试" classname="e2e/accessibility.spec.ts" time="5.497">
<system-out>
<![CDATA[检查了 5 个按钮的ARIA属性
]]>
</system-out>
</testcase>
<testcase name="可访问性测试 › ARIA属性 › ARIA展开状态测试" classname="e2e/accessibility.spec.ts" time="5.15">
</testcase>
<testcase name="可访问性测试 › ARIA属性 › ARIA隐藏元素测试" classname="e2e/accessibility.spec.ts" time="5.04">
</testcase>
<testcase name="可访问性测试 › 颜色对比度 › 文本颜色对比度测试" classname="e2e/accessibility.spec.ts" time="5.965">
<system-out>
<![CDATA[检查了 10 个元素的颜色对比度
]]>
</system-out>
</testcase>
<testcase name="可访问性测试 › 颜色对比度 › 链接颜色区分测试" classname="e2e/accessibility.spec.ts" time="5.198">
<system-out>
<![CDATA[链接颜色: 正常=rgb(147, 51, 234), 悬停=rgb(147, 51, 234)
]]>
</system-out>
</testcase>
<testcase name="可访问性测试 › 表单可访问性 › 表单标签关联测试" classname="e2e/accessibility.spec.ts" time="4.841">
<system-out>
<![CDATA[检查了 1 个表单元素的标签关联
]]>
</system-out>
</testcase>
<testcase name="可访问性测试 › 表单可访问性 › 表单错误提示测试" classname="e2e/accessibility.spec.ts" time="7.007">
</testcase>
<testcase name="可访问性测试 › 焦点管理 › 焦点可见性测试" classname="e2e/accessibility.spec.ts" time="4.985">
<system-out>
<![CDATA[焦点可见性测试通过
]]>
</system-out>
</testcase>
<testcase name="可访问性测试 › 焦点管理 › 焦点陷阱测试" classname="e2e/accessibility.spec.ts" time="4.625">
</testcase>
<testcase name="可访问性测试 › 屏幕阅读器支持 › 标题结构测试" classname="e2e/accessibility.spec.ts" time="5.185">
<system-out>
<![CDATA[标题结构: 1, 2, 3, 3, 3, 2, 3, 3, 3, 3, 3, 3, 2, 3, 3, 3, 3, 3, 3, 2, 3, 3, 3, 3, 3, 3, 2, 3, 3, 3, 3
]]>
</system-out>
</testcase>
<testcase name="可访问性测试 › 屏幕阅读器支持 › 地标元素测试" classname="e2e/accessibility.spec.ts" time="4.713">
<system-out>
<![CDATA[地标元素验证通过: 1个导航区域
]]>
</system-out>
</testcase>
<testcase name="可访问性测试 › 屏幕阅读器支持 › 列表结构测试" classname="e2e/accessibility.spec.ts" time="4.666">
<system-out>
<![CDATA[检查了 2 个列表结构
]]>
</system-out>
</testcase>
<testcase name="可访问性测试 › 动画和运动 › 减少动画偏好测试" classname="e2e/accessibility.spec.ts" time="4.579">
<system-out>
<![CDATA[减少动画偏好测试通过
]]>
</system-out>
</testcase>
<testcase name="可访问性测试 › 动画和运动 › 自动播放内容测试" classname="e2e/accessibility.spec.ts" time="4.59">
<system-out>
<![CDATA[检查了 0 个自动播放媒体元素
]]>
</system-out>
</testcase>
<testcase name="可访问性测试 › 移动端可访问性 › 触摸目标大小测试" classname="e2e/accessibility.spec.ts" time="4.449">
<failure message="accessibility.spec.ts:490:9 触摸目标大小测试" type="FAILURE">
<![CDATA[  [chromium] › e2e/accessibility.spec.ts:490:9 › 可访问性测试 › 移动端可访问性 › 触摸目标大小测试 ───────────────────────

    Error: expect(received).toBeGreaterThanOrEqual(expected)

    Expected: >= 44
    Received:    32

      505 |           // 触摸目标应该至少44x44px
      506 |           expect(boundingBox.width).toBeGreaterThanOrEqual(44);
    > 507 |           expect(boundingBox.height).toBeGreaterThanOrEqual(44);
          |                                      ^
      508 |         }
      509 |       }
      510 |       
        at /Users/dahuang/CascadeProjects/earthzoomai.org/tests/e2e/accessibility.spec.ts:507:38

    attachment #1: screenshot (image/png) ──────────────────────────────────────────────────────────
    ../test-results/e2e-accessibility-可访问性测试-移动端可访问性-触摸目标大小测试-chromium/test-failed-1.png
    ────────────────────────────────────────────────────────────────────────────────────────────────

    attachment #2: video (video/webm) ──────────────────────────────────────────────────────────────
    ../test-results/e2e-accessibility-可访问性测试-移动端可访问性-触摸目标大小测试-chromium/video.webm
    ────────────────────────────────────────────────────────────────────────────────────────────────

    Error Context: ../test-results/e2e-accessibility-可访问性测试-移动端可访问性-触摸目标大小测试-chromium/error-context.md
]]>
</failure>
<system-out>
<![CDATA[
[[ATTACHMENT|e2e-accessibility-可访问性测试-移动端可访问性-触摸目标大小测试-chromium/test-failed-1.png]]

[[ATTACHMENT|e2e-accessibility-可访问性测试-移动端可访问性-触摸目标大小测试-chromium/video.webm]]

[[ATTACHMENT|e2e-accessibility-可访问性测试-移动端可访问性-触摸目标大小测试-chromium/error-context.md]]
]]>
</system-out>
</testcase>
<testcase name="可访问性测试 › 移动端可访问性 › 移动端导航可访问性" classname="e2e/accessibility.spec.ts" time="11.221">
<failure message="accessibility.spec.ts:514:9 移动端导航可访问性" type="FAILURE">
<![CDATA[  [chromium] › e2e/accessibility.spec.ts:514:9 › 可访问性测试 › 移动端可访问性 › 移动端导航可访问性 ──────────────────────

    Error: Timed out 5000ms waiting for expect(locator).toBeVisible()

    Locator: locator('button').filter({ hasText: /M4 6h16/ })
    Expected: visible
    Received: <element(s) not found>
    Call log:
      - Expect "toBeVisible" with timeout 5000ms
      - waiting for locator('button').filter({ hasText: /M4 6h16/ })


      521 |       
      522 |       // 验证移动菜单按钮可访问
    > 523 |       await expect(navigation.mobileMenuButton).toBeVisible();
          |                                                 ^
      524 |       
      525 |       // 验证移动菜单按钮有适当的标签
      526 |       const ariaLabel = await navigation.mobileMenuButton.getAttribute('aria-label');
        at /Users/dahuang/CascadeProjects/earthzoomai.org/tests/e2e/accessibility.spec.ts:523:49

    attachment #1: screenshot (image/png) ──────────────────────────────────────────────────────────
    ../test-results/e2e-accessibility-可访问性测试-移动端可访问性-移动端导航可访问性-chromium/test-failed-1.png
    ────────────────────────────────────────────────────────────────────────────────────────────────

    attachment #2: video (video/webm) ──────────────────────────────────────────────────────────────
    ../test-results/e2e-accessibility-可访问性测试-移动端可访问性-移动端导航可访问性-chromium/video.webm
    ────────────────────────────────────────────────────────────────────────────────────────────────

    Error Context: ../test-results/e2e-accessibility-可访问性测试-移动端可访问性-移动端导航可访问性-chromium/error-context.md
]]>
</failure>
<system-out>
<![CDATA[
[[ATTACHMENT|e2e-accessibility-可访问性测试-移动端可访问性-移动端导航可访问性-chromium/test-failed-1.png]]

[[ATTACHMENT|e2e-accessibility-可访问性测试-移动端可访问性-移动端导航可访问性-chromium/video.webm]]

[[ATTACHMENT|e2e-accessibility-可访问性测试-移动端可访问性-移动端导航可访问性-chromium/error-context.md]]
]]>
</system-out>
</testcase>
</testsuite>
<testsuite name="e2e/e2e.spec.ts" timestamp="2025-07-24T07:09:26.317Z" hostname="chromium" tests="9" failures="4" skipped="0" time="155.562" errors="0">
<testcase name="端到端测试 › 完整用户流程 › 新用户首次访问完整流程" classname="e2e/e2e.spec.ts" time="10.109">
<failure message="e2e.spec.ts:7:9 新用户首次访问完整流程" type="FAILURE">
<![CDATA[  [chromium] › e2e/e2e.spec.ts:7:9 › 端到端测试 › 完整用户流程 › 新用户首次访问完整流程 ──────────────────────────────────

    Error: Timed out 5000ms waiting for expect(locator).toBeInViewport()

    Locator: locator('#showcase')
    Expected: in viewport
    Received: viewport ratio 0
    Call log:
      - Expect "toBeInViewport" with timeout 5000ms
      - waiting for locator('#showcase')
        8 × locator resolved to <section id="showcase" class="relative py-24">…</section>
          - unexpected value "viewport ratio 0"


      27 |       const showcaseSection = page.locator('#showcase');
      28 |       if (await showcaseSection.count() > 0) {
    > 29 |         await expect(showcaseSection).toBeInViewport();
         |                                       ^
      30 |       }
      31 |       
      32 |       // 4. 用户浏览Features区域
        at /Users/dahuang/CascadeProjects/earthzoomai.org/tests/e2e/e2e.spec.ts:29:39

    attachment #1: screenshot (image/png) ──────────────────────────────────────────────────────────
    ../test-results/e2e-e2e-端到端测试-完整用户流程-新用户首次访问完整流程-chromium/test-failed-2.png
    ────────────────────────────────────────────────────────────────────────────────────────────────

    attachment #2: screenshot (image/png) ──────────────────────────────────────────────────────────
    ../test-results/e2e-e2e-端到端测试-完整用户流程-新用户首次访问完整流程-chromium/test-failed-1.png
    ────────────────────────────────────────────────────────────────────────────────────────────────

    attachment #3: video (video/webm) ──────────────────────────────────────────────────────────────
    ../test-results/e2e-e2e-端到端测试-完整用户流程-新用户首次访问完整流程-chromium/video-1.webm
    ────────────────────────────────────────────────────────────────────────────────────────────────

    attachment #4: video (video/webm) ──────────────────────────────────────────────────────────────
    ../test-results/e2e-e2e-端到端测试-完整用户流程-新用户首次访问完整流程-chromium/video.webm
    ────────────────────────────────────────────────────────────────────────────────────────────────

    Error Context: ../test-results/e2e-e2e-端到端测试-完整用户流程-新用户首次访问完整流程-chromium/error-context.md
]]>
</failure>
<system-out>
<![CDATA[
[[ATTACHMENT|e2e-e2e-端到端测试-完整用户流程-新用户首次访问完整流程-chromium/test-failed-2.png]]

[[ATTACHMENT|e2e-e2e-端到端测试-完整用户流程-新用户首次访问完整流程-chromium/test-failed-1.png]]

[[ATTACHMENT|e2e-e2e-端到端测试-完整用户流程-新用户首次访问完整流程-chromium/video-1.webm]]

[[ATTACHMENT|e2e-e2e-端到端测试-完整用户流程-新用户首次访问完整流程-chromium/video.webm]]

[[ATTACHMENT|e2e-e2e-端到端测试-完整用户流程-新用户首次访问完整流程-chromium/error-context.md]]
]]>
</system-out>
</testcase>
<testcase name="端到端测试 › 完整用户流程 › 移动端用户完整流程" classname="e2e/e2e.spec.ts" time="9.465">
<failure message="e2e.spec.ts:106:9 移动端用户完整流程" type="FAILURE">
<![CDATA[  [chromium] › e2e/e2e.spec.ts:106:9 › 端到端测试 › 完整用户流程 › 移动端用户完整流程 ──────────────────────────────────

    Error: Timed out 5000ms waiting for expect(locator).toBeVisible()

    Locator: locator('button').filter({ hasText: /M4 6h16/ })
    Expected: visible
    Received: <element(s) not found>
    Call log:
      - Expect "toBeVisible" with timeout 5000ms
      - waiting for locator('button').filter({ hasText: /M4 6h16/ })


      116 |       // 验证移动端布局
      117 |       await expect(homePage.heroTitle).toBeVisible();
    > 118 |       await expect(navigation.mobileMenuButton).toBeVisible();
          |                                                 ^
      119 |       
      120 |       // 2. 用户打开移动菜单
      121 |       await navigation.toggleMobileMenu();
        at /Users/dahuang/CascadeProjects/earthzoomai.org/tests/e2e/e2e.spec.ts:118:49

    attachment #1: screenshot (image/png) ──────────────────────────────────────────────────────────
    ../test-results/e2e-e2e-端到端测试-完整用户流程-移动端用户完整流程-chromium/test-failed-1.png
    ────────────────────────────────────────────────────────────────────────────────────────────────

    attachment #2: video (video/webm) ──────────────────────────────────────────────────────────────
    ../test-results/e2e-e2e-端到端测试-完整用户流程-移动端用户完整流程-chromium/video.webm
    ────────────────────────────────────────────────────────────────────────────────────────────────

    Error Context: ../test-results/e2e-e2e-端到端测试-完整用户流程-移动端用户完整流程-chromium/error-context.md
]]>
</failure>
<system-out>
<![CDATA[
[[ATTACHMENT|e2e-e2e-端到端测试-完整用户流程-移动端用户完整流程-chromium/test-failed-1.png]]

[[ATTACHMENT|e2e-e2e-端到端测试-完整用户流程-移动端用户完整流程-chromium/video.webm]]

[[ATTACHMENT|e2e-e2e-端到端测试-完整用户流程-移动端用户完整流程-chromium/error-context.md]]
]]>
</system-out>
</testcase>
<testcase name="端到端测试 › 真实场景模拟 › 用户快速浏览场景" classname="e2e/e2e.spec.ts" time="10.985">
<system-out>
<![CDATA[用户快速浏览场景测试完成
]]>
</system-out>
</testcase>
<testcase name="端到端测试 › 真实场景模拟 › 用户深度探索场景" classname="e2e/e2e.spec.ts" time="24.117">
<system-out>
<![CDATA[用户深度探索场景测试完成
]]>
</system-out>
</testcase>
<testcase name="端到端测试 › 真实场景模拟 › 用户犹豫不决场景" classname="e2e/e2e.spec.ts" time="22.25">
<system-out>
<![CDATA[用户犹豫不决场景测试完成
]]>
</system-out>
</testcase>
<testcase name="端到端测试 › 错误恢复场景 › 网络不稳定环境下的用户体验" classname="e2e/e2e.spec.ts" time="13.004">
<system-out>
<![CDATA[网络不稳定环境测试完成
]]>
</system-out>
</testcase>
<testcase name="端到端测试 › 错误恢复场景 › 浏览器兼容性场景" classname="e2e/e2e.spec.ts" time="5.177">
<system-out>
<![CDATA[浏览器信息: {
  userAgent: [32m'Mozilla/5.0 (Windows NT 10.0; Win64; x64) AppleWebKit/537.36 (KHTML, like Gecko) Chrome/139.0.7258.5 Safari/537.36'[39m,
  platform: [32m'MacIntel'[39m,
  language: [32m'en-US'[39m,
  cookieEnabled: [33mtrue[39m,
  onLine: [33mtrue[39m
}
JavaScript支持: { hasMap: [33mtrue[39m, hasPromise: [33mtrue[39m, hasArrowFunc: [33mtrue[39m, modernJS: [33mtrue[39m }
浏览器兼容性测试完成
]]>
</system-out>
</testcase>
<testcase name="端到端测试 › 性能压力测试 › 高频交互压力测试" classname="e2e/e2e.spec.ts" time="30.152">
<failure message="e2e.spec.ts:426:9 高频交互压力测试" type="FAILURE">
<![CDATA[  [chromium] › e2e/e2e.spec.ts:426:9 › 端到端测试 › 性能压力测试 › 高频交互压力测试 ───────────────────────────────────

    Test timeout of 30000ms exceeded.

    Error: expect(locator).toBeInViewport()

    Locator: locator('#faq')
    Expected: in viewport
    Received: viewport ratio 0
    Call log:
      - Expect "toBeInViewport" with timeout 5000ms
      - waiting for locator('#faq')
        5 × locator resolved to <section id="faq" class="py-20 relative bg-gray-900/30">…</section>
          - unexpected value "viewport ratio 0"


      461 |       const faqSection = page.locator('#faq');
      462 |       if (await faqSection.count() > 0) {
    > 463 |         await expect(faqSection).toBeInViewport();
          |                                  ^
      464 |       }
      465 |       
      466 |       console.log('高频交互压力测试完成');
        at /Users/dahuang/CascadeProjects/earthzoomai.org/tests/e2e/e2e.spec.ts:463:34

    attachment #1: screenshot (image/png) ──────────────────────────────────────────────────────────
    ../test-results/e2e-e2e-端到端测试-性能压力测试-高频交互压力测试-chromium/test-failed-1.png
    ────────────────────────────────────────────────────────────────────────────────────────────────

    attachment #2: video (video/webm) ──────────────────────────────────────────────────────────────
    ../test-results/e2e-e2e-端到端测试-性能压力测试-高频交互压力测试-chromium/video.webm
    ────────────────────────────────────────────────────────────────────────────────────────────────

    Error Context: ../test-results/e2e-e2e-端到端测试-性能压力测试-高频交互压力测试-chromium/error-context.md
]]>
</failure>
<system-out>
<![CDATA[高频交互总耗时: 24118ms

[[ATTACHMENT|e2e-e2e-端到端测试-性能压力测试-高频交互压力测试-chromium/test-failed-1.png]]

[[ATTACHMENT|e2e-e2e-端到端测试-性能压力测试-高频交互压力测试-chromium/video.webm]]

[[ATTACHMENT|e2e-e2e-端到端测试-性能压力测试-高频交互压力测试-chromium/error-context.md]]
]]>
</system-out>
</testcase>
<testcase name="端到端测试 › 性能压力测试 › 长时间会话测试" classname="e2e/e2e.spec.ts" time="30.303">
<failure message="e2e.spec.ts:469:9 长时间会话测试" type="FAILURE">
<![CDATA[  [chromium] › e2e/e2e.spec.ts:469:9 › 端到端测试 › 性能压力测试 › 长时间会话测试 ────────────────────────────────────

    Test timeout of 30000ms exceeded.

    Error: page.waitForTimeout: Test timeout of 30000ms exceeded.

      516 |         }
      517 |         
    > 518 |         await page.waitForTimeout(1000 + Math.random() * 2000); // 1-3秒随机间隔
          |                    ^
      519 |       }
      520 |       
      521 |       // 验证会话结束后页面状态
        at /Users/dahuang/CascadeProjects/earthzoomai.org/tests/e2e/e2e.spec.ts:518:20

    attachment #1: screenshot (image/png) ──────────────────────────────────────────────────────────
    ../test-results/e2e-e2e-端到端测试-性能压力测试-长时间会话测试-chromium/test-failed-1.png
    ────────────────────────────────────────────────────────────────────────────────────────────────

    attachment #2: video (video/webm) ──────────────────────────────────────────────────────────────
    ../test-results/e2e-e2e-端到端测试-性能压力测试-长时间会话测试-chromium/video.webm
    ────────────────────────────────────────────────────────────────────────────────────────────────

    Error Context: ../test-results/e2e-e2e-端到端测试-性能压力测试-长时间会话测试-chromium/error-context.md
]]>
</failure>
<system-out>
<![CDATA[
[[ATTACHMENT|e2e-e2e-端到端测试-性能压力测试-长时间会话测试-chromium/test-failed-1.png]]

[[ATTACHMENT|e2e-e2e-端到端测试-性能压力测试-长时间会话测试-chromium/video.webm]]

[[ATTACHMENT|e2e-e2e-端到端测试-性能压力测试-长时间会话测试-chromium/error-context.md]]
]]>
</system-out>
</testcase>
</testsuite>
<testsuite name="e2e/homepage.spec.ts" timestamp="2025-07-24T07:09:26.317Z" hostname="chromium" tests="16" failures="7" skipped="0" time="106.215" errors="0">
<testcase name="首页核心功能测试 › 页面基本元素加载" classname="e2e/homepage.spec.ts" time="4.815">
</testcase>
<testcase name="首页核心功能测试 › Hero区域交互功能" classname="e2e/homepage.spec.ts" time="4.761">
</testcase>
<testcase name="首页核心功能测试 › 特色标签显示" classname="e2e/homepage.spec.ts" time="4.609">
<failure message="homepage.spec.ts:42:7 特色标签显示" type="FAILURE">
<![CDATA[  [chromium] › e2e/homepage.spec.ts:42:7 › 首页核心功能测试 › 特色标签显示 ───────────────────────────────────────

    Error: expect.toBeVisible: Error: strict mode violation: locator('text=AI-Powered') resolved to 2 elements:
        1) <div class="bg-gray-800/50 backdrop-blur-sm border border-gray-700 rounded-full px-6 py-3 text-gray-300 hover:bg-gray-700/50 transition-all duration-300">…</div> aka getByText('🤖AI-Powered', { exact: true })
        2) <h3 class="text-2xl font-bold mb-4 text-white group-hover:text-blue-400 transition-colors">AI-Powered Processing</h3> aka getByRole('heading', { name: 'AI-Powered Processing' })

    Call log:
      - Expect "toBeVisible" with timeout 5000ms
      - waiting for locator('text=AI-Powered')


       at fixtures/page-objects.ts:56

      54 |   async verifyFeatureTags(expectedTags: string[]) {
      55 |     for (const tag of expectedTags) {
    > 56 |       await expect(this.page.locator(`text=${tag}`)).toBeVisible();
         |                                                      ^
      57 |     }
      58 |   }
      59 |
        at HomePage.verifyFeatureTags (/Users/dahuang/CascadeProjects/earthzoomai.org/tests/fixtures/page-objects.ts:56:54)
        at /Users/dahuang/CascadeProjects/earthzoomai.org/tests/e2e/homepage.spec.ts:50:5

    attachment #1: screenshot (image/png) ──────────────────────────────────────────────────────────
    ../test-results/e2e-homepage-首页核心功能测试-特色标签显示-chromium/test-failed-1.png
    ────────────────────────────────────────────────────────────────────────────────────────────────

    attachment #2: video (video/webm) ──────────────────────────────────────────────────────────────
    ../test-results/e2e-homepage-首页核心功能测试-特色标签显示-chromium/video.webm
    ────────────────────────────────────────────────────────────────────────────────────────────────

    Error Context: ../test-results/e2e-homepage-首页核心功能测试-特色标签显示-chromium/error-context.md
]]>
</failure>
<system-out>
<![CDATA[
[[ATTACHMENT|e2e-homepage-首页核心功能测试-特色标签显示-chromium/test-failed-1.png]]

[[ATTACHMENT|e2e-homepage-首页核心功能测试-特色标签显示-chromium/video.webm]]

[[ATTACHMENT|e2e-homepage-首页核心功能测试-特色标签显示-chromium/error-context.md]]
]]>
</system-out>
</testcase>
<testcase name="首页核心功能测试 › 功能展示区域内容" classname="e2e/homepage.spec.ts" time="5.562">
</testcase>
<testcase name="首页核心功能测试 › Features区域内容验证" classname="e2e/homepage.spec.ts" time="6.725">
</testcase>
<testcase name="首页核心功能测试 › 用户评价区域显示" classname="e2e/homepage.spec.ts" time="5.377">
<failure message="homepage.spec.ts:86:7 用户评价区域显示" type="FAILURE">
<![CDATA[  [chromium] › e2e/homepage.spec.ts:86:7 › 首页核心功能测试 › 用户评价区域显示 ─────────────────────────────────────

    Error: expect.toBeVisible: Error: strict mode violation: locator('text=Content Creator') resolved to 2 elements:
        1) <p class="text-gray-400 leading-relaxed">Watch your Earth zoom-out effects come to life in…</p> aka getByText('Watch your Earth zoom-out')
        2) <p class="text-gray-400 text-sm">Content Creator</p> aka getByText('Content Creator', { exact: true })

    Call log:
      - Expect "toBeVisible" with timeout 5000ms
      - waiting for locator('text=Content Creator')


      101 |     for (const review of testData.reviewsData) {
      102 |       await expect(page.locator(`text=${review.name}`)).toBeVisible();
    > 103 |       await expect(page.locator(`text=${review.role}`)).toBeVisible();
          |                                                         ^
      104 |     }
      105 |   });
      106 |
        at /Users/dahuang/CascadeProjects/earthzoomai.org/tests/e2e/homepage.spec.ts:103:57

    attachment #1: screenshot (image/png) ──────────────────────────────────────────────────────────
    ../test-results/e2e-homepage-首页核心功能测试-用户评价区域显示-chromium/test-failed-1.png
    ────────────────────────────────────────────────────────────────────────────────────────────────

    attachment #2: video (video/webm) ──────────────────────────────────────────────────────────────
    ../test-results/e2e-homepage-首页核心功能测试-用户评价区域显示-chromium/video.webm
    ────────────────────────────────────────────────────────────────────────────────────────────────

    Error Context: ../test-results/e2e-homepage-首页核心功能测试-用户评价区域显示-chromium/error-context.md
]]>
</failure>
<system-out>
<![CDATA[
[[ATTACHMENT|e2e-homepage-首页核心功能测试-用户评价区域显示-chromium/test-failed-1.png]]

[[ATTACHMENT|e2e-homepage-首页核心功能测试-用户评价区域显示-chromium/video.webm]]

[[ATTACHMENT|e2e-homepage-首页核心功能测试-用户评价区域显示-chromium/error-context.md]]
]]>
</system-out>
</testcase>
<testcase name="首页核心功能测试 › FAQ区域交互功能" classname="e2e/homepage.spec.ts" time="12.324">
<failure message="homepage.spec.ts:107:7 FAQ区域交互功能" type="FAILURE">
<![CDATA[  [chromium] › e2e/homepage.spec.ts:107:7 › 首页核心功能测试 › FAQ区域交互功能 ───────────────────────────────────

    Error: Timed out 5000ms waiting for expect(locator).toBeVisible()

    Locator: locator('#faq .bg-gray-800').first().locator('.animate-fade-in')
    Expected: visible
    Received: <element(s) not found>
    Call log:
      - Expect "toBeVisible" with timeout 5000ms
      - waiting for locator('#faq .bg-gray-800').first().locator('.animate-fade-in')


      118 |     const secondAnswer = page.locator('#faq .bg-gray-800').nth(1).locator('.animate-fade-in');
      119 |     
    > 120 |     await expect(firstAnswer).toBeVisible();
          |                               ^
      121 |     await expect(secondAnswer).toBeVisible();
      122 |   });
      123 |
        at /Users/dahuang/CascadeProjects/earthzoomai.org/tests/e2e/homepage.spec.ts:120:31

    attachment #1: screenshot (image/png) ──────────────────────────────────────────────────────────
    ../test-results/e2e-homepage-首页核心功能测试-FAQ区域交互功能-chromium/test-failed-1.png
    ────────────────────────────────────────────────────────────────────────────────────────────────

    attachment #2: video (video/webm) ──────────────────────────────────────────────────────────────
    ../test-results/e2e-homepage-首页核心功能测试-FAQ区域交互功能-chromium/video.webm
    ────────────────────────────────────────────────────────────────────────────────────────────────

    Error Context: ../test-results/e2e-homepage-首页核心功能测试-FAQ区域交互功能-chromium/error-context.md
]]>
</failure>
<system-out>
<![CDATA[
[[ATTACHMENT|e2e-homepage-首页核心功能测试-FAQ区域交互功能-chromium/test-failed-1.png]]

[[ATTACHMENT|e2e-homepage-首页核心功能测试-FAQ区域交互功能-chromium/video.webm]]

[[ATTACHMENT|e2e-homepage-首页核心功能测试-FAQ区域交互功能-chromium/error-context.md]]
]]>
</system-out>
</testcase>
<testcase name="首页核心功能测试 › FAQ结构化数据验证" classname="e2e/homepage.spec.ts" time="9.404">
<failure message="homepage.spec.ts:124:7 FAQ结构化数据验证" type="FAILURE">
<![CDATA[  [chromium] › e2e/homepage.spec.ts:124:7 › 首页核心功能测试 › FAQ结构化数据验证 ──────────────────────────────────

    Error: Timed out 5000ms waiting for expect(locator).toHaveCount(expected)

    Locator: locator('script[type="application/ld+json"]')
    Expected: 1
    Received: 4
    Call log:
      - Expect "toHaveCount" with timeout 5000ms
      - waiting for locator('script[type="application/ld+json"]')
        9 × locator resolved to 4 elements
          - unexpected value "4"


       at fixtures/page-objects.ts:191

      189 |
      190 |   async verifyStructuredData() {
    > 191 |     await expect(this.structuredDataScript).toHaveCount(1);
          |                                             ^
      192 |     
      193 |     const schemaContent = await this.structuredDataScript.textContent();
      194 |     expect(schemaContent).toContain('"@type": "FAQPage"');
        at FAQComponent.verifyStructuredData (/Users/dahuang/CascadeProjects/earthzoomai.org/tests/fixtures/page-objects.ts:191:45)
        at /Users/dahuang/CascadeProjects/earthzoomai.org/tests/e2e/homepage.spec.ts:125:15

    attachment #1: screenshot (image/png) ──────────────────────────────────────────────────────────
    ../test-results/e2e-homepage-首页核心功能测试-FAQ结构化数据验证-chromium/test-failed-1.png
    ────────────────────────────────────────────────────────────────────────────────────────────────

    attachment #2: video (video/webm) ──────────────────────────────────────────────────────────────
    ../test-results/e2e-homepage-首页核心功能测试-FAQ结构化数据验证-chromium/video.webm
    ────────────────────────────────────────────────────────────────────────────────────────────────

    Error Context: ../test-results/e2e-homepage-首页核心功能测试-FAQ结构化数据验证-chromium/error-context.md
]]>
</failure>
<system-out>
<![CDATA[
[[ATTACHMENT|e2e-homepage-首页核心功能测试-FAQ结构化数据验证-chromium/test-failed-1.png]]

[[ATTACHMENT|e2e-homepage-首页核心功能测试-FAQ结构化数据验证-chromium/video.webm]]

[[ATTACHMENT|e2e-homepage-首页核心功能测试-FAQ结构化数据验证-chromium/error-context.md]]
]]>
</system-out>
</testcase>
<testcase name="首页核心功能测试 › Newsletter订阅功能" classname="e2e/homepage.spec.ts" time="15.616">
<failure message="homepage.spec.ts:128:7 Newsletter订阅功能" type="FAILURE">
<![CDATA[  [chromium] › e2e/homepage.spec.ts:128:7 › 首页核心功能测试 › Newsletter订阅功能 ──────────────────────────────

    TimeoutError: locator.scrollIntoViewIfNeeded: Timeout 10000ms exceeded.
    Call log:
      - waiting for locator('text=Newsletter')


      128 |   test('Newsletter订阅功能', async ({ page }) => {
      129 |     // 滚动到Newsletter区域
    > 130 |     await page.locator('text=Newsletter').scrollIntoViewIfNeeded();
          |                                           ^
      131 |     
      132 |     // 验证表单元素
      133 |     await expect(homePage.newsletterInput).toBeVisible();
        at /Users/dahuang/CascadeProjects/earthzoomai.org/tests/e2e/homepage.spec.ts:130:43

    attachment #1: screenshot (image/png) ──────────────────────────────────────────────────────────
    ../test-results/e2e-homepage-首页核心功能测试-Newsletter订阅功能-chromium/test-failed-1.png
    ────────────────────────────────────────────────────────────────────────────────────────────────

    attachment #2: video (video/webm) ──────────────────────────────────────────────────────────────
    ../test-results/e2e-homepage-首页核心功能测试-Newsletter订阅功能-chromium/video.webm
    ────────────────────────────────────────────────────────────────────────────────────────────────

    Error Context: ../test-results/e2e-homepage-首页核心功能测试-Newsletter订阅功能-chromium/error-context.md
]]>
</failure>
<system-out>
<![CDATA[
[[ATTACHMENT|e2e-homepage-首页核心功能测试-Newsletter订阅功能-chromium/test-failed-1.png]]

[[ATTACHMENT|e2e-homepage-首页核心功能测试-Newsletter订阅功能-chromium/video.webm]]

[[ATTACHMENT|e2e-homepage-首页核心功能测试-Newsletter订阅功能-chromium/error-context.md]]
]]>
</system-out>
</testcase>
<testcase name="首页核心功能测试 › 页面滚动行为" classname="e2e/homepage.spec.ts" time="8.854">
</testcase>
<testcase name="首页核心功能测试 › 外部链接验证" classname="e2e/homepage.spec.ts" time="4.75">
</testcase>
<testcase name="首页核心功能测试 › 页面性能基础检查" classname="e2e/homepage.spec.ts" time="6.751">
</testcase>
<testcase name="首页核心功能测试 › 图片加载和优化检查" classname="e2e/homepage.spec.ts" time="4.943">
<failure message="homepage.spec.ts:180:7 图片加载和优化检查" type="FAILURE">
<![CDATA[  [chromium] › e2e/homepage.spec.ts:180:7 › 首页核心功能测试 › 图片加载和优化检查 ───────────────────────────────────

    Error: expect(received).toBeGreaterThan(expected)

    Expected: > 0
    Received:   0

      194 |       // 检查图片是否加载成功
      195 |       const naturalWidth = await img.evaluate((img: HTMLImageElement) => img.naturalWidth);
    > 196 |       expect(naturalWidth).toBeGreaterThan(0);
          |                            ^
      197 |     }
      198 |   });
      199 | });
        at /Users/dahuang/CascadeProjects/earthzoomai.org/tests/e2e/homepage.spec.ts:196:28

    attachment #1: screenshot (image/png) ──────────────────────────────────────────────────────────
    ../test-results/e2e-homepage-首页核心功能测试-图片加载和优化检查-chromium/test-failed-1.png
    ────────────────────────────────────────────────────────────────────────────────────────────────

    attachment #2: video (video/webm) ──────────────────────────────────────────────────────────────
    ../test-results/e2e-homepage-首页核心功能测试-图片加载和优化检查-chromium/video.webm
    ────────────────────────────────────────────────────────────────────────────────────────────────

    Error Context: ../test-results/e2e-homepage-首页核心功能测试-图片加载和优化检查-chromium/error-context.md
]]>
</failure>
<system-out>
<![CDATA[
[[ATTACHMENT|e2e-homepage-首页核心功能测试-图片加载和优化检查-chromium/test-failed-1.png]]

[[ATTACHMENT|e2e-homepage-首页核心功能测试-图片加载和优化检查-chromium/video.webm]]

[[ATTACHMENT|e2e-homepage-首页核心功能测试-图片加载和优化检查-chromium/error-context.md]]
]]>
</system-out>
</testcase>
<testcase name="首页错误处理 › 网络错误处理" classname="e2e/homepage.spec.ts" time="0.291">
</testcase>
<testcase name="首页错误处理 › JavaScript错误监控" classname="e2e/homepage.spec.ts" time="5.141">
</testcase>
<testcase name="首页错误处理 › 控制台错误检查" classname="e2e/homepage.spec.ts" time="6.292">
<failure message="homepage.spec.ts:228:7 控制台错误检查" type="FAILURE">
<![CDATA[  [chromium] › e2e/homepage.spec.ts:228:7 › 首页错误处理 › 控制台错误检查 ───────────────────────────────────────

    Error: expect(received).toHaveLength(expected)

    Expected length: 0
    Received length: 1
    Received array:  ["Failed to load resource: the server responded with a status of 403 ()"]

      246 |     );
      247 |     
    > 248 |     expect(significantErrors).toHaveLength(0);
          |                               ^
      249 |   });
      250 | });
        at /Users/dahuang/CascadeProjects/earthzoomai.org/tests/e2e/homepage.spec.ts:248:31

    attachment #1: screenshot (image/png) ──────────────────────────────────────────────────────────
    ../test-results/e2e-homepage-首页错误处理-控制台错误检查-chromium/test-failed-1.png
    ────────────────────────────────────────────────────────────────────────────────────────────────

    attachment #2: video (video/webm) ──────────────────────────────────────────────────────────────
    ../test-results/e2e-homepage-首页错误处理-控制台错误检查-chromium/video.webm
    ────────────────────────────────────────────────────────────────────────────────────────────────

    Error Context: ../test-results/e2e-homepage-首页错误处理-控制台错误检查-chromium/error-context.md
]]>
</failure>
<system-out>
<![CDATA[
[[ATTACHMENT|e2e-homepage-首页错误处理-控制台错误检查-chromium/test-failed-1.png]]

[[ATTACHMENT|e2e-homepage-首页错误处理-控制台错误检查-chromium/video.webm]]

[[ATTACHMENT|e2e-homepage-首页错误处理-控制台错误检查-chromium/error-context.md]]
]]>
</system-out>
</testcase>
</testsuite>
<testsuite name="e2e/navigation.spec.ts" timestamp="2025-07-24T07:09:26.317Z" hostname="chromium" tests="24" failures="11" skipped="0" time="167.368" errors="0">
<testcase name="导航功能测试 › Header导航基本功能" classname="e2e/navigation.spec.ts" time="5.876">
</testcase>
<testcase name="导航功能测试 › 锚点导航功能" classname="e2e/navigation.spec.ts" time="9.506">
</testcase>
<testcase name="导航功能测试 › 滚动时Header状态变化" classname="e2e/navigation.spec.ts" time="5.939">
</testcase>
<testcase name="导航功能测试 › 导航链接活跃状态" classname="e2e/navigation.spec.ts" time="8.951">
</testcase>
<testcase name="导航功能测试 › Logo点击返回顶部" classname="e2e/navigation.spec.ts" time="6.019">
<failure message="navigation.spec.ts:84:7 Logo点击返回顶部" type="FAILURE">
<![CDATA[  [chromium] › e2e/navigation.spec.ts:84:7 › 导航功能测试 › Logo点击返回顶部 ───────────────────────────────────

    Error: expect(received).toBeLessThan(expected)

    Expected: < 100
    Received:   4526

      93 |     // 验证回到顶部
      94 |     const scrollY = await page.evaluate(() => window.scrollY);
    > 95 |     expect(scrollY).toBeLessThan(100);
         |                     ^
      96 |   });
      97 | });
      98 |
        at /Users/dahuang/CascadeProjects/earthzoomai.org/tests/e2e/navigation.spec.ts:95:21

    attachment #1: screenshot (image/png) ──────────────────────────────────────────────────────────
    ../test-results/e2e-navigation-导航功能测试-Logo点击返回顶部-chromium/test-failed-1.png
    ────────────────────────────────────────────────────────────────────────────────────────────────

    attachment #2: video (video/webm) ──────────────────────────────────────────────────────────────
    ../test-results/e2e-navigation-导航功能测试-Logo点击返回顶部-chromium/video.webm
    ────────────────────────────────────────────────────────────────────────────────────────────────

    Error Context: ../test-results/e2e-navigation-导航功能测试-Logo点击返回顶部-chromium/error-context.md
]]>
</failure>
<system-out>
<![CDATA[
[[ATTACHMENT|e2e-navigation-导航功能测试-Logo点击返回顶部-chromium/test-failed-1.png]]

[[ATTACHMENT|e2e-navigation-导航功能测试-Logo点击返回顶部-chromium/video.webm]]

[[ATTACHMENT|e2e-navigation-导航功能测试-Logo点击返回顶部-chromium/error-context.md]]
]]>
</system-out>
</testcase>
<testcase name="移动端导航测试 › 移动端菜单基本功能" classname="e2e/navigation.spec.ts" time="9.468">
<failure message="navigation.spec.ts:105:7 移动端菜单基本功能" type="FAILURE">
<![CDATA[  [chromium] › e2e/navigation.spec.ts:105:7 › 移动端导航测试 › 移动端菜单基本功能 ──────────────────────────────────

    Error: Timed out 5000ms waiting for expect(locator).toBeVisible()

    Locator: locator('button').filter({ hasText: /M4 6h16/ })
    Expected: visible
    Received: <element(s) not found>
    Call log:
      - Expect "toBeVisible" with timeout 5000ms
      - waiting for locator('button').filter({ hasText: /M4 6h16/ })


       at fixtures/page-objects.ts:121

      119 |
      120 |   async verifyMobileNavigation() {
    > 121 |     await expect(this.mobileMenuButton).toBeVisible();
          |                                         ^
      122 |   }
      123 |
      124 |   async verifyActiveSection(sectionName: string) {
        at NavigationComponent.verifyMobileNavigation (/Users/dahuang/CascadeProjects/earthzoomai.org/tests/fixtures/page-objects.ts:121:41)
        at /Users/dahuang/CascadeProjects/earthzoomai.org/tests/e2e/navigation.spec.ts:112:22

    attachment #1: screenshot (image/png) ──────────────────────────────────────────────────────────
    ../test-results/e2e-navigation-移动端导航测试-移动端菜单基本功能-chromium/test-failed-1.png
    ────────────────────────────────────────────────────────────────────────────────────────────────

    attachment #2: video (video/webm) ──────────────────────────────────────────────────────────────
    ../test-results/e2e-navigation-移动端导航测试-移动端菜单基本功能-chromium/video.webm
    ────────────────────────────────────────────────────────────────────────────────────────────────

    Error Context: ../test-results/e2e-navigation-移动端导航测试-移动端菜单基本功能-chromium/error-context.md
]]>
</failure>
<system-out>
<![CDATA[
[[ATTACHMENT|e2e-navigation-移动端导航测试-移动端菜单基本功能-chromium/test-failed-1.png]]

[[ATTACHMENT|e2e-navigation-移动端导航测试-移动端菜单基本功能-chromium/video.webm]]

[[ATTACHMENT|e2e-navigation-移动端导航测试-移动端菜单基本功能-chromium/error-context.md]]
]]>
</system-out>
</testcase>
<testcase name="移动端导航测试 › 移动端菜单展开收起" classname="e2e/navigation.spec.ts" time="14.316">
<failure message="navigation.spec.ts:118:7 移动端菜单展开收起" type="FAILURE">
<![CDATA[  [chromium] › e2e/navigation.spec.ts:118:7 › 移动端导航测试 › 移动端菜单展开收起 ──────────────────────────────────

    TimeoutError: locator.click: Timeout 10000ms exceeded.
    Call log:
      - waiting for locator('button').filter({ hasText: /M4 6h16/ })


       at fixtures/page-objects.ts:111

      109 |
      110 |   async toggleMobileMenu() {
    > 111 |     await this.mobileMenuButton.click();
          |                                 ^
      112 |   }
      113 |
      114 |   async verifyNavigation() {
        at NavigationComponent.toggleMobileMenu (/Users/dahuang/CascadeProjects/earthzoomai.org/tests/fixtures/page-objects.ts:111:33)
        at /Users/dahuang/CascadeProjects/earthzoomai.org/tests/e2e/navigation.spec.ts:128:22

    attachment #1: screenshot (image/png) ──────────────────────────────────────────────────────────
    ../test-results/e2e-navigation-移动端导航测试-移动端菜单展开收起-chromium/test-failed-1.png
    ────────────────────────────────────────────────────────────────────────────────────────────────

    attachment #2: video (video/webm) ──────────────────────────────────────────────────────────────
    ../test-results/e2e-navigation-移动端导航测试-移动端菜单展开收起-chromium/video.webm
    ────────────────────────────────────────────────────────────────────────────────────────────────

    Error Context: ../test-results/e2e-navigation-移动端导航测试-移动端菜单展开收起-chromium/error-context.md
]]>
</failure>
<system-out>
<![CDATA[
[[ATTACHMENT|e2e-navigation-移动端导航测试-移动端菜单展开收起-chromium/test-failed-1.png]]

[[ATTACHMENT|e2e-navigation-移动端导航测试-移动端菜单展开收起-chromium/video.webm]]

[[ATTACHMENT|e2e-navigation-移动端导航测试-移动端菜单展开收起-chromium/error-context.md]]
]]>
</system-out>
</testcase>
<testcase name="移动端导航测试 › 移动端导航链接功能" classname="e2e/navigation.spec.ts" time="14.451">
<failure message="navigation.spec.ts:141:7 移动端导航链接功能" type="FAILURE">
<![CDATA[  [chromium] › e2e/navigation.spec.ts:141:7 › 移动端导航测试 › 移动端导航链接功能 ──────────────────────────────────

    TimeoutError: locator.click: Timeout 10000ms exceeded.
    Call log:
      - waiting for locator('button').filter({ hasText: /M4 6h16/ })


       at fixtures/page-objects.ts:111

      109 |
      110 |   async toggleMobileMenu() {
    > 111 |     await this.mobileMenuButton.click();
          |                                 ^
      112 |   }
      113 |
      114 |   async verifyNavigation() {
        at NavigationComponent.toggleMobileMenu (/Users/dahuang/CascadeProjects/earthzoomai.org/tests/fixtures/page-objects.ts:111:33)
        at /Users/dahuang/CascadeProjects/earthzoomai.org/tests/e2e/navigation.spec.ts:148:22

    attachment #1: screenshot (image/png) ──────────────────────────────────────────────────────────
    ../test-results/e2e-navigation-移动端导航测试-移动端导航链接功能-chromium/test-failed-1.png
    ────────────────────────────────────────────────────────────────────────────────────────────────

    attachment #2: video (video/webm) ──────────────────────────────────────────────────────────────
    ../test-results/e2e-navigation-移动端导航测试-移动端导航链接功能-chromium/video.webm
    ────────────────────────────────────────────────────────────────────────────────────────────────

    Error Context: ../test-results/e2e-navigation-移动端导航测试-移动端导航链接功能-chromium/error-context.md
]]>
</failure>
<system-out>
<![CDATA[
[[ATTACHMENT|e2e-navigation-移动端导航测试-移动端导航链接功能-chromium/test-failed-1.png]]

[[ATTACHMENT|e2e-navigation-移动端导航测试-移动端导航链接功能-chromium/video.webm]]

[[ATTACHMENT|e2e-navigation-移动端导航测试-移动端导航链接功能-chromium/error-context.md]]
]]>
</system-out>
</testcase>
<testcase name="移动端导航测试 › 移动端触摸交互" classname="e2e/navigation.spec.ts" time="4.212">
<failure message="navigation.spec.ts:160:7 移动端触摸交互" type="FAILURE">
<![CDATA[  [chromium] › e2e/navigation.spec.ts:160:7 › 移动端导航测试 › 移动端触摸交互 ────────────────────────────────────

    Error: touchscreen.tap: hasTouch must be enabled on the browser context before using the touchscreen.

      164 |     
      165 |     // 测试触摸滚动
    > 166 |     await page.touchscreen.tap(200, 300);
          |                            ^
      167 |     
      168 |     // 模拟向上滑动
      169 |     await page.evaluate(() => {
        at /Users/dahuang/CascadeProjects/earthzoomai.org/tests/e2e/navigation.spec.ts:166:28

    attachment #1: screenshot (image/png) ──────────────────────────────────────────────────────────
    ../test-results/e2e-navigation-移动端导航测试-移动端触摸交互-chromium/test-failed-1.png
    ────────────────────────────────────────────────────────────────────────────────────────────────

    attachment #2: video (video/webm) ──────────────────────────────────────────────────────────────
    ../test-results/e2e-navigation-移动端导航测试-移动端触摸交互-chromium/video.webm
    ────────────────────────────────────────────────────────────────────────────────────────────────

    Error Context: ../test-results/e2e-navigation-移动端导航测试-移动端触摸交互-chromium/error-context.md
]]>
</failure>
<system-out>
<![CDATA[
[[ATTACHMENT|e2e-navigation-移动端导航测试-移动端触摸交互-chromium/test-failed-1.png]]

[[ATTACHMENT|e2e-navigation-移动端导航测试-移动端触摸交互-chromium/video.webm]]

[[ATTACHMENT|e2e-navigation-移动端导航测试-移动端触摸交互-chromium/error-context.md]]
]]>
</system-out>
</testcase>
<testcase name="Footer导航测试 › Footer基本内容验证" classname="e2e/navigation.spec.ts" time="10.121">
<failure message="navigation.spec.ts:190:7 Footer基本内容验证" type="FAILURE">
<![CDATA[  [chromium] › e2e/navigation.spec.ts:190:7 › Footer导航测试 › Footer基本内容验证 ────────────────────────────

    Error: Timed out 5000ms waiting for expect(locator).toBeVisible()

    Locator: locator('footer').locator('text=© 2024')
    Expected: visible
    Received: <element(s) not found>
    Call log:
      - Expect "toBeVisible" with timeout 5000ms
      - waiting for locator('footer').locator('text=© 2024')


       at fixtures/page-objects.ts:230

      228 |     await this.scrollToFooter();
      229 |     await expect(this.footer).toBeVisible();
    > 230 |     await expect(this.copyrightText).toBeVisible();
          |                                      ^
      231 |   }
      232 |
      233 |   async verifyQuickLinks(expectedLinks: string[]) {
        at FooterComponent.verifyFooterContent (/Users/dahuang/CascadeProjects/earthzoomai.org/tests/fixtures/page-objects.ts:230:38)
        at /Users/dahuang/CascadeProjects/earthzoomai.org/tests/e2e/navigation.spec.ts:191:5

    attachment #1: screenshot (image/png) ──────────────────────────────────────────────────────────
    ../test-results/e2e-navigation-Footer导航测试-Footer基本内容验证-chromium/test-failed-1.png
    ────────────────────────────────────────────────────────────────────────────────────────────────

    attachment #2: video (video/webm) ──────────────────────────────────────────────────────────────
    ../test-results/e2e-navigation-Footer导航测试-Footer基本内容验证-chromium/video.webm
    ────────────────────────────────────────────────────────────────────────────────────────────────

    Error Context: ../test-results/e2e-navigation-Footer导航测试-Footer基本内容验证-chromium/error-context.md
]]>
</failure>
<system-out>
<![CDATA[
[[ATTACHMENT|e2e-navigation-Footer导航测试-Footer基本内容验证-chromium/test-failed-1.png]]

[[ATTACHMENT|e2e-navigation-Footer导航测试-Footer基本内容验证-chromium/video.webm]]

[[ATTACHMENT|e2e-navigation-Footer导航测试-Footer基本内容验证-chromium/error-context.md]]
]]>
</system-out>
</testcase>
<testcase name="Footer导航测试 › Footer快速链接" classname="e2e/navigation.spec.ts" time="5.994">
</testcase>
<testcase name="Footer导航测试 › Footer支持链接" classname="e2e/navigation.spec.ts" time="5.207">
</testcase>
<testcase name="Footer导航测试 › Footer社交媒体链接" classname="e2e/navigation.spec.ts" time="5.353">
</testcase>
<testcase name="Footer导航测试 › Footer版权信息" classname="e2e/navigation.spec.ts" time="5.178">
<failure message="navigation.spec.ts:218:7 Footer版权信息" type="FAILURE">
<![CDATA[  [chromium] › e2e/navigation.spec.ts:218:7 › Footer导航测试 › Footer版权信息 ──────────────────────────────

    Error: expect.toBeVisible: Error: strict mode violation: locator('text=ZOOM EARTH AI') resolved to 16 elements:
        1) <span class="text-2xl font-bold text-white">ZOOM EARTH AI</span> aka getByRole('link', { name: 'ZOOM EARTH AI Logo ZOOM EARTH' })
        2) <h1 class="text-7xl md:text-8xl lg:text-9xl font-bold mb-8 bg-gradient-to-r from-blue-400 via-purple-400 to-blue-400 bg-clip-text text-transparent leading-tight animate-fade-in">ZOOM EARTH AI</h1> aka locator('h1')
        3) <h2 class="text-5xl md:text-6xl font-bold mb-8 text-white">Transform Your Content with Zoom Earth AI</h2> aka getByRole('heading', { name: 'Transform Your Content with' })
        4) <p class="text-xl md:text-2xl text-gray-300 max-w-5xl mx-auto leading-relaxed">Experience the next generation of Earth zoom-out …</p> aka getByText('Experience the next')
        5) <p class="text-gray-400 leading-relaxed">Zoom Earth AI leverages cutting-edge artificial i…</p> aka getByText('Zoom Earth AI leverages')
        6) <p class="text-gray-400 leading-relaxed">Seamlessly blend your ground-level photos with ac…</p> aka getByText('Seamlessly blend your ground-')
        7) <p class="text-gray-400 leading-relaxed">Share your content everywhere with our optimized …</p> aka getByText('Share your content everywhere')
        8) <h2 class="text-4xl md:text-5xl font-bold mb-6 text-white">Everything About Zoom Earth AI</h2> aka getByRole('heading', { name: 'Everything About Zoom Earth AI' })
        9) <h3 class="text-lg font-semibold text-white flex items-center justify-between">…</h3> aka getByRole('button', { name: 'How does ZOOM EARTH AI create' })
        10) <h3 class="text-lg font-semibold text-white flex items-center justify-between">…</h3> aka getByRole('button', { name: 'What types of images work' })
        ...

    Call log:
      - Expect "toBeVisible" with timeout 5000ms
      - waiting for locator('text=ZOOM EARTH AI')


      224 |     
      225 |     // 验证公司名称
    > 226 |     await expect(page.locator('text=ZOOM EARTH AI')).toBeVisible();
          |                                                      ^
      227 |   });
      228 |
      229 |   test('Footer链接导航功能', async ({ page }) => {
        at /Users/dahuang/CascadeProjects/earthzoomai.org/tests/e2e/navigation.spec.ts:226:54

    attachment #1: screenshot (image/png) ──────────────────────────────────────────────────────────
    ../test-results/e2e-navigation-Footer导航测试-Footer版权信息-chromium/test-failed-1.png
    ────────────────────────────────────────────────────────────────────────────────────────────────

    attachment #2: video (video/webm) ──────────────────────────────────────────────────────────────
    ../test-results/e2e-navigation-Footer导航测试-Footer版权信息-chromium/video.webm
    ────────────────────────────────────────────────────────────────────────────────────────────────

    Error Context: ../test-results/e2e-navigation-Footer导航测试-Footer版权信息-chromium/error-context.md
]]>
</failure>
<system-out>
<![CDATA[
[[ATTACHMENT|e2e-navigation-Footer导航测试-Footer版权信息-chromium/test-failed-1.png]]

[[ATTACHMENT|e2e-navigation-Footer导航测试-Footer版权信息-chromium/video.webm]]

[[ATTACHMENT|e2e-navigation-Footer导航测试-Footer版权信息-chromium/error-context.md]]
]]>
</system-out>
</testcase>
<testcase name="Footer导航测试 › Footer链接导航功能" classname="e2e/navigation.spec.ts" time="6.426">
<failure message="navigation.spec.ts:229:7 Footer链接导航功能" type="FAILURE">
<![CDATA[  [chromium] › e2e/navigation.spec.ts:229:7 › Footer导航测试 › Footer链接导航功能 ────────────────────────────

    Error: expect(received).toBeLessThan(expected)

    Expected: < 100
    Received:   4526

      237 |     await page.waitForTimeout(1000);
      238 |     const scrollY = await page.evaluate(() => window.scrollY);
    > 239 |     expect(scrollY).toBeLessThan(100);
          |                     ^
      240 |   });
      241 | });
      242 |
        at /Users/dahuang/CascadeProjects/earthzoomai.org/tests/e2e/navigation.spec.ts:239:21

    attachment #1: screenshot (image/png) ──────────────────────────────────────────────────────────
    ../test-results/e2e-navigation-Footer导航测试-Footer链接导航功能-chromium/test-failed-1.png
    ────────────────────────────────────────────────────────────────────────────────────────────────

    attachment #2: video (video/webm) ──────────────────────────────────────────────────────────────
    ../test-results/e2e-navigation-Footer导航测试-Footer链接导航功能-chromium/video.webm
    ────────────────────────────────────────────────────────────────────────────────────────────────

    Error Context: ../test-results/e2e-navigation-Footer导航测试-Footer链接导航功能-chromium/error-context.md
]]>
</failure>
<system-out>
<![CDATA[
[[ATTACHMENT|e2e-navigation-Footer导航测试-Footer链接导航功能-chromium/test-failed-1.png]]

[[ATTACHMENT|e2e-navigation-Footer导航测试-Footer链接导航功能-chromium/video.webm]]

[[ATTACHMENT|e2e-navigation-Footer导航测试-Footer链接导航功能-chromium/error-context.md]]
]]>
</system-out>
</testcase>
<testcase name="跨设备导航一致性测试 › Mobile 导航一致性" classname="e2e/navigation.spec.ts" time="9.368">
<failure message="navigation.spec.ts:251:9 Mobile 导航一致性" type="FAILURE">
<![CDATA[  [chromium] › e2e/navigation.spec.ts:251:9 › 跨设备导航一致性测试 › Mobile 导航一致性 ────────────────────────────

    Error: Timed out 5000ms waiting for expect(locator).toBeVisible()

    Locator: locator('text=Try Now')
    Expected: visible
    Received: hidden
    Call log:
      - Expect "toBeVisible" with timeout 5000ms
      - waiting for locator('text=Try Now')
        9 × locator resolved to <a target="_blank" rel="noopener noreferrer" href="https://pollo.ai?ref=ytayndd" class="bg-blue-600 hover:bg-blue-700 text-white px-6 py-2 rounded-lg font-semibold transition-all duration-300 transform hover:scale-105">Try Now</a>
          - unexpected value "hidden"


      262 |       
      263 |       // 验证Try Now按钮始终可见
    > 264 |       await expect(navigation.tryNowButton).toBeVisible();
          |                                             ^
      265 |       
      266 |       if (viewport.width < 768) {
      267 |         // 移动端应显示汉堡菜单
        at /Users/dahuang/CascadeProjects/earthzoomai.org/tests/e2e/navigation.spec.ts:264:45

    attachment #1: screenshot (image/png) ──────────────────────────────────────────────────────────
    ../test-results/e2e-navigation-跨设备导航一致性测试-Mobile-导航一致性-chromium/test-failed-1.png
    ────────────────────────────────────────────────────────────────────────────────────────────────

    attachment #2: video (video/webm) ──────────────────────────────────────────────────────────────
    ../test-results/e2e-navigation-跨设备导航一致性测试-Mobile-导航一致性-chromium/video.webm
    ────────────────────────────────────────────────────────────────────────────────────────────────

    Error Context: ../test-results/e2e-navigation-跨设备导航一致性测试-Mobile-导航一致性-chromium/error-context.md
]]>
</failure>
<system-out>
<![CDATA[
[[ATTACHMENT|e2e-navigation-跨设备导航一致性测试-Mobile-导航一致性-chromium/test-failed-1.png]]

[[ATTACHMENT|e2e-navigation-跨设备导航一致性测试-Mobile-导航一致性-chromium/video.webm]]

[[ATTACHMENT|e2e-navigation-跨设备导航一致性测试-Mobile-导航一致性-chromium/error-context.md]]
]]>
</system-out>
</testcase>
<testcase name="跨设备导航一致性测试 › Tablet 导航一致性" classname="e2e/navigation.spec.ts" time="4.475">
</testcase>
<testcase name="跨设备导航一致性测试 › Desktop 导航一致性" classname="e2e/navigation.spec.ts" time="5.187">
</testcase>
<testcase name="导航性能测试 › 导航响应速度" classname="e2e/navigation.spec.ts" time="5.721">
<failure message="navigation.spec.ts:280:7 导航响应速度" type="FAILURE">
<![CDATA[  [chromium] › e2e/navigation.spec.ts:280:7 › 导航性能测试 › 导航响应速度 ──────────────────────────────────────

    Error: expect(received).toBeLessThan(expected)

    Expected: < 1000
    Received:   1079

      290 |     
      291 |     // 导航应该在合理时间内响应
    > 292 |     expect(responseTime).toBeLessThan(1000);
          |                          ^
      293 |     
      294 |     // 验证滚动到位
      295 |     await expect(page.locator('#features')).toBeInViewport();
        at /Users/dahuang/CascadeProjects/earthzoomai.org/tests/e2e/navigation.spec.ts:292:26

    attachment #1: screenshot (image/png) ──────────────────────────────────────────────────────────
    ../test-results/e2e-navigation-导航性能测试-导航响应速度-chromium/test-failed-1.png
    ────────────────────────────────────────────────────────────────────────────────────────────────

    attachment #2: video (video/webm) ──────────────────────────────────────────────────────────────
    ../test-results/e2e-navigation-导航性能测试-导航响应速度-chromium/video.webm
    ────────────────────────────────────────────────────────────────────────────────────────────────

    Error Context: ../test-results/e2e-navigation-导航性能测试-导航响应速度-chromium/error-context.md
]]>
</failure>
<system-out>
<![CDATA[
[[ATTACHMENT|e2e-navigation-导航性能测试-导航响应速度-chromium/test-failed-1.png]]

[[ATTACHMENT|e2e-navigation-导航性能测试-导航响应速度-chromium/video.webm]]

[[ATTACHMENT|e2e-navigation-导航性能测试-导航响应速度-chromium/error-context.md]]
]]>
</system-out>
</testcase>
<testcase name="导航性能测试 › 滚动性能" classname="e2e/navigation.spec.ts" time="4.741">
</testcase>
<testcase name="导航性能测试 › Header状态切换性能" classname="e2e/navigation.spec.ts" time="4.739">
</testcase>
<testcase name="导航错误处理 › 无效锚点处理" classname="e2e/navigation.spec.ts" time="4.874">
</testcase>
<testcase name="导航错误处理 › JavaScript禁用时的导航" classname="e2e/navigation.spec.ts" time="5.679">
<failure message="navigation.spec.ts:361:7 JavaScript禁用时的导航" type="FAILURE">
<![CDATA[  [chromium] › e2e/navigation.spec.ts:361:7 › 导航错误处理 › JavaScript禁用时的导航 ────────────────────────────

    Error: Timed out 5000ms waiting for expect(locator).toBeVisible()

    Locator: locator('header')
    Expected: visible
    Received: <element(s) not found>
    Call log:
      - Expect "toBeVisible" with timeout 5000ms
      - waiting for locator('header')


      368 |     
      369 |     // 验证基本导航元素仍然可见
    > 370 |     await expect(page.locator('header')).toBeVisible();
          |                                          ^
      371 |     await expect(page.locator('img[alt="ZOOM EARTH AI Logo"]')).toBeVisible();
      372 |     
      373 |     await context.close();
        at /Users/dahuang/CascadeProjects/earthzoomai.org/tests/e2e/navigation.spec.ts:370:42

    attachment #1: screenshot (image/png) ──────────────────────────────────────────────────────────
    ../test-results/e2e-navigation-导航错误处理-JavaScript禁用时的导航-chromium/test-failed-1.png
    ────────────────────────────────────────────────────────────────────────────────────────────────
]]>
</failure>
<system-out>
<![CDATA[
[[ATTACHMENT|e2e-navigation-导航错误处理-JavaScript禁用时的导航-chromium/test-failed-1.png]]
]]>
</system-out>
</testcase>
<testcase name="导航错误处理 › 网络中断时的导航" classname="e2e/navigation.spec.ts" time="5.567">
</testcase>
</testsuite>
<testsuite name="e2e/responsive.spec.ts" timestamp="2025-07-24T07:09:26.317Z" hostname="chromium" tests="12" failures="8" skipped="0" time="95.759" errors="0">
<testcase name="响应式设计测试 › 移动端适配 › iPhone SE 显示测试" classname="e2e/responsive.spec.ts" time="9.28">
<failure message="responsive.spec.ts:23:9 iPhone SE 显示测试" type="FAILURE">
<![CDATA[  [chromium] › e2e/responsive.spec.ts:23:9 › 响应式设计测试 › 移动端适配 › iPhone SE 显示测试 ──────────────────────

    Error: Timed out 5000ms waiting for expect(locator).toBeVisible()

    Locator: locator('button').filter({ hasText: /M4 6h16/ })
    Expected: visible
    Received: <element(s) not found>
    Call log:
      - Expect "toBeVisible" with timeout 5000ms
      - waiting for locator('button').filter({ hasText: /M4 6h16/ })


      29 |       // 验证移动端布局
      30 |       const navigation = new NavigationComponent(page);
    > 31 |       await expect(navigation.mobileMenuButton).toBeVisible();
         |                                                 ^
      32 |       
      33 |       // 验证Hero区域在移动端的显示
      34 |       const heroTitle = page.locator('h1');
        at /Users/dahuang/CascadeProjects/earthzoomai.org/tests/e2e/responsive.spec.ts:31:49

    attachment #1: screenshot (image/png) ──────────────────────────────────────────────────────────
    ../test-results/e2e-responsive-响应式设计测试-移动端适配-iPhone-SE-显示测试-chromium/test-failed-1.png
    ────────────────────────────────────────────────────────────────────────────────────────────────

    attachment #2: video (video/webm) ──────────────────────────────────────────────────────────────
    ../test-results/e2e-responsive-响应式设计测试-移动端适配-iPhone-SE-显示测试-chromium/video.webm
    ────────────────────────────────────────────────────────────────────────────────────────────────

    Error Context: ../test-results/e2e-responsive-响应式设计测试-移动端适配-iPhone-SE-显示测试-chromium/error-context.md
]]>
</failure>
<system-out>
<![CDATA[
[[ATTACHMENT|e2e-responsive-响应式设计测试-移动端适配-iPhone-SE-显示测试-chromium/test-failed-1.png]]

[[ATTACHMENT|e2e-responsive-响应式设计测试-移动端适配-iPhone-SE-显示测试-chromium/video.webm]]

[[ATTACHMENT|e2e-responsive-响应式设计测试-移动端适配-iPhone-SE-显示测试-chromium/error-context.md]]
]]>
</system-out>
</testcase>
<testcase name="响应式设计测试 › 移动端适配 › iPad 显示测试" classname="e2e/responsive.spec.ts" time="9.448">
<failure message="responsive.spec.ts:44:9 iPad 显示测试" type="FAILURE">
<![CDATA[  [chromium] › e2e/responsive.spec.ts:44:9 › 响应式设计测试 › 移动端适配 › iPad 显示测试 ───────────────────────────

    Error: Timed out 5000ms waiting for expect(locator).toBeVisible()

    Locator: locator('button').filter({ hasText: /M4 6h16/ })
    Expected: visible
    Received: <element(s) not found>
    Call log:
      - Expect "toBeVisible" with timeout 5000ms
      - waiting for locator('button').filter({ hasText: /M4 6h16/ })


      50 |       // 验证平板端布局
      51 |       const navigation = new NavigationComponent(page);
    > 52 |       await expect(navigation.mobileMenuButton).toBeVisible();
         |                                                 ^
      53 |       
      54 |       // 验证Features区域在平板端的网格布局
      55 |       const featureCards = page.locator('.feature-card');
        at /Users/dahuang/CascadeProjects/earthzoomai.org/tests/e2e/responsive.spec.ts:52:49

    attachment #1: screenshot (image/png) ──────────────────────────────────────────────────────────
    ../test-results/e2e-responsive-响应式设计测试-移动端适配-iPad-显示测试-chromium/test-failed-1.png
    ────────────────────────────────────────────────────────────────────────────────────────────────

    attachment #2: video (video/webm) ──────────────────────────────────────────────────────────────
    ../test-results/e2e-responsive-响应式设计测试-移动端适配-iPad-显示测试-chromium/video.webm
    ────────────────────────────────────────────────────────────────────────────────────────────────

    Error Context: ../test-results/e2e-responsive-响应式设计测试-移动端适配-iPad-显示测试-chromium/error-context.md
]]>
</failure>
<system-out>
<![CDATA[
[[ATTACHMENT|e2e-responsive-响应式设计测试-移动端适配-iPad-显示测试-chromium/test-failed-1.png]]

[[ATTACHMENT|e2e-responsive-响应式设计测试-移动端适配-iPad-显示测试-chromium/video.webm]]

[[ATTACHMENT|e2e-responsive-响应式设计测试-移动端适配-iPad-显示测试-chromium/error-context.md]]
]]>
</system-out>
</testcase>
<testcase name="响应式设计测试 › 移动端适配 › 移动端菜单交互" classname="e2e/responsive.spec.ts" time="14.445">
<failure message="responsive.spec.ts:71:9 移动端菜单交互" type="FAILURE">
<![CDATA[  [chromium] › e2e/responsive.spec.ts:71:9 › 响应式设计测试 › 移动端适配 › 移动端菜单交互 ─────────────────────────────

    TimeoutError: locator.click: Timeout 10000ms exceeded.
    Call log:
      - waiting for locator('button').filter({ hasText: /M4 6h16/ })


       at fixtures/page-objects.ts:111

      109 |
      110 |   async toggleMobileMenu() {
    > 111 |     await this.mobileMenuButton.click();
          |                                 ^
      112 |   }
      113 |
      114 |   async verifyNavigation() {
        at NavigationComponent.toggleMobileMenu (/Users/dahuang/CascadeProjects/earthzoomai.org/tests/fixtures/page-objects.ts:111:33)
        at /Users/dahuang/CascadeProjects/earthzoomai.org/tests/e2e/responsive.spec.ts:83:24

    attachment #1: screenshot (image/png) ──────────────────────────────────────────────────────────
    ../test-results/e2e-responsive-响应式设计测试-移动端适配-移动端菜单交互-chromium/test-failed-1.png
    ────────────────────────────────────────────────────────────────────────────────────────────────

    attachment #2: video (video/webm) ──────────────────────────────────────────────────────────────
    ../test-results/e2e-responsive-响应式设计测试-移动端适配-移动端菜单交互-chromium/video.webm
    ────────────────────────────────────────────────────────────────────────────────────────────────

    Error Context: ../test-results/e2e-responsive-响应式设计测试-移动端适配-移动端菜单交互-chromium/error-context.md
]]>
</failure>
<system-out>
<![CDATA[
[[ATTACHMENT|e2e-responsive-响应式设计测试-移动端适配-移动端菜单交互-chromium/test-failed-1.png]]

[[ATTACHMENT|e2e-responsive-响应式设计测试-移动端适配-移动端菜单交互-chromium/video.webm]]

[[ATTACHMENT|e2e-responsive-响应式设计测试-移动端适配-移动端菜单交互-chromium/error-context.md]]
]]>
</system-out>
</testcase>
<testcase name="响应式设计测试 › 桌面端适配 › 1920x1080 显示测试" classname="e2e/responsive.spec.ts" time="5.722">
<failure message="responsive.spec.ts:99:9 1920x1080 显示测试" type="FAILURE">
<![CDATA[  [chromium] › e2e/responsive.spec.ts:99:9 › 响应式设计测试 › 桌面端适配 › 1920x1080 显示测试 ──────────────────────

    Error: expect.toBeVisible: Error: strict mode violation: locator('nav button') resolved to 4 elements:
        1) <button class="font-medium transition-colors duration-200 text-gray-300 hover:text-blue-400">Showcase</button> aka getByRole('button', { name: 'Showcase' })
        2) <button class="font-medium transition-colors duration-200 text-gray-300 hover:text-blue-400">Features</button> aka getByRole('button', { name: 'Features' })
        3) <button class="font-medium transition-colors duration-200 text-gray-300 hover:text-blue-400">Reviews</button> aka getByRole('button', { name: 'Reviews' })
        4) <button class="font-medium transition-colors duration-200 text-gray-300 hover:text-blue-400">FAQ</button> aka getByRole('button', { name: 'FAQ' })

    Call log:
      - Expect "toBeVisible" with timeout 5000ms
      - waiting for locator('nav button')


      105 |       // 验证桌面端导航
      106 |       const navigation = new NavigationComponent(page);
    > 107 |       await expect(navigation.navLinks).toBeVisible();
          |                                         ^
      108 |       await expect(navigation.mobileMenuButton).toBeHidden();
      109 |       
      110 |       // 验证Hero区域在大屏幕上的显示
        at /Users/dahuang/CascadeProjects/earthzoomai.org/tests/e2e/responsive.spec.ts:107:41

    attachment #1: screenshot (image/png) ──────────────────────────────────────────────────────────
    ../test-results/e2e-responsive-响应式设计测试-桌面端适配-1920x1080-显示测试-chromium/test-failed-1.png
    ────────────────────────────────────────────────────────────────────────────────────────────────

    attachment #2: video (video/webm) ──────────────────────────────────────────────────────────────
    ../test-results/e2e-responsive-响应式设计测试-桌面端适配-1920x1080-显示测试-chromium/video.webm
    ────────────────────────────────────────────────────────────────────────────────────────────────

    Error Context: ../test-results/e2e-responsive-响应式设计测试-桌面端适配-1920x1080-显示测试-chromium/error-context.md
]]>
</failure>
<system-out>
<![CDATA[
[[ATTACHMENT|e2e-responsive-响应式设计测试-桌面端适配-1920x1080-显示测试-chromium/test-failed-1.png]]

[[ATTACHMENT|e2e-responsive-响应式设计测试-桌面端适配-1920x1080-显示测试-chromium/video.webm]]

[[ATTACHMENT|e2e-responsive-响应式设计测试-桌面端适配-1920x1080-显示测试-chromium/error-context.md]]
]]>
</system-out>
</testcase>
<testcase name="响应式设计测试 › 桌面端适配 › 4K 显示测试" classname="e2e/responsive.spec.ts" time="10.921">
<failure message="responsive.spec.ts:132:9 4K 显示测试" type="FAILURE">
<![CDATA[  [chromium] › e2e/responsive.spec.ts:132:9 › 响应式设计测试 › 桌面端适配 › 4K 显示测试 ────────────────────────────

    Error: Timed out 5000ms waiting for expect(locator).toHaveCSS(expected)

    Locator: locator('h1')
    Expected pattern: /^[4-9]\d*px$/
    Received string:  "128px"
    Call log:
      - Expect "toHaveCSS" with timeout 5000ms
      - waiting for locator('h1')
        9 × locator resolved to <h1 class="text-7xl md:text-8xl lg:text-9xl font-bold mb-8 bg-gradient-to-r from-blue-400 via-purple-400 to-blue-400 bg-clip-text text-transparent leading-tight animate-fade-in">ZOOM EARTH AI</h1>
          - unexpected value "128px"


      148 |       // 验证文字大小在4K屏幕上仍然可读
      149 |       const heroTitle = page.locator('h1');
    > 150 |       await expect(heroTitle).toHaveCSS('font-size', /^[4-9]\d*px$/);
          |                               ^
      151 |     });
      152 |   });
      153 |   
        at /Users/dahuang/CascadeProjects/earthzoomai.org/tests/e2e/responsive.spec.ts:150:31

    attachment #1: screenshot (image/png) ──────────────────────────────────────────────────────────
    ../test-results/e2e-responsive-响应式设计测试-桌面端适配-4K-显示测试-chromium/test-failed-1.png
    ────────────────────────────────────────────────────────────────────────────────────────────────

    attachment #2: video (video/webm) ──────────────────────────────────────────────────────────────
    ../test-results/e2e-responsive-响应式设计测试-桌面端适配-4K-显示测试-chromium/video.webm
    ────────────────────────────────────────────────────────────────────────────────────────────────

    Error Context: ../test-results/e2e-responsive-响应式设计测试-桌面端适配-4K-显示测试-chromium/error-context.md
]]>
</failure>
<system-out>
<![CDATA[
[[ATTACHMENT|e2e-responsive-响应式设计测试-桌面端适配-4K-显示测试-chromium/test-failed-1.png]]

[[ATTACHMENT|e2e-responsive-响应式设计测试-桌面端适配-4K-显示测试-chromium/video.webm]]

[[ATTACHMENT|e2e-responsive-响应式设计测试-桌面端适配-4K-显示测试-chromium/error-context.md]]
]]>
</system-out>
</testcase>
<testcase name="响应式设计测试 › 断点测试 › 断点切换测试" classname="e2e/responsive.spec.ts" time="4.913">
<failure message="responsive.spec.ts:155:9 断点切换测试" type="FAILURE">
<![CDATA[  [chromium] › e2e/responsive.spec.ts:155:9 › 响应式设计测试 › 断点测试 › 断点切换测试 ──────────────────────────────

    Error: expect.toBeVisible: Error: strict mode violation: locator('nav button') resolved to 4 elements:
        1) <button class="font-medium transition-colors duration-200 text-gray-300 hover:text-blue-400">Showcase</button> aka getByRole('button', { name: 'Showcase' })
        2) <button class="font-medium transition-colors duration-200 text-gray-300 hover:text-blue-400">Features</button> aka getByRole('button', { name: 'Features' })
        3) <button class="font-medium transition-colors duration-200 text-gray-300 hover:text-blue-400">Reviews</button> aka getByRole('button', { name: 'Reviews' })
        4) <button class="font-medium transition-colors duration-200 text-gray-300 hover:text-blue-400">FAQ</button> aka getByRole('button', { name: 'FAQ' })

    Call log:
      - Expect "toBeVisible" with timeout 5000ms
      - waiting for locator('nav button')


      161 |       
      162 |       const navigation = new NavigationComponent(page);
    > 163 |       await expect(navigation.navLinks).toBeVisible();
          |                                         ^
      164 |       await expect(navigation.mobileMenuButton).toBeHidden();
      165 |       
      166 |       // 切换到平板尺寸
        at /Users/dahuang/CascadeProjects/earthzoomai.org/tests/e2e/responsive.spec.ts:163:41

    attachment #1: screenshot (image/png) ──────────────────────────────────────────────────────────
    ../test-results/e2e-responsive-响应式设计测试-断点测试-断点切换测试-chromium/test-failed-1.png
    ────────────────────────────────────────────────────────────────────────────────────────────────

    attachment #2: video (video/webm) ──────────────────────────────────────────────────────────────
    ../test-results/e2e-responsive-响应式设计测试-断点测试-断点切换测试-chromium/video.webm
    ────────────────────────────────────────────────────────────────────────────────────────────────

    Error Context: ../test-results/e2e-responsive-响应式设计测试-断点测试-断点切换测试-chromium/error-context.md
]]>
</failure>
<system-out>
<![CDATA[
[[ATTACHMENT|e2e-responsive-响应式设计测试-断点测试-断点切换测试-chromium/test-failed-1.png]]

[[ATTACHMENT|e2e-responsive-响应式设计测试-断点测试-断点切换测试-chromium/video.webm]]

[[ATTACHMENT|e2e-responsive-响应式设计测试-断点测试-断点切换测试-chromium/error-context.md]]
]]>
</system-out>
</testcase>
<testcase name="响应式设计测试 › 断点测试 › 临界断点测试" classname="e2e/responsive.spec.ts" time="9.836">
<failure message="responsive.spec.ts:180:9 临界断点测试" type="FAILURE">
<![CDATA[  [chromium] › e2e/responsive.spec.ts:180:9 › 响应式设计测试 › 断点测试 › 临界断点测试 ──────────────────────────────

    Error: Timed out 5000ms waiting for expect(locator).toBeVisible()

    Locator: locator('button').filter({ hasText: /M4 6h16/ })
    Expected: visible
    Received: <element(s) not found>
    Call log:
      - Expect "toBeVisible" with timeout 5000ms
      - waiting for locator('button').filter({ hasText: /M4 6h16/ })


      186 |       
      187 |       const navigation = new NavigationComponent(page);
    > 188 |       await expect(navigation.mobileMenuButton).toBeVisible();
          |                                                 ^
      189 |       
      190 |       // 测试769px（刚好超过断点）
      191 |       await page.setViewportSize({ width: 769, height: 1024 });
        at /Users/dahuang/CascadeProjects/earthzoomai.org/tests/e2e/responsive.spec.ts:188:49

    attachment #1: screenshot (image/png) ──────────────────────────────────────────────────────────
    ../test-results/e2e-responsive-响应式设计测试-断点测试-临界断点测试-chromium/test-failed-1.png
    ────────────────────────────────────────────────────────────────────────────────────────────────

    attachment #2: video (video/webm) ──────────────────────────────────────────────────────────────
    ../test-results/e2e-responsive-响应式设计测试-断点测试-临界断点测试-chromium/video.webm
    ────────────────────────────────────────────────────────────────────────────────────────────────

    Error Context: ../test-results/e2e-responsive-响应式设计测试-断点测试-临界断点测试-chromium/error-context.md
]]>
</failure>
<system-out>
<![CDATA[
[[ATTACHMENT|e2e-responsive-响应式设计测试-断点测试-临界断点测试-chromium/test-failed-1.png]]

[[ATTACHMENT|e2e-responsive-响应式设计测试-断点测试-临界断点测试-chromium/video.webm]]

[[ATTACHMENT|e2e-responsive-响应式设计测试-断点测试-临界断点测试-chromium/error-context.md]]
]]>
</system-out>
</testcase>
<testcase name="响应式设计测试 › 内容适配 › 图片响应式测试" classname="e2e/responsive.spec.ts" time="5.973">
</testcase>
<testcase name="响应式设计测试 › 内容适配 › 文字响应式测试" classname="e2e/responsive.spec.ts" time="4.787">
</testcase>
<testcase name="响应式设计测试 › 内容适配 › 布局响应式测试" classname="e2e/responsive.spec.ts" time="5.284">
</testcase>
<testcase name="响应式设计测试 › 性能测试 › 不同设备性能测试" classname="e2e/responsive.spec.ts" time="9.893">
<failure message="responsive.spec.ts:294:9 不同设备性能测试" type="FAILURE">
<![CDATA[  [chromium] › e2e/responsive.spec.ts:294:9 › 响应式设计测试 › 性能测试 › 不同设备性能测试 ────────────────────────────

    Error: Timed out 5000ms waiting for expect(locator).toBeVisible()

    Locator: locator('.feature-card').first()
    Expected: visible
    Received: <element(s) not found>
    Call log:
      - Expect "toBeVisible" with timeout 5000ms
      - waiting for locator('.feature-card').first()


      310 |       // 等待关键内容加载
      311 |       await expect(page.locator('h1')).toBeVisible();
    > 312 |       await expect(page.locator('.feature-card').first()).toBeVisible();
          |                                                           ^
      313 |       
      314 |       const loadTime = Date.now() - startTime;
      315 |       
        at /Users/dahuang/CascadeProjects/earthzoomai.org/tests/e2e/responsive.spec.ts:312:59

    attachment #1: screenshot (image/png) ──────────────────────────────────────────────────────────
    ../test-results/e2e-responsive-响应式设计测试-性能测试-不同设备性能测试-chromium/test-failed-1.png
    ────────────────────────────────────────────────────────────────────────────────────────────────

    Error Context: ../test-results/e2e-responsive-响应式设计测试-性能测试-不同设备性能测试-chromium/error-context.md
]]>
</failure>
<system-out>
<![CDATA[
[[ATTACHMENT|e2e-responsive-响应式设计测试-性能测试-不同设备性能测试-chromium/test-failed-1.png]]

[[ATTACHMENT|e2e-responsive-响应式设计测试-性能测试-不同设备性能测试-chromium/error-context.md]]
]]>
</system-out>
</testcase>
<testcase name="响应式设计测试 › 性能测试 › 图片懒加载测试" classname="e2e/responsive.spec.ts" time="5.257">
</testcase>
</testsuite>
<testsuite name="integration/integration.spec.ts" timestamp="2025-07-24T07:09:26.317Z" hostname="chromium" tests="13" failures="4" skipped="0" time="210.595" errors="0">
<testcase name="集成测试 › 页面组件交互 › 导航与页面内容联动测试" classname="integration/integration.spec.ts" time="12.737">
<system-out>
<![CDATA[导航到 Features，当前URL: http://localhost:3001/
导航到 Showcase，当前URL: http://localhost:3001/
导航到 Reviews，当前URL: http://localhost:3001/
导航到 FAQ，当前URL: http://localhost:3001/
]]>
</system-out>
</testcase>
<testcase name="集成测试 › 页面组件交互 › Hero区域与导航交互测试" classname="integration/integration.spec.ts" time="9.664">
<failure message="integration.spec.ts:37:9 Hero区域与导航交互测试" type="FAILURE">
<![CDATA[  [chromium] › integration/integration.spec.ts:37:9 › 集成测试 › 页面组件交互 › Hero区域与导航交互测试 ────────────────

    Error: Timed out 5000ms waiting for expect(locator).toBeInViewport()

    Locator: locator('#showcase')
    Expected: in viewport
    Received: viewport ratio 0
    Call log:
      - Expect "toBeInViewport" with timeout 5000ms
      - waiting for locator('#showcase')
        8 × locator resolved to <section id="showcase" class="relative py-24">…</section>
          - unexpected value "viewport ratio 0"


      51 |       const showcaseSection = page.locator('#showcase');
      52 |       if (await showcaseSection.count() > 0) {
    > 53 |         await expect(showcaseSection).toBeInViewport();
         |                                       ^
      54 |       }
      55 |       
      56 |       // 返回顶部测试
        at /Users/dahuang/CascadeProjects/earthzoomai.org/tests/integration/integration.spec.ts:53:39

    attachment #1: screenshot (image/png) ──────────────────────────────────────────────────────────
    ../test-results/integration-integration-集成测试-页面组件交互-Hero区域与导航交互测试-chromium/test-failed-2.png
    ────────────────────────────────────────────────────────────────────────────────────────────────

    attachment #2: screenshot (image/png) ──────────────────────────────────────────────────────────
    ../test-results/integration-integration-集成测试-页面组件交互-Hero区域与导航交互测试-chromium/test-failed-1.png
    ────────────────────────────────────────────────────────────────────────────────────────────────

    attachment #3: video (video/webm) ──────────────────────────────────────────────────────────────
    ../test-results/integration-integration-集成测试-页面组件交互-Hero区域与导航交互测试-chromium/video.webm
    ────────────────────────────────────────────────────────────────────────────────────────────────

    attachment #4: video (video/webm) ──────────────────────────────────────────────────────────────
    ../test-results/integration-integration-集成测试-页面组件交互-Hero区域与导航交互测试-chromium/video-1.webm
    ────────────────────────────────────────────────────────────────────────────────────────────────

    Error Context: ../test-results/integration-integration-集成测试-页面组件交互-Hero区域与导航交互测试-chromium/error-context.md
]]>
</failure>
<system-out>
<![CDATA[
[[ATTACHMENT|integration-integration-集成测试-页面组件交互-Hero区域与导航交互测试-chromium/test-failed-2.png]]

[[ATTACHMENT|integration-integration-集成测试-页面组件交互-Hero区域与导航交互测试-chromium/test-failed-1.png]]

[[ATTACHMENT|integration-integration-集成测试-页面组件交互-Hero区域与导航交互测试-chromium/video.webm]]

[[ATTACHMENT|integration-integration-集成测试-页面组件交互-Hero区域与导航交互测试-chromium/video-1.webm]]

[[ATTACHMENT|integration-integration-集成测试-页面组件交互-Hero区域与导航交互测试-chromium/error-context.md]]
]]>
</system-out>
</testcase>
<testcase name="集成测试 › 页面组件交互 › FAQ组件与页面滚动交互" classname="integration/integration.spec.ts" time="12.622">
<failure message="integration.spec.ts:65:9 FAQ组件与页面滚动交互" type="FAILURE">
<![CDATA[  [chromium] › integration/integration.spec.ts:65:9 › 集成测试 › 页面组件交互 › FAQ组件与页面滚动交互 ─────────────────

    Error: Timed out 5000ms waiting for expect(locator).toBeVisible()

    Locator: locator('#faq .bg-gray-800').first().locator('.animate-fade-in')
    Expected: visible
    Received: <element(s) not found>
    Call log:
      - Expect "toBeVisible" with timeout 5000ms
      - waiting for locator('#faq .bg-gray-800').first().locator('.animate-fade-in')


      91 |           const secondAnswer = faqComponent.faqItems.nth(1).locator('.animate-fade-in');
      92 |           
    > 93 |           await expect(firstAnswer).toBeVisible();
         |                                     ^
      94 |           await expect(secondAnswer).toBeVisible();
      95 |         }
      96 |       }
        at /Users/dahuang/CascadeProjects/earthzoomai.org/tests/integration/integration.spec.ts:93:37

    attachment #1: screenshot (image/png) ──────────────────────────────────────────────────────────
    ../test-results/integration-integration-集成测试-页面组件交互-FAQ组件与页面滚动交互-chromium/test-failed-1.png
    ────────────────────────────────────────────────────────────────────────────────────────────────

    attachment #2: video (video/webm) ──────────────────────────────────────────────────────────────
    ../test-results/integration-integration-集成测试-页面组件交互-FAQ组件与页面滚动交互-chromium/video.webm
    ────────────────────────────────────────────────────────────────────────────────────────────────

    Error Context: ../test-results/integration-integration-集成测试-页面组件交互-FAQ组件与页面滚动交互-chromium/error-context.md
]]>
</failure>
<system-out>
<![CDATA[
[[ATTACHMENT|integration-integration-集成测试-页面组件交互-FAQ组件与页面滚动交互-chromium/test-failed-1.png]]

[[ATTACHMENT|integration-integration-集成测试-页面组件交互-FAQ组件与页面滚动交互-chromium/video.webm]]

[[ATTACHMENT|integration-integration-集成测试-页面组件交互-FAQ组件与页面滚动交互-chromium/error-context.md]]
]]>
</system-out>
</testcase>
<testcase name="集成测试 › 表单与反馈交互 › Newsletter订阅完整流程测试" classname="integration/integration.spec.ts" time="10.305">
</testcase>
<testcase name="集成测试 › 表单与反馈交互 › 表单验证与用户体验测试" classname="integration/integration.spec.ts" time="6.474">
</testcase>
<testcase name="集成测试 › 响应式交互测试 › 移动端导航与内容交互" classname="integration/integration.spec.ts" time="9.519">
<failure message="integration.spec.ts:198:9 移动端导航与内容交互" type="FAILURE">
<![CDATA[  [chromium] › integration/integration.spec.ts:198:9 › 集成测试 › 响应式交互测试 › 移动端导航与内容交互 ─────────────────

    Error: Timed out 5000ms waiting for expect(locator).toBeVisible()

    Locator: locator('button').filter({ hasText: /M4 6h16/ })
    Expected: visible
    Received: <element(s) not found>
    Call log:
      - Expect "toBeVisible" with timeout 5000ms
      - waiting for locator('button').filter({ hasText: /M4 6h16/ })


      205 |       
      206 |       // 验证移动端菜单按钮可见
    > 207 |       await expect(navigation.mobileMenuButton).toBeVisible();
          |                                                 ^
      208 |       
      209 |       // 打开移动菜单
      210 |       await navigation.toggleMobileMenu();
        at /Users/dahuang/CascadeProjects/earthzoomai.org/tests/integration/integration.spec.ts:207:49

    attachment #1: screenshot (image/png) ──────────────────────────────────────────────────────────
    ../test-results/integration-integration-集成测试-响应式交互测试-移动端导航与内容交互-chromium/test-failed-1.png
    ────────────────────────────────────────────────────────────────────────────────────────────────

    attachment #2: video (video/webm) ──────────────────────────────────────────────────────────────
    ../test-results/integration-integration-集成测试-响应式交互测试-移动端导航与内容交互-chromium/video.webm
    ────────────────────────────────────────────────────────────────────────────────────────────────

    Error Context: ../test-results/integration-integration-集成测试-响应式交互测试-移动端导航与内容交互-chromium/error-context.md
]]>
</failure>
<system-out>
<![CDATA[
[[ATTACHMENT|integration-integration-集成测试-响应式交互测试-移动端导航与内容交互-chromium/test-failed-1.png]]

[[ATTACHMENT|integration-integration-集成测试-响应式交互测试-移动端导航与内容交互-chromium/video.webm]]

[[ATTACHMENT|integration-integration-集成测试-响应式交互测试-移动端导航与内容交互-chromium/error-context.md]]
]]>
</system-out>
</testcase>
<testcase name="集成测试 › 响应式交互测试 › 跨设备一致性测试" classname="integration/integration.spec.ts" time="29.755">
<system-out>
<![CDATA[Mobile (375x667) 测试通过
Tablet (768x1024) 测试通过
Desktop (1920x1080) 测试通过
]]>
</system-out>
</testcase>
<testcase name="集成测试 › 性能与用户体验集成 › 页面加载与交互性能测试" classname="integration/integration.spec.ts" time="4.488">
<system-out>
<![CDATA[页面加载时间: 4133ms
交互响应时间: 61ms
]]>
</system-out>
</testcase>
<testcase name="集成测试 › 性能与用户体验集成 › 滚动性能与动画流畅性测试" classname="integration/integration.spec.ts" time="11.146">
<system-out>
<![CDATA[滚动完成时间: 2010ms
]]>
</system-out>
</testcase>
<testcase name="集成测试 › 错误处理与恢复 › 网络错误恢复测试" classname="integration/integration.spec.ts" time="27.108">
</testcase>
<testcase name="集成测试 › 错误处理与恢复 › JavaScript错误处理测试" classname="integration/integration.spec.ts" time="24.962">
<system-out>
<![CDATA[检测到 0 个JavaScript错误
]]>
</system-out>
</testcase>
<testcase name="集成测试 › 数据流与状态管理 › 页面状态持久化测试" classname="integration/integration.spec.ts" time="30.352">
<failure message="integration.spec.ts:414:9 页面状态持久化测试" type="FAILURE">
<![CDATA[  [chromium] › integration/integration.spec.ts:414:9 › 集成测试 › 数据流与状态管理 › 页面状态持久化测试 ─────────────────

    Test timeout of 30000ms exceeded.

    Error: page.waitForLoadState: Test timeout of 30000ms exceeded.

       at fixtures/page-objects.ts:32

      30 |   async goto() {
      31 |     await this.page.goto('/');
    > 32 |     await this.page.waitForLoadState('networkidle');
         |                     ^
      33 |   }
      34 |
      35 |   async clickStartCreating() {
        at HomePage.goto (/Users/dahuang/CascadeProjects/earthzoomai.org/tests/fixtures/page-objects.ts:32:21)
        at /Users/dahuang/CascadeProjects/earthzoomai.org/tests/integration/integration.spec.ts:417:7

    attachment #1: screenshot (image/png) ──────────────────────────────────────────────────────────
    ../test-results/integration-integration-集成测试-数据流与状态管理-页面状态持久化测试-chromium/test-failed-1.png
    ────────────────────────────────────────────────────────────────────────────────────────────────

    attachment #2: video (video/webm) ──────────────────────────────────────────────────────────────
    ../test-results/integration-integration-集成测试-数据流与状态管理-页面状态持久化测试-chromium/video.webm
    ────────────────────────────────────────────────────────────────────────────────────────────────

    Error Context: ../test-results/integration-integration-集成测试-数据流与状态管理-页面状态持久化测试-chromium/error-context.md
]]>
</failure>
<system-out>
<![CDATA[
[[ATTACHMENT|integration-integration-集成测试-数据流与状态管理-页面状态持久化测试-chromium/test-failed-1.png]]

[[ATTACHMENT|integration-integration-集成测试-数据流与状态管理-页面状态持久化测试-chromium/video.webm]]

[[ATTACHMENT|integration-integration-集成测试-数据流与状态管理-页面状态持久化测试-chromium/error-context.md]]
]]>
</system-out>
</testcase>
<testcase name="集成测试 › 数据流与状态管理 › 用户交互历史测试" classname="integration/integration.spec.ts" time="21.463">
<system-out>
<![CDATA[用户浏览路径测试完成
]]>
</system-out>
</testcase>
</testsuite>
<testsuite name="performance/performance.spec.ts" timestamp="2025-07-24T07:09:26.317Z" hostname="chromium" tests="13" failures="5" skipped="0" time="109.562" errors="0">
<testcase name="性能测试 › 页面加载性能 › 首页加载时间测试" classname="performance/performance.spec.ts" time="15.804">
<failure message="performance.spec.ts:7:9 首页加载时间测试" type="FAILURE">
<![CDATA[  [chromium] › performance/performance.spec.ts:7:9 › 性能测试 › 页面加载性能 › 首页加载时间测试 ──────────────────────

    Error: Timed out 5000ms waiting for expect(locator).toBeVisible()

    Locator: locator('.feature-card').first()
    Expected: visible
    Received: <element(s) not found>
    Call log:
      - Expect "toBeVisible" with timeout 5000ms
      - waiting for locator('.feature-card').first()


      13 |       // 等待关键内容加载完成
      14 |       await expect(page.locator('h1')).toBeVisible();
    > 15 |       await expect(page.locator('.feature-card').first()).toBeVisible();
         |                                                           ^
      16 |       
      17 |       const loadTime = Date.now() - startTime;
      18 |       
        at /Users/dahuang/CascadeProjects/earthzoomai.org/tests/performance/performance.spec.ts:15:59

    attachment #1: screenshot (image/png) ──────────────────────────────────────────────────────────
    ../test-results/performance-performance-性能测试-页面加载性能-首页加载时间测试-chromium/test-failed-1.png
    ────────────────────────────────────────────────────────────────────────────────────────────────

    attachment #2: video (video/webm) ──────────────────────────────────────────────────────────────
    ../test-results/performance-performance-性能测试-页面加载性能-首页加载时间测试-chromium/video.webm
    ────────────────────────────────────────────────────────────────────────────────────────────────

    Error Context: ../test-results/performance-performance-性能测试-页面加载性能-首页加载时间测试-chromium/error-context.md
]]>
</failure>
<system-out>
<![CDATA[
[[ATTACHMENT|performance-performance-性能测试-页面加载性能-首页加载时间测试-chromium/test-failed-1.png]]

[[ATTACHMENT|performance-performance-性能测试-页面加载性能-首页加载时间测试-chromium/video.webm]]

[[ATTACHMENT|performance-performance-性能测试-页面加载性能-首页加载时间测试-chromium/error-context.md]]
]]>
</system-out>
</testcase>
<testcase name="性能测试 › 页面加载性能 › 资源加载性能测试" classname="performance/performance.spec.ts" time="10.046">
<failure message="performance.spec.ts:25:9 资源加载性能测试" type="FAILURE">
<![CDATA[  [chromium] › performance/performance.spec.ts:25:9 › 性能测试 › 页面加载性能 › 资源加载性能测试 ─────────────────────

    Error: expect(received).toBeLessThan(expected)

    Expected: < 50
    Received:   61

      60 |       
      61 |       // 验证没有过多的请求
    > 62 |       expect(requests.length).toBeLessThan(50);
         |                               ^
      63 |       expect(imageRequests.length).toBeLessThan(20);
      64 |       
      65 |       // 验证没有失败的请求
        at /Users/dahuang/CascadeProjects/earthzoomai.org/tests/performance/performance.spec.ts:62:31

    attachment #1: screenshot (image/png) ──────────────────────────────────────────────────────────
    ../test-results/performance-performance-性能测试-页面加载性能-资源加载性能测试-chromium/test-failed-1.png
    ────────────────────────────────────────────────────────────────────────────────────────────────

    attachment #2: video (video/webm) ──────────────────────────────────────────────────────────────
    ../test-results/performance-performance-性能测试-页面加载性能-资源加载性能测试-chromium/video.webm
    ────────────────────────────────────────────────────────────────────────────────────────────────

    Error Context: ../test-results/performance-performance-性能测试-页面加载性能-资源加载性能测试-chromium/error-context.md
]]>
</failure>
<system-out>
<![CDATA[总请求数: 61
图片请求数: 12
脚本请求数: 39
样式表请求数: 0

[[ATTACHMENT|performance-performance-性能测试-页面加载性能-资源加载性能测试-chromium/test-failed-1.png]]

[[ATTACHMENT|performance-performance-性能测试-页面加载性能-资源加载性能测试-chromium/video.webm]]

[[ATTACHMENT|performance-performance-性能测试-页面加载性能-资源加载性能测试-chromium/error-context.md]]
]]>
</system-out>
</testcase>
<testcase name="性能测试 › 页面加载性能 › 图片加载优化测试" classname="performance/performance.spec.ts" time="5.18">
</testcase>
<testcase name="性能测试 › 运行时性能 › 滚动性能测试" classname="performance/performance.spec.ts" time="8.279">
<system-out>
<![CDATA[滚动时间: 2676ms
]]>
</system-out>
</testcase>
<testcase name="性能测试 › 运行时性能 › 动画性能测试" classname="performance/performance.spec.ts" time="6.376">
<failure message="performance.spec.ts:131:9 动画性能测试" type="FAILURE">
<![CDATA[  [chromium] › performance/performance.spec.ts:131:9 › 性能测试 › 运行时性能 › 动画性能测试 ───────────────────────

    Error: expect(received).toBeLessThan(expected)

    Expected: < 1000
    Received:   1376

      147 |       
      148 |       // 验证动画响应时间
    > 149 |       expect(animationTime).toBeLessThan(1000);
          |                             ^
      150 |     });
      151 |     
      152 |     test('内存使用测试', async ({ page }) => {
        at /Users/dahuang/CascadeProjects/earthzoomai.org/tests/performance/performance.spec.ts:149:29

    attachment #1: screenshot (image/png) ──────────────────────────────────────────────────────────
    ../test-results/performance-performance-性能测试-运行时性能-动画性能测试-chromium/test-failed-1.png
    ────────────────────────────────────────────────────────────────────────────────────────────────

    attachment #2: video (video/webm) ──────────────────────────────────────────────────────────────
    ../test-results/performance-performance-性能测试-运行时性能-动画性能测试-chromium/video.webm
    ────────────────────────────────────────────────────────────────────────────────────────────────

    Error Context: ../test-results/performance-performance-性能测试-运行时性能-动画性能测试-chromium/error-context.md
]]>
</failure>
<system-out>
<![CDATA[动画时间: 1376ms

[[ATTACHMENT|performance-performance-性能测试-运行时性能-动画性能测试-chromium/test-failed-1.png]]

[[ATTACHMENT|performance-performance-性能测试-运行时性能-动画性能测试-chromium/video.webm]]

[[ATTACHMENT|performance-performance-性能测试-运行时性能-动画性能测试-chromium/error-context.md]]
]]>
</system-out>
</testcase>
<testcase name="性能测试 › 运行时性能 › 内存使用测试" classname="performance/performance.spec.ts" time="5.752">
<failure message="performance.spec.ts:152:9 内存使用测试" type="FAILURE">
<![CDATA[  [chromium] › performance/performance.spec.ts:152:9 › 性能测试 › 运行时性能 › 内存使用测试 ───────────────────────

    Error: locator.click: Error: strict mode violation: locator('text="Features"') resolved to 2 elements:
        1) <button class="font-medium transition-colors duration-200 text-gray-300 hover:text-blue-400">Features</button> aka getByRole('button', { name: 'Features' })
        2) <a href="#features" class="text-gray-300 hover:text-white transition-colors">Features</a> aka getByRole('link', { name: 'Features' })

    Call log:
      - waiting for locator('text="Features"')


      166 |         
      167 |         // 执行一些交互操作
    > 168 |         await page.locator('text="Features"').click();
          |                                               ^
      169 |         await page.waitForTimeout(1000);
      170 |         
      171 |         await page.locator('text="Showcase"').click();
        at /Users/dahuang/CascadeProjects/earthzoomai.org/tests/performance/performance.spec.ts:168:47

    attachment #1: screenshot (image/png) ──────────────────────────────────────────────────────────
    ../test-results/performance-performance-性能测试-运行时性能-内存使用测试-chromium/test-failed-1.png
    ────────────────────────────────────────────────────────────────────────────────────────────────

    attachment #2: video (video/webm) ──────────────────────────────────────────────────────────────
    ../test-results/performance-performance-性能测试-运行时性能-内存使用测试-chromium/video.webm
    ────────────────────────────────────────────────────────────────────────────────────────────────

    Error Context: ../test-results/performance-performance-性能测试-运行时性能-内存使用测试-chromium/error-context.md
]]>
</failure>
<system-out>
<![CDATA[初始内存使用: 22MB

[[ATTACHMENT|performance-performance-性能测试-运行时性能-内存使用测试-chromium/test-failed-1.png]]

[[ATTACHMENT|performance-performance-性能测试-运行时性能-内存使用测试-chromium/video.webm]]

[[ATTACHMENT|performance-performance-性能测试-运行时性能-内存使用测试-chromium/error-context.md]]
]]>
</system-out>
</testcase>
<testcase name="性能测试 › 网络性能 › 慢网络条件下的性能" classname="performance/performance.spec.ts" time="7.03">
<system-out>
<![CDATA[慢网络加载时间: 6542ms
]]>
</system-out>
</testcase>
<testcase name="性能测试 › 网络性能 › 缓存性能测试" classname="performance/performance.spec.ts" time="5.288">
<system-out>
<![CDATA[首次加载时间: 4524ms
缓存加载时间: 344ms
]]>
</system-out>
</testcase>
<testcase name="性能测试 › 移动端性能 › 移动设备性能测试" classname="performance/performance.spec.ts" time="5.673">
<failure message="performance.spec.ts:245:9 移动设备性能测试" type="FAILURE">
<![CDATA[  [chromium] › performance/performance.spec.ts:245:9 › 性能测试 › 移动端性能 › 移动设备性能测试 ─────────────────────

    Error: expect(received).toBeLessThan(expected)

    Expected: < 3000
    Received:   5334

      260 |       
      261 |       // 移动端加载时间应该在合理范围内
    > 262 |       expect(loadTime).toBeLessThan(testData.performanceBenchmarks.maxLoadTime);
          |                        ^
      263 |     });
      264 |     
      265 |     test('触摸交互性能测试', async ({ page }) => {
        at /Users/dahuang/CascadeProjects/earthzoomai.org/tests/performance/performance.spec.ts:262:24

    attachment #1: screenshot (image/png) ──────────────────────────────────────────────────────────
    ../test-results/performance-performance-性能测试-移动端性能-移动设备性能测试-chromium/test-failed-1.png
    ────────────────────────────────────────────────────────────────────────────────────────────────

    attachment #2: video (video/webm) ──────────────────────────────────────────────────────────────
    ../test-results/performance-performance-性能测试-移动端性能-移动设备性能测试-chromium/video.webm
    ────────────────────────────────────────────────────────────────────────────────────────────────

    Error Context: ../test-results/performance-performance-性能测试-移动端性能-移动设备性能测试-chromium/error-context.md
]]>
</failure>
<system-out>
<![CDATA[移动端加载时间: 5334ms

[[ATTACHMENT|performance-performance-性能测试-移动端性能-移动设备性能测试-chromium/test-failed-1.png]]

[[ATTACHMENT|performance-performance-性能测试-移动端性能-移动设备性能测试-chromium/video.webm]]

[[ATTACHMENT|performance-performance-性能测试-移动端性能-移动设备性能测试-chromium/error-context.md]]
]]>
</system-out>
</testcase>
<testcase name="性能测试 › 移动端性能 › 触摸交互性能测试" classname="performance/performance.spec.ts" time="5.135">
<system-out>
<![CDATA[移动菜单响应时间: 401ms
]]>
</system-out>
</testcase>
<testcase name="性能测试 › Core Web Vitals › Largest Contentful Paint (LCP)" classname="performance/performance.spec.ts" time="12.829">
</testcase>
<testcase name="性能测试 › Core Web Vitals › First Input Delay (FID) 模拟" classname="performance/performance.spec.ts" time="9.632">
<system-out>
<![CDATA[首次交互延迟: 97ms
]]>
</system-out>
</testcase>
<testcase name="性能测试 › Core Web Vitals › Cumulative Layout Shift (CLS) 检测" classname="performance/performance.spec.ts" time="12.538">
<system-out>
<![CDATA[CLS: 0
]]>
</system-out>
</testcase>
</testsuite>
<testsuite name="seo/seo.spec.ts" timestamp="2025-07-24T07:09:26.317Z" hostname="chromium" tests="18" failures="6" skipped="0" time="106.915" errors="0">
<testcase name="SEO测试 › 基础SEO元素 › 页面标题测试" classname="seo/seo.spec.ts" time="9.582">
<failure message="seo.spec.ts:7:9 页面标题测试" type="FAILURE">
<![CDATA[  [chromium] › seo/seo.spec.ts:7:9 › SEO测试 › 基础SEO元素 › 页面标题测试 ──────────────────────────────────────

    Error: expect(received).toBeLessThan(expected)

    Expected: < 60
    Received:   64

      13 |       expect(title).toContain(testData.seoData.expectedTitle);
      14 |       expect(title.length).toBeGreaterThan(10);
    > 15 |       expect(title.length).toBeLessThan(60); // SEO最佳实践
         |                            ^
      16 |       
      17 |       console.log(`页面标题: ${title}`);
      18 |     });
        at /Users/dahuang/CascadeProjects/earthzoomai.org/tests/seo/seo.spec.ts:15:28

    attachment #1: screenshot (image/png) ──────────────────────────────────────────────────────────
    ../test-results/seo-seo-SEO测试-基础SEO元素-页面标题测试-chromium/test-failed-1.png
    ────────────────────────────────────────────────────────────────────────────────────────────────

    attachment #2: video (video/webm) ──────────────────────────────────────────────────────────────
    ../test-results/seo-seo-SEO测试-基础SEO元素-页面标题测试-chromium/video.webm
    ────────────────────────────────────────────────────────────────────────────────────────────────

    Error Context: ../test-results/seo-seo-SEO测试-基础SEO元素-页面标题测试-chromium/error-context.md
]]>
</failure>
<system-out>
<![CDATA[
[[ATTACHMENT|seo-seo-SEO测试-基础SEO元素-页面标题测试-chromium/test-failed-1.png]]

[[ATTACHMENT|seo-seo-SEO测试-基础SEO元素-页面标题测试-chromium/video.webm]]

[[ATTACHMENT|seo-seo-SEO测试-基础SEO元素-页面标题测试-chromium/error-context.md]]
]]>
</system-out>
</testcase>
<testcase name="SEO测试 › 基础SEO元素 › Meta描述测试" classname="seo/seo.spec.ts" time="5.735">
<failure message="seo.spec.ts:20:9 Meta描述测试" type="FAILURE">
<![CDATA[  [chromium] › seo/seo.spec.ts:20:9 › SEO测试 › 基础SEO元素 › Meta描述测试 ───────────────────────────────────

    Error: expect(received).toBeLessThan(expected)

    Expected: < 160
    Received:   176

      26 |       expect(metaDescription).toBeTruthy();
      27 |       expect(metaDescription!.length).toBeGreaterThan(50);
    > 28 |       expect(metaDescription!.length).toBeLessThan(160); // SEO最佳实践
         |                                       ^
      29 |       expect(metaDescription).toMatch(testData.seoData.expectedDescription);
      30 |       
      31 |       console.log(`Meta描述: ${metaDescription}`);
        at /Users/dahuang/CascadeProjects/earthzoomai.org/tests/seo/seo.spec.ts:28:39

    attachment #1: screenshot (image/png) ──────────────────────────────────────────────────────────
    ../test-results/seo-seo-SEO测试-基础SEO元素-Meta描述测试-chromium/test-failed-1.png
    ────────────────────────────────────────────────────────────────────────────────────────────────

    attachment #2: video (video/webm) ──────────────────────────────────────────────────────────────
    ../test-results/seo-seo-SEO测试-基础SEO元素-Meta描述测试-chromium/video.webm
    ────────────────────────────────────────────────────────────────────────────────────────────────

    Error Context: ../test-results/seo-seo-SEO测试-基础SEO元素-Meta描述测试-chromium/error-context.md
]]>
</failure>
<system-out>
<![CDATA[
[[ATTACHMENT|seo-seo-SEO测试-基础SEO元素-Meta描述测试-chromium/test-failed-1.png]]

[[ATTACHMENT|seo-seo-SEO测试-基础SEO元素-Meta描述测试-chromium/video.webm]]

[[ATTACHMENT|seo-seo-SEO测试-基础SEO元素-Meta描述测试-chromium/error-context.md]]
]]>
</system-out>
</testcase>
<testcase name="SEO测试 › 基础SEO元素 › Meta关键词测试" classname="seo/seo.spec.ts" time="5.16">
<system-out>
<![CDATA[Meta关键词: ZOOM EARTH AI, earth zoom, AI video generation, geographic visualization, satellite imagery, earth observation
]]>
</system-out>
</testcase>
<testcase name="SEO测试 › 基础SEO元素 › Canonical URL测试" classname="seo/seo.spec.ts" time="5.086">
<system-out>
<![CDATA[Canonical URL: http://localhost:3001/
]]>
</system-out>
</testcase>
<testcase name="SEO测试 › Open Graph标签 › OG基础标签测试" classname="seo/seo.spec.ts" time="4.887">
<system-out>
<![CDATA[Open Graph标签验证通过
]]>
</system-out>
</testcase>
<testcase name="SEO测试 › Open Graph标签 › Twitter Card标签测试" classname="seo/seo.spec.ts" time="4.983">
<system-out>
<![CDATA[Twitter Card标签验证通过
]]>
</system-out>
</testcase>
<testcase name="SEO测试 › 结构化数据 › JSON-LD结构化数据测试" classname="seo/seo.spec.ts" time="4.645">
<system-out>
<![CDATA[结构化数据 1: WebApplication
结构化数据 2: Organization
结构化数据 3: FAQPage
结构化数据 4: FAQPage
]]>
</system-out>
</testcase>
<testcase name="SEO测试 › 结构化数据 › FAQ结构化数据测试" classname="seo/seo.spec.ts" time="7.158">
<system-out>
<![CDATA[FAQ结构化数据包含 6 个问题
]]>
</system-out>
</testcase>
<testcase name="SEO测试 › 结构化数据 › Organization结构化数据测试" classname="seo/seo.spec.ts" time="6.181">
<failure message="seo.spec.ts:195:9 Organization结构化数据测试" type="FAILURE">
<![CDATA[  [chromium] › seo/seo.spec.ts:195:9 › SEO测试 › 结构化数据 › Organization结构化数据测试 ─────────────────────────

    Error: expect(received).toBe(expected) // Object.is equality

    Expected: "Organization"
    Received: "WebApplication"

      207 |           
      208 |           const orgData = JSON.parse(content);
    > 209 |           expect(orgData['@type']).toBe('Organization');
          |                                    ^
      210 |           expect(orgData.name).toBeTruthy();
      211 |           expect(orgData.url).toBeTruthy();
      212 |           
        at /Users/dahuang/CascadeProjects/earthzoomai.org/tests/seo/seo.spec.ts:209:36

    attachment #1: screenshot (image/png) ──────────────────────────────────────────────────────────
    ../test-results/seo-seo-SEO测试-结构化数据-Organization结构化数据测试-chromium/test-failed-1.png
    ────────────────────────────────────────────────────────────────────────────────────────────────

    attachment #2: video (video/webm) ──────────────────────────────────────────────────────────────
    ../test-results/seo-seo-SEO测试-结构化数据-Organization结构化数据测试-chromium/video.webm
    ────────────────────────────────────────────────────────────────────────────────────────────────

    Error Context: ../test-results/seo-seo-SEO测试-结构化数据-Organization结构化数据测试-chromium/error-context.md
]]>
</failure>
<system-out>
<![CDATA[
[[ATTACHMENT|seo-seo-SEO测试-结构化数据-Organization结构化数据测试-chromium/test-failed-1.png]]

[[ATTACHMENT|seo-seo-SEO测试-结构化数据-Organization结构化数据测试-chromium/video.webm]]

[[ATTACHMENT|seo-seo-SEO测试-结构化数据-Organization结构化数据测试-chromium/error-context.md]]
]]>
</system-out>
</testcase>
<testcase name="SEO测试 › HTML语义化 › 标题层级测试" classname="seo/seo.spec.ts" time="6.088">
<system-out>
<![CDATA[标题层级: 1, 2, 3, 3, 3, 2, 3, 3, 3, 3, 3, 3, 2, 3, 3, 3, 3, 3, 3, 2, 3, 3, 3, 3, 3, 3, 2, 3, 3, 3, 3
]]>
</system-out>
</testcase>
<testcase name="SEO测试 › HTML语义化 › 语义化标签测试" classname="seo/seo.spec.ts" time="5.187">
<system-out>
<![CDATA[语义化标签验证通过: 6个section, 1个nav
]]>
</system-out>
</testcase>
<testcase name="SEO测试 › HTML语义化 › 图片Alt属性测试" classname="seo/seo.spec.ts" time="6.133">
<system-out>
<![CDATA[图片 1: /favicon.ico - Alt: ZOOM EARTH AI Logo
图片 2: /images/showcase/landmark-transition.webp - Alt: Landmark Transition - From street view to satellite perspective
图片 3: /images/showcase/creative-effects.webp - Alt: Creative Effects - Artistic zoom sequences with style
图片 4: /images/showcase/advanced-features.webp - Alt: Advanced Features - Professional-grade zoom capabilities
所有 4 张图片都有有效的Alt属性
]]>
</system-out>
</testcase>
<testcase name="SEO测试 › HTML语义化 › 链接可访问性测试" classname="seo/seo.spec.ts" time="5.805">
<failure message="seo.spec.ts:299:9 链接可访问性测试" type="FAILURE">
<![CDATA[  [chromium] › seo/seo.spec.ts:299:9 › SEO测试 › HTML语义化 › 链接可访问性测试 ──────────────────────────────────

    Error: expect(received).toBeTruthy()

    Received: null

      313 |         // 验证链接有有效的文本或aria-label
      314 |         const hasValidText = (text && text.trim().length > 0) || (ariaLabel && ariaLabel.length > 0);
    > 315 |         expect(hasValidText).toBeTruthy();
          |                              ^
      316 |         
      317 |         // 如果是外部链接，验证target和rel属性
      318 |         if (href && (href.startsWith('http') || href.startsWith('//'))) {
        at /Users/dahuang/CascadeProjects/earthzoomai.org/tests/seo/seo.spec.ts:315:30

    attachment #1: screenshot (image/png) ──────────────────────────────────────────────────────────
    ../test-results/seo-seo-SEO测试-HTML语义化-链接可访问性测试-chromium/test-failed-1.png
    ────────────────────────────────────────────────────────────────────────────────────────────────

    attachment #2: video (video/webm) ──────────────────────────────────────────────────────────────
    ../test-results/seo-seo-SEO测试-HTML语义化-链接可访问性测试-chromium/video.webm
    ────────────────────────────────────────────────────────────────────────────────────────────────

    Error Context: ../test-results/seo-seo-SEO测试-HTML语义化-链接可访问性测试-chromium/error-context.md
]]>
</failure>
<system-out>
<![CDATA[
[[ATTACHMENT|seo-seo-SEO测试-HTML语义化-链接可访问性测试-chromium/test-failed-1.png]]

[[ATTACHMENT|seo-seo-SEO测试-HTML语义化-链接可访问性测试-chromium/video.webm]]

[[ATTACHMENT|seo-seo-SEO测试-HTML语义化-链接可访问性测试-chromium/error-context.md]]
]]>
</system-out>
</testcase>
<testcase name="SEO测试 › 页面性能SEO › 页面加载速度SEO测试" classname="seo/seo.spec.ts" time="5.186">
<failure message="seo.spec.ts:333:9 页面加载速度SEO测试" type="FAILURE">
<![CDATA[  [chromium] › seo/seo.spec.ts:333:9 › SEO测试 › 页面性能SEO › 页面加载速度SEO测试 ───────────────────────────────

    Error: expect(received).toBeLessThan(expected)

    Expected: < 3000
    Received:   4238

      343 |       
      344 |       // 页面加载时间对SEO很重要
    > 345 |       expect(loadTime).toBeLessThan(3000);
          |                        ^
      346 |       
      347 |       console.log(`页面加载时间: ${loadTime}ms (SEO友好)`);
      348 |     });
        at /Users/dahuang/CascadeProjects/earthzoomai.org/tests/seo/seo.spec.ts:345:24

    attachment #1: screenshot (image/png) ──────────────────────────────────────────────────────────
    ../test-results/seo-seo-SEO测试-页面性能SEO-页面加载速度SEO测试-chromium/test-failed-1.png
    ────────────────────────────────────────────────────────────────────────────────────────────────

    attachment #2: video (video/webm) ──────────────────────────────────────────────────────────────
    ../test-results/seo-seo-SEO测试-页面性能SEO-页面加载速度SEO测试-chromium/video.webm
    ────────────────────────────────────────────────────────────────────────────────────────────────

    Error Context: ../test-results/seo-seo-SEO测试-页面性能SEO-页面加载速度SEO测试-chromium/error-context.md
]]>
</failure>
<system-out>
<![CDATA[
[[ATTACHMENT|seo-seo-SEO测试-页面性能SEO-页面加载速度SEO测试-chromium/test-failed-1.png]]

[[ATTACHMENT|seo-seo-SEO测试-页面性能SEO-页面加载速度SEO测试-chromium/video.webm]]

[[ATTACHMENT|seo-seo-SEO测试-页面性能SEO-页面加载速度SEO测试-chromium/error-context.md]]
]]>
</system-out>
</testcase>
<testcase name="SEO测试 › 页面性能SEO › 移动端友好性测试" classname="seo/seo.spec.ts" time="4.935">
<system-out>
<![CDATA[移动端友好性验证通过，H1字体大小: 72px
]]>
</system-out>
</testcase>
<testcase name="SEO测试 › 页面性能SEO › HTTPS和安全性测试" classname="seo/seo.spec.ts" time="7.765">
<failure message="seo.spec.ts:378:9 HTTPS和安全性测试" type="FAILURE">
<![CDATA[  [chromium] › seo/seo.spec.ts:378:9 › SEO测试 › 页面性能SEO › HTTPS和安全性测试 ───────────────────────────────

    Error: expect(received).toMatch(expected)

    Expected pattern: /^https:/
    Received string:  "http://localhost:3001/"

      382 |       // 验证页面使用HTTPS
      383 |       const url = page.url();
    > 384 |       expect(url).toMatch(/^https:/);
          |                   ^
      385 |       
      386 |       // 验证没有混合内容警告
      387 |       const mixedContentWarnings: string[] = [];
        at /Users/dahuang/CascadeProjects/earthzoomai.org/tests/seo/seo.spec.ts:384:19

    attachment #1: screenshot (image/png) ──────────────────────────────────────────────────────────
    ../test-results/seo-seo-SEO测试-页面性能SEO-HTTPS和安全性测试-chromium/test-failed-1.png
    ────────────────────────────────────────────────────────────────────────────────────────────────

    attachment #2: video (video/webm) ──────────────────────────────────────────────────────────────
    ../test-results/seo-seo-SEO测试-页面性能SEO-HTTPS和安全性测试-chromium/video.webm
    ────────────────────────────────────────────────────────────────────────────────────────────────

    Error Context: ../test-results/seo-seo-SEO测试-页面性能SEO-HTTPS和安全性测试-chromium/error-context.md
]]>
</failure>
<system-out>
<![CDATA[
[[ATTACHMENT|seo-seo-SEO测试-页面性能SEO-HTTPS和安全性测试-chromium/test-failed-1.png]]

[[ATTACHMENT|seo-seo-SEO测试-页面性能SEO-HTTPS和安全性测试-chromium/video.webm]]

[[ATTACHMENT|seo-seo-SEO测试-页面性能SEO-HTTPS和安全性测试-chromium/error-context.md]]
]]>
</system-out>
</testcase>
<testcase name="SEO测试 › 内容SEO › 内容质量测试" classname="seo/seo.spec.ts" time="6.231">
<system-out>
<![CDATA[内容词数: 595
关键词分布: [
  { keyword: [32m'zoom'[39m, count: [33m28[39m },
  { keyword: [32m'earth'[39m, count: [33m22[39m },
  { keyword: [32m'ai'[39m, count: [33m34[39m },
  { keyword: [32m'satellite'[39m, count: [33m4[39m },
  { keyword: [32m'video'[39m, count: [33m6[39m },
  { keyword: [32m'generation'[39m, count: [33m1[39m }
]
]]>
</system-out>
</testcase>
<testcase name="SEO测试 › 内容SEO › 内部链接结构测试" classname="seo/seo.spec.ts" time="6.168">
<system-out>
<![CDATA[内部链接数量: 12, 锚点链接: 4
]]>
</system-out>
</testcase>
</testsuite>
<testsuite name="visual/visual-regression.spec.ts" timestamp="2025-07-24T07:09:26.317Z" hostname="chromium" tests="28" failures="26" skipped="2" time="223.003" errors="0">
<testcase name="视觉回归测试 › 页面截图对比 › 首页完整截图" classname="visual/visual-regression.spec.ts" time="8.726">
<failure message="visual-regression.spec.ts:7:9 首页完整截图" type="FAILURE">
<![CDATA[  [chromium] › visual/visual-regression.spec.ts:7:9 › 视觉回归测试 › 页面截图对比 › 首页完整截图 ─────────────────────

    Error: A snapshot doesn't exist at /Users/dahuang/CascadeProjects/earthzoomai.org/tests/visual/visual-regression.spec.ts-snapshots/homepage-full-chromium-darwin.png, writing actual.

      25 |       
      26 |       // 全页面截图
    > 27 |       await expect(page).toHaveScreenshot('homepage-full.png', {
         |       ^
      28 |         fullPage: true,
      29 |         animations: 'disabled'
      30 |       });
        at /Users/dahuang/CascadeProjects/earthzoomai.org/tests/visual/visual-regression.spec.ts:27:7

    attachment #1: homepage-full (image/png) ───────────────────────────────────────────────────────
    Expected: visual/visual-regression.spec.ts-snapshots/homepage-full-chromium-darwin.png
    Received: ../test-results/visual-visual-regression-视觉回归测试-页面截图对比-首页完整截图-chromium/homepage-full-actual.png
    ────────────────────────────────────────────────────────────────────────────────────────────────

    attachment #2: screenshot (image/png) ──────────────────────────────────────────────────────────
    ../test-results/visual-visual-regression-视觉回归测试-页面截图对比-首页完整截图-chromium/test-failed-1.png
    ────────────────────────────────────────────────────────────────────────────────────────────────

    attachment #3: video (video/webm) ──────────────────────────────────────────────────────────────
    ../test-results/visual-visual-regression-视觉回归测试-页面截图对比-首页完整截图-chromium/video.webm
    ────────────────────────────────────────────────────────────────────────────────────────────────

    Error Context: ../test-results/visual-visual-regression-视觉回归测试-页面截图对比-首页完整截图-chromium/error-context.md
]]>
</failure>
<system-out>
<![CDATA[
[[ATTACHMENT|../tests/visual/visual-regression.spec.ts-snapshots/homepage-full-chromium-darwin.png]]

[[ATTACHMENT|visual-visual-regression-视觉回归测试-页面截图对比-首页完整截图-chromium/homepage-full-actual.png]]

[[ATTACHMENT|visual-visual-regression-视觉回归测试-页面截图对比-首页完整截图-chromium/test-failed-1.png]]

[[ATTACHMENT|visual-visual-regression-视觉回归测试-页面截图对比-首页完整截图-chromium/video.webm]]

[[ATTACHMENT|visual-visual-regression-视觉回归测试-页面截图对比-首页完整截图-chromium/error-context.md]]
]]>
</system-out>
</testcase>
<testcase name="视觉回归测试 › 页面截图对比 › 首页Hero区域截图" classname="visual/visual-regression.spec.ts" time="7.014">
<failure message="visual-regression.spec.ts:33:9 首页Hero区域截图" type="FAILURE">
<![CDATA[  [chromium] › visual/visual-regression.spec.ts:33:9 › 视觉回归测试 › 页面截图对比 › 首页Hero区域截图 ────────────────

    Error: A snapshot doesn't exist at /Users/dahuang/CascadeProjects/earthzoomai.org/tests/visual/visual-regression.spec.ts-snapshots/hero-section-chromium-darwin.png, writing actual.

      40 |       // Hero区域截图
      41 |       const heroSection = page.locator('section').first();
    > 42 |       await expect(heroSection).toHaveScreenshot('hero-section.png', {
         |       ^
      43 |         animations: 'disabled'
      44 |       });
      45 |     });
        at /Users/dahuang/CascadeProjects/earthzoomai.org/tests/visual/visual-regression.spec.ts:42:7

    attachment #1: hero-section (image/png) ────────────────────────────────────────────────────────
    Expected: visual/visual-regression.spec.ts-snapshots/hero-section-chromium-darwin.png
    Received: ../test-results/visual-visual-regression-视觉回归测试-页面截图对比-首页Hero区域截图-chromium/hero-section-actual.png
    ────────────────────────────────────────────────────────────────────────────────────────────────

    attachment #2: screenshot (image/png) ──────────────────────────────────────────────────────────
    ../test-results/visual-visual-regression-视觉回归测试-页面截图对比-首页Hero区域截图-chromium/test-failed-1.png
    ────────────────────────────────────────────────────────────────────────────────────────────────

    attachment #3: video (video/webm) ──────────────────────────────────────────────────────────────
    ../test-results/visual-visual-regression-视觉回归测试-页面截图对比-首页Hero区域截图-chromium/video.webm
    ────────────────────────────────────────────────────────────────────────────────────────────────

    Error Context: ../test-results/visual-visual-regression-视觉回归测试-页面截图对比-首页Hero区域截图-chromium/error-context.md
]]>
</failure>
<system-out>
<![CDATA[
[[ATTACHMENT|../tests/visual/visual-regression.spec.ts-snapshots/hero-section-chromium-darwin.png]]

[[ATTACHMENT|visual-visual-regression-视觉回归测试-页面截图对比-首页Hero区域截图-chromium/hero-section-actual.png]]

[[ATTACHMENT|visual-visual-regression-视觉回归测试-页面截图对比-首页Hero区域截图-chromium/test-failed-1.png]]

[[ATTACHMENT|visual-visual-regression-视觉回归测试-页面截图对比-首页Hero区域截图-chromium/video.webm]]

[[ATTACHMENT|visual-visual-regression-视觉回归测试-页面截图对比-首页Hero区域截图-chromium/error-context.md]]
]]>
</system-out>
</testcase>
<testcase name="视觉回归测试 › 页面截图对比 › 导航栏截图" classname="visual/visual-regression.spec.ts" time="4.88">
<failure message="visual-regression.spec.ts:47:9 导航栏截图" type="FAILURE">
<![CDATA[  [chromium] › visual/visual-regression.spec.ts:47:9 › 视觉回归测试 › 页面截图对比 › 导航栏截图 ─────────────────────

    Error: A snapshot doesn't exist at /Users/dahuang/CascadeProjects/earthzoomai.org/tests/visual/visual-regression.spec.ts-snapshots/navigation-header-chromium-darwin.png, writing actual.

      52 |       
      53 |       // 导航栏截图
    > 54 |       await expect(navigation.header).toHaveScreenshot('navigation-header.png', {
         |       ^
      55 |         animations: 'disabled'
      56 |       });
      57 |     });
        at /Users/dahuang/CascadeProjects/earthzoomai.org/tests/visual/visual-regression.spec.ts:54:7

    attachment #1: navigation-header (image/png) ───────────────────────────────────────────────────
    Expected: visual/visual-regression.spec.ts-snapshots/navigation-header-chromium-darwin.png
    Received: ../test-results/visual-visual-regression-视觉回归测试-页面截图对比-导航栏截图-chromium/navigation-header-actual.png
    ────────────────────────────────────────────────────────────────────────────────────────────────

    attachment #2: screenshot (image/png) ──────────────────────────────────────────────────────────
    ../test-results/visual-visual-regression-视觉回归测试-页面截图对比-导航栏截图-chromium/test-failed-1.png
    ────────────────────────────────────────────────────────────────────────────────────────────────

    attachment #3: video (video/webm) ──────────────────────────────────────────────────────────────
    ../test-results/visual-visual-regression-视觉回归测试-页面截图对比-导航栏截图-chromium/video.webm
    ────────────────────────────────────────────────────────────────────────────────────────────────

    Error Context: ../test-results/visual-visual-regression-视觉回归测试-页面截图对比-导航栏截图-chromium/error-context.md
]]>
</failure>
<system-out>
<![CDATA[
[[ATTACHMENT|../tests/visual/visual-regression.spec.ts-snapshots/navigation-header-chromium-darwin.png]]

[[ATTACHMENT|visual-visual-regression-视觉回归测试-页面截图对比-导航栏截图-chromium/navigation-header-actual.png]]

[[ATTACHMENT|visual-visual-regression-视觉回归测试-页面截图对比-导航栏截图-chromium/test-failed-1.png]]

[[ATTACHMENT|visual-visual-regression-视觉回归测试-页面截图对比-导航栏截图-chromium/video.webm]]

[[ATTACHMENT|visual-visual-regression-视觉回归测试-页面截图对比-导航栏截图-chromium/error-context.md]]
]]>
</system-out>
</testcase>
<testcase name="视觉回归测试 › 页面截图对比 › Features区域截图" classname="visual/visual-regression.spec.ts" time="6.072">
<failure message="visual-regression.spec.ts:59:9 Features区域截图" type="FAILURE">
<![CDATA[  [chromium] › visual/visual-regression.spec.ts:59:9 › 视觉回归测试 › 页面截图对比 › Features区域截图 ──────────────

    Error: A snapshot doesn't exist at /Users/dahuang/CascadeProjects/earthzoomai.org/tests/visual/visual-regression.spec.ts-snapshots/features-section-chromium-darwin.png, writing actual.

      69 |       
      70 |       // Features区域截图
    > 71 |       await expect(featuresSection).toHaveScreenshot('features-section.png', {
         |       ^
      72 |         animations: 'disabled'
      73 |       });
      74 |     });
        at /Users/dahuang/CascadeProjects/earthzoomai.org/tests/visual/visual-regression.spec.ts:71:7

    attachment #1: features-section (image/png) ────────────────────────────────────────────────────
    Expected: visual/visual-regression.spec.ts-snapshots/features-section-chromium-darwin.png
    Received: ../test-results/visual-visual-regression-视觉回归测试-页面截图对比-Features区域截图-chromium/features-section-actual.png
    ────────────────────────────────────────────────────────────────────────────────────────────────

    attachment #2: screenshot (image/png) ──────────────────────────────────────────────────────────
    ../test-results/visual-visual-regression-视觉回归测试-页面截图对比-Features区域截图-chromium/test-failed-1.png
    ────────────────────────────────────────────────────────────────────────────────────────────────

    attachment #3: video (video/webm) ──────────────────────────────────────────────────────────────
    ../test-results/visual-visual-regression-视觉回归测试-页面截图对比-Features区域截图-chromium/video.webm
    ────────────────────────────────────────────────────────────────────────────────────────────────

    Error Context: ../test-results/visual-visual-regression-视觉回归测试-页面截图对比-Features区域截图-chromium/error-context.md
]]>
</failure>
<system-out>
<![CDATA[
[[ATTACHMENT|../tests/visual/visual-regression.spec.ts-snapshots/features-section-chromium-darwin.png]]

[[ATTACHMENT|visual-visual-regression-视觉回归测试-页面截图对比-Features区域截图-chromium/features-section-actual.png]]

[[ATTACHMENT|visual-visual-regression-视觉回归测试-页面截图对比-Features区域截图-chromium/test-failed-1.png]]

[[ATTACHMENT|visual-visual-regression-视觉回归测试-页面截图对比-Features区域截图-chromium/video.webm]]

[[ATTACHMENT|visual-visual-regression-视觉回归测试-页面截图对比-Features区域截图-chromium/error-context.md]]
]]>
</system-out>
</testcase>
<testcase name="视觉回归测试 › 页面截图对比 › FAQ区域截图" classname="visual/visual-regression.spec.ts" time="7.495">
<failure message="visual-regression.spec.ts:76:9 FAQ区域截图" type="FAILURE">
<![CDATA[  [chromium] › visual/visual-regression.spec.ts:76:9 › 视觉回归测试 › 页面截图对比 › FAQ区域截图 ───────────────────

    Error: A snapshot doesn't exist at /Users/dahuang/CascadeProjects/earthzoomai.org/tests/visual/visual-regression.spec.ts-snapshots/faq-section-chromium-darwin.png, writing actual.

      86 |       
      87 |       // FAQ区域截图
    > 88 |       await expect(faqSection).toHaveScreenshot('faq-section.png', {
         |       ^
      89 |         animations: 'disabled'
      90 |       });
      91 |     });
        at /Users/dahuang/CascadeProjects/earthzoomai.org/tests/visual/visual-regression.spec.ts:88:7

    attachment #1: faq-section (image/png) ─────────────────────────────────────────────────────────
    Expected: visual/visual-regression.spec.ts-snapshots/faq-section-chromium-darwin.png
    Received: ../test-results/visual-visual-regression-视觉回归测试-页面截图对比-FAQ区域截图-chromium/faq-section-actual.png
    ────────────────────────────────────────────────────────────────────────────────────────────────

    attachment #2: screenshot (image/png) ──────────────────────────────────────────────────────────
    ../test-results/visual-visual-regression-视觉回归测试-页面截图对比-FAQ区域截图-chromium/test-failed-1.png
    ────────────────────────────────────────────────────────────────────────────────────────────────

    attachment #3: video (video/webm) ──────────────────────────────────────────────────────────────
    ../test-results/visual-visual-regression-视觉回归测试-页面截图对比-FAQ区域截图-chromium/video.webm
    ────────────────────────────────────────────────────────────────────────────────────────────────

    Error Context: ../test-results/visual-visual-regression-视觉回归测试-页面截图对比-FAQ区域截图-chromium/error-context.md
]]>
</failure>
<system-out>
<![CDATA[
[[ATTACHMENT|../tests/visual/visual-regression.spec.ts-snapshots/faq-section-chromium-darwin.png]]

[[ATTACHMENT|visual-visual-regression-视觉回归测试-页面截图对比-FAQ区域截图-chromium/faq-section-actual.png]]

[[ATTACHMENT|visual-visual-regression-视觉回归测试-页面截图对比-FAQ区域截图-chromium/test-failed-1.png]]

[[ATTACHMENT|visual-visual-regression-视觉回归测试-页面截图对比-FAQ区域截图-chromium/video.webm]]

[[ATTACHMENT|visual-visual-regression-视觉回归测试-页面截图对比-FAQ区域截图-chromium/error-context.md]]
]]>
</system-out>
</testcase>
<testcase name="视觉回归测试 › 页面截图对比 › Footer截图" classname="visual/visual-regression.spec.ts" time="5.421">
<failure message="visual-regression.spec.ts:93:9 Footer截图" type="FAILURE">
<![CDATA[  [chromium] › visual/visual-regression.spec.ts:93:9 › 视觉回归测试 › 页面截图对比 › Footer截图 ──────────────────

    Error: A snapshot doesn't exist at /Users/dahuang/CascadeProjects/earthzoomai.org/tests/visual/visual-regression.spec.ts-snapshots/footer-section-chromium-darwin.png, writing actual.

      102 |       
      103 |       // Footer截图
    > 104 |       await expect(page.locator('footer')).toHaveScreenshot('footer-section.png', {
          |       ^
      105 |         animations: 'disabled'
      106 |       });
      107 |     });
        at /Users/dahuang/CascadeProjects/earthzoomai.org/tests/visual/visual-regression.spec.ts:104:7

    attachment #1: footer-section (image/png) ──────────────────────────────────────────────────────
    Expected: visual/visual-regression.spec.ts-snapshots/footer-section-chromium-darwin.png
    Received: ../test-results/visual-visual-regression-视觉回归测试-页面截图对比-Footer截图-chromium/footer-section-actual.png
    ────────────────────────────────────────────────────────────────────────────────────────────────

    attachment #2: screenshot (image/png) ──────────────────────────────────────────────────────────
    ../test-results/visual-visual-regression-视觉回归测试-页面截图对比-Footer截图-chromium/test-failed-1.png
    ────────────────────────────────────────────────────────────────────────────────────────────────

    attachment #3: video (video/webm) ──────────────────────────────────────────────────────────────
    ../test-results/visual-visual-regression-视觉回归测试-页面截图对比-Footer截图-chromium/video.webm
    ────────────────────────────────────────────────────────────────────────────────────────────────

    Error Context: ../test-results/visual-visual-regression-视觉回归测试-页面截图对比-Footer截图-chromium/error-context.md
]]>
</failure>
<system-out>
<![CDATA[
[[ATTACHMENT|../tests/visual/visual-regression.spec.ts-snapshots/footer-section-chromium-darwin.png]]

[[ATTACHMENT|visual-visual-regression-视觉回归测试-页面截图对比-Footer截图-chromium/footer-section-actual.png]]

[[ATTACHMENT|visual-visual-regression-视觉回归测试-页面截图对比-Footer截图-chromium/test-failed-1.png]]

[[ATTACHMENT|visual-visual-regression-视觉回归测试-页面截图对比-Footer截图-chromium/video.webm]]

[[ATTACHMENT|visual-visual-regression-视觉回归测试-页面截图对比-Footer截图-chromium/error-context.md]]
]]>
</system-out>
</testcase>
<testcase name="视觉回归测试 › 响应式截图对比 › 移动端首页截图" classname="visual/visual-regression.spec.ts" time="7.633">
<failure message="visual-regression.spec.ts:111:9 移动端首页截图" type="FAILURE">
<![CDATA[  [chromium] › visual/visual-regression.spec.ts:111:9 › 视觉回归测试 › 响应式截图对比 › 移动端首页截图 ─────────────────

    Error: A snapshot doesn't exist at /Users/dahuang/CascadeProjects/earthzoomai.org/tests/visual/visual-regression.spec.ts-snapshots/homepage-mobile-chromium-darwin.png, writing actual.

      119 |       
      120 |       // 移动端全页面截图
    > 121 |       await expect(page).toHaveScreenshot('homepage-mobile.png', {
          |       ^
      122 |         fullPage: true,
      123 |         animations: 'disabled'
      124 |       });
        at /Users/dahuang/CascadeProjects/earthzoomai.org/tests/visual/visual-regression.spec.ts:121:7

    attachment #1: homepage-mobile (image/png) ─────────────────────────────────────────────────────
    Expected: visual/visual-regression.spec.ts-snapshots/homepage-mobile-chromium-darwin.png
    Received: ../test-results/visual-visual-regression-视觉回归测试-响应式截图对比-移动端首页截图-chromium/homepage-mobile-actual.png
    ────────────────────────────────────────────────────────────────────────────────────────────────

    attachment #2: screenshot (image/png) ──────────────────────────────────────────────────────────
    ../test-results/visual-visual-regression-视觉回归测试-响应式截图对比-移动端首页截图-chromium/test-failed-1.png
    ────────────────────────────────────────────────────────────────────────────────────────────────

    attachment #3: video (video/webm) ──────────────────────────────────────────────────────────────
    ../test-results/visual-visual-regression-视觉回归测试-响应式截图对比-移动端首页截图-chromium/video.webm
    ────────────────────────────────────────────────────────────────────────────────────────────────

    Error Context: ../test-results/visual-visual-regression-视觉回归测试-响应式截图对比-移动端首页截图-chromium/error-context.md
]]>
</failure>
<system-out>
<![CDATA[
[[ATTACHMENT|../tests/visual/visual-regression.spec.ts-snapshots/homepage-mobile-chromium-darwin.png]]

[[ATTACHMENT|visual-visual-regression-视觉回归测试-响应式截图对比-移动端首页截图-chromium/homepage-mobile-actual.png]]

[[ATTACHMENT|visual-visual-regression-视觉回归测试-响应式截图对比-移动端首页截图-chromium/test-failed-1.png]]

[[ATTACHMENT|visual-visual-regression-视觉回归测试-响应式截图对比-移动端首页截图-chromium/video.webm]]

[[ATTACHMENT|visual-visual-regression-视觉回归测试-响应式截图对比-移动端首页截图-chromium/error-context.md]]
]]>
</system-out>
</testcase>
<testcase name="视觉回归测试 › 响应式截图对比 › 平板端首页截图" classname="visual/visual-regression.spec.ts" time="8.316">
<failure message="visual-regression.spec.ts:127:9 平板端首页截图" type="FAILURE">
<![CDATA[  [chromium] › visual/visual-regression.spec.ts:127:9 › 视觉回归测试 › 响应式截图对比 › 平板端首页截图 ─────────────────

    Error: A snapshot doesn't exist at /Users/dahuang/CascadeProjects/earthzoomai.org/tests/visual/visual-regression.spec.ts-snapshots/homepage-tablet-chromium-darwin.png, writing actual.

      135 |       
      136 |       // 平板端全页面截图
    > 137 |       await expect(page).toHaveScreenshot('homepage-tablet.png', {
          |       ^
      138 |         fullPage: true,
      139 |         animations: 'disabled'
      140 |       });
        at /Users/dahuang/CascadeProjects/earthzoomai.org/tests/visual/visual-regression.spec.ts:137:7

    attachment #1: homepage-tablet (image/png) ─────────────────────────────────────────────────────
    Expected: visual/visual-regression.spec.ts-snapshots/homepage-tablet-chromium-darwin.png
    Received: ../test-results/visual-visual-regression-视觉回归测试-响应式截图对比-平板端首页截图-chromium/homepage-tablet-actual.png
    ────────────────────────────────────────────────────────────────────────────────────────────────

    attachment #2: screenshot (image/png) ──────────────────────────────────────────────────────────
    ../test-results/visual-visual-regression-视觉回归测试-响应式截图对比-平板端首页截图-chromium/test-failed-1.png
    ────────────────────────────────────────────────────────────────────────────────────────────────

    attachment #3: video (video/webm) ──────────────────────────────────────────────────────────────
    ../test-results/visual-visual-regression-视觉回归测试-响应式截图对比-平板端首页截图-chromium/video.webm
    ────────────────────────────────────────────────────────────────────────────────────────────────

    Error Context: ../test-results/visual-visual-regression-视觉回归测试-响应式截图对比-平板端首页截图-chromium/error-context.md
]]>
</failure>
<system-out>
<![CDATA[
[[ATTACHMENT|../tests/visual/visual-regression.spec.ts-snapshots/homepage-tablet-chromium-darwin.png]]

[[ATTACHMENT|visual-visual-regression-视觉回归测试-响应式截图对比-平板端首页截图-chromium/homepage-tablet-actual.png]]

[[ATTACHMENT|visual-visual-regression-视觉回归测试-响应式截图对比-平板端首页截图-chromium/test-failed-1.png]]

[[ATTACHMENT|visual-visual-regression-视觉回归测试-响应式截图对比-平板端首页截图-chromium/video.webm]]

[[ATTACHMENT|visual-visual-regression-视觉回归测试-响应式截图对比-平板端首页截图-chromium/error-context.md]]
]]>
</system-out>
</testcase>
<testcase name="视觉回归测试 › 响应式截图对比 › 桌面端首页截图" classname="visual/visual-regression.spec.ts" time="10.155">
<failure message="visual-regression.spec.ts:143:9 桌面端首页截图" type="FAILURE">
<![CDATA[  [chromium] › visual/visual-regression.spec.ts:143:9 › 视觉回归测试 › 响应式截图对比 › 桌面端首页截图 ─────────────────

    Error: A snapshot doesn't exist at /Users/dahuang/CascadeProjects/earthzoomai.org/tests/visual/visual-regression.spec.ts-snapshots/homepage-desktop-chromium-darwin.png, writing actual.

      151 |       
      152 |       // 桌面端全页面截图
    > 153 |       await expect(page).toHaveScreenshot('homepage-desktop.png', {
          |       ^
      154 |         fullPage: true,
      155 |         animations: 'disabled'
      156 |       });
        at /Users/dahuang/CascadeProjects/earthzoomai.org/tests/visual/visual-regression.spec.ts:153:7

    attachment #1: homepage-desktop (image/png) ────────────────────────────────────────────────────
    Expected: visual/visual-regression.spec.ts-snapshots/homepage-desktop-chromium-darwin.png
    Received: ../test-results/visual-visual-regression-视觉回归测试-响应式截图对比-桌面端首页截图-chromium/homepage-desktop-actual.png
    ────────────────────────────────────────────────────────────────────────────────────────────────

    attachment #2: screenshot (image/png) ──────────────────────────────────────────────────────────
    ../test-results/visual-visual-regression-视觉回归测试-响应式截图对比-桌面端首页截图-chromium/test-failed-1.png
    ────────────────────────────────────────────────────────────────────────────────────────────────

    attachment #3: video (video/webm) ──────────────────────────────────────────────────────────────
    ../test-results/visual-visual-regression-视觉回归测试-响应式截图对比-桌面端首页截图-chromium/video.webm
    ────────────────────────────────────────────────────────────────────────────────────────────────

    Error Context: ../test-results/visual-visual-regression-视觉回归测试-响应式截图对比-桌面端首页截图-chromium/error-context.md
]]>
</failure>
<system-out>
<![CDATA[
[[ATTACHMENT|../tests/visual/visual-regression.spec.ts-snapshots/homepage-desktop-chromium-darwin.png]]

[[ATTACHMENT|visual-visual-regression-视觉回归测试-响应式截图对比-桌面端首页截图-chromium/homepage-desktop-actual.png]]

[[ATTACHMENT|visual-visual-regression-视觉回归测试-响应式截图对比-桌面端首页截图-chromium/test-failed-1.png]]

[[ATTACHMENT|visual-visual-regression-视觉回归测试-响应式截图对比-桌面端首页截图-chromium/video.webm]]

[[ATTACHMENT|visual-visual-regression-视觉回归测试-响应式截图对比-桌面端首页截图-chromium/error-context.md]]
]]>
</system-out>
</testcase>
<testcase name="视觉回归测试 › 响应式截图对比 › 移动端导航菜单截图" classname="visual/visual-regression.spec.ts" time="16.32">
<failure message="visual-regression.spec.ts:159:9 移动端导航菜单截图" type="FAILURE">
<![CDATA[  [chromium] › visual/visual-regression.spec.ts:159:9 › 视觉回归测试 › 响应式截图对比 › 移动端导航菜单截图 ───────────────

    TimeoutError: locator.click: Timeout 10000ms exceeded.
    Call log:
      - waiting for locator('button').filter({ hasText: /M4 6h16/ })


       at fixtures/page-objects.ts:111

      109 |
      110 |   async toggleMobileMenu() {
    > 111 |     await this.mobileMenuButton.click();
          |                                 ^
      112 |   }
      113 |
      114 |   async verifyNavigation() {
        at NavigationComponent.toggleMobileMenu (/Users/dahuang/CascadeProjects/earthzoomai.org/tests/fixtures/page-objects.ts:111:33)
        at /Users/dahuang/CascadeProjects/earthzoomai.org/tests/visual/visual-regression.spec.ts:168:24

    attachment #1: screenshot (image/png) ──────────────────────────────────────────────────────────
    ../test-results/visual-visual-regression-视觉回归测试-响应式截图对比-移动端导航菜单截图-chromium/test-failed-1.png
    ────────────────────────────────────────────────────────────────────────────────────────────────

    attachment #2: video (video/webm) ──────────────────────────────────────────────────────────────
    ../test-results/visual-visual-regression-视觉回归测试-响应式截图对比-移动端导航菜单截图-chromium/video.webm
    ────────────────────────────────────────────────────────────────────────────────────────────────

    Error Context: ../test-results/visual-visual-regression-视觉回归测试-响应式截图对比-移动端导航菜单截图-chromium/error-context.md
]]>
</failure>
<system-out>
<![CDATA[
[[ATTACHMENT|visual-visual-regression-视觉回归测试-响应式截图对比-移动端导航菜单截图-chromium/test-failed-1.png]]

[[ATTACHMENT|visual-visual-regression-视觉回归测试-响应式截图对比-移动端导航菜单截图-chromium/video.webm]]

[[ATTACHMENT|visual-visual-regression-视觉回归测试-响应式截图对比-移动端导航菜单截图-chromium/error-context.md]]
]]>
</system-out>
</testcase>
<testcase name="视觉回归测试 › 交互状态截图 › 按钮悬停状态截图" classname="visual/visual-regression.spec.ts" time="6.688">
<failure message="visual-regression.spec.ts:179:9 按钮悬停状态截图" type="FAILURE">
<![CDATA[  [chromium] › visual/visual-regression.spec.ts:179:9 › 视觉回归测试 › 交互状态截图 › 按钮悬停状态截图 ─────────────────

    Error: A snapshot doesn't exist at /Users/dahuang/CascadeProjects/earthzoomai.org/tests/visual/visual-regression.spec.ts-snapshots/button-hover-state-chromium-darwin.png, writing actual.

      191 |       
      192 |       // 悬停状态截图
    > 193 |       await expect(primaryButton).toHaveScreenshot('button-hover-state.png', {
          |       ^
      194 |         animations: 'disabled'
      195 |       });
      196 |     });
        at /Users/dahuang/CascadeProjects/earthzoomai.org/tests/visual/visual-regression.spec.ts:193:7

    attachment #1: button-hover-state (image/png) ──────────────────────────────────────────────────
    Expected: visual/visual-regression.spec.ts-snapshots/button-hover-state-chromium-darwin.png
    Received: ../test-results/visual-visual-regression-视觉回归测试-交互状态截图-按钮悬停状态截图-chromium/button-hover-state-actual.png
    ────────────────────────────────────────────────────────────────────────────────────────────────

    attachment #2: screenshot (image/png) ──────────────────────────────────────────────────────────
    ../test-results/visual-visual-regression-视觉回归测试-交互状态截图-按钮悬停状态截图-chromium/test-failed-1.png
    ────────────────────────────────────────────────────────────────────────────────────────────────

    attachment #3: video (video/webm) ──────────────────────────────────────────────────────────────
    ../test-results/visual-visual-regression-视觉回归测试-交互状态截图-按钮悬停状态截图-chromium/video.webm
    ────────────────────────────────────────────────────────────────────────────────────────────────

    Error Context: ../test-results/visual-visual-regression-视觉回归测试-交互状态截图-按钮悬停状态截图-chromium/error-context.md
]]>
</failure>
<system-out>
<![CDATA[
[[ATTACHMENT|../tests/visual/visual-regression.spec.ts-snapshots/button-hover-state-chromium-darwin.png]]

[[ATTACHMENT|visual-visual-regression-视觉回归测试-交互状态截图-按钮悬停状态截图-chromium/button-hover-state-actual.png]]

[[ATTACHMENT|visual-visual-regression-视觉回归测试-交互状态截图-按钮悬停状态截图-chromium/test-failed-1.png]]

[[ATTACHMENT|visual-visual-regression-视觉回归测试-交互状态截图-按钮悬停状态截图-chromium/video.webm]]

[[ATTACHMENT|visual-visual-regression-视觉回归测试-交互状态截图-按钮悬停状态截图-chromium/error-context.md]]
]]>
</system-out>
</testcase>
<testcase name="视觉回归测试 › 交互状态截图 › 链接悬停状态截图" classname="visual/visual-regression.spec.ts" time="15.35">
<failure message="visual-regression.spec.ts:198:9 链接悬停状态截图" type="FAILURE">
<![CDATA[  [chromium] › visual/visual-regression.spec.ts:198:9 › 视觉回归测试 › 交互状态截图 › 链接悬停状态截图 ─────────────────

    TimeoutError: locator.hover: Timeout 10000ms exceeded.
    Call log:
      - waiting for locator('nav a').first()


      206 |       
      207 |       // 悬停状态
    > 208 |       await navLink.hover();
          |                     ^
      209 |       await page.waitForTimeout(300);
      210 |       
      211 |       // 悬停状态截图
        at /Users/dahuang/CascadeProjects/earthzoomai.org/tests/visual/visual-regression.spec.ts:208:21

    attachment #1: screenshot (image/png) ──────────────────────────────────────────────────────────
    ../test-results/visual-visual-regression-视觉回归测试-交互状态截图-链接悬停状态截图-chromium/test-failed-1.png
    ────────────────────────────────────────────────────────────────────────────────────────────────

    attachment #2: video (video/webm) ──────────────────────────────────────────────────────────────
    ../test-results/visual-visual-regression-视觉回归测试-交互状态截图-链接悬停状态截图-chromium/video.webm
    ────────────────────────────────────────────────────────────────────────────────────────────────

    Error Context: ../test-results/visual-visual-regression-视觉回归测试-交互状态截图-链接悬停状态截图-chromium/error-context.md
]]>
</failure>
<system-out>
<![CDATA[
[[ATTACHMENT|visual-visual-regression-视觉回归测试-交互状态截图-链接悬停状态截图-chromium/test-failed-1.png]]

[[ATTACHMENT|visual-visual-regression-视觉回归测试-交互状态截图-链接悬停状态截图-chromium/video.webm]]

[[ATTACHMENT|visual-visual-regression-视觉回归测试-交互状态截图-链接悬停状态截图-chromium/error-context.md]]
]]>
</system-out>
</testcase>
<testcase name="视觉回归测试 › 交互状态截图 › 表单焦点状态截图" classname="visual/visual-regression.spec.ts" time="6.908">
<failure message="visual-regression.spec.ts:217:9 表单焦点状态截图" type="FAILURE">
<![CDATA[  [chromium] › visual/visual-regression.spec.ts:217:9 › 视觉回归测试 › 交互状态截图 › 表单焦点状态截图 ─────────────────

    Error: A snapshot doesn't exist at /Users/dahuang/CascadeProjects/earthzoomai.org/tests/visual/visual-regression.spec.ts-snapshots/input-focus-state-chromium-darwin.png, writing actual.

      230 |         
      231 |         // 焦点状态截图
    > 232 |         await expect(emailInput).toHaveScreenshot('input-focus-state.png', {
          |         ^
      233 |           animations: 'disabled'
      234 |         });
      235 |       }
        at /Users/dahuang/CascadeProjects/earthzoomai.org/tests/visual/visual-regression.spec.ts:232:9

    attachment #1: input-focus-state (image/png) ───────────────────────────────────────────────────
    Expected: visual/visual-regression.spec.ts-snapshots/input-focus-state-chromium-darwin.png
    Received: ../test-results/visual-visual-regression-视觉回归测试-交互状态截图-表单焦点状态截图-chromium/input-focus-state-actual.png
    ────────────────────────────────────────────────────────────────────────────────────────────────

    attachment #2: screenshot (image/png) ──────────────────────────────────────────────────────────
    ../test-results/visual-visual-regression-视觉回归测试-交互状态截图-表单焦点状态截图-chromium/test-failed-1.png
    ────────────────────────────────────────────────────────────────────────────────────────────────

    attachment #3: video (video/webm) ──────────────────────────────────────────────────────────────
    ../test-results/visual-visual-regression-视觉回归测试-交互状态截图-表单焦点状态截图-chromium/video.webm
    ────────────────────────────────────────────────────────────────────────────────────────────────

    Error Context: ../test-results/visual-visual-regression-视觉回归测试-交互状态截图-表单焦点状态截图-chromium/error-context.md
]]>
</failure>
<system-out>
<![CDATA[
[[ATTACHMENT|../tests/visual/visual-regression.spec.ts-snapshots/input-focus-state-chromium-darwin.png]]

[[ATTACHMENT|visual-visual-regression-视觉回归测试-交互状态截图-表单焦点状态截图-chromium/input-focus-state-actual.png]]

[[ATTACHMENT|visual-visual-regression-视觉回归测试-交互状态截图-表单焦点状态截图-chromium/test-failed-1.png]]

[[ATTACHMENT|visual-visual-regression-视觉回归测试-交互状态截图-表单焦点状态截图-chromium/video.webm]]

[[ATTACHMENT|visual-visual-regression-视觉回归测试-交互状态截图-表单焦点状态截图-chromium/error-context.md]]
]]>
</system-out>
</testcase>
<testcase name="视觉回归测试 › 交互状态截图 › FAQ展开状态截图" classname="visual/visual-regression.spec.ts" time="7.353">
<failure message="visual-regression.spec.ts:238:9 FAQ展开状态截图" type="FAILURE">
<![CDATA[  [chromium] › visual/visual-regression.spec.ts:238:9 › 视觉回归测试 › 交互状态截图 › FAQ展开状态截图 ────────────────

    Error: A snapshot doesn't exist at /Users/dahuang/CascadeProjects/earthzoomai.org/tests/visual/visual-regression.spec.ts-snapshots/faq-expanded-state-chromium-darwin.png, writing actual.

      255 |         
      256 |         // 展开状态截图
    > 257 |         await expect(faqSection).toHaveScreenshot('faq-expanded-state.png', {
          |         ^
      258 |           animations: 'disabled'
      259 |         });
      260 |       }
        at /Users/dahuang/CascadeProjects/earthzoomai.org/tests/visual/visual-regression.spec.ts:257:9

    attachment #1: faq-expanded-state (image/png) ──────────────────────────────────────────────────
    Expected: visual/visual-regression.spec.ts-snapshots/faq-expanded-state-chromium-darwin.png
    Received: ../test-results/visual-visual-regression-视觉回归测试-交互状态截图-FAQ展开状态截图-chromium/faq-expanded-state-actual.png
    ────────────────────────────────────────────────────────────────────────────────────────────────

    attachment #2: screenshot (image/png) ──────────────────────────────────────────────────────────
    ../test-results/visual-visual-regression-视觉回归测试-交互状态截图-FAQ展开状态截图-chromium/test-failed-1.png
    ────────────────────────────────────────────────────────────────────────────────────────────────

    attachment #3: video (video/webm) ──────────────────────────────────────────────────────────────
    ../test-results/visual-visual-regression-视觉回归测试-交互状态截图-FAQ展开状态截图-chromium/video.webm
    ────────────────────────────────────────────────────────────────────────────────────────────────

    Error Context: ../test-results/visual-visual-regression-视觉回归测试-交互状态截图-FAQ展开状态截图-chromium/error-context.md
]]>
</failure>
<system-out>
<![CDATA[
[[ATTACHMENT|../tests/visual/visual-regression.spec.ts-snapshots/faq-expanded-state-chromium-darwin.png]]

[[ATTACHMENT|visual-visual-regression-视觉回归测试-交互状态截图-FAQ展开状态截图-chromium/faq-expanded-state-actual.png]]

[[ATTACHMENT|visual-visual-regression-视觉回归测试-交互状态截图-FAQ展开状态截图-chromium/test-failed-1.png]]

[[ATTACHMENT|visual-visual-regression-视觉回归测试-交互状态截图-FAQ展开状态截图-chromium/video.webm]]

[[ATTACHMENT|visual-visual-regression-视觉回归测试-交互状态截图-FAQ展开状态截图-chromium/error-context.md]]
]]>
</system-out>
</testcase>
<testcase name="视觉回归测试 › 主题和样式变化 › 深色主题截图" classname="visual/visual-regression.spec.ts" time="12.213">
<failure message="visual-regression.spec.ts:265:9 深色主题截图" type="FAILURE">
<![CDATA[  [chromium] › visual/visual-regression.spec.ts:265:9 › 视觉回归测试 › 主题和样式变化 › 深色主题截图 ──────────────────

    Error: A snapshot doesn't exist at /Users/dahuang/CascadeProjects/earthzoomai.org/tests/visual/visual-regression.spec.ts-snapshots/homepage-dark-theme-chromium-darwin.png, writing actual.

      274 |       
      275 |       // 深色主题截图
    > 276 |       await expect(page).toHaveScreenshot('homepage-dark-theme.png', {
          |       ^
      277 |         fullPage: true,
      278 |         animations: 'disabled'
      279 |       });
        at /Users/dahuang/CascadeProjects/earthzoomai.org/tests/visual/visual-regression.spec.ts:276:7

    attachment #1: homepage-dark-theme (image/png) ─────────────────────────────────────────────────
    Expected: visual/visual-regression.spec.ts-snapshots/homepage-dark-theme-chromium-darwin.png
    Received: ../test-results/visual-visual-regression-视觉回归测试-主题和样式变化-深色主题截图-chromium/homepage-dark-theme-actual.png
    ────────────────────────────────────────────────────────────────────────────────────────────────

    attachment #2: screenshot (image/png) ──────────────────────────────────────────────────────────
    ../test-results/visual-visual-regression-视觉回归测试-主题和样式变化-深色主题截图-chromium/test-failed-1.png
    ────────────────────────────────────────────────────────────────────────────────────────────────

    attachment #3: video (video/webm) ──────────────────────────────────────────────────────────────
    ../test-results/visual-visual-regression-视觉回归测试-主题和样式变化-深色主题截图-chromium/video.webm
    ────────────────────────────────────────────────────────────────────────────────────────────────

    Error Context: ../test-results/visual-visual-regression-视觉回归测试-主题和样式变化-深色主题截图-chromium/error-context.md
]]>
</failure>
<system-out>
<![CDATA[
[[ATTACHMENT|../tests/visual/visual-regression.spec.ts-snapshots/homepage-dark-theme-chromium-darwin.png]]

[[ATTACHMENT|visual-visual-regression-视觉回归测试-主题和样式变化-深色主题截图-chromium/homepage-dark-theme-actual.png]]

[[ATTACHMENT|visual-visual-regression-视觉回归测试-主题和样式变化-深色主题截图-chromium/test-failed-1.png]]

[[ATTACHMENT|visual-visual-regression-视觉回归测试-主题和样式变化-深色主题截图-chromium/video.webm]]

[[ATTACHMENT|visual-visual-regression-视觉回归测试-主题和样式变化-深色主题截图-chromium/error-context.md]]
]]>
</system-out>
</testcase>
<testcase name="视觉回归测试 › 主题和样式变化 › 浅色主题截图" classname="visual/visual-regression.spec.ts" time="15.351">
<failure message="visual-regression.spec.ts:282:9 浅色主题截图" type="FAILURE">
<![CDATA[  [chromium] › visual/visual-regression.spec.ts:282:9 › 视觉回归测试 › 主题和样式变化 › 浅色主题截图 ──────────────────

    Error: A snapshot doesn't exist at /Users/dahuang/CascadeProjects/earthzoomai.org/tests/visual/visual-regression.spec.ts-snapshots/homepage-light-theme-chromium-darwin.png, writing actual.

      291 |       
      292 |       // 浅色主题截图
    > 293 |       await expect(page).toHaveScreenshot('homepage-light-theme.png', {
          |       ^
      294 |         fullPage: true,
      295 |         animations: 'disabled'
      296 |       });
        at /Users/dahuang/CascadeProjects/earthzoomai.org/tests/visual/visual-regression.spec.ts:293:7

    attachment #1: homepage-light-theme (image/png) ────────────────────────────────────────────────
    Expected: visual/visual-regression.spec.ts-snapshots/homepage-light-theme-chromium-darwin.png
    Received: ../test-results/visual-visual-regression-视觉回归测试-主题和样式变化-浅色主题截图-chromium/homepage-light-theme-actual.png
    ────────────────────────────────────────────────────────────────────────────────────────────────

    attachment #2: screenshot (image/png) ──────────────────────────────────────────────────────────
    ../test-results/visual-visual-regression-视觉回归测试-主题和样式变化-浅色主题截图-chromium/test-failed-1.png
    ────────────────────────────────────────────────────────────────────────────────────────────────

    attachment #3: video (video/webm) ──────────────────────────────────────────────────────────────
    ../test-results/visual-visual-regression-视觉回归测试-主题和样式变化-浅色主题截图-chromium/video.webm
    ────────────────────────────────────────────────────────────────────────────────────────────────

    Error Context: ../test-results/visual-visual-regression-视觉回归测试-主题和样式变化-浅色主题截图-chromium/error-context.md
]]>
</failure>
<system-out>
<![CDATA[
[[ATTACHMENT|../tests/visual/visual-regression.spec.ts-snapshots/homepage-light-theme-chromium-darwin.png]]

[[ATTACHMENT|visual-visual-regression-视觉回归测试-主题和样式变化-浅色主题截图-chromium/homepage-light-theme-actual.png]]

[[ATTACHMENT|visual-visual-regression-视觉回归测试-主题和样式变化-浅色主题截图-chromium/test-failed-1.png]]

[[ATTACHMENT|visual-visual-regression-视觉回归测试-主题和样式变化-浅色主题截图-chromium/video.webm]]

[[ATTACHMENT|visual-visual-regression-视觉回归测试-主题和样式变化-浅色主题截图-chromium/error-context.md]]
]]>
</system-out>
</testcase>
<testcase name="视觉回归测试 › 主题和样式变化 › 高对比度模式截图" classname="visual/visual-regression.spec.ts" time="10.038">
<failure message="visual-regression.spec.ts:299:9 高对比度模式截图" type="FAILURE">
<![CDATA[  [chromium] › visual/visual-regression.spec.ts:299:9 › 视觉回归测试 › 主题和样式变化 › 高对比度模式截图 ────────────────

    Error: A snapshot doesn't exist at /Users/dahuang/CascadeProjects/earthzoomai.org/tests/visual/visual-regression.spec.ts-snapshots/homepage-high-contrast-chromium-darwin.png, writing actual.

      308 |       
      309 |       // 高对比度模式截图
    > 310 |       await expect(page).toHaveScreenshot('homepage-high-contrast.png', {
          |       ^
      311 |         fullPage: true,
      312 |         animations: 'disabled'
      313 |       });
        at /Users/dahuang/CascadeProjects/earthzoomai.org/tests/visual/visual-regression.spec.ts:310:7

    attachment #1: homepage-high-contrast (image/png) ──────────────────────────────────────────────
    Expected: visual/visual-regression.spec.ts-snapshots/homepage-high-contrast-chromium-darwin.png
    Received: ../test-results/visual-visual-regression-视觉回归测试-主题和样式变化-高对比度模式截图-chromium/homepage-high-contrast-actual.png
    ────────────────────────────────────────────────────────────────────────────────────────────────

    attachment #2: screenshot (image/png) ──────────────────────────────────────────────────────────
    ../test-results/visual-visual-regression-视觉回归测试-主题和样式变化-高对比度模式截图-chromium/test-failed-1.png
    ────────────────────────────────────────────────────────────────────────────────────────────────

    attachment #3: video (video/webm) ──────────────────────────────────────────────────────────────
    ../test-results/visual-visual-regression-视觉回归测试-主题和样式变化-高对比度模式截图-chromium/video.webm
    ────────────────────────────────────────────────────────────────────────────────────────────────

    Error Context: ../test-results/visual-visual-regression-视觉回归测试-主题和样式变化-高对比度模式截图-chromium/error-context.md
]]>
</failure>
<system-out>
<![CDATA[
[[ATTACHMENT|../tests/visual/visual-regression.spec.ts-snapshots/homepage-high-contrast-chromium-darwin.png]]

[[ATTACHMENT|visual-visual-regression-视觉回归测试-主题和样式变化-高对比度模式截图-chromium/homepage-high-contrast-actual.png]]

[[ATTACHMENT|visual-visual-regression-视觉回归测试-主题和样式变化-高对比度模式截图-chromium/test-failed-1.png]]

[[ATTACHMENT|visual-visual-regression-视觉回归测试-主题和样式变化-高对比度模式截图-chromium/video.webm]]

[[ATTACHMENT|visual-visual-regression-视觉回归测试-主题和样式变化-高对比度模式截图-chromium/error-context.md]]
]]>
</system-out>
</testcase>
<testcase name="视觉回归测试 › 元素级别截图 › Logo截图" classname="visual/visual-regression.spec.ts" time="7.463">
<failure message="visual-regression.spec.ts:318:9 Logo截图" type="FAILURE">
<![CDATA[  [chromium] › visual/visual-regression.spec.ts:318:9 › 视觉回归测试 › 元素级别截图 › Logo截图 ───────────────────

    Error: A snapshot doesn't exist at /Users/dahuang/CascadeProjects/earthzoomai.org/tests/visual/visual-regression.spec.ts-snapshots/logo-chromium-darwin.png, writing actual.

      326 |       
      327 |       if (await logo.count() > 0) {
    > 328 |         await expect(logo).toHaveScreenshot('logo.png', {
          |         ^
      329 |           animations: 'disabled'
      330 |         });
      331 |       }
        at /Users/dahuang/CascadeProjects/earthzoomai.org/tests/visual/visual-regression.spec.ts:328:9

    attachment #1: logo (image/png) ────────────────────────────────────────────────────────────────
    Expected: visual/visual-regression.spec.ts-snapshots/logo-chromium-darwin.png
    Received: ../test-results/visual-visual-regression-视觉回归测试-元素级别截图-Logo截图-chromium/logo-actual.png
    ────────────────────────────────────────────────────────────────────────────────────────────────

    attachment #2: screenshot (image/png) ──────────────────────────────────────────────────────────
    ../test-results/visual-visual-regression-视觉回归测试-元素级别截图-Logo截图-chromium/test-failed-1.png
    ────────────────────────────────────────────────────────────────────────────────────────────────

    attachment #3: video (video/webm) ──────────────────────────────────────────────────────────────
    ../test-results/visual-visual-regression-视觉回归测试-元素级别截图-Logo截图-chromium/video.webm
    ────────────────────────────────────────────────────────────────────────────────────────────────

    Error Context: ../test-results/visual-visual-regression-视觉回归测试-元素级别截图-Logo截图-chromium/error-context.md
]]>
</failure>
<system-out>
<![CDATA[
[[ATTACHMENT|../tests/visual/visual-regression.spec.ts-snapshots/logo-chromium-darwin.png]]

[[ATTACHMENT|visual-visual-regression-视觉回归测试-元素级别截图-Logo截图-chromium/logo-actual.png]]

[[ATTACHMENT|visual-visual-regression-视觉回归测试-元素级别截图-Logo截图-chromium/test-failed-1.png]]

[[ATTACHMENT|visual-visual-regression-视觉回归测试-元素级别截图-Logo截图-chromium/video.webm]]

[[ATTACHMENT|visual-visual-regression-视觉回归测试-元素级别截图-Logo截图-chromium/error-context.md]]
]]>
</system-out>
</testcase>
<testcase name="视觉回归测试 › 元素级别截图 › 特色标签截图" classname="visual/visual-regression.spec.ts" time="4.898">
<failure message="visual-regression.spec.ts:334:9 特色标签截图" type="FAILURE">
<![CDATA[  [chromium] › visual/visual-regression.spec.ts:334:9 › 视觉回归测试 › 元素级别截图 › 特色标签截图 ───────────────────

    Error: locator.count: Unexpected token "/" while parsing css selector ".bg-blue-500/20". Did you mean to CSS.escape it?

      339 |       
      340 |       // 特色标签截图
    > 341 |       if (await homePage.featureTags.count() > 0) {
          |                                      ^
      342 |         await expect(homePage.featureTags.first()).toHaveScreenshot('feature-tags.png', {
      343 |           animations: 'disabled'
      344 |         });
        at /Users/dahuang/CascadeProjects/earthzoomai.org/tests/visual/visual-regression.spec.ts:341:38

    attachment #1: screenshot (image/png) ──────────────────────────────────────────────────────────
    ../test-results/visual-visual-regression-视觉回归测试-元素级别截图-特色标签截图-chromium/test-failed-1.png
    ────────────────────────────────────────────────────────────────────────────────────────────────

    attachment #2: video (video/webm) ──────────────────────────────────────────────────────────────
    ../test-results/visual-visual-regression-视觉回归测试-元素级别截图-特色标签截图-chromium/video.webm
    ────────────────────────────────────────────────────────────────────────────────────────────────

    Error Context: ../test-results/visual-visual-regression-视觉回归测试-元素级别截图-特色标签截图-chromium/error-context.md
]]>
</failure>
<system-out>
<![CDATA[
[[ATTACHMENT|visual-visual-regression-视觉回归测试-元素级别截图-特色标签截图-chromium/test-failed-1.png]]

[[ATTACHMENT|visual-visual-regression-视觉回归测试-元素级别截图-特色标签截图-chromium/video.webm]]

[[ATTACHMENT|visual-visual-regression-视觉回归测试-元素级别截图-特色标签截图-chromium/error-context.md]]
]]>
</system-out>
</testcase>
<testcase name="视觉回归测试 › 元素级别截图 › 用户评价卡片截图" classname="visual/visual-regression.spec.ts" time="5.72">
<failure message="visual-regression.spec.ts:348:9 用户评价卡片截图" type="FAILURE">
<![CDATA[  [chromium] › visual/visual-regression.spec.ts:348:9 › 视觉回归测试 › 元素级别截图 › 用户评价卡片截图 ─────────────────

    Error: A snapshot doesn't exist at /Users/dahuang/CascadeProjects/earthzoomai.org/tests/visual/visual-regression.spec.ts-snapshots/testimonial-card-chromium-darwin.png, writing actual.

      361 |       
      362 |       if (await testimonialCard.count() > 0) {
    > 363 |         await expect(testimonialCard).toHaveScreenshot('testimonial-card.png', {
          |         ^
      364 |           animations: 'disabled'
      365 |         });
      366 |       }
        at /Users/dahuang/CascadeProjects/earthzoomai.org/tests/visual/visual-regression.spec.ts:363:9

    attachment #1: testimonial-card (image/png) ────────────────────────────────────────────────────
    Expected: visual/visual-regression.spec.ts-snapshots/testimonial-card-chromium-darwin.png
    Received: ../test-results/visual-visual-regression-视觉回归测试-元素级别截图-用户评价卡片截图-chromium/testimonial-card-actual.png
    ────────────────────────────────────────────────────────────────────────────────────────────────

    attachment #2: screenshot (image/png) ──────────────────────────────────────────────────────────
    ../test-results/visual-visual-regression-视觉回归测试-元素级别截图-用户评价卡片截图-chromium/test-failed-1.png
    ────────────────────────────────────────────────────────────────────────────────────────────────

    attachment #3: video (video/webm) ──────────────────────────────────────────────────────────────
    ../test-results/visual-visual-regression-视觉回归测试-元素级别截图-用户评价卡片截图-chromium/video.webm
    ────────────────────────────────────────────────────────────────────────────────────────────────

    Error Context: ../test-results/visual-visual-regression-视觉回归测试-元素级别截图-用户评价卡片截图-chromium/error-context.md
]]>
</failure>
<system-out>
<![CDATA[
[[ATTACHMENT|../tests/visual/visual-regression.spec.ts-snapshots/testimonial-card-chromium-darwin.png]]

[[ATTACHMENT|visual-visual-regression-视觉回归测试-元素级别截图-用户评价卡片截图-chromium/testimonial-card-actual.png]]

[[ATTACHMENT|visual-visual-regression-视觉回归测试-元素级别截图-用户评价卡片截图-chromium/test-failed-1.png]]

[[ATTACHMENT|visual-visual-regression-视觉回归测试-元素级别截图-用户评价卡片截图-chromium/video.webm]]

[[ATTACHMENT|visual-visual-regression-视觉回归测试-元素级别截图-用户评价卡片截图-chromium/error-context.md]]
]]>
</system-out>
</testcase>
<testcase name="视觉回归测试 › 元素级别截图 › Newsletter订阅框截图" classname="visual/visual-regression.spec.ts" time="5.686">
<failure message="visual-regression.spec.ts:369:9 Newsletter订阅框截图" type="FAILURE">
<![CDATA[  [chromium] › visual/visual-regression.spec.ts:369:9 › 视觉回归测试 › 元素级别截图 › Newsletter订阅框截图 ──────────

    Error: A snapshot doesn't exist at /Users/dahuang/CascadeProjects/earthzoomai.org/tests/visual/visual-regression.spec.ts-snapshots/newsletter-section-chromium-darwin.png, writing actual.

      379 |       
      380 |       // Newsletter订阅框截图
    > 381 |       await expect(newsletterSection).toHaveScreenshot('newsletter-section.png', {
          |       ^
      382 |         animations: 'disabled'
      383 |       });
      384 |     });
        at /Users/dahuang/CascadeProjects/earthzoomai.org/tests/visual/visual-regression.spec.ts:381:7

    attachment #1: newsletter-section (image/png) ──────────────────────────────────────────────────
    Expected: visual/visual-regression.spec.ts-snapshots/newsletter-section-chromium-darwin.png
    Received: ../test-results/visual-visual-regression-视觉回归测试-元素级别截图-Newsletter订阅框截图-chromium/newsletter-section-actual.png
    ────────────────────────────────────────────────────────────────────────────────────────────────

    attachment #2: screenshot (image/png) ──────────────────────────────────────────────────────────
    ../test-results/visual-visual-regression-视觉回归测试-元素级别截图-Newsletter订阅框截图-chromium/test-failed-1.png
    ────────────────────────────────────────────────────────────────────────────────────────────────

    attachment #3: video (video/webm) ──────────────────────────────────────────────────────────────
    ../test-results/visual-visual-regression-视觉回归测试-元素级别截图-Newsletter订阅框截图-chromium/video.webm
    ────────────────────────────────────────────────────────────────────────────────────────────────

    Error Context: ../test-results/visual-visual-regression-视觉回归测试-元素级别截图-Newsletter订阅框截图-chromium/error-context.md
]]>
</failure>
<system-out>
<![CDATA[
[[ATTACHMENT|../tests/visual/visual-regression.spec.ts-snapshots/newsletter-section-chromium-darwin.png]]

[[ATTACHMENT|visual-visual-regression-视觉回归测试-元素级别截图-Newsletter订阅框截图-chromium/newsletter-section-actual.png]]

[[ATTACHMENT|visual-visual-regression-视觉回归测试-元素级别截图-Newsletter订阅框截图-chromium/test-failed-1.png]]

[[ATTACHMENT|visual-visual-regression-视觉回归测试-元素级别截图-Newsletter订阅框截图-chromium/video.webm]]

[[ATTACHMENT|visual-visual-regression-视觉回归测试-元素级别截图-Newsletter订阅框截图-chromium/error-context.md]]
]]>
</system-out>
</testcase>
<testcase name="视觉回归测试 › 错误状态截图 › 表单验证错误截图" classname="visual/visual-regression.spec.ts" time="7.82">
<failure message="visual-regression.spec.ts:388:9 表单验证错误截图" type="FAILURE">
<![CDATA[  [chromium] › visual/visual-regression.spec.ts:388:9 › 视觉回归测试 › 错误状态截图 › 表单验证错误截图 ─────────────────

    Error: A snapshot doesn't exist at /Users/dahuang/CascadeProjects/earthzoomai.org/tests/visual/visual-regression.spec.ts-snapshots/form-validation-error-chromium-darwin.png, writing actual.

      407 |           // 错误状态截图
      408 |           const newsletterSection = page.locator('section').last();
    > 409 |           await expect(newsletterSection).toHaveScreenshot('form-validation-error.png', {
          |           ^
      410 |             animations: 'disabled'
      411 |           });
      412 |         }
        at /Users/dahuang/CascadeProjects/earthzoomai.org/tests/visual/visual-regression.spec.ts:409:11

    attachment #1: form-validation-error (image/png) ───────────────────────────────────────────────
    Expected: visual/visual-regression.spec.ts-snapshots/form-validation-error-chromium-darwin.png
    Received: ../test-results/visual-visual-regression-视觉回归测试-错误状态截图-表单验证错误截图-chromium/form-validation-error-actual.png
    ────────────────────────────────────────────────────────────────────────────────────────────────

    attachment #2: screenshot (image/png) ──────────────────────────────────────────────────────────
    ../test-results/visual-visual-regression-视觉回归测试-错误状态截图-表单验证错误截图-chromium/test-failed-1.png
    ────────────────────────────────────────────────────────────────────────────────────────────────

    attachment #3: video (video/webm) ──────────────────────────────────────────────────────────────
    ../test-results/visual-visual-regression-视觉回归测试-错误状态截图-表单验证错误截图-chromium/video.webm
    ────────────────────────────────────────────────────────────────────────────────────────────────

    Error Context: ../test-results/visual-visual-regression-视觉回归测试-错误状态截图-表单验证错误截图-chromium/error-context.md
]]>
</failure>
<system-out>
<![CDATA[
[[ATTACHMENT|../tests/visual/visual-regression.spec.ts-snapshots/form-validation-error-chromium-darwin.png]]

[[ATTACHMENT|visual-visual-regression-视觉回归测试-错误状态截图-表单验证错误截图-chromium/form-validation-error-actual.png]]

[[ATTACHMENT|visual-visual-regression-视觉回归测试-错误状态截图-表单验证错误截图-chromium/test-failed-1.png]]

[[ATTACHMENT|visual-visual-regression-视觉回归测试-错误状态截图-表单验证错误截图-chromium/video.webm]]

[[ATTACHMENT|visual-visual-regression-视觉回归测试-错误状态截图-表单验证错误截图-chromium/error-context.md]]
]]>
</system-out>
</testcase>
<testcase name="视觉回归测试 › 错误状态截图 › 网络错误状态截图" classname="visual/visual-regression.spec.ts" time="9.401">
<failure message="visual-regression.spec.ts:416:9 网络错误状态截图" type="FAILURE">
<![CDATA[  [chromium] › visual/visual-regression.spec.ts:416:9 › 视觉回归测试 › 错误状态截图 › 网络错误状态截图 ─────────────────

    Error: A snapshot doesn't exist at /Users/dahuang/CascadeProjects/earthzoomai.org/tests/visual/visual-regression.spec.ts-snapshots/network-error-state-chromium-darwin.png, writing actual.

      431 |       
      432 |       // 网络错误状态截图
    > 433 |       await expect(page).toHaveScreenshot('network-error-state.png', {
          |       ^
      434 |         fullPage: true,
      435 |         animations: 'disabled'
      436 |       });
        at /Users/dahuang/CascadeProjects/earthzoomai.org/tests/visual/visual-regression.spec.ts:433:7

    attachment #1: network-error-state (image/png) ─────────────────────────────────────────────────
    Expected: visual/visual-regression.spec.ts-snapshots/network-error-state-chromium-darwin.png
    Received: ../test-results/visual-visual-regression-视觉回归测试-错误状态截图-网络错误状态截图-chromium/network-error-state-actual.png
    ────────────────────────────────────────────────────────────────────────────────────────────────

    attachment #2: screenshot (image/png) ──────────────────────────────────────────────────────────
    ../test-results/visual-visual-regression-视觉回归测试-错误状态截图-网络错误状态截图-chromium/test-failed-1.png
    ────────────────────────────────────────────────────────────────────────────────────────────────

    attachment #3: video (video/webm) ──────────────────────────────────────────────────────────────
    ../test-results/visual-visual-regression-视觉回归测试-错误状态截图-网络错误状态截图-chromium/video.webm
    ────────────────────────────────────────────────────────────────────────────────────────────────

    Error Context: ../test-results/visual-visual-regression-视觉回归测试-错误状态截图-网络错误状态截图-chromium/error-context.md
]]>
</failure>
<system-out>
<![CDATA[
[[ATTACHMENT|../tests/visual/visual-regression.spec.ts-snapshots/network-error-state-chromium-darwin.png]]

[[ATTACHMENT|visual-visual-regression-视觉回归测试-错误状态截图-网络错误状态截图-chromium/network-error-state-actual.png]]

[[ATTACHMENT|visual-visual-regression-视觉回归测试-错误状态截图-网络错误状态截图-chromium/test-failed-1.png]]

[[ATTACHMENT|visual-visual-regression-视觉回归测试-错误状态截图-网络错误状态截图-chromium/video.webm]]

[[ATTACHMENT|visual-visual-regression-视觉回归测试-错误状态截图-网络错误状态截图-chromium/error-context.md]]
]]>
</system-out>
</testcase>
<testcase name="视觉回归测试 › 动画和过渡效果 › 页面加载动画截图" classname="visual/visual-regression.spec.ts" time="5.637">
<failure message="visual-regression.spec.ts:441:9 页面加载动画截图" type="FAILURE">
<![CDATA[  [chromium] › visual/visual-regression.spec.ts:441:9 › 视觉回归测试 › 动画和过渡效果 › 页面加载动画截图 ────────────────

    Error: A snapshot doesn't exist at /Users/dahuang/CascadeProjects/earthzoomai.org/tests/visual/visual-regression.spec.ts-snapshots/page-loading-state-chromium-darwin.png, writing actual.

      449 |       
      450 |       // 加载状态截图
    > 451 |       await expect(page).toHaveScreenshot('page-loading-state.png', {
          |       ^
      452 |         animations: 'allow'
      453 |       });
      454 |       
        at /Users/dahuang/CascadeProjects/earthzoomai.org/tests/visual/visual-regression.spec.ts:451:7

    attachment #1: page-loading-state (image/png) ──────────────────────────────────────────────────
    Expected: visual/visual-regression.spec.ts-snapshots/page-loading-state-chromium-darwin.png
    Received: ../test-results/visual-visual-regression-视觉回归测试-动画和过渡效果-页面加载动画截图-chromium/page-loading-state-actual.png
    ────────────────────────────────────────────────────────────────────────────────────────────────

    attachment #2: screenshot (image/png) ──────────────────────────────────────────────────────────
    ../test-results/visual-visual-regression-视觉回归测试-动画和过渡效果-页面加载动画截图-chromium/test-failed-1.png
    ────────────────────────────────────────────────────────────────────────────────────────────────

    attachment #3: video (video/webm) ──────────────────────────────────────────────────────────────
    ../test-results/visual-visual-regression-视觉回归测试-动画和过渡效果-页面加载动画截图-chromium/video.webm
    ────────────────────────────────────────────────────────────────────────────────────────────────

    Error Context: ../test-results/visual-visual-regression-视觉回归测试-动画和过渡效果-页面加载动画截图-chromium/error-context.md
]]>
</failure>
<system-out>
<![CDATA[
[[ATTACHMENT|../tests/visual/visual-regression.spec.ts-snapshots/page-loading-state-chromium-darwin.png]]

[[ATTACHMENT|visual-visual-regression-视觉回归测试-动画和过渡效果-页面加载动画截图-chromium/page-loading-state-actual.png]]

[[ATTACHMENT|visual-visual-regression-视觉回归测试-动画和过渡效果-页面加载动画截图-chromium/test-failed-1.png]]

[[ATTACHMENT|visual-visual-regression-视觉回归测试-动画和过渡效果-页面加载动画截图-chromium/video.webm]]

[[ATTACHMENT|visual-visual-regression-视觉回归测试-动画和过渡效果-页面加载动画截图-chromium/error-context.md]]
]]>
</system-out>
</testcase>
<testcase name="视觉回归测试 › 动画和过渡效果 › 滚动动画截图" classname="visual/visual-regression.spec.ts" time="11.157">
<failure message="visual-regression.spec.ts:459:9 滚动动画截图" type="FAILURE">
<![CDATA[  [chromium] › visual/visual-regression.spec.ts:459:9 › 视觉回归测试 › 动画和过渡效果 › 滚动动画截图 ──────────────────

    Error: Timed out 5000ms waiting for expect(page).toHaveScreenshot(expected)

      Failed to take two consecutive stable screenshots.

      Snapshot: scroll-animation-state.png

    Call log:
      - Expect "toHaveScreenshot(scroll-animation-state.png)" with timeout 5000ms
        - generating new stable screenshot expectation
      - taking page screenshot
      - waiting for fonts to load...
      - fonts loaded
      - waiting 100ms before taking screenshot
      - taking page screenshot
      - waiting for fonts to load...
      - fonts loaded
      - 27451 pixels (ratio 0.03 of all image pixels) are different.
      - waiting 250ms before taking screenshot
      - taking page screenshot
      - waiting for fonts to load...
      - fonts loaded
      - 34411 pixels (ratio 0.04 of all image pixels) are different.
      - waiting 500ms before taking screenshot
      - taking page screenshot
      - waiting for fonts to load...
      - fonts loaded
      - 47155 pixels (ratio 0.06 of all image pixels) are different.
      - waiting 1000ms before taking screenshot
      - taking page screenshot
      - waiting for fonts to load...
      - fonts loaded
      - 105280 pixels (ratio 0.12 of all image pixels) are different.
      - waiting 1000ms before taking screenshot
      - taking page screenshot
      - waiting for fonts to load...
      - fonts loaded
      - 117076 pixels (ratio 0.13 of all image pixels) are different.
      - waiting 1000ms before taking screenshot
      - Timeout 5000ms exceeded.


      471 |       
      472 |       // 滚动状态截图
    > 473 |       await expect(page).toHaveScreenshot('scroll-animation-state.png', {
          |                          ^
      474 |         animations: 'allow'
      475 |       });
      476 |     });
        at /Users/dahuang/CascadeProjects/earthzoomai.org/tests/visual/visual-regression.spec.ts:473:26

    attachment #1: scroll-animation-state (image/png) ──────────────────────────────────────────────
    Received: ../test-results/visual-visual-regression-视觉回归测试-动画和过渡效果-滚动动画截图-chromium/scroll-animation-state-actual.png
    Previous: ../test-results/visual-visual-regression-视觉回归测试-动画和过渡效果-滚动动画截图-chromium/scroll-animation-state-previous.png
    Diff:     ../test-results/visual-visual-regression-视觉回归测试-动画和过渡效果-滚动动画截图-chromium/scroll-animation-state-diff.png
    ────────────────────────────────────────────────────────────────────────────────────────────────

    attachment #2: screenshot (image/png) ──────────────────────────────────────────────────────────
    ../test-results/visual-visual-regression-视觉回归测试-动画和过渡效果-滚动动画截图-chromium/test-failed-1.png
    ────────────────────────────────────────────────────────────────────────────────────────────────

    attachment #3: video (video/webm) ──────────────────────────────────────────────────────────────
    ../test-results/visual-visual-regression-视觉回归测试-动画和过渡效果-滚动动画截图-chromium/video.webm
    ────────────────────────────────────────────────────────────────────────────────────────────────

    Error Context: ../test-results/visual-visual-regression-视觉回归测试-动画和过渡效果-滚动动画截图-chromium/error-context.md
]]>
</failure>
<system-out>
<![CDATA[
[[ATTACHMENT|visual-visual-regression-视觉回归测试-动画和过渡效果-滚动动画截图-chromium/scroll-animation-state-previous.png]]

[[ATTACHMENT|visual-visual-regression-视觉回归测试-动画和过渡效果-滚动动画截图-chromium/scroll-animation-state-actual.png]]

[[ATTACHMENT|visual-visual-regression-视觉回归测试-动画和过渡效果-滚动动画截图-chromium/scroll-animation-state-diff.png]]

[[ATTACHMENT|visual-visual-regression-视觉回归测试-动画和过渡效果-滚动动画截图-chromium/test-failed-1.png]]

[[ATTACHMENT|visual-visual-regression-视觉回归测试-动画和过渡效果-滚动动画截图-chromium/video.webm]]

[[ATTACHMENT|visual-visual-regression-视觉回归测试-动画和过渡效果-滚动动画截图-chromium/error-context.md]]
]]>
</system-out>
</testcase>
<testcase name="视觉回归测试 › 跨浏览器视觉对比 › Chromium渲染截图" classname="visual/visual-regression.spec.ts" time="8.87">
<failure message="visual-regression.spec.ts:480:9 Chromium渲染截图" type="FAILURE">
<![CDATA[  [chromium] › visual/visual-regression.spec.ts:480:9 › 视觉回归测试 › 跨浏览器视觉对比 › Chromium渲染截图 ───────────

    Error: A snapshot doesn't exist at /Users/dahuang/CascadeProjects/earthzoomai.org/tests/visual/visual-regression.spec.ts-snapshots/homepage-chromium-chromium-darwin.png, writing actual.

      488 |       
      489 |       // Chromium渲染截图
    > 490 |       await expect(page).toHaveScreenshot('homepage-chromium.png', {
          |       ^
      491 |         fullPage: true,
      492 |         animations: 'disabled'
      493 |       });
        at /Users/dahuang/CascadeProjects/earthzoomai.org/tests/visual/visual-regression.spec.ts:490:7

    attachment #1: homepage-chromium (image/png) ───────────────────────────────────────────────────
    Expected: visual/visual-regression.spec.ts-snapshots/homepage-chromium-chromium-darwin.png
    Received: ../test-results/visual-visual-regression-视觉回归测试-跨浏览器视觉对比-Chromium渲染截图-chromium/homepage-chromium-actual.png
    ────────────────────────────────────────────────────────────────────────────────────────────────

    attachment #2: screenshot (image/png) ──────────────────────────────────────────────────────────
    ../test-results/visual-visual-regression-视觉回归测试-跨浏览器视觉对比-Chromium渲染截图-chromium/test-failed-1.png
    ────────────────────────────────────────────────────────────────────────────────────────────────

    attachment #3: video (video/webm) ──────────────────────────────────────────────────────────────
    ../test-results/visual-visual-regression-视觉回归测试-跨浏览器视觉对比-Chromium渲染截图-chromium/video.webm
    ────────────────────────────────────────────────────────────────────────────────────────────────

    Error Context: ../test-results/visual-visual-regression-视觉回归测试-跨浏览器视觉对比-Chromium渲染截图-chromium/error-context.md
]]>
</failure>
<system-out>
<![CDATA[
[[ATTACHMENT|../tests/visual/visual-regression.spec.ts-snapshots/homepage-chromium-chromium-darwin.png]]

[[ATTACHMENT|visual-visual-regression-视觉回归测试-跨浏览器视觉对比-Chromium渲染截图-chromium/homepage-chromium-actual.png]]

[[ATTACHMENT|visual-visual-regression-视觉回归测试-跨浏览器视觉对比-Chromium渲染截图-chromium/test-failed-1.png]]

[[ATTACHMENT|visual-visual-regression-视觉回归测试-跨浏览器视觉对比-Chromium渲染截图-chromium/video.webm]]

[[ATTACHMENT|visual-visual-regression-视觉回归测试-跨浏览器视觉对比-Chromium渲染截图-chromium/error-context.md]]
]]>
</system-out>
</testcase>
<testcase name="视觉回归测试 › 跨浏览器视觉对比 › Firefox渲染截图" classname="visual/visual-regression.spec.ts" time="0.212">
<properties>
<property name="skip" value="仅在Firefox中运行">
</property>
</properties>
<skipped>
</skipped>
</testcase>
<testcase name="视觉回归测试 › 跨浏览器视觉对比 › WebKit渲染截图" classname="visual/visual-regression.spec.ts" time="0.206">
<properties>
<property name="skip" value="仅在WebKit中运行">
</property>
</properties>
<skipped>
</skipped>
</testcase>
</testsuite>
<testsuite name="e2e/accessibility.spec.ts" timestamp="2025-07-24T07:09:26.317Z" hostname="firefox" tests="20" failures="2" skipped="0" time="110.979" errors="0">
<testcase name="可访问性测试 › 键盘导航 › Tab键导航测试" classname="e2e/accessibility.spec.ts" time="7.292">
<system-out>
<![CDATA[Tab导航测试完成，测试了 10 个元素
]]>
</system-out>
</testcase>
<testcase name="可访问性测试 › 键盘导航 › Shift+Tab反向导航测试" classname="e2e/accessibility.spec.ts" time="6.834">
<system-out>
<![CDATA[Shift+Tab反向导航测试通过
]]>
</system-out>
</testcase>
<testcase name="可访问性测试 › 键盘导航 › Enter键激活测试" classname="e2e/accessibility.spec.ts" time="6.777">
<system-out>
<![CDATA[Enter键激活测试完成
]]>
</system-out>
</testcase>
<testcase name="可访问性测试 › 键盘导航 › 空格键激活测试" classname="e2e/accessibility.spec.ts" time="7.785">
<system-out>
<![CDATA[空格键激活测试完成
]]>
</system-out>
</testcase>
<testcase name="可访问性测试 › ARIA属性 › ARIA标签测试" classname="e2e/accessibility.spec.ts" time="4.663">
<system-out>
<![CDATA[检查了 5 个按钮的ARIA属性
]]>
</system-out>
</testcase>
<testcase name="可访问性测试 › ARIA属性 › ARIA展开状态测试" classname="e2e/accessibility.spec.ts" time="4.754">
</testcase>
<testcase name="可访问性测试 › ARIA属性 › ARIA隐藏元素测试" classname="e2e/accessibility.spec.ts" time="4.523">
</testcase>
<testcase name="可访问性测试 › 颜色对比度 › 文本颜色对比度测试" classname="e2e/accessibility.spec.ts" time="4.617">
<system-out>
<![CDATA[检查了 10 个元素的颜色对比度
]]>
</system-out>
</testcase>
<testcase name="可访问性测试 › 颜色对比度 › 链接颜色区分测试" classname="e2e/accessibility.spec.ts" time="4.728">
<system-out>
<![CDATA[链接颜色: 正常=rgb(147, 51, 234), 悬停=rgb(147, 51, 234)
]]>
</system-out>
</testcase>
<testcase name="可访问性测试 › 表单可访问性 › 表单标签关联测试" classname="e2e/accessibility.spec.ts" time="4.632">
<system-out>
<![CDATA[检查了 1 个表单元素的标签关联
]]>
</system-out>
</testcase>
<testcase name="可访问性测试 › 表单可访问性 › 表单错误提示测试" classname="e2e/accessibility.spec.ts" time="6.711">
</testcase>
<testcase name="可访问性测试 › 焦点管理 › 焦点可见性测试" classname="e2e/accessibility.spec.ts" time="4.829">
<system-out>
<![CDATA[焦点可见性测试通过
]]>
</system-out>
</testcase>
<testcase name="可访问性测试 › 焦点管理 › 焦点陷阱测试" classname="e2e/accessibility.spec.ts" time="4.762">
</testcase>
<testcase name="可访问性测试 › 屏幕阅读器支持 › 标题结构测试" classname="e2e/accessibility.spec.ts" time="4.974">
<system-out>
<![CDATA[标题结构: 1, 2, 3, 3, 3, 2, 3, 3, 3, 3, 3, 3, 2, 3, 3, 3, 3, 3, 3, 2, 3, 3, 3, 3, 3, 3, 2, 3, 3, 3, 3
]]>
</system-out>
</testcase>
<testcase name="可访问性测试 › 屏幕阅读器支持 › 地标元素测试" classname="e2e/accessibility.spec.ts" time="4.441">
<system-out>
<![CDATA[地标元素验证通过: 1个导航区域
]]>
</system-out>
</testcase>
<testcase name="可访问性测试 › 屏幕阅读器支持 › 列表结构测试" classname="e2e/accessibility.spec.ts" time="4.567">
<system-out>
<![CDATA[检查了 2 个列表结构
]]>
</system-out>
</testcase>
<testcase name="可访问性测试 › 动画和运动 › 减少动画偏好测试" classname="e2e/accessibility.spec.ts" time="4.497">
<system-out>
<![CDATA[减少动画偏好测试通过
]]>
</system-out>
</testcase>
<testcase name="可访问性测试 › 动画和运动 › 自动播放内容测试" classname="e2e/accessibility.spec.ts" time="4.725">
<system-out>
<![CDATA[检查了 0 个自动播放媒体元素
]]>
</system-out>
</testcase>
<testcase name="可访问性测试 › 移动端可访问性 › 触摸目标大小测试" classname="e2e/accessibility.spec.ts" time="4.666">
<failure message="accessibility.spec.ts:490:9 触摸目标大小测试" type="FAILURE">
<![CDATA[  [firefox] › e2e/accessibility.spec.ts:490:9 › 可访问性测试 › 移动端可访问性 › 触摸目标大小测试 ────────────────────────

    Error: expect(received).toBeGreaterThanOrEqual(expected)

    Expected: >= 44
    Received:    32

      505 |           // 触摸目标应该至少44x44px
      506 |           expect(boundingBox.width).toBeGreaterThanOrEqual(44);
    > 507 |           expect(boundingBox.height).toBeGreaterThanOrEqual(44);
          |                                      ^
      508 |         }
      509 |       }
      510 |       
        at /Users/dahuang/CascadeProjects/earthzoomai.org/tests/e2e/accessibility.spec.ts:507:38

    attachment #1: screenshot (image/png) ──────────────────────────────────────────────────────────
    ../test-results/e2e-accessibility-可访问性测试-移动端可访问性-触摸目标大小测试-firefox/test-failed-1.png
    ────────────────────────────────────────────────────────────────────────────────────────────────

    attachment #2: video (video/webm) ──────────────────────────────────────────────────────────────
    ../test-results/e2e-accessibility-可访问性测试-移动端可访问性-触摸目标大小测试-firefox/video.webm
    ────────────────────────────────────────────────────────────────────────────────────────────────

    Error Context: ../test-results/e2e-accessibility-可访问性测试-移动端可访问性-触摸目标大小测试-firefox/error-context.md
]]>
</failure>
<system-out>
<![CDATA[
[[ATTACHMENT|e2e-accessibility-可访问性测试-移动端可访问性-触摸目标大小测试-firefox/test-failed-1.png]]

[[ATTACHMENT|e2e-accessibility-可访问性测试-移动端可访问性-触摸目标大小测试-firefox/video.webm]]

[[ATTACHMENT|e2e-accessibility-可访问性测试-移动端可访问性-触摸目标大小测试-firefox/error-context.md]]
]]>
</system-out>
</testcase>
<testcase name="可访问性测试 › 移动端可访问性 › 移动端导航可访问性" classname="e2e/accessibility.spec.ts" time="10.202">
<failure message="accessibility.spec.ts:514:9 移动端导航可访问性" type="FAILURE">
<![CDATA[  [firefox] › e2e/accessibility.spec.ts:514:9 › 可访问性测试 › 移动端可访问性 › 移动端导航可访问性 ───────────────────────

    Error: Timed out 5000ms waiting for expect(locator).toBeVisible()

    Locator: locator('button').filter({ hasText: /M4 6h16/ })
    Expected: visible
    Received: <element(s) not found>
    Call log:
      - Expect "toBeVisible" with timeout 5000ms
      - waiting for locator('button').filter({ hasText: /M4 6h16/ })


      521 |       
      522 |       // 验证移动菜单按钮可访问
    > 523 |       await expect(navigation.mobileMenuButton).toBeVisible();
          |                                                 ^
      524 |       
      525 |       // 验证移动菜单按钮有适当的标签
      526 |       const ariaLabel = await navigation.mobileMenuButton.getAttribute('aria-label');
        at /Users/dahuang/CascadeProjects/earthzoomai.org/tests/e2e/accessibility.spec.ts:523:49

    attachment #1: screenshot (image/png) ──────────────────────────────────────────────────────────
    ../test-results/e2e-accessibility-可访问性测试-移动端可访问性-移动端导航可访问性-firefox/test-failed-1.png
    ────────────────────────────────────────────────────────────────────────────────────────────────

    attachment #2: video (video/webm) ──────────────────────────────────────────────────────────────
    ../test-results/e2e-accessibility-可访问性测试-移动端可访问性-移动端导航可访问性-firefox/video.webm
    ────────────────────────────────────────────────────────────────────────────────────────────────

    Error Context: ../test-results/e2e-accessibility-可访问性测试-移动端可访问性-移动端导航可访问性-firefox/error-context.md
]]>
</failure>
<system-out>
<![CDATA[
[[ATTACHMENT|e2e-accessibility-可访问性测试-移动端可访问性-移动端导航可访问性-firefox/test-failed-1.png]]

[[ATTACHMENT|e2e-accessibility-可访问性测试-移动端可访问性-移动端导航可访问性-firefox/video.webm]]

[[ATTACHMENT|e2e-accessibility-可访问性测试-移动端可访问性-移动端导航可访问性-firefox/error-context.md]]
]]>
</system-out>
</testcase>
</testsuite>
<testsuite name="e2e/e2e.spec.ts" timestamp="2025-07-24T07:09:26.317Z" hostname="firefox" tests="9" failures="4" skipped="0" time="160.133" errors="0">
<testcase name="端到端测试 › 完整用户流程 › 新用户首次访问完整流程" classname="e2e/e2e.spec.ts" time="10.13">
<failure message="e2e.spec.ts:7:9 新用户首次访问完整流程" type="FAILURE">
<![CDATA[  [firefox] › e2e/e2e.spec.ts:7:9 › 端到端测试 › 完整用户流程 › 新用户首次访问完整流程 ───────────────────────────────────

    Error: Timed out 5000ms waiting for expect(locator).toBeInViewport()

    Locator: locator('#showcase')
    Expected: in viewport
    Received: viewport ratio 0
    Call log:
      - Expect "toBeInViewport" with timeout 5000ms
      - waiting for locator('#showcase')
        8 × locator resolved to <section id="showcase" class="relative py-24">…</section>
          - unexpected value "viewport ratio 0"


      27 |       const showcaseSection = page.locator('#showcase');
      28 |       if (await showcaseSection.count() > 0) {
    > 29 |         await expect(showcaseSection).toBeInViewport();
         |                                       ^
      30 |       }
      31 |       
      32 |       // 4. 用户浏览Features区域
        at /Users/dahuang/CascadeProjects/earthzoomai.org/tests/e2e/e2e.spec.ts:29:39

    attachment #1: screenshot (image/png) ──────────────────────────────────────────────────────────
    ../test-results/e2e-e2e-端到端测试-完整用户流程-新用户首次访问完整流程-firefox/test-failed-1.png
    ────────────────────────────────────────────────────────────────────────────────────────────────

    attachment #2: screenshot (image/png) ──────────────────────────────────────────────────────────
    ../test-results/e2e-e2e-端到端测试-完整用户流程-新用户首次访问完整流程-firefox/test-failed-2.png
    ────────────────────────────────────────────────────────────────────────────────────────────────

    attachment #3: video (video/webm) ──────────────────────────────────────────────────────────────
    ../test-results/e2e-e2e-端到端测试-完整用户流程-新用户首次访问完整流程-firefox/video-1.webm
    ────────────────────────────────────────────────────────────────────────────────────────────────

    attachment #4: video (video/webm) ──────────────────────────────────────────────────────────────
    ../test-results/e2e-e2e-端到端测试-完整用户流程-新用户首次访问完整流程-firefox/video.webm
    ────────────────────────────────────────────────────────────────────────────────────────────────

    Error Context: ../test-results/e2e-e2e-端到端测试-完整用户流程-新用户首次访问完整流程-firefox/error-context.md
]]>
</failure>
<system-out>
<![CDATA[
[[ATTACHMENT|e2e-e2e-端到端测试-完整用户流程-新用户首次访问完整流程-firefox/test-failed-1.png]]

[[ATTACHMENT|e2e-e2e-端到端测试-完整用户流程-新用户首次访问完整流程-firefox/test-failed-2.png]]

[[ATTACHMENT|e2e-e2e-端到端测试-完整用户流程-新用户首次访问完整流程-firefox/video-1.webm]]

[[ATTACHMENT|e2e-e2e-端到端测试-完整用户流程-新用户首次访问完整流程-firefox/video.webm]]

[[ATTACHMENT|e2e-e2e-端到端测试-完整用户流程-新用户首次访问完整流程-firefox/error-context.md]]
]]>
</system-out>
</testcase>
<testcase name="端到端测试 › 完整用户流程 › 移动端用户完整流程" classname="e2e/e2e.spec.ts" time="10.086">
<failure message="e2e.spec.ts:106:9 移动端用户完整流程" type="FAILURE">
<![CDATA[  [firefox] › e2e/e2e.spec.ts:106:9 › 端到端测试 › 完整用户流程 › 移动端用户完整流程 ───────────────────────────────────

    Error: Timed out 5000ms waiting for expect(locator).toBeVisible()

    Locator: locator('button').filter({ hasText: /M4 6h16/ })
    Expected: visible
    Received: <element(s) not found>
    Call log:
      - Expect "toBeVisible" with timeout 5000ms
      - waiting for locator('button').filter({ hasText: /M4 6h16/ })


      116 |       // 验证移动端布局
      117 |       await expect(homePage.heroTitle).toBeVisible();
    > 118 |       await expect(navigation.mobileMenuButton).toBeVisible();
          |                                                 ^
      119 |       
      120 |       // 2. 用户打开移动菜单
      121 |       await navigation.toggleMobileMenu();
        at /Users/dahuang/CascadeProjects/earthzoomai.org/tests/e2e/e2e.spec.ts:118:49

    attachment #1: screenshot (image/png) ──────────────────────────────────────────────────────────
    ../test-results/e2e-e2e-端到端测试-完整用户流程-移动端用户完整流程-firefox/test-failed-1.png
    ────────────────────────────────────────────────────────────────────────────────────────────────

    attachment #2: video (video/webm) ──────────────────────────────────────────────────────────────
    ../test-results/e2e-e2e-端到端测试-完整用户流程-移动端用户完整流程-firefox/video.webm
    ────────────────────────────────────────────────────────────────────────────────────────────────

    Error Context: ../test-results/e2e-e2e-端到端测试-完整用户流程-移动端用户完整流程-firefox/error-context.md
]]>
</failure>
<system-out>
<![CDATA[
[[ATTACHMENT|e2e-e2e-端到端测试-完整用户流程-移动端用户完整流程-firefox/test-failed-1.png]]

[[ATTACHMENT|e2e-e2e-端到端测试-完整用户流程-移动端用户完整流程-firefox/video.webm]]

[[ATTACHMENT|e2e-e2e-端到端测试-完整用户流程-移动端用户完整流程-firefox/error-context.md]]
]]>
</system-out>
</testcase>
<testcase name="端到端测试 › 真实场景模拟 › 用户快速浏览场景" classname="e2e/e2e.spec.ts" time="10.752">
<system-out>
<![CDATA[用户快速浏览场景测试完成
]]>
</system-out>
</testcase>
<testcase name="端到端测试 › 真实场景模拟 › 用户深度探索场景" classname="e2e/e2e.spec.ts" time="25.185">
<system-out>
<![CDATA[用户深度探索场景测试完成
]]>
</system-out>
</testcase>
<testcase name="端到端测试 › 真实场景模拟 › 用户犹豫不决场景" classname="e2e/e2e.spec.ts" time="24.435">
<system-out>
<![CDATA[用户犹豫不决场景测试完成
]]>
</system-out>
</testcase>
<testcase name="端到端测试 › 错误恢复场景 › 网络不稳定环境下的用户体验" classname="e2e/e2e.spec.ts" time="13.377">
<system-out>
<![CDATA[网络不稳定环境测试完成
]]>
</system-out>
</testcase>
<testcase name="端到端测试 › 错误恢复场景 › 浏览器兼容性场景" classname="e2e/e2e.spec.ts" time="5.8">
<system-out>
<![CDATA[浏览器信息: {
  userAgent: [32m'Mozilla/5.0 (Windows NT 10.0; Win64; x64; rv:140.0.2) Gecko/20100101 Firefox/140.0.2'[39m,
  platform: [32m'MacIntel'[39m,
  language: [32m'en-US'[39m,
  cookieEnabled: [33mtrue[39m,
  onLine: [33mtrue[39m
}
JavaScript支持: { hasMap: [33mtrue[39m, hasPromise: [33mtrue[39m, hasArrowFunc: [33mtrue[39m, modernJS: [33mtrue[39m }
浏览器兼容性测试完成
]]>
</system-out>
</testcase>
<testcase name="端到端测试 › 性能压力测试 › 高频交互压力测试" classname="e2e/e2e.spec.ts" time="30.215">
<failure message="e2e.spec.ts:426:9 高频交互压力测试" type="FAILURE">
<![CDATA[  [firefox] › e2e/e2e.spec.ts:426:9 › 端到端测试 › 性能压力测试 › 高频交互压力测试 ────────────────────────────────────

    Test timeout of 30000ms exceeded.

    Error: expect(locator).toBeInViewport()

    Locator: locator('#faq')
    Expected: in viewport
    Received: viewport ratio 0
    Call log:
      - Expect "toBeInViewport" with timeout 5000ms
      - waiting for locator('#faq')
        4 × locator resolved to <section id="faq" class="py-20 relative bg-gray-900/30">…</section>
          - unexpected value "viewport ratio 0"


      461 |       const faqSection = page.locator('#faq');
      462 |       if (await faqSection.count() > 0) {
    > 463 |         await expect(faqSection).toBeInViewport();
          |                                  ^
      464 |       }
      465 |       
      466 |       console.log('高频交互压力测试完成');
        at /Users/dahuang/CascadeProjects/earthzoomai.org/tests/e2e/e2e.spec.ts:463:34

    attachment #1: screenshot (image/png) ──────────────────────────────────────────────────────────
    ../test-results/e2e-e2e-端到端测试-性能压力测试-高频交互压力测试-firefox/test-failed-1.png
    ────────────────────────────────────────────────────────────────────────────────────────────────

    attachment #2: video (video/webm) ──────────────────────────────────────────────────────────────
    ../test-results/e2e-e2e-端到端测试-性能压力测试-高频交互压力测试-firefox/video.webm
    ────────────────────────────────────────────────────────────────────────────────────────────────

    Error Context: ../test-results/e2e-e2e-端到端测试-性能压力测试-高频交互压力测试-firefox/error-context.md
]]>
</failure>
<system-out>
<![CDATA[高频交互总耗时: 24831ms

[[ATTACHMENT|e2e-e2e-端到端测试-性能压力测试-高频交互压力测试-firefox/test-failed-1.png]]

[[ATTACHMENT|e2e-e2e-端到端测试-性能压力测试-高频交互压力测试-firefox/video.webm]]

[[ATTACHMENT|e2e-e2e-端到端测试-性能压力测试-高频交互压力测试-firefox/error-context.md]]
]]>
</system-out>
</testcase>
<testcase name="端到端测试 › 性能压力测试 › 长时间会话测试" classname="e2e/e2e.spec.ts" time="30.153">
<failure message="e2e.spec.ts:469:9 长时间会话测试" type="FAILURE">
<![CDATA[  [firefox] › e2e/e2e.spec.ts:469:9 › 端到端测试 › 性能压力测试 › 长时间会话测试 ─────────────────────────────────────

    Test timeout of 30000ms exceeded.

    Error: page.waitForTimeout: Test timeout of 30000ms exceeded.

      516 |         }
      517 |         
    > 518 |         await page.waitForTimeout(1000 + Math.random() * 2000); // 1-3秒随机间隔
          |                    ^
      519 |       }
      520 |       
      521 |       // 验证会话结束后页面状态
        at /Users/dahuang/CascadeProjects/earthzoomai.org/tests/e2e/e2e.spec.ts:518:20

    attachment #1: screenshot (image/png) ──────────────────────────────────────────────────────────
    ../test-results/e2e-e2e-端到端测试-性能压力测试-长时间会话测试-firefox/test-failed-1.png
    ────────────────────────────────────────────────────────────────────────────────────────────────

    attachment #2: video (video/webm) ──────────────────────────────────────────────────────────────
    ../test-results/e2e-e2e-端到端测试-性能压力测试-长时间会话测试-firefox/video.webm
    ────────────────────────────────────────────────────────────────────────────────────────────────

    Error Context: ../test-results/e2e-e2e-端到端测试-性能压力测试-长时间会话测试-firefox/error-context.md
]]>
</failure>
<system-out>
<![CDATA[
[[ATTACHMENT|e2e-e2e-端到端测试-性能压力测试-长时间会话测试-firefox/test-failed-1.png]]

[[ATTACHMENT|e2e-e2e-端到端测试-性能压力测试-长时间会话测试-firefox/video.webm]]

[[ATTACHMENT|e2e-e2e-端到端测试-性能压力测试-长时间会话测试-firefox/error-context.md]]
]]>
</system-out>
</testcase>
</testsuite>
<testsuite name="e2e/homepage.spec.ts" timestamp="2025-07-24T07:09:26.317Z" hostname="firefox" tests="16" failures="7" skipped="0" time="122.566" errors="0">
<testcase name="首页核心功能测试 › 页面基本元素加载" classname="e2e/homepage.spec.ts" time="5.84">
</testcase>
<testcase name="首页核心功能测试 › Hero区域交互功能" classname="e2e/homepage.spec.ts" time="5.017">
</testcase>
<testcase name="首页核心功能测试 › 特色标签显示" classname="e2e/homepage.spec.ts" time="5.049">
<failure message="homepage.spec.ts:42:7 特色标签显示" type="FAILURE">
<![CDATA[  [firefox] › e2e/homepage.spec.ts:42:7 › 首页核心功能测试 › 特色标签显示 ────────────────────────────────────────

    Error: expect.toBeVisible: Error: strict mode violation: locator('text=AI-Powered') resolved to 2 elements:
        1) <div class="bg-gray-800/50 backdrop-blur-sm border border-gray-700 rounded-full px-6 py-3 text-gray-300 hover:bg-gray-700/50 transition-all duration-300">…</div> aka getByText('🤖AI-Powered', { exact: true })
        2) <h3 class="text-2xl font-bold mb-4 text-white group-hover:text-blue-400 transition-colors">AI-Powered Processing</h3> aka getByRole('heading', { name: 'AI-Powered Processing' })

    Call log:
      - Expect "toBeVisible" with timeout 5000ms
      - waiting for locator('text=AI-Powered')


       at fixtures/page-objects.ts:56

      54 |   async verifyFeatureTags(expectedTags: string[]) {
      55 |     for (const tag of expectedTags) {
    > 56 |       await expect(this.page.locator(`text=${tag}`)).toBeVisible();
         |                                                      ^
      57 |     }
      58 |   }
      59 |
        at HomePage.verifyFeatureTags (/Users/dahuang/CascadeProjects/earthzoomai.org/tests/fixtures/page-objects.ts:56:54)
        at /Users/dahuang/CascadeProjects/earthzoomai.org/tests/e2e/homepage.spec.ts:50:5

    attachment #1: screenshot (image/png) ──────────────────────────────────────────────────────────
    ../test-results/e2e-homepage-首页核心功能测试-特色标签显示-firefox/test-failed-1.png
    ────────────────────────────────────────────────────────────────────────────────────────────────

    attachment #2: video (video/webm) ──────────────────────────────────────────────────────────────
    ../test-results/e2e-homepage-首页核心功能测试-特色标签显示-firefox/video.webm
    ────────────────────────────────────────────────────────────────────────────────────────────────

    Error Context: ../test-results/e2e-homepage-首页核心功能测试-特色标签显示-firefox/error-context.md
]]>
</failure>
<system-out>
<![CDATA[
[[ATTACHMENT|e2e-homepage-首页核心功能测试-特色标签显示-firefox/test-failed-1.png]]

[[ATTACHMENT|e2e-homepage-首页核心功能测试-特色标签显示-firefox/video.webm]]

[[ATTACHMENT|e2e-homepage-首页核心功能测试-特色标签显示-firefox/error-context.md]]
]]>
</system-out>
</testcase>
<testcase name="首页核心功能测试 › 功能展示区域内容" classname="e2e/homepage.spec.ts" time="7.28">
</testcase>
<testcase name="首页核心功能测试 › Features区域内容验证" classname="e2e/homepage.spec.ts" time="7.595">
</testcase>
<testcase name="首页核心功能测试 › 用户评价区域显示" classname="e2e/homepage.spec.ts" time="5.969">
<failure message="homepage.spec.ts:86:7 用户评价区域显示" type="FAILURE">
<![CDATA[  [firefox] › e2e/homepage.spec.ts:86:7 › 首页核心功能测试 › 用户评价区域显示 ──────────────────────────────────────

    Error: expect.toBeVisible: Error: strict mode violation: locator('text=Content Creator') resolved to 2 elements:
        1) <p class="text-gray-400 leading-relaxed">Watch your Earth zoom-out effects come to life in…</p> aka getByText('Watch your Earth zoom-out')
        2) <p class="text-gray-400 text-sm">Content Creator</p> aka getByText('Content Creator', { exact: true })

    Call log:
      - Expect "toBeVisible" with timeout 5000ms
      - waiting for locator('text=Content Creator')


      101 |     for (const review of testData.reviewsData) {
      102 |       await expect(page.locator(`text=${review.name}`)).toBeVisible();
    > 103 |       await expect(page.locator(`text=${review.role}`)).toBeVisible();
          |                                                         ^
      104 |     }
      105 |   });
      106 |
        at /Users/dahuang/CascadeProjects/earthzoomai.org/tests/e2e/homepage.spec.ts:103:57

    attachment #1: screenshot (image/png) ──────────────────────────────────────────────────────────
    ../test-results/e2e-homepage-首页核心功能测试-用户评价区域显示-firefox/test-failed-1.png
    ────────────────────────────────────────────────────────────────────────────────────────────────

    attachment #2: video (video/webm) ──────────────────────────────────────────────────────────────
    ../test-results/e2e-homepage-首页核心功能测试-用户评价区域显示-firefox/video.webm
    ────────────────────────────────────────────────────────────────────────────────────────────────

    Error Context: ../test-results/e2e-homepage-首页核心功能测试-用户评价区域显示-firefox/error-context.md
]]>
</failure>
<system-out>
<![CDATA[
[[ATTACHMENT|e2e-homepage-首页核心功能测试-用户评价区域显示-firefox/test-failed-1.png]]

[[ATTACHMENT|e2e-homepage-首页核心功能测试-用户评价区域显示-firefox/video.webm]]

[[ATTACHMENT|e2e-homepage-首页核心功能测试-用户评价区域显示-firefox/error-context.md]]
]]>
</system-out>
</testcase>
<testcase name="首页核心功能测试 › FAQ区域交互功能" classname="e2e/homepage.spec.ts" time="13.257">
<failure message="homepage.spec.ts:107:7 FAQ区域交互功能" type="FAILURE">
<![CDATA[  [firefox] › e2e/homepage.spec.ts:107:7 › 首页核心功能测试 › FAQ区域交互功能 ────────────────────────────────────

    Error: Timed out 5000ms waiting for expect(locator).toBeVisible()

    Locator: locator('#faq .bg-gray-800').first().locator('.animate-fade-in')
    Expected: visible
    Received: <element(s) not found>
    Call log:
      - Expect "toBeVisible" with timeout 5000ms
      - waiting for locator('#faq .bg-gray-800').first().locator('.animate-fade-in')


      118 |     const secondAnswer = page.locator('#faq .bg-gray-800').nth(1).locator('.animate-fade-in');
      119 |     
    > 120 |     await expect(firstAnswer).toBeVisible();
          |                               ^
      121 |     await expect(secondAnswer).toBeVisible();
      122 |   });
      123 |
        at /Users/dahuang/CascadeProjects/earthzoomai.org/tests/e2e/homepage.spec.ts:120:31

    attachment #1: screenshot (image/png) ──────────────────────────────────────────────────────────
    ../test-results/e2e-homepage-首页核心功能测试-FAQ区域交互功能-firefox/test-failed-1.png
    ────────────────────────────────────────────────────────────────────────────────────────────────

    attachment #2: video (video/webm) ──────────────────────────────────────────────────────────────
    ../test-results/e2e-homepage-首页核心功能测试-FAQ区域交互功能-firefox/video.webm
    ────────────────────────────────────────────────────────────────────────────────────────────────

    Error Context: ../test-results/e2e-homepage-首页核心功能测试-FAQ区域交互功能-firefox/error-context.md
]]>
</failure>
<system-out>
<![CDATA[
[[ATTACHMENT|e2e-homepage-首页核心功能测试-FAQ区域交互功能-firefox/test-failed-1.png]]

[[ATTACHMENT|e2e-homepage-首页核心功能测试-FAQ区域交互功能-firefox/video.webm]]

[[ATTACHMENT|e2e-homepage-首页核心功能测试-FAQ区域交互功能-firefox/error-context.md]]
]]>
</system-out>
</testcase>
<testcase name="首页核心功能测试 › FAQ结构化数据验证" classname="e2e/homepage.spec.ts" time="11.758">
<failure message="homepage.spec.ts:124:7 FAQ结构化数据验证" type="FAILURE">
<![CDATA[  [firefox] › e2e/homepage.spec.ts:124:7 › 首页核心功能测试 › FAQ结构化数据验证 ───────────────────────────────────

    Error: Timed out 5000ms waiting for expect(locator).toHaveCount(expected)

    Locator: locator('script[type="application/ld+json"]')
    Expected: 1
    Received: 4
    Call log:
      - Expect "toHaveCount" with timeout 5000ms
      - waiting for locator('script[type="application/ld+json"]')
        9 × locator resolved to 4 elements
          - unexpected value "4"


       at fixtures/page-objects.ts:191

      189 |
      190 |   async verifyStructuredData() {
    > 191 |     await expect(this.structuredDataScript).toHaveCount(1);
          |                                             ^
      192 |     
      193 |     const schemaContent = await this.structuredDataScript.textContent();
      194 |     expect(schemaContent).toContain('"@type": "FAQPage"');
        at FAQComponent.verifyStructuredData (/Users/dahuang/CascadeProjects/earthzoomai.org/tests/fixtures/page-objects.ts:191:45)
        at /Users/dahuang/CascadeProjects/earthzoomai.org/tests/e2e/homepage.spec.ts:125:15

    attachment #1: screenshot (image/png) ──────────────────────────────────────────────────────────
    ../test-results/e2e-homepage-首页核心功能测试-FAQ结构化数据验证-firefox/test-failed-1.png
    ────────────────────────────────────────────────────────────────────────────────────────────────

    attachment #2: video (video/webm) ──────────────────────────────────────────────────────────────
    ../test-results/e2e-homepage-首页核心功能测试-FAQ结构化数据验证-firefox/video.webm
    ────────────────────────────────────────────────────────────────────────────────────────────────

    Error Context: ../test-results/e2e-homepage-首页核心功能测试-FAQ结构化数据验证-firefox/error-context.md
]]>
</failure>
<system-out>
<![CDATA[
[[ATTACHMENT|e2e-homepage-首页核心功能测试-FAQ结构化数据验证-firefox/test-failed-1.png]]

[[ATTACHMENT|e2e-homepage-首页核心功能测试-FAQ结构化数据验证-firefox/video.webm]]

[[ATTACHMENT|e2e-homepage-首页核心功能测试-FAQ结构化数据验证-firefox/error-context.md]]
]]>
</system-out>
</testcase>
<testcase name="首页核心功能测试 › Newsletter订阅功能" classname="e2e/homepage.spec.ts" time="14.822">
<failure message="homepage.spec.ts:128:7 Newsletter订阅功能" type="FAILURE">
<![CDATA[  [firefox] › e2e/homepage.spec.ts:128:7 › 首页核心功能测试 › Newsletter订阅功能 ───────────────────────────────

    TimeoutError: locator.scrollIntoViewIfNeeded: Timeout 10000ms exceeded.
    Call log:
      - waiting for locator('text=Newsletter')


      128 |   test('Newsletter订阅功能', async ({ page }) => {
      129 |     // 滚动到Newsletter区域
    > 130 |     await page.locator('text=Newsletter').scrollIntoViewIfNeeded();
          |                                           ^
      131 |     
      132 |     // 验证表单元素
      133 |     await expect(homePage.newsletterInput).toBeVisible();
        at /Users/dahuang/CascadeProjects/earthzoomai.org/tests/e2e/homepage.spec.ts:130:43

    attachment #1: screenshot (image/png) ──────────────────────────────────────────────────────────
    ../test-results/e2e-homepage-首页核心功能测试-Newsletter订阅功能-firefox/test-failed-1.png
    ────────────────────────────────────────────────────────────────────────────────────────────────

    attachment #2: video (video/webm) ──────────────────────────────────────────────────────────────
    ../test-results/e2e-homepage-首页核心功能测试-Newsletter订阅功能-firefox/video.webm
    ────────────────────────────────────────────────────────────────────────────────────────────────

    Error Context: ../test-results/e2e-homepage-首页核心功能测试-Newsletter订阅功能-firefox/error-context.md
]]>
</failure>
<system-out>
<![CDATA[
[[ATTACHMENT|e2e-homepage-首页核心功能测试-Newsletter订阅功能-firefox/test-failed-1.png]]

[[ATTACHMENT|e2e-homepage-首页核心功能测试-Newsletter订阅功能-firefox/video.webm]]

[[ATTACHMENT|e2e-homepage-首页核心功能测试-Newsletter订阅功能-firefox/error-context.md]]
]]>
</system-out>
</testcase>
<testcase name="首页核心功能测试 › 页面滚动行为" classname="e2e/homepage.spec.ts" time="10.695">
</testcase>
<testcase name="首页核心功能测试 › 外部链接验证" classname="e2e/homepage.spec.ts" time="7.382">
</testcase>
<testcase name="首页核心功能测试 › 页面性能基础检查" classname="e2e/homepage.spec.ts" time="10.035">
<failure message="homepage.spec.ts:167:7 页面性能基础检查" type="FAILURE">
<![CDATA[  [firefox] › e2e/homepage.spec.ts:167:7 › 首页核心功能测试 › 页面性能基础检查 ─────────────────────────────────────

    Error: expect(received).toBeLessThan(expected)

    Expected: < 3000
    Received:   3453

      171 |     
      172 |     // 页面应在合理时间内加载
    > 173 |     expect(loadTime).toBeLessThan(testData.performanceBenchmarks.maxLoadTime);
          |                      ^
      174 |     
      175 |     // 验证关键元素已加载
      176 |     await expect(homePage.heroTitle).toBeVisible();
        at /Users/dahuang/CascadeProjects/earthzoomai.org/tests/e2e/homepage.spec.ts:173:22

    attachment #1: screenshot (image/png) ──────────────────────────────────────────────────────────
    ../test-results/e2e-homepage-首页核心功能测试-页面性能基础检查-firefox/test-failed-1.png
    ────────────────────────────────────────────────────────────────────────────────────────────────

    attachment #2: video (video/webm) ──────────────────────────────────────────────────────────────
    ../test-results/e2e-homepage-首页核心功能测试-页面性能基础检查-firefox/video.webm
    ────────────────────────────────────────────────────────────────────────────────────────────────

    Error Context: ../test-results/e2e-homepage-首页核心功能测试-页面性能基础检查-firefox/error-context.md
]]>
</failure>
<system-out>
<![CDATA[
[[ATTACHMENT|e2e-homepage-首页核心功能测试-页面性能基础检查-firefox/test-failed-1.png]]

[[ATTACHMENT|e2e-homepage-首页核心功能测试-页面性能基础检查-firefox/video.webm]]

[[ATTACHMENT|e2e-homepage-首页核心功能测试-页面性能基础检查-firefox/error-context.md]]
]]>
</system-out>
</testcase>
<testcase name="首页核心功能测试 › 图片加载和优化检查" classname="e2e/homepage.spec.ts" time="5.054">
<failure message="homepage.spec.ts:180:7 图片加载和优化检查" type="FAILURE">
<![CDATA[  [firefox] › e2e/homepage.spec.ts:180:7 › 首页核心功能测试 › 图片加载和优化检查 ────────────────────────────────────

    Error: expect(received).toBeGreaterThan(expected)

    Expected: > 0
    Received:   0

      194 |       // 检查图片是否加载成功
      195 |       const naturalWidth = await img.evaluate((img: HTMLImageElement) => img.naturalWidth);
    > 196 |       expect(naturalWidth).toBeGreaterThan(0);
          |                            ^
      197 |     }
      198 |   });
      199 | });
        at /Users/dahuang/CascadeProjects/earthzoomai.org/tests/e2e/homepage.spec.ts:196:28

    attachment #1: screenshot (image/png) ──────────────────────────────────────────────────────────
    ../test-results/e2e-homepage-首页核心功能测试-图片加载和优化检查-firefox/test-failed-1.png
    ────────────────────────────────────────────────────────────────────────────────────────────────

    attachment #2: video (video/webm) ──────────────────────────────────────────────────────────────
    ../test-results/e2e-homepage-首页核心功能测试-图片加载和优化检查-firefox/video.webm
    ────────────────────────────────────────────────────────────────────────────────────────────────

    Error Context: ../test-results/e2e-homepage-首页核心功能测试-图片加载和优化检查-firefox/error-context.md
]]>
</failure>
<system-out>
<![CDATA[
[[ATTACHMENT|e2e-homepage-首页核心功能测试-图片加载和优化检查-firefox/test-failed-1.png]]

[[ATTACHMENT|e2e-homepage-首页核心功能测试-图片加载和优化检查-firefox/video.webm]]

[[ATTACHMENT|e2e-homepage-首页核心功能测试-图片加载和优化检查-firefox/error-context.md]]
]]>
</system-out>
</testcase>
<testcase name="首页错误处理 › 网络错误处理" classname="e2e/homepage.spec.ts" time="1.093">
</testcase>
<testcase name="首页错误处理 › JavaScript错误监控" classname="e2e/homepage.spec.ts" time="5.42">
</testcase>
<testcase name="首页错误处理 › 控制台错误检查" classname="e2e/homepage.spec.ts" time="6.3">
</testcase>
</testsuite>
<testsuite name="e2e/navigation.spec.ts" timestamp="2025-07-24T07:09:26.317Z" hostname="firefox" tests="24" failures="11" skipped="0" time="196.178" errors="0">
<testcase name="导航功能测试 › Header导航基本功能" classname="e2e/navigation.spec.ts" time="5.11">
</testcase>
<testcase name="导航功能测试 › 锚点导航功能" classname="e2e/navigation.spec.ts" time="9.34">
</testcase>
<testcase name="导航功能测试 › 滚动时Header状态变化" classname="e2e/navigation.spec.ts" time="5.952">
</testcase>
<testcase name="导航功能测试 › 导航链接活跃状态" classname="e2e/navigation.spec.ts" time="11.603">
</testcase>
<testcase name="导航功能测试 › Logo点击返回顶部" classname="e2e/navigation.spec.ts" time="6.507">
<failure message="navigation.spec.ts:84:7 Logo点击返回顶部" type="FAILURE">
<![CDATA[  [firefox] › e2e/navigation.spec.ts:84:7 › 导航功能测试 › Logo点击返回顶部 ────────────────────────────────────

    Error: expect(received).toBeLessThan(expected)

    Expected: < 100
    Received:   4526

      93 |     // 验证回到顶部
      94 |     const scrollY = await page.evaluate(() => window.scrollY);
    > 95 |     expect(scrollY).toBeLessThan(100);
         |                     ^
      96 |   });
      97 | });
      98 |
        at /Users/dahuang/CascadeProjects/earthzoomai.org/tests/e2e/navigation.spec.ts:95:21

    attachment #1: screenshot (image/png) ──────────────────────────────────────────────────────────
    ../test-results/e2e-navigation-导航功能测试-Logo点击返回顶部-firefox/test-failed-1.png
    ────────────────────────────────────────────────────────────────────────────────────────────────

    attachment #2: video (video/webm) ──────────────────────────────────────────────────────────────
    ../test-results/e2e-navigation-导航功能测试-Logo点击返回顶部-firefox/video.webm
    ────────────────────────────────────────────────────────────────────────────────────────────────

    Error Context: ../test-results/e2e-navigation-导航功能测试-Logo点击返回顶部-firefox/error-context.md
]]>
</failure>
<system-out>
<![CDATA[
[[ATTACHMENT|e2e-navigation-导航功能测试-Logo点击返回顶部-firefox/test-failed-1.png]]

[[ATTACHMENT|e2e-navigation-导航功能测试-Logo点击返回顶部-firefox/video.webm]]

[[ATTACHMENT|e2e-navigation-导航功能测试-Logo点击返回顶部-firefox/error-context.md]]
]]>
</system-out>
</testcase>
<testcase name="移动端导航测试 › 移动端菜单基本功能" classname="e2e/navigation.spec.ts" time="10.789">
<failure message="navigation.spec.ts:105:7 移动端菜单基本功能" type="FAILURE">
<![CDATA[  [firefox] › e2e/navigation.spec.ts:105:7 › 移动端导航测试 › 移动端菜单基本功能 ───────────────────────────────────

    Error: Timed out 5000ms waiting for expect(locator).toBeVisible()

    Locator: locator('button').filter({ hasText: /M4 6h16/ })
    Expected: visible
    Received: <element(s) not found>
    Call log:
      - Expect "toBeVisible" with timeout 5000ms
      - waiting for locator('button').filter({ hasText: /M4 6h16/ })


       at fixtures/page-objects.ts:121

      119 |
      120 |   async verifyMobileNavigation() {
    > 121 |     await expect(this.mobileMenuButton).toBeVisible();
          |                                         ^
      122 |   }
      123 |
      124 |   async verifyActiveSection(sectionName: string) {
        at NavigationComponent.verifyMobileNavigation (/Users/dahuang/CascadeProjects/earthzoomai.org/tests/fixtures/page-objects.ts:121:41)
        at /Users/dahuang/CascadeProjects/earthzoomai.org/tests/e2e/navigation.spec.ts:112:22

    attachment #1: screenshot (image/png) ──────────────────────────────────────────────────────────
    ../test-results/e2e-navigation-移动端导航测试-移动端菜单基本功能-firefox/test-failed-1.png
    ────────────────────────────────────────────────────────────────────────────────────────────────

    attachment #2: video (video/webm) ──────────────────────────────────────────────────────────────
    ../test-results/e2e-navigation-移动端导航测试-移动端菜单基本功能-firefox/video.webm
    ────────────────────────────────────────────────────────────────────────────────────────────────

    Error Context: ../test-results/e2e-navigation-移动端导航测试-移动端菜单基本功能-firefox/error-context.md
]]>
</failure>
<system-out>
<![CDATA[
[[ATTACHMENT|e2e-navigation-移动端导航测试-移动端菜单基本功能-firefox/test-failed-1.png]]

[[ATTACHMENT|e2e-navigation-移动端导航测试-移动端菜单基本功能-firefox/video.webm]]

[[ATTACHMENT|e2e-navigation-移动端导航测试-移动端菜单基本功能-firefox/error-context.md]]
]]>
</system-out>
</testcase>
<testcase name="移动端导航测试 › 移动端菜单展开收起" classname="e2e/navigation.spec.ts" time="14.616">
<failure message="navigation.spec.ts:118:7 移动端菜单展开收起" type="FAILURE">
<![CDATA[  [firefox] › e2e/navigation.spec.ts:118:7 › 移动端导航测试 › 移动端菜单展开收起 ───────────────────────────────────

    TimeoutError: locator.click: Timeout 10000ms exceeded.
    Call log:
      - waiting for locator('button').filter({ hasText: /M4 6h16/ })


       at fixtures/page-objects.ts:111

      109 |
      110 |   async toggleMobileMenu() {
    > 111 |     await this.mobileMenuButton.click();
          |                                 ^
      112 |   }
      113 |
      114 |   async verifyNavigation() {
        at NavigationComponent.toggleMobileMenu (/Users/dahuang/CascadeProjects/earthzoomai.org/tests/fixtures/page-objects.ts:111:33)
        at /Users/dahuang/CascadeProjects/earthzoomai.org/tests/e2e/navigation.spec.ts:128:22

    attachment #1: screenshot (image/png) ──────────────────────────────────────────────────────────
    ../test-results/e2e-navigation-移动端导航测试-移动端菜单展开收起-firefox/test-failed-1.png
    ────────────────────────────────────────────────────────────────────────────────────────────────

    attachment #2: video (video/webm) ──────────────────────────────────────────────────────────────
    ../test-results/e2e-navigation-移动端导航测试-移动端菜单展开收起-firefox/video.webm
    ────────────────────────────────────────────────────────────────────────────────────────────────

    Error Context: ../test-results/e2e-navigation-移动端导航测试-移动端菜单展开收起-firefox/error-context.md
]]>
</failure>
<system-out>
<![CDATA[
[[ATTACHMENT|e2e-navigation-移动端导航测试-移动端菜单展开收起-firefox/test-failed-1.png]]

[[ATTACHMENT|e2e-navigation-移动端导航测试-移动端菜单展开收起-firefox/video.webm]]

[[ATTACHMENT|e2e-navigation-移动端导航测试-移动端菜单展开收起-firefox/error-context.md]]
]]>
</system-out>
</testcase>
<testcase name="移动端导航测试 › 移动端导航链接功能" classname="e2e/navigation.spec.ts" time="17.236">
<failure message="navigation.spec.ts:141:7 移动端导航链接功能" type="FAILURE">
<![CDATA[  [firefox] › e2e/navigation.spec.ts:141:7 › 移动端导航测试 › 移动端导航链接功能 ───────────────────────────────────

    TimeoutError: locator.click: Timeout 10000ms exceeded.
    Call log:
      - waiting for locator('button').filter({ hasText: /M4 6h16/ })


       at fixtures/page-objects.ts:111

      109 |
      110 |   async toggleMobileMenu() {
    > 111 |     await this.mobileMenuButton.click();
          |                                 ^
      112 |   }
      113 |
      114 |   async verifyNavigation() {
        at NavigationComponent.toggleMobileMenu (/Users/dahuang/CascadeProjects/earthzoomai.org/tests/fixtures/page-objects.ts:111:33)
        at /Users/dahuang/CascadeProjects/earthzoomai.org/tests/e2e/navigation.spec.ts:148:22

    attachment #1: screenshot (image/png) ──────────────────────────────────────────────────────────
    ../test-results/e2e-navigation-移动端导航测试-移动端导航链接功能-firefox/test-failed-1.png
    ────────────────────────────────────────────────────────────────────────────────────────────────

    attachment #2: video (video/webm) ──────────────────────────────────────────────────────────────
    ../test-results/e2e-navigation-移动端导航测试-移动端导航链接功能-firefox/video.webm
    ────────────────────────────────────────────────────────────────────────────────────────────────

    Error Context: ../test-results/e2e-navigation-移动端导航测试-移动端导航链接功能-firefox/error-context.md
]]>
</failure>
<system-out>
<![CDATA[
[[ATTACHMENT|e2e-navigation-移动端导航测试-移动端导航链接功能-firefox/test-failed-1.png]]

[[ATTACHMENT|e2e-navigation-移动端导航测试-移动端导航链接功能-firefox/video.webm]]

[[ATTACHMENT|e2e-navigation-移动端导航测试-移动端导航链接功能-firefox/error-context.md]]
]]>
</system-out>
</testcase>
<testcase name="移动端导航测试 › 移动端触摸交互" classname="e2e/navigation.spec.ts" time="4.609">
<failure message="navigation.spec.ts:160:7 移动端触摸交互" type="FAILURE">
<![CDATA[  [firefox] › e2e/navigation.spec.ts:160:7 › 移动端导航测试 › 移动端触摸交互 ─────────────────────────────────────

    Error: touchscreen.tap: hasTouch must be enabled on the browser context before using the touchscreen.

      164 |     
      165 |     // 测试触摸滚动
    > 166 |     await page.touchscreen.tap(200, 300);
          |                            ^
      167 |     
      168 |     // 模拟向上滑动
      169 |     await page.evaluate(() => {
        at /Users/dahuang/CascadeProjects/earthzoomai.org/tests/e2e/navigation.spec.ts:166:28

    attachment #1: screenshot (image/png) ──────────────────────────────────────────────────────────
    ../test-results/e2e-navigation-移动端导航测试-移动端触摸交互-firefox/test-failed-1.png
    ────────────────────────────────────────────────────────────────────────────────────────────────

    attachment #2: video (video/webm) ──────────────────────────────────────────────────────────────
    ../test-results/e2e-navigation-移动端导航测试-移动端触摸交互-firefox/video.webm
    ────────────────────────────────────────────────────────────────────────────────────────────────

    Error Context: ../test-results/e2e-navigation-移动端导航测试-移动端触摸交互-firefox/error-context.md
]]>
</failure>
<system-out>
<![CDATA[
[[ATTACHMENT|e2e-navigation-移动端导航测试-移动端触摸交互-firefox/test-failed-1.png]]

[[ATTACHMENT|e2e-navigation-移动端导航测试-移动端触摸交互-firefox/video.webm]]

[[ATTACHMENT|e2e-navigation-移动端导航测试-移动端触摸交互-firefox/error-context.md]]
]]>
</system-out>
</testcase>
<testcase name="Footer导航测试 › Footer基本内容验证" classname="e2e/navigation.spec.ts" time="11.319">
<failure message="navigation.spec.ts:190:7 Footer基本内容验证" type="FAILURE">
<![CDATA[  [firefox] › e2e/navigation.spec.ts:190:7 › Footer导航测试 › Footer基本内容验证 ─────────────────────────────

    Error: Timed out 5000ms waiting for expect(locator).toBeVisible()

    Locator: locator('footer').locator('text=© 2024')
    Expected: visible
    Received: <element(s) not found>
    Call log:
      - Expect "toBeVisible" with timeout 5000ms
      - waiting for locator('footer').locator('text=© 2024')


       at fixtures/page-objects.ts:230

      228 |     await this.scrollToFooter();
      229 |     await expect(this.footer).toBeVisible();
    > 230 |     await expect(this.copyrightText).toBeVisible();
          |                                      ^
      231 |   }
      232 |
      233 |   async verifyQuickLinks(expectedLinks: string[]) {
        at FooterComponent.verifyFooterContent (/Users/dahuang/CascadeProjects/earthzoomai.org/tests/fixtures/page-objects.ts:230:38)
        at /Users/dahuang/CascadeProjects/earthzoomai.org/tests/e2e/navigation.spec.ts:191:5

    attachment #1: screenshot (image/png) ──────────────────────────────────────────────────────────
    ../test-results/e2e-navigation-Footer导航测试-Footer基本内容验证-firefox/test-failed-1.png
    ────────────────────────────────────────────────────────────────────────────────────────────────

    attachment #2: video (video/webm) ──────────────────────────────────────────────────────────────
    ../test-results/e2e-navigation-Footer导航测试-Footer基本内容验证-firefox/video.webm
    ────────────────────────────────────────────────────────────────────────────────────────────────

    Error Context: ../test-results/e2e-navigation-Footer导航测试-Footer基本内容验证-firefox/error-context.md
]]>
</failure>
<system-out>
<![CDATA[
[[ATTACHMENT|e2e-navigation-Footer导航测试-Footer基本内容验证-firefox/test-failed-1.png]]

[[ATTACHMENT|e2e-navigation-Footer导航测试-Footer基本内容验证-firefox/video.webm]]

[[ATTACHMENT|e2e-navigation-Footer导航测试-Footer基本内容验证-firefox/error-context.md]]
]]>
</system-out>
</testcase>
<testcase name="Footer导航测试 › Footer快速链接" classname="e2e/navigation.spec.ts" time="7.268">
</testcase>
<testcase name="Footer导航测试 › Footer支持链接" classname="e2e/navigation.spec.ts" time="7.855">
</testcase>
<testcase name="Footer导航测试 › Footer社交媒体链接" classname="e2e/navigation.spec.ts" time="6.3">
</testcase>
<testcase name="Footer导航测试 › Footer版权信息" classname="e2e/navigation.spec.ts" time="6.983">
<failure message="navigation.spec.ts:218:7 Footer版权信息" type="FAILURE">
<![CDATA[  [firefox] › e2e/navigation.spec.ts:218:7 › Footer导航测试 › Footer版权信息 ───────────────────────────────

    Error: expect.toBeVisible: Error: strict mode violation: locator('text=ZOOM EARTH AI') resolved to 16 elements:
        1) <span class="text-2xl font-bold text-white">ZOOM EARTH AI</span> aka getByRole('link', { name: 'ZOOM EARTH AI Logo ZOOM EARTH' })
        2) <h1 class="text-7xl md:text-8xl lg:text-9xl font-bold mb-8 bg-gradient-to-r from-blue-400 via-purple-400 to-blue-400 bg-clip-text text-transparent leading-tight animate-fade-in">ZOOM EARTH AI</h1> aka locator('h1')
        3) <h2 class="text-5xl md:text-6xl font-bold mb-8 text-white">Transform Your Content with Zoom Earth AI</h2> aka getByRole('heading', { name: 'Transform Your Content with' })
        4) <p class="text-xl md:text-2xl text-gray-300 max-w-5xl mx-auto leading-relaxed">Experience the next generation of Earth zoom-out …</p> aka getByText('Experience the next')
        5) <p class="text-gray-400 leading-relaxed">Zoom Earth AI leverages cutting-edge artificial i…</p> aka getByText('Zoom Earth AI leverages')
        6) <p class="text-gray-400 leading-relaxed">Seamlessly blend your ground-level photos with ac…</p> aka getByText('Seamlessly blend your ground-')
        7) <p class="text-gray-400 leading-relaxed">Share your content everywhere with our optimized …</p> aka getByText('Share your content everywhere')
        8) <h2 class="text-4xl md:text-5xl font-bold mb-6 text-white">Everything About Zoom Earth AI</h2> aka getByRole('heading', { name: 'Everything About Zoom Earth AI' })
        9) <h3 class="text-lg font-semibold text-white flex items-center justify-between">…</h3> aka getByRole('button', { name: 'How does ZOOM EARTH AI create' })
        10) <h3 class="text-lg font-semibold text-white flex items-center justify-between">…</h3> aka getByRole('button', { name: 'What types of images work' })
        ...

    Call log:
      - Expect "toBeVisible" with timeout 5000ms
      - waiting for locator('text=ZOOM EARTH AI')


      224 |     
      225 |     // 验证公司名称
    > 226 |     await expect(page.locator('text=ZOOM EARTH AI')).toBeVisible();
          |                                                      ^
      227 |   });
      228 |
      229 |   test('Footer链接导航功能', async ({ page }) => {
        at /Users/dahuang/CascadeProjects/earthzoomai.org/tests/e2e/navigation.spec.ts:226:54

    attachment #1: screenshot (image/png) ──────────────────────────────────────────────────────────
    ../test-results/e2e-navigation-Footer导航测试-Footer版权信息-firefox/test-failed-1.png
    ────────────────────────────────────────────────────────────────────────────────────────────────

    attachment #2: video (video/webm) ──────────────────────────────────────────────────────────────
    ../test-results/e2e-navigation-Footer导航测试-Footer版权信息-firefox/video.webm
    ────────────────────────────────────────────────────────────────────────────────────────────────

    Error Context: ../test-results/e2e-navigation-Footer导航测试-Footer版权信息-firefox/error-context.md
]]>
</failure>
<system-out>
<![CDATA[
[[ATTACHMENT|e2e-navigation-Footer导航测试-Footer版权信息-firefox/test-failed-1.png]]

[[ATTACHMENT|e2e-navigation-Footer导航测试-Footer版权信息-firefox/video.webm]]

[[ATTACHMENT|e2e-navigation-Footer导航测试-Footer版权信息-firefox/error-context.md]]
]]>
</system-out>
</testcase>
<testcase name="Footer导航测试 › Footer链接导航功能" classname="e2e/navigation.spec.ts" time="8.943">
<failure message="navigation.spec.ts:229:7 Footer链接导航功能" type="FAILURE">
<![CDATA[  [firefox] › e2e/navigation.spec.ts:229:7 › Footer导航测试 › Footer链接导航功能 ─────────────────────────────

    Error: expect(received).toBeLessThan(expected)

    Expected: < 100
    Received:   4526

      237 |     await page.waitForTimeout(1000);
      238 |     const scrollY = await page.evaluate(() => window.scrollY);
    > 239 |     expect(scrollY).toBeLessThan(100);
          |                     ^
      240 |   });
      241 | });
      242 |
        at /Users/dahuang/CascadeProjects/earthzoomai.org/tests/e2e/navigation.spec.ts:239:21

    attachment #1: screenshot (image/png) ──────────────────────────────────────────────────────────
    ../test-results/e2e-navigation-Footer导航测试-Footer链接导航功能-firefox/test-failed-1.png
    ────────────────────────────────────────────────────────────────────────────────────────────────

    attachment #2: video (video/webm) ──────────────────────────────────────────────────────────────
    ../test-results/e2e-navigation-Footer导航测试-Footer链接导航功能-firefox/video.webm
    ────────────────────────────────────────────────────────────────────────────────────────────────

    Error Context: ../test-results/e2e-navigation-Footer导航测试-Footer链接导航功能-firefox/error-context.md
]]>
</failure>
<system-out>
<![CDATA[
[[ATTACHMENT|e2e-navigation-Footer导航测试-Footer链接导航功能-firefox/test-failed-1.png]]

[[ATTACHMENT|e2e-navigation-Footer导航测试-Footer链接导航功能-firefox/video.webm]]

[[ATTACHMENT|e2e-navigation-Footer导航测试-Footer链接导航功能-firefox/error-context.md]]
]]>
</system-out>
</testcase>
<testcase name="跨设备导航一致性测试 › Mobile 导航一致性" classname="e2e/navigation.spec.ts" time="9.834">
<failure message="navigation.spec.ts:251:9 Mobile 导航一致性" type="FAILURE">
<![CDATA[  [firefox] › e2e/navigation.spec.ts:251:9 › 跨设备导航一致性测试 › Mobile 导航一致性 ─────────────────────────────

    Error: Timed out 5000ms waiting for expect(locator).toBeVisible()

    Locator: locator('text=Try Now')
    Expected: visible
    Received: hidden
    Call log:
      - Expect "toBeVisible" with timeout 5000ms
      - waiting for locator('text=Try Now')
        9 × locator resolved to <a target="_blank" rel="noopener noreferrer" href="https://pollo.ai?ref=ytayndd" class="bg-blue-600 hover:bg-blue-700 text-white px-6 py-2 rounded-lg font-semibold transition-all duration-300 transform hover:scale-105">Try Now</a>
          - unexpected value "hidden"


      262 |       
      263 |       // 验证Try Now按钮始终可见
    > 264 |       await expect(navigation.tryNowButton).toBeVisible();
          |                                             ^
      265 |       
      266 |       if (viewport.width < 768) {
      267 |         // 移动端应显示汉堡菜单
        at /Users/dahuang/CascadeProjects/earthzoomai.org/tests/e2e/navigation.spec.ts:264:45

    attachment #1: screenshot (image/png) ──────────────────────────────────────────────────────────
    ../test-results/e2e-navigation-跨设备导航一致性测试-Mobile-导航一致性-firefox/test-failed-1.png
    ────────────────────────────────────────────────────────────────────────────────────────────────

    attachment #2: video (video/webm) ──────────────────────────────────────────────────────────────
    ../test-results/e2e-navigation-跨设备导航一致性测试-Mobile-导航一致性-firefox/video.webm
    ────────────────────────────────────────────────────────────────────────────────────────────────

    Error Context: ../test-results/e2e-navigation-跨设备导航一致性测试-Mobile-导航一致性-firefox/error-context.md
]]>
</failure>
<system-out>
<![CDATA[
[[ATTACHMENT|e2e-navigation-跨设备导航一致性测试-Mobile-导航一致性-firefox/test-failed-1.png]]

[[ATTACHMENT|e2e-navigation-跨设备导航一致性测试-Mobile-导航一致性-firefox/video.webm]]

[[ATTACHMENT|e2e-navigation-跨设备导航一致性测试-Mobile-导航一致性-firefox/error-context.md]]
]]>
</system-out>
</testcase>
<testcase name="跨设备导航一致性测试 › Tablet 导航一致性" classname="e2e/navigation.spec.ts" time="4.739">
</testcase>
<testcase name="跨设备导航一致性测试 › Desktop 导航一致性" classname="e2e/navigation.spec.ts" time="7.084">
</testcase>
<testcase name="导航性能测试 › 导航响应速度" classname="e2e/navigation.spec.ts" time="5.911">
<failure message="navigation.spec.ts:280:7 导航响应速度" type="FAILURE">
<![CDATA[  [firefox] › e2e/navigation.spec.ts:280:7 › 导航性能测试 › 导航响应速度 ───────────────────────────────────────

    Error: expect(received).toBeLessThan(expected)

    Expected: < 1000
    Received:   1136

      290 |     
      291 |     // 导航应该在合理时间内响应
    > 292 |     expect(responseTime).toBeLessThan(1000);
          |                          ^
      293 |     
      294 |     // 验证滚动到位
      295 |     await expect(page.locator('#features')).toBeInViewport();
        at /Users/dahuang/CascadeProjects/earthzoomai.org/tests/e2e/navigation.spec.ts:292:26

    attachment #1: screenshot (image/png) ──────────────────────────────────────────────────────────
    ../test-results/e2e-navigation-导航性能测试-导航响应速度-firefox/test-failed-1.png
    ────────────────────────────────────────────────────────────────────────────────────────────────

    attachment #2: video (video/webm) ──────────────────────────────────────────────────────────────
    ../test-results/e2e-navigation-导航性能测试-导航响应速度-firefox/video.webm
    ────────────────────────────────────────────────────────────────────────────────────────────────

    Error Context: ../test-results/e2e-navigation-导航性能测试-导航响应速度-firefox/error-context.md
]]>
</failure>
<system-out>
<![CDATA[
[[ATTACHMENT|e2e-navigation-导航性能测试-导航响应速度-firefox/test-failed-1.png]]

[[ATTACHMENT|e2e-navigation-导航性能测试-导航响应速度-firefox/video.webm]]

[[ATTACHMENT|e2e-navigation-导航性能测试-导航响应速度-firefox/error-context.md]]
]]>
</system-out>
</testcase>
<testcase name="导航性能测试 › 滚动性能" classname="e2e/navigation.spec.ts" time="7.498">
</testcase>
<testcase name="导航性能测试 › Header状态切换性能" classname="e2e/navigation.spec.ts" time="6.765">
</testcase>
<testcase name="导航错误处理 › 无效锚点处理" classname="e2e/navigation.spec.ts" time="8.059">
</testcase>
<testcase name="导航错误处理 › JavaScript禁用时的导航" classname="e2e/navigation.spec.ts" time="5.935">
<failure message="navigation.spec.ts:361:7 JavaScript禁用时的导航" type="FAILURE">
<![CDATA[  [firefox] › e2e/navigation.spec.ts:361:7 › 导航错误处理 › JavaScript禁用时的导航 ─────────────────────────────

    Error: Timed out 5000ms waiting for expect(locator).toBeVisible()

    Locator: locator('header')
    Expected: visible
    Received: <element(s) not found>
    Call log:
      - Expect "toBeVisible" with timeout 5000ms
      - waiting for locator('header')


      368 |     
      369 |     // 验证基本导航元素仍然可见
    > 370 |     await expect(page.locator('header')).toBeVisible();
          |                                          ^
      371 |     await expect(page.locator('img[alt="ZOOM EARTH AI Logo"]')).toBeVisible();
      372 |     
      373 |     await context.close();
        at /Users/dahuang/CascadeProjects/earthzoomai.org/tests/e2e/navigation.spec.ts:370:42

    attachment #1: screenshot (image/png) ──────────────────────────────────────────────────────────
    ../test-results/e2e-navigation-导航错误处理-JavaScript禁用时的导航-firefox/test-failed-1.png
    ────────────────────────────────────────────────────────────────────────────────────────────────
]]>
</failure>
<system-out>
<![CDATA[
[[ATTACHMENT|e2e-navigation-导航错误处理-JavaScript禁用时的导航-firefox/test-failed-1.png]]
]]>
</system-out>
</testcase>
<testcase name="导航错误处理 › 网络中断时的导航" classname="e2e/navigation.spec.ts" time="5.923">
</testcase>
</testsuite>
<testsuite name="e2e/responsive.spec.ts" timestamp="2025-07-24T07:09:26.317Z" hostname="firefox" tests="12" failures="8" skipped="0" time="100.511" errors="0">
<testcase name="响应式设计测试 › 移动端适配 › iPhone SE 显示测试" classname="e2e/responsive.spec.ts" time="10.082">
<failure message="responsive.spec.ts:23:9 iPhone SE 显示测试" type="FAILURE">
<![CDATA[  [firefox] › e2e/responsive.spec.ts:23:9 › 响应式设计测试 › 移动端适配 › iPhone SE 显示测试 ───────────────────────

    Error: Timed out 5000ms waiting for expect(locator).toBeVisible()

    Locator: locator('button').filter({ hasText: /M4 6h16/ })
    Expected: visible
    Received: <element(s) not found>
    Call log:
      - Expect "toBeVisible" with timeout 5000ms
      - waiting for locator('button').filter({ hasText: /M4 6h16/ })


      29 |       // 验证移动端布局
      30 |       const navigation = new NavigationComponent(page);
    > 31 |       await expect(navigation.mobileMenuButton).toBeVisible();
         |                                                 ^
      32 |       
      33 |       // 验证Hero区域在移动端的显示
      34 |       const heroTitle = page.locator('h1');
        at /Users/dahuang/CascadeProjects/earthzoomai.org/tests/e2e/responsive.spec.ts:31:49

    attachment #1: screenshot (image/png) ──────────────────────────────────────────────────────────
    ../test-results/e2e-responsive-响应式设计测试-移动端适配-iPhone-SE-显示测试-firefox/test-failed-1.png
    ────────────────────────────────────────────────────────────────────────────────────────────────

    attachment #2: video (video/webm) ──────────────────────────────────────────────────────────────
    ../test-results/e2e-responsive-响应式设计测试-移动端适配-iPhone-SE-显示测试-firefox/video.webm
    ────────────────────────────────────────────────────────────────────────────────────────────────

    Error Context: ../test-results/e2e-responsive-响应式设计测试-移动端适配-iPhone-SE-显示测试-firefox/error-context.md
]]>
</failure>
<system-out>
<![CDATA[
[[ATTACHMENT|e2e-responsive-响应式设计测试-移动端适配-iPhone-SE-显示测试-firefox/test-failed-1.png]]

[[ATTACHMENT|e2e-responsive-响应式设计测试-移动端适配-iPhone-SE-显示测试-firefox/video.webm]]

[[ATTACHMENT|e2e-responsive-响应式设计测试-移动端适配-iPhone-SE-显示测试-firefox/error-context.md]]
]]>
</system-out>
</testcase>
<testcase name="响应式设计测试 › 移动端适配 › iPad 显示测试" classname="e2e/responsive.spec.ts" time="11.311">
<failure message="responsive.spec.ts:44:9 iPad 显示测试" type="FAILURE">
<![CDATA[  [firefox] › e2e/responsive.spec.ts:44:9 › 响应式设计测试 › 移动端适配 › iPad 显示测试 ────────────────────────────

    Error: Timed out 5000ms waiting for expect(locator).toBeVisible()

    Locator: locator('button').filter({ hasText: /M4 6h16/ })
    Expected: visible
    Received: <element(s) not found>
    Call log:
      - Expect "toBeVisible" with timeout 5000ms
      - waiting for locator('button').filter({ hasText: /M4 6h16/ })


      50 |       // 验证平板端布局
      51 |       const navigation = new NavigationComponent(page);
    > 52 |       await expect(navigation.mobileMenuButton).toBeVisible();
         |                                                 ^
      53 |       
      54 |       // 验证Features区域在平板端的网格布局
      55 |       const featureCards = page.locator('.feature-card');
        at /Users/dahuang/CascadeProjects/earthzoomai.org/tests/e2e/responsive.spec.ts:52:49

    attachment #1: screenshot (image/png) ──────────────────────────────────────────────────────────
    ../test-results/e2e-responsive-响应式设计测试-移动端适配-iPad-显示测试-firefox/test-failed-1.png
    ────────────────────────────────────────────────────────────────────────────────────────────────

    attachment #2: video (video/webm) ──────────────────────────────────────────────────────────────
    ../test-results/e2e-responsive-响应式设计测试-移动端适配-iPad-显示测试-firefox/video.webm
    ────────────────────────────────────────────────────────────────────────────────────────────────

    Error Context: ../test-results/e2e-responsive-响应式设计测试-移动端适配-iPad-显示测试-firefox/error-context.md
]]>
</failure>
<system-out>
<![CDATA[
[[ATTACHMENT|e2e-responsive-响应式设计测试-移动端适配-iPad-显示测试-firefox/test-failed-1.png]]

[[ATTACHMENT|e2e-responsive-响应式设计测试-移动端适配-iPad-显示测试-firefox/video.webm]]

[[ATTACHMENT|e2e-responsive-响应式设计测试-移动端适配-iPad-显示测试-firefox/error-context.md]]
]]>
</system-out>
</testcase>
<testcase name="响应式设计测试 › 移动端适配 › 移动端菜单交互" classname="e2e/responsive.spec.ts" time="15.36">
<failure message="responsive.spec.ts:71:9 移动端菜单交互" type="FAILURE">
<![CDATA[  [firefox] › e2e/responsive.spec.ts:71:9 › 响应式设计测试 › 移动端适配 › 移动端菜单交互 ──────────────────────────────

    TimeoutError: locator.click: Timeout 10000ms exceeded.
    Call log:
      - waiting for locator('button').filter({ hasText: /M4 6h16/ })


       at fixtures/page-objects.ts:111

      109 |
      110 |   async toggleMobileMenu() {
    > 111 |     await this.mobileMenuButton.click();
          |                                 ^
      112 |   }
      113 |
      114 |   async verifyNavigation() {
        at NavigationComponent.toggleMobileMenu (/Users/dahuang/CascadeProjects/earthzoomai.org/tests/fixtures/page-objects.ts:111:33)
        at /Users/dahuang/CascadeProjects/earthzoomai.org/tests/e2e/responsive.spec.ts:83:24

    attachment #1: screenshot (image/png) ──────────────────────────────────────────────────────────
    ../test-results/e2e-responsive-响应式设计测试-移动端适配-移动端菜单交互-firefox/test-failed-1.png
    ────────────────────────────────────────────────────────────────────────────────────────────────

    attachment #2: video (video/webm) ──────────────────────────────────────────────────────────────
    ../test-results/e2e-responsive-响应式设计测试-移动端适配-移动端菜单交互-firefox/video.webm
    ────────────────────────────────────────────────────────────────────────────────────────────────

    Error Context: ../test-results/e2e-responsive-响应式设计测试-移动端适配-移动端菜单交互-firefox/error-context.md
]]>
</failure>
<system-out>
<![CDATA[
[[ATTACHMENT|e2e-responsive-响应式设计测试-移动端适配-移动端菜单交互-firefox/test-failed-1.png]]

[[ATTACHMENT|e2e-responsive-响应式设计测试-移动端适配-移动端菜单交互-firefox/video.webm]]

[[ATTACHMENT|e2e-responsive-响应式设计测试-移动端适配-移动端菜单交互-firefox/error-context.md]]
]]>
</system-out>
</testcase>
<testcase name="响应式设计测试 › 桌面端适配 › 1920x1080 显示测试" classname="e2e/responsive.spec.ts" time="4.791">
<failure message="responsive.spec.ts:99:9 1920x1080 显示测试" type="FAILURE">
<![CDATA[  [firefox] › e2e/responsive.spec.ts:99:9 › 响应式设计测试 › 桌面端适配 › 1920x1080 显示测试 ───────────────────────

    Error: expect.toBeVisible: Error: strict mode violation: locator('nav button') resolved to 4 elements:
        1) <button class="font-medium transition-colors duration-200 text-gray-300 hover:text-blue-400">Showcase</button> aka getByRole('button', { name: 'Showcase' })
        2) <button class="font-medium transition-colors duration-200 text-gray-300 hover:text-blue-400">Features</button> aka getByRole('button', { name: 'Features' })
        3) <button class="font-medium transition-colors duration-200 text-gray-300 hover:text-blue-400">Reviews</button> aka getByRole('button', { name: 'Reviews' })
        4) <button class="font-medium transition-colors duration-200 text-gray-300 hover:text-blue-400">FAQ</button> aka getByRole('button', { name: 'FAQ' })

    Call log:
      - Expect "toBeVisible" with timeout 5000ms
      - waiting for locator('nav button')


      105 |       // 验证桌面端导航
      106 |       const navigation = new NavigationComponent(page);
    > 107 |       await expect(navigation.navLinks).toBeVisible();
          |                                         ^
      108 |       await expect(navigation.mobileMenuButton).toBeHidden();
      109 |       
      110 |       // 验证Hero区域在大屏幕上的显示
        at /Users/dahuang/CascadeProjects/earthzoomai.org/tests/e2e/responsive.spec.ts:107:41

    attachment #1: screenshot (image/png) ──────────────────────────────────────────────────────────
    ../test-results/e2e-responsive-响应式设计测试-桌面端适配-1920x1080-显示测试-firefox/test-failed-1.png
    ────────────────────────────────────────────────────────────────────────────────────────────────

    attachment #2: video (video/webm) ──────────────────────────────────────────────────────────────
    ../test-results/e2e-responsive-响应式设计测试-桌面端适配-1920x1080-显示测试-firefox/video.webm
    ────────────────────────────────────────────────────────────────────────────────────────────────

    Error Context: ../test-results/e2e-responsive-响应式设计测试-桌面端适配-1920x1080-显示测试-firefox/error-context.md
]]>
</failure>
<system-out>
<![CDATA[
[[ATTACHMENT|e2e-responsive-响应式设计测试-桌面端适配-1920x1080-显示测试-firefox/test-failed-1.png]]

[[ATTACHMENT|e2e-responsive-响应式设计测试-桌面端适配-1920x1080-显示测试-firefox/video.webm]]

[[ATTACHMENT|e2e-responsive-响应式设计测试-桌面端适配-1920x1080-显示测试-firefox/error-context.md]]
]]>
</system-out>
</testcase>
<testcase name="响应式设计测试 › 桌面端适配 › 4K 显示测试" classname="e2e/responsive.spec.ts" time="12.448">
<failure message="responsive.spec.ts:132:9 4K 显示测试" type="FAILURE">
<![CDATA[  [firefox] › e2e/responsive.spec.ts:132:9 › 响应式设计测试 › 桌面端适配 › 4K 显示测试 ─────────────────────────────

    Error: Timed out 5000ms waiting for expect(locator).toHaveCSS(expected)

    Locator: locator('h1')
    Expected pattern: /^[4-9]\d*px$/
    Received string:  "128px"
    Call log:
      - Expect "toHaveCSS" with timeout 5000ms
      - waiting for locator('h1')
        9 × locator resolved to <h1 class="text-7xl md:text-8xl lg:text-9xl font-bold mb-8 bg-gradient-to-r from-blue-400 via-purple-400 to-blue-400 bg-clip-text text-transparent leading-tight animate-fade-in">ZOOM EARTH AI</h1>
          - unexpected value "128px"


      148 |       // 验证文字大小在4K屏幕上仍然可读
      149 |       const heroTitle = page.locator('h1');
    > 150 |       await expect(heroTitle).toHaveCSS('font-size', /^[4-9]\d*px$/);
          |                               ^
      151 |     });
      152 |   });
      153 |   
        at /Users/dahuang/CascadeProjects/earthzoomai.org/tests/e2e/responsive.spec.ts:150:31

    attachment #1: screenshot (image/png) ──────────────────────────────────────────────────────────
    ../test-results/e2e-responsive-响应式设计测试-桌面端适配-4K-显示测试-firefox/test-failed-1.png
    ────────────────────────────────────────────────────────────────────────────────────────────────

    attachment #2: video (video/webm) ──────────────────────────────────────────────────────────────
    ../test-results/e2e-responsive-响应式设计测试-桌面端适配-4K-显示测试-firefox/video.webm
    ────────────────────────────────────────────────────────────────────────────────────────────────

    Error Context: ../test-results/e2e-responsive-响应式设计测试-桌面端适配-4K-显示测试-firefox/error-context.md
]]>
</failure>
<system-out>
<![CDATA[
[[ATTACHMENT|e2e-responsive-响应式设计测试-桌面端适配-4K-显示测试-firefox/test-failed-1.png]]

[[ATTACHMENT|e2e-responsive-响应式设计测试-桌面端适配-4K-显示测试-firefox/video.webm]]

[[ATTACHMENT|e2e-responsive-响应式设计测试-桌面端适配-4K-显示测试-firefox/error-context.md]]
]]>
</system-out>
</testcase>
<testcase name="响应式设计测试 › 断点测试 › 断点切换测试" classname="e2e/responsive.spec.ts" time="7.253">
<failure message="responsive.spec.ts:155:9 断点切换测试" type="FAILURE">
<![CDATA[  [firefox] › e2e/responsive.spec.ts:155:9 › 响应式设计测试 › 断点测试 › 断点切换测试 ───────────────────────────────

    Error: expect.toBeVisible: Error: strict mode violation: locator('nav button') resolved to 4 elements:
        1) <button class="font-medium transition-colors duration-200 text-gray-300 hover:text-blue-400">Showcase</button> aka getByRole('button', { name: 'Showcase' })
        2) <button class="font-medium transition-colors duration-200 text-gray-300 hover:text-blue-400">Features</button> aka getByRole('button', { name: 'Features' })
        3) <button class="font-medium transition-colors duration-200 text-gray-300 hover:text-blue-400">Reviews</button> aka getByRole('button', { name: 'Reviews' })
        4) <button class="font-medium transition-colors duration-200 text-gray-300 hover:text-blue-400">FAQ</button> aka getByRole('button', { name: 'FAQ' })

    Call log:
      - Expect "toBeVisible" with timeout 5000ms
      - waiting for locator('nav button')


      161 |       
      162 |       const navigation = new NavigationComponent(page);
    > 163 |       await expect(navigation.navLinks).toBeVisible();
          |                                         ^
      164 |       await expect(navigation.mobileMenuButton).toBeHidden();
      165 |       
      166 |       // 切换到平板尺寸
        at /Users/dahuang/CascadeProjects/earthzoomai.org/tests/e2e/responsive.spec.ts:163:41

    attachment #1: screenshot (image/png) ──────────────────────────────────────────────────────────
    ../test-results/e2e-responsive-响应式设计测试-断点测试-断点切换测试-firefox/test-failed-1.png
    ────────────────────────────────────────────────────────────────────────────────────────────────

    attachment #2: video (video/webm) ──────────────────────────────────────────────────────────────
    ../test-results/e2e-responsive-响应式设计测试-断点测试-断点切换测试-firefox/video.webm
    ────────────────────────────────────────────────────────────────────────────────────────────────

    Error Context: ../test-results/e2e-responsive-响应式设计测试-断点测试-断点切换测试-firefox/error-context.md
]]>
</failure>
<system-out>
<![CDATA[
[[ATTACHMENT|e2e-responsive-响应式设计测试-断点测试-断点切换测试-firefox/test-failed-1.png]]

[[ATTACHMENT|e2e-responsive-响应式设计测试-断点测试-断点切换测试-firefox/video.webm]]

[[ATTACHMENT|e2e-responsive-响应式设计测试-断点测试-断点切换测试-firefox/error-context.md]]
]]>
</system-out>
</testcase>
<testcase name="响应式设计测试 › 断点测试 › 临界断点测试" classname="e2e/responsive.spec.ts" time="10.944">
<failure message="responsive.spec.ts:180:9 临界断点测试" type="FAILURE">
<![CDATA[  [firefox] › e2e/responsive.spec.ts:180:9 › 响应式设计测试 › 断点测试 › 临界断点测试 ───────────────────────────────

    Error: Timed out 5000ms waiting for expect(locator).toBeVisible()

    Locator: locator('button').filter({ hasText: /M4 6h16/ })
    Expected: visible
    Received: <element(s) not found>
    Call log:
      - Expect "toBeVisible" with timeout 5000ms
      - waiting for locator('button').filter({ hasText: /M4 6h16/ })


      186 |       
      187 |       const navigation = new NavigationComponent(page);
    > 188 |       await expect(navigation.mobileMenuButton).toBeVisible();
          |                                                 ^
      189 |       
      190 |       // 测试769px（刚好超过断点）
      191 |       await page.setViewportSize({ width: 769, height: 1024 });
        at /Users/dahuang/CascadeProjects/earthzoomai.org/tests/e2e/responsive.spec.ts:188:49

    attachment #1: screenshot (image/png) ──────────────────────────────────────────────────────────
    ../test-results/e2e-responsive-响应式设计测试-断点测试-临界断点测试-firefox/test-failed-1.png
    ────────────────────────────────────────────────────────────────────────────────────────────────

    attachment #2: video (video/webm) ──────────────────────────────────────────────────────────────
    ../test-results/e2e-responsive-响应式设计测试-断点测试-临界断点测试-firefox/video.webm
    ────────────────────────────────────────────────────────────────────────────────────────────────

    Error Context: ../test-results/e2e-responsive-响应式设计测试-断点测试-临界断点测试-firefox/error-context.md
]]>
</failure>
<system-out>
<![CDATA[
[[ATTACHMENT|e2e-responsive-响应式设计测试-断点测试-临界断点测试-firefox/test-failed-1.png]]

[[ATTACHMENT|e2e-responsive-响应式设计测试-断点测试-临界断点测试-firefox/video.webm]]

[[ATTACHMENT|e2e-responsive-响应式设计测试-断点测试-临界断点测试-firefox/error-context.md]]
]]>
</system-out>
</testcase>
<testcase name="响应式设计测试 › 内容适配 › 图片响应式测试" classname="e2e/responsive.spec.ts" time="7.443">
</testcase>
<testcase name="响应式设计测试 › 内容适配 › 文字响应式测试" classname="e2e/responsive.spec.ts" time="6.36">
</testcase>
<testcase name="响应式设计测试 › 内容适配 › 布局响应式测试" classname="e2e/responsive.spec.ts" time="6.57">
</testcase>
<testcase name="响应式设计测试 › 性能测试 › 不同设备性能测试" classname="e2e/responsive.spec.ts" time="0.006">
<failure message="responsive.spec.ts:294:9 不同设备性能测试" type="FAILURE">
<![CDATA[  [firefox] › e2e/responsive.spec.ts:294:9 › 响应式设计测试 › 性能测试 › 不同设备性能测试 ─────────────────────────────

    Error: browser.newContext: options.isMobile is not supported in Firefox

      294 |     test('不同设备性能测试', async ({ browser }) => {
      295 |       // 模拟低端移动设备
    > 296 |       const context = await browser.newContext({
          |                       ^
      297 |         viewport: VIEWPORTS.mobile.iphone_se,
      298 |         userAgent: 'Mozilla/5.0 (iPhone; CPU iPhone OS 14_0 like Mac OS X) AppleWebKit/605.1.15',
      299 |         deviceScaleFactor: 2,
        at /Users/dahuang/CascadeProjects/earthzoomai.org/tests/e2e/responsive.spec.ts:296:23
]]>
</failure>
</testcase>
<testcase name="响应式设计测试 › 性能测试 › 图片懒加载测试" classname="e2e/responsive.spec.ts" time="7.943">
</testcase>
</testsuite>
<testsuite name="integration/integration.spec.ts" timestamp="2025-07-24T07:09:26.317Z" hostname="firefox" tests="13" failures="3" skipped="0" time="131.366" errors="0">
<testcase name="集成测试 › 页面组件交互 › 导航与页面内容联动测试" classname="integration/integration.spec.ts" time="13.198">
<system-out>
<![CDATA[导航到 Features，当前URL: http://localhost:3001/
导航到 Showcase，当前URL: http://localhost:3001/
导航到 Reviews，当前URL: http://localhost:3001/
导航到 FAQ，当前URL: http://localhost:3001/
]]>
</system-out>
</testcase>
<testcase name="集成测试 › 页面组件交互 › Hero区域与导航交互测试" classname="integration/integration.spec.ts" time="11.547">
<failure message="integration.spec.ts:37:9 Hero区域与导航交互测试" type="FAILURE">
<![CDATA[  [firefox] › integration/integration.spec.ts:37:9 › 集成测试 › 页面组件交互 › Hero区域与导航交互测试 ─────────────────

    Error: Timed out 5000ms waiting for expect(locator).toBeInViewport()

    Locator: locator('#showcase')
    Expected: in viewport
    Received: viewport ratio 0
    Call log:
      - Expect "toBeInViewport" with timeout 5000ms
      - waiting for locator('#showcase')
        8 × locator resolved to <section id="showcase" class="relative py-24">…</section>
          - unexpected value "viewport ratio 0"


      51 |       const showcaseSection = page.locator('#showcase');
      52 |       if (await showcaseSection.count() > 0) {
    > 53 |         await expect(showcaseSection).toBeInViewport();
         |                                       ^
      54 |       }
      55 |       
      56 |       // 返回顶部测试
        at /Users/dahuang/CascadeProjects/earthzoomai.org/tests/integration/integration.spec.ts:53:39

    attachment #1: screenshot (image/png) ──────────────────────────────────────────────────────────
    ../test-results/integration-integration-集成测试-页面组件交互-Hero区域与导航交互测试-firefox/test-failed-1.png
    ────────────────────────────────────────────────────────────────────────────────────────────────

    attachment #2: screenshot (image/png) ──────────────────────────────────────────────────────────
    ../test-results/integration-integration-集成测试-页面组件交互-Hero区域与导航交互测试-firefox/test-failed-2.png
    ────────────────────────────────────────────────────────────────────────────────────────────────

    attachment #3: video (video/webm) ──────────────────────────────────────────────────────────────
    ../test-results/integration-integration-集成测试-页面组件交互-Hero区域与导航交互测试-firefox/video-1.webm
    ────────────────────────────────────────────────────────────────────────────────────────────────

    attachment #4: video (video/webm) ──────────────────────────────────────────────────────────────
    ../test-results/integration-integration-集成测试-页面组件交互-Hero区域与导航交互测试-firefox/video.webm
    ────────────────────────────────────────────────────────────────────────────────────────────────

    Error Context: ../test-results/integration-integration-集成测试-页面组件交互-Hero区域与导航交互测试-firefox/error-context.md
]]>
</failure>
<system-out>
<![CDATA[
[[ATTACHMENT|integration-integration-集成测试-页面组件交互-Hero区域与导航交互测试-firefox/test-failed-1.png]]

[[ATTACHMENT|integration-integration-集成测试-页面组件交互-Hero区域与导航交互测试-firefox/test-failed-2.png]]

[[ATTACHMENT|integration-integration-集成测试-页面组件交互-Hero区域与导航交互测试-firefox/video-1.webm]]

[[ATTACHMENT|integration-integration-集成测试-页面组件交互-Hero区域与导航交互测试-firefox/video.webm]]

[[ATTACHMENT|integration-integration-集成测试-页面组件交互-Hero区域与导航交互测试-firefox/error-context.md]]
]]>
</system-out>
</testcase>
<testcase name="集成测试 › 页面组件交互 › FAQ组件与页面滚动交互" classname="integration/integration.spec.ts" time="12.299">
<failure message="integration.spec.ts:65:9 FAQ组件与页面滚动交互" type="FAILURE">
<![CDATA[  [firefox] › integration/integration.spec.ts:65:9 › 集成测试 › 页面组件交互 › FAQ组件与页面滚动交互 ──────────────────

    Error: Timed out 5000ms waiting for expect(locator).toBeVisible()

    Locator: locator('#faq .bg-gray-800').first().locator('.animate-fade-in')
    Expected: visible
    Received: <element(s) not found>
    Call log:
      - Expect "toBeVisible" with timeout 5000ms
      - waiting for locator('#faq .bg-gray-800').first().locator('.animate-fade-in')


      91 |           const secondAnswer = faqComponent.faqItems.nth(1).locator('.animate-fade-in');
      92 |           
    > 93 |           await expect(firstAnswer).toBeVisible();
         |                                     ^
      94 |           await expect(secondAnswer).toBeVisible();
      95 |         }
      96 |       }
        at /Users/dahuang/CascadeProjects/earthzoomai.org/tests/integration/integration.spec.ts:93:37

    attachment #1: screenshot (image/png) ──────────────────────────────────────────────────────────
    ../test-results/integration-integration-集成测试-页面组件交互-FAQ组件与页面滚动交互-firefox/test-failed-1.png
    ────────────────────────────────────────────────────────────────────────────────────────────────

    attachment #2: video (video/webm) ──────────────────────────────────────────────────────────────
    ../test-results/integration-integration-集成测试-页面组件交互-FAQ组件与页面滚动交互-firefox/video.webm
    ────────────────────────────────────────────────────────────────────────────────────────────────

    Error Context: ../test-results/integration-integration-集成测试-页面组件交互-FAQ组件与页面滚动交互-firefox/error-context.md
]]>
</failure>
<system-out>
<![CDATA[
[[ATTACHMENT|integration-integration-集成测试-页面组件交互-FAQ组件与页面滚动交互-firefox/test-failed-1.png]]

[[ATTACHMENT|integration-integration-集成测试-页面组件交互-FAQ组件与页面滚动交互-firefox/video.webm]]

[[ATTACHMENT|integration-integration-集成测试-页面组件交互-FAQ组件与页面滚动交互-firefox/error-context.md]]
]]>
</system-out>
</testcase>
<testcase name="集成测试 › 表单与反馈交互 › Newsletter订阅完整流程测试" classname="integration/integration.spec.ts" time="11.162">
</testcase>
<testcase name="集成测试 › 表单与反馈交互 › 表单验证与用户体验测试" classname="integration/integration.spec.ts" time="6.943">
</testcase>
<testcase name="集成测试 › 响应式交互测试 › 移动端导航与内容交互" classname="integration/integration.spec.ts" time="11.206">
<failure message="integration.spec.ts:198:9 移动端导航与内容交互" type="FAILURE">
<![CDATA[  [firefox] › integration/integration.spec.ts:198:9 › 集成测试 › 响应式交互测试 › 移动端导航与内容交互 ──────────────────

    Error: Timed out 5000ms waiting for expect(locator).toBeVisible()

    Locator: locator('button').filter({ hasText: /M4 6h16/ })
    Expected: visible
    Received: <element(s) not found>
    Call log:
      - Expect "toBeVisible" with timeout 5000ms
      - waiting for locator('button').filter({ hasText: /M4 6h16/ })


      205 |       
      206 |       // 验证移动端菜单按钮可见
    > 207 |       await expect(navigation.mobileMenuButton).toBeVisible();
          |                                                 ^
      208 |       
      209 |       // 打开移动菜单
      210 |       await navigation.toggleMobileMenu();
        at /Users/dahuang/CascadeProjects/earthzoomai.org/tests/integration/integration.spec.ts:207:49

    attachment #1: screenshot (image/png) ──────────────────────────────────────────────────────────
    ../test-results/integration-integration-集成测试-响应式交互测试-移动端导航与内容交互-firefox/test-failed-1.png
    ────────────────────────────────────────────────────────────────────────────────────────────────

    attachment #2: video (video/webm) ──────────────────────────────────────────────────────────────
    ../test-results/integration-integration-集成测试-响应式交互测试-移动端导航与内容交互-firefox/video.webm
    ────────────────────────────────────────────────────────────────────────────────────────────────

    Error Context: ../test-results/integration-integration-集成测试-响应式交互测试-移动端导航与内容交互-firefox/error-context.md
]]>
</failure>
<system-out>
<![CDATA[
[[ATTACHMENT|integration-integration-集成测试-响应式交互测试-移动端导航与内容交互-firefox/test-failed-1.png]]

[[ATTACHMENT|integration-integration-集成测试-响应式交互测试-移动端导航与内容交互-firefox/video.webm]]

[[ATTACHMENT|integration-integration-集成测试-响应式交互测试-移动端导航与内容交互-firefox/error-context.md]]
]]>
</system-out>
</testcase>
<testcase name="集成测试 › 响应式交互测试 › 跨设备一致性测试" classname="integration/integration.spec.ts" time="12.056">
<system-out>
<![CDATA[Mobile (375x667) 测试通过
Tablet (768x1024) 测试通过
Desktop (1920x1080) 测试通过
]]>
</system-out>
</testcase>
<testcase name="集成测试 › 性能与用户体验集成 › 页面加载与交互性能测试" classname="integration/integration.spec.ts" time="5.038">
<system-out>
<![CDATA[页面加载时间: 4617ms
交互响应时间: 124ms
]]>
</system-out>
</testcase>
<testcase name="集成测试 › 性能与用户体验集成 › 滚动性能与动画流畅性测试" classname="integration/integration.spec.ts" time="10.139">
<system-out>
<![CDATA[滚动完成时间: 2010ms
]]>
</system-out>
</testcase>
<testcase name="集成测试 › 错误处理与恢复 › 网络错误恢复测试" classname="integration/integration.spec.ts" time="8.566">
</testcase>
<testcase name="集成测试 › 错误处理与恢复 › JavaScript错误处理测试" classname="integration/integration.spec.ts" time="8.006">
<system-out>
<![CDATA[检测到 0 个JavaScript错误
]]>
</system-out>
</testcase>
<testcase name="集成测试 › 数据流与状态管理 › 页面状态持久化测试" classname="integration/integration.spec.ts" time="8.203">
</testcase>
<testcase name="集成测试 › 数据流与状态管理 › 用户交互历史测试" classname="integration/integration.spec.ts" time="13.003">
<system-out>
<![CDATA[用户浏览路径测试完成
]]>
</system-out>
</testcase>
</testsuite>
<testsuite name="performance/performance.spec.ts" timestamp="2025-07-24T07:09:26.317Z" hostname="firefox" tests="13" failures="3" skipped="0" time="88.79" errors="0">
<testcase name="性能测试 › 页面加载性能 › 首页加载时间测试" classname="performance/performance.spec.ts" time="9.683">
<failure message="performance.spec.ts:7:9 首页加载时间测试" type="FAILURE">
<![CDATA[  [firefox] › performance/performance.spec.ts:7:9 › 性能测试 › 页面加载性能 › 首页加载时间测试 ───────────────────────

    Error: Timed out 5000ms waiting for expect(locator).toBeVisible()

    Locator: locator('.feature-card').first()
    Expected: visible
    Received: <element(s) not found>
    Call log:
      - Expect "toBeVisible" with timeout 5000ms
      - waiting for locator('.feature-card').first()


      13 |       // 等待关键内容加载完成
      14 |       await expect(page.locator('h1')).toBeVisible();
    > 15 |       await expect(page.locator('.feature-card').first()).toBeVisible();
         |                                                           ^
      16 |       
      17 |       const loadTime = Date.now() - startTime;
      18 |       
        at /Users/dahuang/CascadeProjects/earthzoomai.org/tests/performance/performance.spec.ts:15:59

    attachment #1: screenshot (image/png) ──────────────────────────────────────────────────────────
    ../test-results/performance-performance-性能测试-页面加载性能-首页加载时间测试-firefox/test-failed-1.png
    ────────────────────────────────────────────────────────────────────────────────────────────────

    attachment #2: video (video/webm) ──────────────────────────────────────────────────────────────
    ../test-results/performance-performance-性能测试-页面加载性能-首页加载时间测试-firefox/video.webm
    ────────────────────────────────────────────────────────────────────────────────────────────────

    Error Context: ../test-results/performance-performance-性能测试-页面加载性能-首页加载时间测试-firefox/error-context.md
]]>
</failure>
<system-out>
<![CDATA[
[[ATTACHMENT|performance-performance-性能测试-页面加载性能-首页加载时间测试-firefox/test-failed-1.png]]

[[ATTACHMENT|performance-performance-性能测试-页面加载性能-首页加载时间测试-firefox/video.webm]]

[[ATTACHMENT|performance-performance-性能测试-页面加载性能-首页加载时间测试-firefox/error-context.md]]
]]>
</system-out>
</testcase>
<testcase name="性能测试 › 页面加载性能 › 资源加载性能测试" classname="performance/performance.spec.ts" time="5.963">
<failure message="performance.spec.ts:25:9 资源加载性能测试" type="FAILURE">
<![CDATA[  [firefox] › performance/performance.spec.ts:25:9 › 性能测试 › 页面加载性能 › 资源加载性能测试 ──────────────────────

    Error: expect(received).toBeLessThan(expected)

    Expected: < 50
    Received:   64

      60 |       
      61 |       // 验证没有过多的请求
    > 62 |       expect(requests.length).toBeLessThan(50);
         |                               ^
      63 |       expect(imageRequests.length).toBeLessThan(20);
      64 |       
      65 |       // 验证没有失败的请求
        at /Users/dahuang/CascadeProjects/earthzoomai.org/tests/performance/performance.spec.ts:62:31

    attachment #1: screenshot (image/png) ──────────────────────────────────────────────────────────
    ../test-results/performance-performance-性能测试-页面加载性能-资源加载性能测试-firefox/test-failed-1.png
    ────────────────────────────────────────────────────────────────────────────────────────────────

    attachment #2: video (video/webm) ──────────────────────────────────────────────────────────────
    ../test-results/performance-performance-性能测试-页面加载性能-资源加载性能测试-firefox/video.webm
    ────────────────────────────────────────────────────────────────────────────────────────────────

    Error Context: ../test-results/performance-performance-性能测试-页面加载性能-资源加载性能测试-firefox/error-context.md
]]>
</failure>
<system-out>
<![CDATA[总请求数: 64
图片请求数: 13
脚本请求数: 39
样式表请求数: 0

[[ATTACHMENT|performance-performance-性能测试-页面加载性能-资源加载性能测试-firefox/test-failed-1.png]]

[[ATTACHMENT|performance-performance-性能测试-页面加载性能-资源加载性能测试-firefox/video.webm]]

[[ATTACHMENT|performance-performance-性能测试-页面加载性能-资源加载性能测试-firefox/error-context.md]]
]]>
</system-out>
</testcase>
<testcase name="性能测试 › 页面加载性能 › 图片加载优化测试" classname="performance/performance.spec.ts" time="4.843">
</testcase>
<testcase name="性能测试 › 运行时性能 › 滚动性能测试" classname="performance/performance.spec.ts" time="9.325">
<system-out>
<![CDATA[滚动时间: 2808ms
]]>
</system-out>
</testcase>
<testcase name="性能测试 › 运行时性能 › 动画性能测试" classname="performance/performance.spec.ts" time="5.404">
<system-out>
<![CDATA[动画时间: 614ms
]]>
</system-out>
</testcase>
<testcase name="性能测试 › 运行时性能 › 内存使用测试" classname="performance/performance.spec.ts" time="6.525">
</testcase>
<testcase name="性能测试 › 网络性能 › 慢网络条件下的性能" classname="performance/performance.spec.ts" time="6.682">
<system-out>
<![CDATA[慢网络加载时间: 6312ms
]]>
</system-out>
</testcase>
<testcase name="性能测试 › 网络性能 › 缓存性能测试" classname="performance/performance.spec.ts" time="5.458">
<system-out>
<![CDATA[首次加载时间: 4340ms
缓存加载时间: 789ms
]]>
</system-out>
</testcase>
<testcase name="性能测试 › 移动端性能 › 移动设备性能测试" classname="performance/performance.spec.ts" time="4.692">
<failure message="performance.spec.ts:245:9 移动设备性能测试" type="FAILURE">
<![CDATA[  [firefox] › performance/performance.spec.ts:245:9 › 性能测试 › 移动端性能 › 移动设备性能测试 ──────────────────────

    Error: expect(received).toBeLessThan(expected)

    Expected: < 3000
    Received:   4375

      260 |       
      261 |       // 移动端加载时间应该在合理范围内
    > 262 |       expect(loadTime).toBeLessThan(testData.performanceBenchmarks.maxLoadTime);
          |                        ^
      263 |     });
      264 |     
      265 |     test('触摸交互性能测试', async ({ page }) => {
        at /Users/dahuang/CascadeProjects/earthzoomai.org/tests/performance/performance.spec.ts:262:24

    attachment #1: screenshot (image/png) ──────────────────────────────────────────────────────────
    ../test-results/performance-performance-性能测试-移动端性能-移动设备性能测试-firefox/test-failed-1.png
    ────────────────────────────────────────────────────────────────────────────────────────────────

    attachment #2: video (video/webm) ──────────────────────────────────────────────────────────────
    ../test-results/performance-performance-性能测试-移动端性能-移动设备性能测试-firefox/video.webm
    ────────────────────────────────────────────────────────────────────────────────────────────────

    Error Context: ../test-results/performance-performance-性能测试-移动端性能-移动设备性能测试-firefox/error-context.md
]]>
</failure>
<system-out>
<![CDATA[移动端加载时间: 4375ms

[[ATTACHMENT|performance-performance-性能测试-移动端性能-移动设备性能测试-firefox/test-failed-1.png]]

[[ATTACHMENT|performance-performance-性能测试-移动端性能-移动设备性能测试-firefox/video.webm]]

[[ATTACHMENT|performance-performance-性能测试-移动端性能-移动设备性能测试-firefox/error-context.md]]
]]>
</system-out>
</testcase>
<testcase name="性能测试 › 移动端性能 › 触摸交互性能测试" classname="performance/performance.spec.ts" time="5.011">
<system-out>
<![CDATA[移动菜单响应时间: 381ms
]]>
</system-out>
</testcase>
<testcase name="性能测试 › Core Web Vitals › Largest Contentful Paint (LCP)" classname="performance/performance.spec.ts" time="9.634">
</testcase>
<testcase name="性能测试 › Core Web Vitals › First Input Delay (FID) 模拟" classname="performance/performance.spec.ts" time="4.693">
<system-out>
<![CDATA[首次交互延迟: 98ms
]]>
</system-out>
</testcase>
<testcase name="性能测试 › Core Web Vitals › Cumulative Layout Shift (CLS) 检测" classname="performance/performance.spec.ts" time="10.877">
<system-out>
<![CDATA[CLS: 0
]]>
</system-out>
</testcase>
</testsuite>
<testsuite name="seo/seo.spec.ts" timestamp="2025-07-24T07:09:26.317Z" hostname="firefox" tests="18" failures="6" skipped="0" time="96.939" errors="0">
<testcase name="SEO测试 › 基础SEO元素 › 页面标题测试" classname="seo/seo.spec.ts" time="4.649">
<failure message="seo.spec.ts:7:9 页面标题测试" type="FAILURE">
<![CDATA[  [firefox] › seo/seo.spec.ts:7:9 › SEO测试 › 基础SEO元素 › 页面标题测试 ───────────────────────────────────────

    Error: expect(received).toBeLessThan(expected)

    Expected: < 60
    Received:   64

      13 |       expect(title).toContain(testData.seoData.expectedTitle);
      14 |       expect(title.length).toBeGreaterThan(10);
    > 15 |       expect(title.length).toBeLessThan(60); // SEO最佳实践
         |                            ^
      16 |       
      17 |       console.log(`页面标题: ${title}`);
      18 |     });
        at /Users/dahuang/CascadeProjects/earthzoomai.org/tests/seo/seo.spec.ts:15:28

    attachment #1: screenshot (image/png) ──────────────────────────────────────────────────────────
    ../test-results/seo-seo-SEO测试-基础SEO元素-页面标题测试-firefox/test-failed-1.png
    ────────────────────────────────────────────────────────────────────────────────────────────────

    attachment #2: video (video/webm) ──────────────────────────────────────────────────────────────
    ../test-results/seo-seo-SEO测试-基础SEO元素-页面标题测试-firefox/video.webm
    ────────────────────────────────────────────────────────────────────────────────────────────────

    Error Context: ../test-results/seo-seo-SEO测试-基础SEO元素-页面标题测试-firefox/error-context.md
]]>
</failure>
<system-out>
<![CDATA[
[[ATTACHMENT|seo-seo-SEO测试-基础SEO元素-页面标题测试-firefox/test-failed-1.png]]

[[ATTACHMENT|seo-seo-SEO测试-基础SEO元素-页面标题测试-firefox/video.webm]]

[[ATTACHMENT|seo-seo-SEO测试-基础SEO元素-页面标题测试-firefox/error-context.md]]
]]>
</system-out>
</testcase>
<testcase name="SEO测试 › 基础SEO元素 › Meta描述测试" classname="seo/seo.spec.ts" time="4.59">
<failure message="seo.spec.ts:20:9 Meta描述测试" type="FAILURE">
<![CDATA[  [firefox] › seo/seo.spec.ts:20:9 › SEO测试 › 基础SEO元素 › Meta描述测试 ────────────────────────────────────

    Error: expect(received).toBeLessThan(expected)

    Expected: < 160
    Received:   176

      26 |       expect(metaDescription).toBeTruthy();
      27 |       expect(metaDescription!.length).toBeGreaterThan(50);
    > 28 |       expect(metaDescription!.length).toBeLessThan(160); // SEO最佳实践
         |                                       ^
      29 |       expect(metaDescription).toMatch(testData.seoData.expectedDescription);
      30 |       
      31 |       console.log(`Meta描述: ${metaDescription}`);
        at /Users/dahuang/CascadeProjects/earthzoomai.org/tests/seo/seo.spec.ts:28:39

    attachment #1: screenshot (image/png) ──────────────────────────────────────────────────────────
    ../test-results/seo-seo-SEO测试-基础SEO元素-Meta描述测试-firefox/test-failed-1.png
    ────────────────────────────────────────────────────────────────────────────────────────────────

    attachment #2: video (video/webm) ──────────────────────────────────────────────────────────────
    ../test-results/seo-seo-SEO测试-基础SEO元素-Meta描述测试-firefox/video.webm
    ────────────────────────────────────────────────────────────────────────────────────────────────

    Error Context: ../test-results/seo-seo-SEO测试-基础SEO元素-Meta描述测试-firefox/error-context.md
]]>
</failure>
<system-out>
<![CDATA[
[[ATTACHMENT|seo-seo-SEO测试-基础SEO元素-Meta描述测试-firefox/test-failed-1.png]]

[[ATTACHMENT|seo-seo-SEO测试-基础SEO元素-Meta描述测试-firefox/video.webm]]

[[ATTACHMENT|seo-seo-SEO测试-基础SEO元素-Meta描述测试-firefox/error-context.md]]
]]>
</system-out>
</testcase>
<testcase name="SEO测试 › 基础SEO元素 › Meta关键词测试" classname="seo/seo.spec.ts" time="5.818">
<system-out>
<![CDATA[Meta关键词: ZOOM EARTH AI, earth zoom, AI video generation, geographic visualization, satellite imagery, earth observation
]]>
</system-out>
</testcase>
<testcase name="SEO测试 › 基础SEO元素 › Canonical URL测试" classname="seo/seo.spec.ts" time="4.724">
<system-out>
<![CDATA[Canonical URL: http://localhost:3001/
]]>
</system-out>
</testcase>
<testcase name="SEO测试 › Open Graph标签 › OG基础标签测试" classname="seo/seo.spec.ts" time="5.919">
<system-out>
<![CDATA[Open Graph标签验证通过
]]>
</system-out>
</testcase>
<testcase name="SEO测试 › Open Graph标签 › Twitter Card标签测试" classname="seo/seo.spec.ts" time="4.454">
<system-out>
<![CDATA[Twitter Card标签验证通过
]]>
</system-out>
</testcase>
<testcase name="SEO测试 › 结构化数据 › JSON-LD结构化数据测试" classname="seo/seo.spec.ts" time="4.666">
<system-out>
<![CDATA[结构化数据 1: WebApplication
结构化数据 2: Organization
结构化数据 3: FAQPage
结构化数据 4: FAQPage
]]>
</system-out>
</testcase>
<testcase name="SEO测试 › 结构化数据 › FAQ结构化数据测试" classname="seo/seo.spec.ts" time="5.931">
<system-out>
<![CDATA[FAQ结构化数据包含 6 个问题
]]>
</system-out>
</testcase>
<testcase name="SEO测试 › 结构化数据 › Organization结构化数据测试" classname="seo/seo.spec.ts" time="4.59">
<failure message="seo.spec.ts:195:9 Organization结构化数据测试" type="FAILURE">
<![CDATA[  [firefox] › seo/seo.spec.ts:195:9 › SEO测试 › 结构化数据 › Organization结构化数据测试 ──────────────────────────

    Error: expect(received).toBe(expected) // Object.is equality

    Expected: "Organization"
    Received: "WebApplication"

      207 |           
      208 |           const orgData = JSON.parse(content);
    > 209 |           expect(orgData['@type']).toBe('Organization');
          |                                    ^
      210 |           expect(orgData.name).toBeTruthy();
      211 |           expect(orgData.url).toBeTruthy();
      212 |           
        at /Users/dahuang/CascadeProjects/earthzoomai.org/tests/seo/seo.spec.ts:209:36

    attachment #1: screenshot (image/png) ──────────────────────────────────────────────────────────
    ../test-results/seo-seo-SEO测试-结构化数据-Organization结构化数据测试-firefox/test-failed-1.png
    ────────────────────────────────────────────────────────────────────────────────────────────────

    attachment #2: video (video/webm) ──────────────────────────────────────────────────────────────
    ../test-results/seo-seo-SEO测试-结构化数据-Organization结构化数据测试-firefox/video.webm
    ────────────────────────────────────────────────────────────────────────────────────────────────

    Error Context: ../test-results/seo-seo-SEO测试-结构化数据-Organization结构化数据测试-firefox/error-context.md
]]>
</failure>
<system-out>
<![CDATA[
[[ATTACHMENT|seo-seo-SEO测试-结构化数据-Organization结构化数据测试-firefox/test-failed-1.png]]

[[ATTACHMENT|seo-seo-SEO测试-结构化数据-Organization结构化数据测试-firefox/video.webm]]

[[ATTACHMENT|seo-seo-SEO测试-结构化数据-Organization结构化数据测试-firefox/error-context.md]]
]]>
</system-out>
</testcase>
<testcase name="SEO测试 › HTML语义化 › 标题层级测试" classname="seo/seo.spec.ts" time="4.863">
<system-out>
<![CDATA[标题层级: 1, 2, 3, 3, 3, 2, 3, 3, 3, 3, 3, 3, 2, 3, 3, 3, 3, 3, 3, 2, 3, 3, 3, 3, 3, 3, 2, 3, 3, 3, 3
]]>
</system-out>
</testcase>
<testcase name="SEO测试 › HTML语义化 › 语义化标签测试" classname="seo/seo.spec.ts" time="4.582">
<system-out>
<![CDATA[语义化标签验证通过: 6个section, 1个nav
]]>
</system-out>
</testcase>
<testcase name="SEO测试 › HTML语义化 › 图片Alt属性测试" classname="seo/seo.spec.ts" time="4.6">
<system-out>
<![CDATA[图片 1: /favicon.ico - Alt: ZOOM EARTH AI Logo
图片 2: /images/showcase/landmark-transition.webp - Alt: Landmark Transition - From street view to satellite perspective
图片 3: /images/showcase/creative-effects.webp - Alt: Creative Effects - Artistic zoom sequences with style
图片 4: /images/showcase/advanced-features.webp - Alt: Advanced Features - Professional-grade zoom capabilities
所有 4 张图片都有有效的Alt属性
]]>
</system-out>
</testcase>
<testcase name="SEO测试 › HTML语义化 › 链接可访问性测试" classname="seo/seo.spec.ts" time="5.994">
<failure message="seo.spec.ts:299:9 链接可访问性测试" type="FAILURE">
<![CDATA[  [firefox] › seo/seo.spec.ts:299:9 › SEO测试 › HTML语义化 › 链接可访问性测试 ───────────────────────────────────

    Error: expect(received).toBeTruthy()

    Received: null

      313 |         // 验证链接有有效的文本或aria-label
      314 |         const hasValidText = (text && text.trim().length > 0) || (ariaLabel && ariaLabel.length > 0);
    > 315 |         expect(hasValidText).toBeTruthy();
          |                              ^
      316 |         
      317 |         // 如果是外部链接，验证target和rel属性
      318 |         if (href && (href.startsWith('http') || href.startsWith('//'))) {
        at /Users/dahuang/CascadeProjects/earthzoomai.org/tests/seo/seo.spec.ts:315:30

    attachment #1: screenshot (image/png) ──────────────────────────────────────────────────────────
    ../test-results/seo-seo-SEO测试-HTML语义化-链接可访问性测试-firefox/test-failed-1.png
    ────────────────────────────────────────────────────────────────────────────────────────────────

    attachment #2: video (video/webm) ──────────────────────────────────────────────────────────────
    ../test-results/seo-seo-SEO测试-HTML语义化-链接可访问性测试-firefox/video.webm
    ────────────────────────────────────────────────────────────────────────────────────────────────

    Error Context: ../test-results/seo-seo-SEO测试-HTML语义化-链接可访问性测试-firefox/error-context.md
]]>
</failure>
<system-out>
<![CDATA[
[[ATTACHMENT|seo-seo-SEO测试-HTML语义化-链接可访问性测试-firefox/test-failed-1.png]]

[[ATTACHMENT|seo-seo-SEO测试-HTML语义化-链接可访问性测试-firefox/video.webm]]

[[ATTACHMENT|seo-seo-SEO测试-HTML语义化-链接可访问性测试-firefox/error-context.md]]
]]>
</system-out>
</testcase>
<testcase name="SEO测试 › 页面性能SEO › 页面加载速度SEO测试" classname="seo/seo.spec.ts" time="4.961">
<failure message="seo.spec.ts:333:9 页面加载速度SEO测试" type="FAILURE">
<![CDATA[  [firefox] › seo/seo.spec.ts:333:9 › SEO测试 › 页面性能SEO › 页面加载速度SEO测试 ────────────────────────────────

    Error: expect(received).toBeLessThan(expected)

    Expected: < 3000
    Received:   4634

      343 |       
      344 |       // 页面加载时间对SEO很重要
    > 345 |       expect(loadTime).toBeLessThan(3000);
          |                        ^
      346 |       
      347 |       console.log(`页面加载时间: ${loadTime}ms (SEO友好)`);
      348 |     });
        at /Users/dahuang/CascadeProjects/earthzoomai.org/tests/seo/seo.spec.ts:345:24

    attachment #1: screenshot (image/png) ──────────────────────────────────────────────────────────
    ../test-results/seo-seo-SEO测试-页面性能SEO-页面加载速度SEO测试-firefox/test-failed-1.png
    ────────────────────────────────────────────────────────────────────────────────────────────────

    attachment #2: video (video/webm) ──────────────────────────────────────────────────────────────
    ../test-results/seo-seo-SEO测试-页面性能SEO-页面加载速度SEO测试-firefox/video.webm
    ────────────────────────────────────────────────────────────────────────────────────────────────

    Error Context: ../test-results/seo-seo-SEO测试-页面性能SEO-页面加载速度SEO测试-firefox/error-context.md
]]>
</failure>
<system-out>
<![CDATA[
[[ATTACHMENT|seo-seo-SEO测试-页面性能SEO-页面加载速度SEO测试-firefox/test-failed-1.png]]

[[ATTACHMENT|seo-seo-SEO测试-页面性能SEO-页面加载速度SEO测试-firefox/video.webm]]

[[ATTACHMENT|seo-seo-SEO测试-页面性能SEO-页面加载速度SEO测试-firefox/error-context.md]]
]]>
</system-out>
</testcase>
<testcase name="SEO测试 › 页面性能SEO › 移动端友好性测试" classname="seo/seo.spec.ts" time="4.711">
<system-out>
<![CDATA[移动端友好性验证通过，H1字体大小: 72px
]]>
</system-out>
</testcase>
<testcase name="SEO测试 › 页面性能SEO › HTTPS和安全性测试" classname="seo/seo.spec.ts" time="4.616">
<failure message="seo.spec.ts:378:9 HTTPS和安全性测试" type="FAILURE">
<![CDATA[  [firefox] › seo/seo.spec.ts:378:9 › SEO测试 › 页面性能SEO › HTTPS和安全性测试 ────────────────────────────────

    Error: expect(received).toMatch(expected)

    Expected pattern: /^https:/
    Received string:  "http://localhost:3001/"

      382 |       // 验证页面使用HTTPS
      383 |       const url = page.url();
    > 384 |       expect(url).toMatch(/^https:/);
          |                   ^
      385 |       
      386 |       // 验证没有混合内容警告
      387 |       const mixedContentWarnings: string[] = [];
        at /Users/dahuang/CascadeProjects/earthzoomai.org/tests/seo/seo.spec.ts:384:19

    attachment #1: screenshot (image/png) ──────────────────────────────────────────────────────────
    ../test-results/seo-seo-SEO测试-页面性能SEO-HTTPS和安全性测试-firefox/test-failed-1.png
    ────────────────────────────────────────────────────────────────────────────────────────────────

    attachment #2: video (video/webm) ──────────────────────────────────────────────────────────────
    ../test-results/seo-seo-SEO测试-页面性能SEO-HTTPS和安全性测试-firefox/video.webm
    ────────────────────────────────────────────────────────────────────────────────────────────────

    Error Context: ../test-results/seo-seo-SEO测试-页面性能SEO-HTTPS和安全性测试-firefox/error-context.md
]]>
</failure>
<system-out>
<![CDATA[
[[ATTACHMENT|seo-seo-SEO测试-页面性能SEO-HTTPS和安全性测试-firefox/test-failed-1.png]]

[[ATTACHMENT|seo-seo-SEO测试-页面性能SEO-HTTPS和安全性测试-firefox/video.webm]]

[[ATTACHMENT|seo-seo-SEO测试-页面性能SEO-HTTPS和安全性测试-firefox/error-context.md]]
]]>
</system-out>
</testcase>
<testcase name="SEO测试 › 内容SEO › 内容质量测试" classname="seo/seo.spec.ts" time="5.94">
<system-out>
<![CDATA[内容词数: 595
关键词分布: [
  { keyword: [32m'zoom'[39m, count: [33m28[39m },
  { keyword: [32m'earth'[39m, count: [33m22[39m },
  { keyword: [32m'ai'[39m, count: [33m34[39m },
  { keyword: [32m'satellite'[39m, count: [33m4[39m },
  { keyword: [32m'video'[39m, count: [33m6[39m },
  { keyword: [32m'generation'[39m, count: [33m1[39m }
]
]]>
</system-out>
</testcase>
<testcase name="SEO测试 › 内容SEO › 内部链接结构测试" classname="seo/seo.spec.ts" time="11.331">
<system-out>
<![CDATA[内部链接数量: 12, 锚点链接: 4
]]>
</system-out>
</testcase>
</testsuite>
<testsuite name="visual/visual-regression.spec.ts" timestamp="2025-07-24T07:09:26.317Z" hostname="firefox" tests="28" failures="26" skipped="2" time="233.548" errors="0">
<testcase name="视觉回归测试 › 页面截图对比 › 首页完整截图" classname="visual/visual-regression.spec.ts" time="9.303">
<failure message="visual-regression.spec.ts:7:9 首页完整截图" type="FAILURE">
<![CDATA[  [firefox] › visual/visual-regression.spec.ts:7:9 › 视觉回归测试 › 页面截图对比 › 首页完整截图 ──────────────────────

    Error: A snapshot doesn't exist at /Users/dahuang/CascadeProjects/earthzoomai.org/tests/visual/visual-regression.spec.ts-snapshots/homepage-full-firefox-darwin.png, writing actual.

      25 |       
      26 |       // 全页面截图
    > 27 |       await expect(page).toHaveScreenshot('homepage-full.png', {
         |       ^
      28 |         fullPage: true,
      29 |         animations: 'disabled'
      30 |       });
        at /Users/dahuang/CascadeProjects/earthzoomai.org/tests/visual/visual-regression.spec.ts:27:7

    attachment #1: homepage-full (image/png) ───────────────────────────────────────────────────────
    Expected: visual/visual-regression.spec.ts-snapshots/homepage-full-firefox-darwin.png
    Received: ../test-results/visual-visual-regression-视觉回归测试-页面截图对比-首页完整截图-firefox/homepage-full-actual.png
    ────────────────────────────────────────────────────────────────────────────────────────────────

    attachment #2: screenshot (image/png) ──────────────────────────────────────────────────────────
    ../test-results/visual-visual-regression-视觉回归测试-页面截图对比-首页完整截图-firefox/test-failed-1.png
    ────────────────────────────────────────────────────────────────────────────────────────────────

    attachment #3: video (video/webm) ──────────────────────────────────────────────────────────────
    ../test-results/visual-visual-regression-视觉回归测试-页面截图对比-首页完整截图-firefox/video.webm
    ────────────────────────────────────────────────────────────────────────────────────────────────

    Error Context: ../test-results/visual-visual-regression-视觉回归测试-页面截图对比-首页完整截图-firefox/error-context.md
]]>
</failure>
<system-out>
<![CDATA[
[[ATTACHMENT|../tests/visual/visual-regression.spec.ts-snapshots/homepage-full-firefox-darwin.png]]

[[ATTACHMENT|visual-visual-regression-视觉回归测试-页面截图对比-首页完整截图-firefox/homepage-full-actual.png]]

[[ATTACHMENT|visual-visual-regression-视觉回归测试-页面截图对比-首页完整截图-firefox/test-failed-1.png]]

[[ATTACHMENT|visual-visual-regression-视觉回归测试-页面截图对比-首页完整截图-firefox/video.webm]]

[[ATTACHMENT|visual-visual-regression-视觉回归测试-页面截图对比-首页完整截图-firefox/error-context.md]]
]]>
</system-out>
</testcase>
<testcase name="视觉回归测试 › 页面截图对比 › 首页Hero区域截图" classname="visual/visual-regression.spec.ts" time="8.954">
<failure message="visual-regression.spec.ts:33:9 首页Hero区域截图" type="FAILURE">
<![CDATA[  [firefox] › visual/visual-regression.spec.ts:33:9 › 视觉回归测试 › 页面截图对比 › 首页Hero区域截图 ─────────────────

    Error: A snapshot doesn't exist at /Users/dahuang/CascadeProjects/earthzoomai.org/tests/visual/visual-regression.spec.ts-snapshots/hero-section-firefox-darwin.png, writing actual.

      40 |       // Hero区域截图
      41 |       const heroSection = page.locator('section').first();
    > 42 |       await expect(heroSection).toHaveScreenshot('hero-section.png', {
         |       ^
      43 |         animations: 'disabled'
      44 |       });
      45 |     });
        at /Users/dahuang/CascadeProjects/earthzoomai.org/tests/visual/visual-regression.spec.ts:42:7

    attachment #1: hero-section (image/png) ────────────────────────────────────────────────────────
    Expected: visual/visual-regression.spec.ts-snapshots/hero-section-firefox-darwin.png
    Received: ../test-results/visual-visual-regression-视觉回归测试-页面截图对比-首页Hero区域截图-firefox/hero-section-actual.png
    ────────────────────────────────────────────────────────────────────────────────────────────────

    attachment #2: screenshot (image/png) ──────────────────────────────────────────────────────────
    ../test-results/visual-visual-regression-视觉回归测试-页面截图对比-首页Hero区域截图-firefox/test-failed-1.png
    ────────────────────────────────────────────────────────────────────────────────────────────────

    attachment #3: video (video/webm) ──────────────────────────────────────────────────────────────
    ../test-results/visual-visual-regression-视觉回归测试-页面截图对比-首页Hero区域截图-firefox/video.webm
    ────────────────────────────────────────────────────────────────────────────────────────────────

    Error Context: ../test-results/visual-visual-regression-视觉回归测试-页面截图对比-首页Hero区域截图-firefox/error-context.md
]]>
</failure>
<system-out>
<![CDATA[
[[ATTACHMENT|../tests/visual/visual-regression.spec.ts-snapshots/hero-section-firefox-darwin.png]]

[[ATTACHMENT|visual-visual-regression-视觉回归测试-页面截图对比-首页Hero区域截图-firefox/hero-section-actual.png]]

[[ATTACHMENT|visual-visual-regression-视觉回归测试-页面截图对比-首页Hero区域截图-firefox/test-failed-1.png]]

[[ATTACHMENT|visual-visual-regression-视觉回归测试-页面截图对比-首页Hero区域截图-firefox/video.webm]]

[[ATTACHMENT|visual-visual-regression-视觉回归测试-页面截图对比-首页Hero区域截图-firefox/error-context.md]]
]]>
</system-out>
</testcase>
<testcase name="视觉回归测试 › 页面截图对比 › 导航栏截图" classname="visual/visual-regression.spec.ts" time="4.932">
<failure message="visual-regression.spec.ts:47:9 导航栏截图" type="FAILURE">
<![CDATA[  [firefox] › visual/visual-regression.spec.ts:47:9 › 视觉回归测试 › 页面截图对比 › 导航栏截图 ──────────────────────

    Error: A snapshot doesn't exist at /Users/dahuang/CascadeProjects/earthzoomai.org/tests/visual/visual-regression.spec.ts-snapshots/navigation-header-firefox-darwin.png, writing actual.

      52 |       
      53 |       // 导航栏截图
    > 54 |       await expect(navigation.header).toHaveScreenshot('navigation-header.png', {
         |       ^
      55 |         animations: 'disabled'
      56 |       });
      57 |     });
        at /Users/dahuang/CascadeProjects/earthzoomai.org/tests/visual/visual-regression.spec.ts:54:7

    attachment #1: navigation-header (image/png) ───────────────────────────────────────────────────
    Expected: visual/visual-regression.spec.ts-snapshots/navigation-header-firefox-darwin.png
    Received: ../test-results/visual-visual-regression-视觉回归测试-页面截图对比-导航栏截图-firefox/navigation-header-actual.png
    ────────────────────────────────────────────────────────────────────────────────────────────────

    attachment #2: screenshot (image/png) ──────────────────────────────────────────────────────────
    ../test-results/visual-visual-regression-视觉回归测试-页面截图对比-导航栏截图-firefox/test-failed-1.png
    ────────────────────────────────────────────────────────────────────────────────────────────────

    attachment #3: video (video/webm) ──────────────────────────────────────────────────────────────
    ../test-results/visual-visual-regression-视觉回归测试-页面截图对比-导航栏截图-firefox/video.webm
    ────────────────────────────────────────────────────────────────────────────────────────────────

    Error Context: ../test-results/visual-visual-regression-视觉回归测试-页面截图对比-导航栏截图-firefox/error-context.md
]]>
</failure>
<system-out>
<![CDATA[
[[ATTACHMENT|../tests/visual/visual-regression.spec.ts-snapshots/navigation-header-firefox-darwin.png]]

[[ATTACHMENT|visual-visual-regression-视觉回归测试-页面截图对比-导航栏截图-firefox/navigation-header-actual.png]]

[[ATTACHMENT|visual-visual-regression-视觉回归测试-页面截图对比-导航栏截图-firefox/test-failed-1.png]]

[[ATTACHMENT|visual-visual-regression-视觉回归测试-页面截图对比-导航栏截图-firefox/video.webm]]

[[ATTACHMENT|visual-visual-regression-视觉回归测试-页面截图对比-导航栏截图-firefox/error-context.md]]
]]>
</system-out>
</testcase>
<testcase name="视觉回归测试 › 页面截图对比 › Features区域截图" classname="visual/visual-regression.spec.ts" time="8.745">
<failure message="visual-regression.spec.ts:59:9 Features区域截图" type="FAILURE">
<![CDATA[  [firefox] › visual/visual-regression.spec.ts:59:9 › 视觉回归测试 › 页面截图对比 › Features区域截图 ───────────────

    Error: A snapshot doesn't exist at /Users/dahuang/CascadeProjects/earthzoomai.org/tests/visual/visual-regression.spec.ts-snapshots/features-section-firefox-darwin.png, writing actual.

      69 |       
      70 |       // Features区域截图
    > 71 |       await expect(featuresSection).toHaveScreenshot('features-section.png', {
         |       ^
      72 |         animations: 'disabled'
      73 |       });
      74 |     });
        at /Users/dahuang/CascadeProjects/earthzoomai.org/tests/visual/visual-regression.spec.ts:71:7

    attachment #1: features-section (image/png) ────────────────────────────────────────────────────
    Expected: visual/visual-regression.spec.ts-snapshots/features-section-firefox-darwin.png
    Received: ../test-results/visual-visual-regression-视觉回归测试-页面截图对比-Features区域截图-firefox/features-section-actual.png
    ────────────────────────────────────────────────────────────────────────────────────────────────

    attachment #2: screenshot (image/png) ──────────────────────────────────────────────────────────
    ../test-results/visual-visual-regression-视觉回归测试-页面截图对比-Features区域截图-firefox/test-failed-1.png
    ────────────────────────────────────────────────────────────────────────────────────────────────

    attachment #3: video (video/webm) ──────────────────────────────────────────────────────────────
    ../test-results/visual-visual-regression-视觉回归测试-页面截图对比-Features区域截图-firefox/video.webm
    ────────────────────────────────────────────────────────────────────────────────────────────────

    Error Context: ../test-results/visual-visual-regression-视觉回归测试-页面截图对比-Features区域截图-firefox/error-context.md
]]>
</failure>
<system-out>
<![CDATA[
[[ATTACHMENT|../tests/visual/visual-regression.spec.ts-snapshots/features-section-firefox-darwin.png]]

[[ATTACHMENT|visual-visual-regression-视觉回归测试-页面截图对比-Features区域截图-firefox/features-section-actual.png]]

[[ATTACHMENT|visual-visual-regression-视觉回归测试-页面截图对比-Features区域截图-firefox/test-failed-1.png]]

[[ATTACHMENT|visual-visual-regression-视觉回归测试-页面截图对比-Features区域截图-firefox/video.webm]]

[[ATTACHMENT|visual-visual-regression-视觉回归测试-页面截图对比-Features区域截图-firefox/error-context.md]]
]]>
</system-out>
</testcase>
<testcase name="视觉回归测试 › 页面截图对比 › FAQ区域截图" classname="visual/visual-regression.spec.ts" time="7.775">
<failure message="visual-regression.spec.ts:76:9 FAQ区域截图" type="FAILURE">
<![CDATA[  [firefox] › visual/visual-regression.spec.ts:76:9 › 视觉回归测试 › 页面截图对比 › FAQ区域截图 ────────────────────

    Error: A snapshot doesn't exist at /Users/dahuang/CascadeProjects/earthzoomai.org/tests/visual/visual-regression.spec.ts-snapshots/faq-section-firefox-darwin.png, writing actual.

      86 |       
      87 |       // FAQ区域截图
    > 88 |       await expect(faqSection).toHaveScreenshot('faq-section.png', {
         |       ^
      89 |         animations: 'disabled'
      90 |       });
      91 |     });
        at /Users/dahuang/CascadeProjects/earthzoomai.org/tests/visual/visual-regression.spec.ts:88:7

    attachment #1: faq-section (image/png) ─────────────────────────────────────────────────────────
    Expected: visual/visual-regression.spec.ts-snapshots/faq-section-firefox-darwin.png
    Received: ../test-results/visual-visual-regression-视觉回归测试-页面截图对比-FAQ区域截图-firefox/faq-section-actual.png
    ────────────────────────────────────────────────────────────────────────────────────────────────

    attachment #2: screenshot (image/png) ──────────────────────────────────────────────────────────
    ../test-results/visual-visual-regression-视觉回归测试-页面截图对比-FAQ区域截图-firefox/test-failed-1.png
    ────────────────────────────────────────────────────────────────────────────────────────────────

    attachment #3: video (video/webm) ──────────────────────────────────────────────────────────────
    ../test-results/visual-visual-regression-视觉回归测试-页面截图对比-FAQ区域截图-firefox/video.webm
    ────────────────────────────────────────────────────────────────────────────────────────────────

    Error Context: ../test-results/visual-visual-regression-视觉回归测试-页面截图对比-FAQ区域截图-firefox/error-context.md
]]>
</failure>
<system-out>
<![CDATA[
[[ATTACHMENT|../tests/visual/visual-regression.spec.ts-snapshots/faq-section-firefox-darwin.png]]

[[ATTACHMENT|visual-visual-regression-视觉回归测试-页面截图对比-FAQ区域截图-firefox/faq-section-actual.png]]

[[ATTACHMENT|visual-visual-regression-视觉回归测试-页面截图对比-FAQ区域截图-firefox/test-failed-1.png]]

[[ATTACHMENT|visual-visual-regression-视觉回归测试-页面截图对比-FAQ区域截图-firefox/video.webm]]

[[ATTACHMENT|visual-visual-regression-视觉回归测试-页面截图对比-FAQ区域截图-firefox/error-context.md]]
]]>
</system-out>
</testcase>
<testcase name="视觉回归测试 › 页面截图对比 › Footer截图" classname="visual/visual-regression.spec.ts" time="6.878">
<failure message="visual-regression.spec.ts:93:9 Footer截图" type="FAILURE">
<![CDATA[  [firefox] › visual/visual-regression.spec.ts:93:9 › 视觉回归测试 › 页面截图对比 › Footer截图 ───────────────────

    Error: A snapshot doesn't exist at /Users/dahuang/CascadeProjects/earthzoomai.org/tests/visual/visual-regression.spec.ts-snapshots/footer-section-firefox-darwin.png, writing actual.

      102 |       
      103 |       // Footer截图
    > 104 |       await expect(page.locator('footer')).toHaveScreenshot('footer-section.png', {
          |       ^
      105 |         animations: 'disabled'
      106 |       });
      107 |     });
        at /Users/dahuang/CascadeProjects/earthzoomai.org/tests/visual/visual-regression.spec.ts:104:7

    attachment #1: footer-section (image/png) ──────────────────────────────────────────────────────
    Expected: visual/visual-regression.spec.ts-snapshots/footer-section-firefox-darwin.png
    Received: ../test-results/visual-visual-regression-视觉回归测试-页面截图对比-Footer截图-firefox/footer-section-actual.png
    ────────────────────────────────────────────────────────────────────────────────────────────────

    attachment #2: screenshot (image/png) ──────────────────────────────────────────────────────────
    ../test-results/visual-visual-regression-视觉回归测试-页面截图对比-Footer截图-firefox/test-failed-1.png
    ────────────────────────────────────────────────────────────────────────────────────────────────

    attachment #3: video (video/webm) ──────────────────────────────────────────────────────────────
    ../test-results/visual-visual-regression-视觉回归测试-页面截图对比-Footer截图-firefox/video.webm
    ────────────────────────────────────────────────────────────────────────────────────────────────

    Error Context: ../test-results/visual-visual-regression-视觉回归测试-页面截图对比-Footer截图-firefox/error-context.md
]]>
</failure>
<system-out>
<![CDATA[
[[ATTACHMENT|../tests/visual/visual-regression.spec.ts-snapshots/footer-section-firefox-darwin.png]]

[[ATTACHMENT|visual-visual-regression-视觉回归测试-页面截图对比-Footer截图-firefox/footer-section-actual.png]]

[[ATTACHMENT|visual-visual-regression-视觉回归测试-页面截图对比-Footer截图-firefox/test-failed-1.png]]

[[ATTACHMENT|visual-visual-regression-视觉回归测试-页面截图对比-Footer截图-firefox/video.webm]]

[[ATTACHMENT|visual-visual-regression-视觉回归测试-页面截图对比-Footer截图-firefox/error-context.md]]
]]>
</system-out>
</testcase>
<testcase name="视觉回归测试 › 响应式截图对比 › 移动端首页截图" classname="visual/visual-regression.spec.ts" time="10.709">
<failure message="visual-regression.spec.ts:111:9 移动端首页截图" type="FAILURE">
<![CDATA[  [firefox] › visual/visual-regression.spec.ts:111:9 › 视觉回归测试 › 响应式截图对比 › 移动端首页截图 ──────────────────

    Error: A snapshot doesn't exist at /Users/dahuang/CascadeProjects/earthzoomai.org/tests/visual/visual-regression.spec.ts-snapshots/homepage-mobile-firefox-darwin.png, writing actual.

      119 |       
      120 |       // 移动端全页面截图
    > 121 |       await expect(page).toHaveScreenshot('homepage-mobile.png', {
          |       ^
      122 |         fullPage: true,
      123 |         animations: 'disabled'
      124 |       });
        at /Users/dahuang/CascadeProjects/earthzoomai.org/tests/visual/visual-regression.spec.ts:121:7

    attachment #1: homepage-mobile (image/png) ─────────────────────────────────────────────────────
    Expected: visual/visual-regression.spec.ts-snapshots/homepage-mobile-firefox-darwin.png
    Received: ../test-results/visual-visual-regression-视觉回归测试-响应式截图对比-移动端首页截图-firefox/homepage-mobile-actual.png
    ────────────────────────────────────────────────────────────────────────────────────────────────

    attachment #2: screenshot (image/png) ──────────────────────────────────────────────────────────
    ../test-results/visual-visual-regression-视觉回归测试-响应式截图对比-移动端首页截图-firefox/test-failed-1.png
    ────────────────────────────────────────────────────────────────────────────────────────────────

    attachment #3: video (video/webm) ──────────────────────────────────────────────────────────────
    ../test-results/visual-visual-regression-视觉回归测试-响应式截图对比-移动端首页截图-firefox/video.webm
    ────────────────────────────────────────────────────────────────────────────────────────────────

    Error Context: ../test-results/visual-visual-regression-视觉回归测试-响应式截图对比-移动端首页截图-firefox/error-context.md
]]>
</failure>
<system-out>
<![CDATA[
[[ATTACHMENT|../tests/visual/visual-regression.spec.ts-snapshots/homepage-mobile-firefox-darwin.png]]

[[ATTACHMENT|visual-visual-regression-视觉回归测试-响应式截图对比-移动端首页截图-firefox/homepage-mobile-actual.png]]

[[ATTACHMENT|visual-visual-regression-视觉回归测试-响应式截图对比-移动端首页截图-firefox/test-failed-1.png]]

[[ATTACHMENT|visual-visual-regression-视觉回归测试-响应式截图对比-移动端首页截图-firefox/video.webm]]

[[ATTACHMENT|visual-visual-regression-视觉回归测试-响应式截图对比-移动端首页截图-firefox/error-context.md]]
]]>
</system-out>
</testcase>
<testcase name="视觉回归测试 › 响应式截图对比 › 平板端首页截图" classname="visual/visual-regression.spec.ts" time="9.793">
<failure message="visual-regression.spec.ts:127:9 平板端首页截图" type="FAILURE">
<![CDATA[  [firefox] › visual/visual-regression.spec.ts:127:9 › 视觉回归测试 › 响应式截图对比 › 平板端首页截图 ──────────────────

    Error: A snapshot doesn't exist at /Users/dahuang/CascadeProjects/earthzoomai.org/tests/visual/visual-regression.spec.ts-snapshots/homepage-tablet-firefox-darwin.png, writing actual.

      135 |       
      136 |       // 平板端全页面截图
    > 137 |       await expect(page).toHaveScreenshot('homepage-tablet.png', {
          |       ^
      138 |         fullPage: true,
      139 |         animations: 'disabled'
      140 |       });
        at /Users/dahuang/CascadeProjects/earthzoomai.org/tests/visual/visual-regression.spec.ts:137:7

    attachment #1: homepage-tablet (image/png) ─────────────────────────────────────────────────────
    Expected: visual/visual-regression.spec.ts-snapshots/homepage-tablet-firefox-darwin.png
    Received: ../test-results/visual-visual-regression-视觉回归测试-响应式截图对比-平板端首页截图-firefox/homepage-tablet-actual.png
    ────────────────────────────────────────────────────────────────────────────────────────────────

    attachment #2: screenshot (image/png) ──────────────────────────────────────────────────────────
    ../test-results/visual-visual-regression-视觉回归测试-响应式截图对比-平板端首页截图-firefox/test-failed-1.png
    ────────────────────────────────────────────────────────────────────────────────────────────────

    attachment #3: video (video/webm) ──────────────────────────────────────────────────────────────
    ../test-results/visual-visual-regression-视觉回归测试-响应式截图对比-平板端首页截图-firefox/video.webm
    ────────────────────────────────────────────────────────────────────────────────────────────────

    Error Context: ../test-results/visual-visual-regression-视觉回归测试-响应式截图对比-平板端首页截图-firefox/error-context.md
]]>
</failure>
<system-out>
<![CDATA[
[[ATTACHMENT|../tests/visual/visual-regression.spec.ts-snapshots/homepage-tablet-firefox-darwin.png]]

[[ATTACHMENT|visual-visual-regression-视觉回归测试-响应式截图对比-平板端首页截图-firefox/homepage-tablet-actual.png]]

[[ATTACHMENT|visual-visual-regression-视觉回归测试-响应式截图对比-平板端首页截图-firefox/test-failed-1.png]]

[[ATTACHMENT|visual-visual-regression-视觉回归测试-响应式截图对比-平板端首页截图-firefox/video.webm]]

[[ATTACHMENT|visual-visual-regression-视觉回归测试-响应式截图对比-平板端首页截图-firefox/error-context.md]]
]]>
</system-out>
</testcase>
<testcase name="视觉回归测试 › 响应式截图对比 › 桌面端首页截图" classname="visual/visual-regression.spec.ts" time="9.521">
<failure message="visual-regression.spec.ts:143:9 桌面端首页截图" type="FAILURE">
<![CDATA[  [firefox] › visual/visual-regression.spec.ts:143:9 › 视觉回归测试 › 响应式截图对比 › 桌面端首页截图 ──────────────────

    Error: A snapshot doesn't exist at /Users/dahuang/CascadeProjects/earthzoomai.org/tests/visual/visual-regression.spec.ts-snapshots/homepage-desktop-firefox-darwin.png, writing actual.

      151 |       
      152 |       // 桌面端全页面截图
    > 153 |       await expect(page).toHaveScreenshot('homepage-desktop.png', {
          |       ^
      154 |         fullPage: true,
      155 |         animations: 'disabled'
      156 |       });
        at /Users/dahuang/CascadeProjects/earthzoomai.org/tests/visual/visual-regression.spec.ts:153:7

    attachment #1: homepage-desktop (image/png) ────────────────────────────────────────────────────
    Expected: visual/visual-regression.spec.ts-snapshots/homepage-desktop-firefox-darwin.png
    Received: ../test-results/visual-visual-regression-视觉回归测试-响应式截图对比-桌面端首页截图-firefox/homepage-desktop-actual.png
    ────────────────────────────────────────────────────────────────────────────────────────────────

    attachment #2: screenshot (image/png) ──────────────────────────────────────────────────────────
    ../test-results/visual-visual-regression-视觉回归测试-响应式截图对比-桌面端首页截图-firefox/test-failed-1.png
    ────────────────────────────────────────────────────────────────────────────────────────────────

    attachment #3: video (video/webm) ──────────────────────────────────────────────────────────────
    ../test-results/visual-visual-regression-视觉回归测试-响应式截图对比-桌面端首页截图-firefox/video.webm
    ────────────────────────────────────────────────────────────────────────────────────────────────

    Error Context: ../test-results/visual-visual-regression-视觉回归测试-响应式截图对比-桌面端首页截图-firefox/error-context.md
]]>
</failure>
<system-out>
<![CDATA[
[[ATTACHMENT|../tests/visual/visual-regression.spec.ts-snapshots/homepage-desktop-firefox-darwin.png]]

[[ATTACHMENT|visual-visual-regression-视觉回归测试-响应式截图对比-桌面端首页截图-firefox/homepage-desktop-actual.png]]

[[ATTACHMENT|visual-visual-regression-视觉回归测试-响应式截图对比-桌面端首页截图-firefox/test-failed-1.png]]

[[ATTACHMENT|visual-visual-regression-视觉回归测试-响应式截图对比-桌面端首页截图-firefox/video.webm]]

[[ATTACHMENT|visual-visual-regression-视觉回归测试-响应式截图对比-桌面端首页截图-firefox/error-context.md]]
]]>
</system-out>
</testcase>
<testcase name="视觉回归测试 › 响应式截图对比 › 移动端导航菜单截图" classname="visual/visual-regression.spec.ts" time="16.39">
<failure message="visual-regression.spec.ts:159:9 移动端导航菜单截图" type="FAILURE">
<![CDATA[  [firefox] › visual/visual-regression.spec.ts:159:9 › 视觉回归测试 › 响应式截图对比 › 移动端导航菜单截图 ────────────────

    TimeoutError: locator.click: Timeout 10000ms exceeded.
    Call log:
      - waiting for locator('button').filter({ hasText: /M4 6h16/ })


       at fixtures/page-objects.ts:111

      109 |
      110 |   async toggleMobileMenu() {
    > 111 |     await this.mobileMenuButton.click();
          |                                 ^
      112 |   }
      113 |
      114 |   async verifyNavigation() {
        at NavigationComponent.toggleMobileMenu (/Users/dahuang/CascadeProjects/earthzoomai.org/tests/fixtures/page-objects.ts:111:33)
        at /Users/dahuang/CascadeProjects/earthzoomai.org/tests/visual/visual-regression.spec.ts:168:24

    attachment #1: screenshot (image/png) ──────────────────────────────────────────────────────────
    ../test-results/visual-visual-regression-视觉回归测试-响应式截图对比-移动端导航菜单截图-firefox/test-failed-1.png
    ────────────────────────────────────────────────────────────────────────────────────────────────

    attachment #2: video (video/webm) ──────────────────────────────────────────────────────────────
    ../test-results/visual-visual-regression-视觉回归测试-响应式截图对比-移动端导航菜单截图-firefox/video.webm
    ────────────────────────────────────────────────────────────────────────────────────────────────

    Error Context: ../test-results/visual-visual-regression-视觉回归测试-响应式截图对比-移动端导航菜单截图-firefox/error-context.md
]]>
</failure>
<system-out>
<![CDATA[
[[ATTACHMENT|visual-visual-regression-视觉回归测试-响应式截图对比-移动端导航菜单截图-firefox/test-failed-1.png]]

[[ATTACHMENT|visual-visual-regression-视觉回归测试-响应式截图对比-移动端导航菜单截图-firefox/video.webm]]

[[ATTACHMENT|visual-visual-regression-视觉回归测试-响应式截图对比-移动端导航菜单截图-firefox/error-context.md]]
]]>
</system-out>
</testcase>
<testcase name="视觉回归测试 › 交互状态截图 › 按钮悬停状态截图" classname="visual/visual-regression.spec.ts" time="10.239">
<failure message="visual-regression.spec.ts:179:9 按钮悬停状态截图" type="FAILURE">
<![CDATA[  [firefox] › visual/visual-regression.spec.ts:179:9 › 视觉回归测试 › 交互状态截图 › 按钮悬停状态截图 ──────────────────

    Error: A snapshot doesn't exist at /Users/dahuang/CascadeProjects/earthzoomai.org/tests/visual/visual-regression.spec.ts-snapshots/button-hover-state-firefox-darwin.png, writing actual.

      191 |       
      192 |       // 悬停状态截图
    > 193 |       await expect(primaryButton).toHaveScreenshot('button-hover-state.png', {
          |       ^
      194 |         animations: 'disabled'
      195 |       });
      196 |     });
        at /Users/dahuang/CascadeProjects/earthzoomai.org/tests/visual/visual-regression.spec.ts:193:7

    attachment #1: button-hover-state (image/png) ──────────────────────────────────────────────────
    Expected: visual/visual-regression.spec.ts-snapshots/button-hover-state-firefox-darwin.png
    Received: ../test-results/visual-visual-regression-视觉回归测试-交互状态截图-按钮悬停状态截图-firefox/button-hover-state-actual.png
    ────────────────────────────────────────────────────────────────────────────────────────────────

    attachment #2: screenshot (image/png) ──────────────────────────────────────────────────────────
    ../test-results/visual-visual-regression-视觉回归测试-交互状态截图-按钮悬停状态截图-firefox/test-failed-1.png
    ────────────────────────────────────────────────────────────────────────────────────────────────

    attachment #3: video (video/webm) ──────────────────────────────────────────────────────────────
    ../test-results/visual-visual-regression-视觉回归测试-交互状态截图-按钮悬停状态截图-firefox/video.webm
    ────────────────────────────────────────────────────────────────────────────────────────────────

    Error Context: ../test-results/visual-visual-regression-视觉回归测试-交互状态截图-按钮悬停状态截图-firefox/error-context.md
]]>
</failure>
<system-out>
<![CDATA[
[[ATTACHMENT|../tests/visual/visual-regression.spec.ts-snapshots/button-hover-state-firefox-darwin.png]]

[[ATTACHMENT|visual-visual-regression-视觉回归测试-交互状态截图-按钮悬停状态截图-firefox/button-hover-state-actual.png]]

[[ATTACHMENT|visual-visual-regression-视觉回归测试-交互状态截图-按钮悬停状态截图-firefox/test-failed-1.png]]

[[ATTACHMENT|visual-visual-regression-视觉回归测试-交互状态截图-按钮悬停状态截图-firefox/video.webm]]

[[ATTACHMENT|visual-visual-regression-视觉回归测试-交互状态截图-按钮悬停状态截图-firefox/error-context.md]]
]]>
</system-out>
</testcase>
<testcase name="视觉回归测试 › 交互状态截图 › 链接悬停状态截图" classname="visual/visual-regression.spec.ts" time="15.826">
<failure message="visual-regression.spec.ts:198:9 链接悬停状态截图" type="FAILURE">
<![CDATA[  [firefox] › visual/visual-regression.spec.ts:198:9 › 视觉回归测试 › 交互状态截图 › 链接悬停状态截图 ──────────────────

    TimeoutError: locator.hover: Timeout 10000ms exceeded.
    Call log:
      - waiting for locator('nav a').first()


      206 |       
      207 |       // 悬停状态
    > 208 |       await navLink.hover();
          |                     ^
      209 |       await page.waitForTimeout(300);
      210 |       
      211 |       // 悬停状态截图
        at /Users/dahuang/CascadeProjects/earthzoomai.org/tests/visual/visual-regression.spec.ts:208:21

    attachment #1: screenshot (image/png) ──────────────────────────────────────────────────────────
    ../test-results/visual-visual-regression-视觉回归测试-交互状态截图-链接悬停状态截图-firefox/test-failed-1.png
    ────────────────────────────────────────────────────────────────────────────────────────────────

    attachment #2: video (video/webm) ──────────────────────────────────────────────────────────────
    ../test-results/visual-visual-regression-视觉回归测试-交互状态截图-链接悬停状态截图-firefox/video.webm
    ────────────────────────────────────────────────────────────────────────────────────────────────

    Error Context: ../test-results/visual-visual-regression-视觉回归测试-交互状态截图-链接悬停状态截图-firefox/error-context.md
]]>
</failure>
<system-out>
<![CDATA[
[[ATTACHMENT|visual-visual-regression-视觉回归测试-交互状态截图-链接悬停状态截图-firefox/test-failed-1.png]]

[[ATTACHMENT|visual-visual-regression-视觉回归测试-交互状态截图-链接悬停状态截图-firefox/video.webm]]

[[ATTACHMENT|visual-visual-regression-视觉回归测试-交互状态截图-链接悬停状态截图-firefox/error-context.md]]
]]>
</system-out>
</testcase>
<testcase name="视觉回归测试 › 交互状态截图 › 表单焦点状态截图" classname="visual/visual-regression.spec.ts" time="6.275">
<failure message="visual-regression.spec.ts:217:9 表单焦点状态截图" type="FAILURE">
<![CDATA[  [firefox] › visual/visual-regression.spec.ts:217:9 › 视觉回归测试 › 交互状态截图 › 表单焦点状态截图 ──────────────────

    Error: A snapshot doesn't exist at /Users/dahuang/CascadeProjects/earthzoomai.org/tests/visual/visual-regression.spec.ts-snapshots/input-focus-state-firefox-darwin.png, writing actual.

      230 |         
      231 |         // 焦点状态截图
    > 232 |         await expect(emailInput).toHaveScreenshot('input-focus-state.png', {
          |         ^
      233 |           animations: 'disabled'
      234 |         });
      235 |       }
        at /Users/dahuang/CascadeProjects/earthzoomai.org/tests/visual/visual-regression.spec.ts:232:9

    attachment #1: input-focus-state (image/png) ───────────────────────────────────────────────────
    Expected: visual/visual-regression.spec.ts-snapshots/input-focus-state-firefox-darwin.png
    Received: ../test-results/visual-visual-regression-视觉回归测试-交互状态截图-表单焦点状态截图-firefox/input-focus-state-actual.png
    ────────────────────────────────────────────────────────────────────────────────────────────────

    attachment #2: screenshot (image/png) ──────────────────────────────────────────────────────────
    ../test-results/visual-visual-regression-视觉回归测试-交互状态截图-表单焦点状态截图-firefox/test-failed-1.png
    ────────────────────────────────────────────────────────────────────────────────────────────────

    attachment #3: video (video/webm) ──────────────────────────────────────────────────────────────
    ../test-results/visual-visual-regression-视觉回归测试-交互状态截图-表单焦点状态截图-firefox/video.webm
    ────────────────────────────────────────────────────────────────────────────────────────────────

    Error Context: ../test-results/visual-visual-regression-视觉回归测试-交互状态截图-表单焦点状态截图-firefox/error-context.md
]]>
</failure>
<system-out>
<![CDATA[
[[ATTACHMENT|../tests/visual/visual-regression.spec.ts-snapshots/input-focus-state-firefox-darwin.png]]

[[ATTACHMENT|visual-visual-regression-视觉回归测试-交互状态截图-表单焦点状态截图-firefox/input-focus-state-actual.png]]

[[ATTACHMENT|visual-visual-regression-视觉回归测试-交互状态截图-表单焦点状态截图-firefox/test-failed-1.png]]

[[ATTACHMENT|visual-visual-regression-视觉回归测试-交互状态截图-表单焦点状态截图-firefox/video.webm]]

[[ATTACHMENT|visual-visual-regression-视觉回归测试-交互状态截图-表单焦点状态截图-firefox/error-context.md]]
]]>
</system-out>
</testcase>
<testcase name="视觉回归测试 › 交互状态截图 › FAQ展开状态截图" classname="visual/visual-regression.spec.ts" time="6.646">
<failure message="visual-regression.spec.ts:238:9 FAQ展开状态截图" type="FAILURE">
<![CDATA[  [firefox] › visual/visual-regression.spec.ts:238:9 › 视觉回归测试 › 交互状态截图 › FAQ展开状态截图 ─────────────────

    Error: A snapshot doesn't exist at /Users/dahuang/CascadeProjects/earthzoomai.org/tests/visual/visual-regression.spec.ts-snapshots/faq-expanded-state-firefox-darwin.png, writing actual.

      255 |         
      256 |         // 展开状态截图
    > 257 |         await expect(faqSection).toHaveScreenshot('faq-expanded-state.png', {
          |         ^
      258 |           animations: 'disabled'
      259 |         });
      260 |       }
        at /Users/dahuang/CascadeProjects/earthzoomai.org/tests/visual/visual-regression.spec.ts:257:9

    attachment #1: faq-expanded-state (image/png) ──────────────────────────────────────────────────
    Expected: visual/visual-regression.spec.ts-snapshots/faq-expanded-state-firefox-darwin.png
    Received: ../test-results/visual-visual-regression-视觉回归测试-交互状态截图-FAQ展开状态截图-firefox/faq-expanded-state-actual.png
    ────────────────────────────────────────────────────────────────────────────────────────────────

    attachment #2: screenshot (image/png) ──────────────────────────────────────────────────────────
    ../test-results/visual-visual-regression-视觉回归测试-交互状态截图-FAQ展开状态截图-firefox/test-failed-1.png
    ────────────────────────────────────────────────────────────────────────────────────────────────

    attachment #3: video (video/webm) ──────────────────────────────────────────────────────────────
    ../test-results/visual-visual-regression-视觉回归测试-交互状态截图-FAQ展开状态截图-firefox/video.webm
    ────────────────────────────────────────────────────────────────────────────────────────────────

    Error Context: ../test-results/visual-visual-regression-视觉回归测试-交互状态截图-FAQ展开状态截图-firefox/error-context.md
]]>
</failure>
<system-out>
<![CDATA[
[[ATTACHMENT|../tests/visual/visual-regression.spec.ts-snapshots/faq-expanded-state-firefox-darwin.png]]

[[ATTACHMENT|visual-visual-regression-视觉回归测试-交互状态截图-FAQ展开状态截图-firefox/faq-expanded-state-actual.png]]

[[ATTACHMENT|visual-visual-regression-视觉回归测试-交互状态截图-FAQ展开状态截图-firefox/test-failed-1.png]]

[[ATTACHMENT|visual-visual-regression-视觉回归测试-交互状态截图-FAQ展开状态截图-firefox/video.webm]]

[[ATTACHMENT|visual-visual-regression-视觉回归测试-交互状态截图-FAQ展开状态截图-firefox/error-context.md]]
]]>
</system-out>
</testcase>
<testcase name="视觉回归测试 › 主题和样式变化 › 深色主题截图" classname="visual/visual-regression.spec.ts" time="8.681">
<failure message="visual-regression.spec.ts:265:9 深色主题截图" type="FAILURE">
<![CDATA[  [firefox] › visual/visual-regression.spec.ts:265:9 › 视觉回归测试 › 主题和样式变化 › 深色主题截图 ───────────────────

    Error: A snapshot doesn't exist at /Users/dahuang/CascadeProjects/earthzoomai.org/tests/visual/visual-regression.spec.ts-snapshots/homepage-dark-theme-firefox-darwin.png, writing actual.

      274 |       
      275 |       // 深色主题截图
    > 276 |       await expect(page).toHaveScreenshot('homepage-dark-theme.png', {
          |       ^
      277 |         fullPage: true,
      278 |         animations: 'disabled'
      279 |       });
        at /Users/dahuang/CascadeProjects/earthzoomai.org/tests/visual/visual-regression.spec.ts:276:7

    attachment #1: homepage-dark-theme (image/png) ─────────────────────────────────────────────────
    Expected: visual/visual-regression.spec.ts-snapshots/homepage-dark-theme-firefox-darwin.png
    Received: ../test-results/visual-visual-regression-视觉回归测试-主题和样式变化-深色主题截图-firefox/homepage-dark-theme-actual.png
    ────────────────────────────────────────────────────────────────────────────────────────────────

    attachment #2: screenshot (image/png) ──────────────────────────────────────────────────────────
    ../test-results/visual-visual-regression-视觉回归测试-主题和样式变化-深色主题截图-firefox/test-failed-1.png
    ────────────────────────────────────────────────────────────────────────────────────────────────

    attachment #3: video (video/webm) ──────────────────────────────────────────────────────────────
    ../test-results/visual-visual-regression-视觉回归测试-主题和样式变化-深色主题截图-firefox/video.webm
    ────────────────────────────────────────────────────────────────────────────────────────────────

    Error Context: ../test-results/visual-visual-regression-视觉回归测试-主题和样式变化-深色主题截图-firefox/error-context.md
]]>
</failure>
<system-out>
<![CDATA[
[[ATTACHMENT|../tests/visual/visual-regression.spec.ts-snapshots/homepage-dark-theme-firefox-darwin.png]]

[[ATTACHMENT|visual-visual-regression-视觉回归测试-主题和样式变化-深色主题截图-firefox/homepage-dark-theme-actual.png]]

[[ATTACHMENT|visual-visual-regression-视觉回归测试-主题和样式变化-深色主题截图-firefox/test-failed-1.png]]

[[ATTACHMENT|visual-visual-regression-视觉回归测试-主题和样式变化-深色主题截图-firefox/video.webm]]

[[ATTACHMENT|visual-visual-regression-视觉回归测试-主题和样式变化-深色主题截图-firefox/error-context.md]]
]]>
</system-out>
</testcase>
<testcase name="视觉回归测试 › 主题和样式变化 › 浅色主题截图" classname="visual/visual-regression.spec.ts" time="10.027">
<failure message="visual-regression.spec.ts:282:9 浅色主题截图" type="FAILURE">
<![CDATA[  [firefox] › visual/visual-regression.spec.ts:282:9 › 视觉回归测试 › 主题和样式变化 › 浅色主题截图 ───────────────────

    Error: A snapshot doesn't exist at /Users/dahuang/CascadeProjects/earthzoomai.org/tests/visual/visual-regression.spec.ts-snapshots/homepage-light-theme-firefox-darwin.png, writing actual.

      291 |       
      292 |       // 浅色主题截图
    > 293 |       await expect(page).toHaveScreenshot('homepage-light-theme.png', {
          |       ^
      294 |         fullPage: true,
      295 |         animations: 'disabled'
      296 |       });
        at /Users/dahuang/CascadeProjects/earthzoomai.org/tests/visual/visual-regression.spec.ts:293:7

    attachment #1: homepage-light-theme (image/png) ────────────────────────────────────────────────
    Expected: visual/visual-regression.spec.ts-snapshots/homepage-light-theme-firefox-darwin.png
    Received: ../test-results/visual-visual-regression-视觉回归测试-主题和样式变化-浅色主题截图-firefox/homepage-light-theme-actual.png
    ────────────────────────────────────────────────────────────────────────────────────────────────

    attachment #2: screenshot (image/png) ──────────────────────────────────────────────────────────
    ../test-results/visual-visual-regression-视觉回归测试-主题和样式变化-浅色主题截图-firefox/test-failed-1.png
    ────────────────────────────────────────────────────────────────────────────────────────────────

    attachment #3: video (video/webm) ──────────────────────────────────────────────────────────────
    ../test-results/visual-visual-regression-视觉回归测试-主题和样式变化-浅色主题截图-firefox/video.webm
    ────────────────────────────────────────────────────────────────────────────────────────────────

    Error Context: ../test-results/visual-visual-regression-视觉回归测试-主题和样式变化-浅色主题截图-firefox/error-context.md
]]>
</failure>
<system-out>
<![CDATA[
[[ATTACHMENT|../tests/visual/visual-regression.spec.ts-snapshots/homepage-light-theme-firefox-darwin.png]]

[[ATTACHMENT|visual-visual-regression-视觉回归测试-主题和样式变化-浅色主题截图-firefox/homepage-light-theme-actual.png]]

[[ATTACHMENT|visual-visual-regression-视觉回归测试-主题和样式变化-浅色主题截图-firefox/test-failed-1.png]]

[[ATTACHMENT|visual-visual-regression-视觉回归测试-主题和样式变化-浅色主题截图-firefox/video.webm]]

[[ATTACHMENT|visual-visual-regression-视觉回归测试-主题和样式变化-浅色主题截图-firefox/error-context.md]]
]]>
</system-out>
</testcase>
<testcase name="视觉回归测试 › 主题和样式变化 › 高对比度模式截图" classname="visual/visual-regression.spec.ts" time="8.405">
<failure message="visual-regression.spec.ts:299:9 高对比度模式截图" type="FAILURE">
<![CDATA[  [firefox] › visual/visual-regression.spec.ts:299:9 › 视觉回归测试 › 主题和样式变化 › 高对比度模式截图 ─────────────────

    Error: A snapshot doesn't exist at /Users/dahuang/CascadeProjects/earthzoomai.org/tests/visual/visual-regression.spec.ts-snapshots/homepage-high-contrast-firefox-darwin.png, writing actual.

      308 |       
      309 |       // 高对比度模式截图
    > 310 |       await expect(page).toHaveScreenshot('homepage-high-contrast.png', {
          |       ^
      311 |         fullPage: true,
      312 |         animations: 'disabled'
      313 |       });
        at /Users/dahuang/CascadeProjects/earthzoomai.org/tests/visual/visual-regression.spec.ts:310:7

    attachment #1: homepage-high-contrast (image/png) ──────────────────────────────────────────────
    Expected: visual/visual-regression.spec.ts-snapshots/homepage-high-contrast-firefox-darwin.png
    Received: ../test-results/visual-visual-regression-视觉回归测试-主题和样式变化-高对比度模式截图-firefox/homepage-high-contrast-actual.png
    ────────────────────────────────────────────────────────────────────────────────────────────────

    attachment #2: screenshot (image/png) ──────────────────────────────────────────────────────────
    ../test-results/visual-visual-regression-视觉回归测试-主题和样式变化-高对比度模式截图-firefox/test-failed-1.png
    ────────────────────────────────────────────────────────────────────────────────────────────────

    attachment #3: video (video/webm) ──────────────────────────────────────────────────────────────
    ../test-results/visual-visual-regression-视觉回归测试-主题和样式变化-高对比度模式截图-firefox/video.webm
    ────────────────────────────────────────────────────────────────────────────────────────────────

    Error Context: ../test-results/visual-visual-regression-视觉回归测试-主题和样式变化-高对比度模式截图-firefox/error-context.md
]]>
</failure>
<system-out>
<![CDATA[
[[ATTACHMENT|../tests/visual/visual-regression.spec.ts-snapshots/homepage-high-contrast-firefox-darwin.png]]

[[ATTACHMENT|visual-visual-regression-视觉回归测试-主题和样式变化-高对比度模式截图-firefox/homepage-high-contrast-actual.png]]

[[ATTACHMENT|visual-visual-regression-视觉回归测试-主题和样式变化-高对比度模式截图-firefox/test-failed-1.png]]

[[ATTACHMENT|visual-visual-regression-视觉回归测试-主题和样式变化-高对比度模式截图-firefox/video.webm]]

[[ATTACHMENT|visual-visual-regression-视觉回归测试-主题和样式变化-高对比度模式截图-firefox/error-context.md]]
]]>
</system-out>
</testcase>
<testcase name="视觉回归测试 › 元素级别截图 › Logo截图" classname="visual/visual-regression.spec.ts" time="6.085">
<failure message="visual-regression.spec.ts:318:9 Logo截图" type="FAILURE">
<![CDATA[  [firefox] › visual/visual-regression.spec.ts:318:9 › 视觉回归测试 › 元素级别截图 › Logo截图 ────────────────────

    Error: A snapshot doesn't exist at /Users/dahuang/CascadeProjects/earthzoomai.org/tests/visual/visual-regression.spec.ts-snapshots/logo-firefox-darwin.png, writing actual.

      326 |       
      327 |       if (await logo.count() > 0) {
    > 328 |         await expect(logo).toHaveScreenshot('logo.png', {
          |         ^
      329 |           animations: 'disabled'
      330 |         });
      331 |       }
        at /Users/dahuang/CascadeProjects/earthzoomai.org/tests/visual/visual-regression.spec.ts:328:9

    attachment #1: logo (image/png) ────────────────────────────────────────────────────────────────
    Expected: visual/visual-regression.spec.ts-snapshots/logo-firefox-darwin.png
    Received: ../test-results/visual-visual-regression-视觉回归测试-元素级别截图-Logo截图-firefox/logo-actual.png
    ────────────────────────────────────────────────────────────────────────────────────────────────

    attachment #2: screenshot (image/png) ──────────────────────────────────────────────────────────
    ../test-results/visual-visual-regression-视觉回归测试-元素级别截图-Logo截图-firefox/test-failed-1.png
    ────────────────────────────────────────────────────────────────────────────────────────────────

    attachment #3: video (video/webm) ──────────────────────────────────────────────────────────────
    ../test-results/visual-visual-regression-视觉回归测试-元素级别截图-Logo截图-firefox/video.webm
    ────────────────────────────────────────────────────────────────────────────────────────────────

    Error Context: ../test-results/visual-visual-regression-视觉回归测试-元素级别截图-Logo截图-firefox/error-context.md
]]>
</failure>
<system-out>
<![CDATA[
[[ATTACHMENT|../tests/visual/visual-regression.spec.ts-snapshots/logo-firefox-darwin.png]]

[[ATTACHMENT|visual-visual-regression-视觉回归测试-元素级别截图-Logo截图-firefox/logo-actual.png]]

[[ATTACHMENT|visual-visual-regression-视觉回归测试-元素级别截图-Logo截图-firefox/test-failed-1.png]]

[[ATTACHMENT|visual-visual-regression-视觉回归测试-元素级别截图-Logo截图-firefox/video.webm]]

[[ATTACHMENT|visual-visual-regression-视觉回归测试-元素级别截图-Logo截图-firefox/error-context.md]]
]]>
</system-out>
</testcase>
<testcase name="视觉回归测试 › 元素级别截图 › 特色标签截图" classname="visual/visual-regression.spec.ts" time="5.727">
<failure message="visual-regression.spec.ts:334:9 特色标签截图" type="FAILURE">
<![CDATA[  [firefox] › visual/visual-regression.spec.ts:334:9 › 视觉回归测试 › 元素级别截图 › 特色标签截图 ────────────────────

    Error: locator.count: Unexpected token "/" while parsing css selector ".bg-blue-500/20". Did you mean to CSS.escape it?

      339 |       
      340 |       // 特色标签截图
    > 341 |       if (await homePage.featureTags.count() > 0) {
          |                                      ^
      342 |         await expect(homePage.featureTags.first()).toHaveScreenshot('feature-tags.png', {
      343 |           animations: 'disabled'
      344 |         });
        at /Users/dahuang/CascadeProjects/earthzoomai.org/tests/visual/visual-regression.spec.ts:341:38

    attachment #1: screenshot (image/png) ──────────────────────────────────────────────────────────
    ../test-results/visual-visual-regression-视觉回归测试-元素级别截图-特色标签截图-firefox/test-failed-1.png
    ────────────────────────────────────────────────────────────────────────────────────────────────

    attachment #2: video (video/webm) ──────────────────────────────────────────────────────────────
    ../test-results/visual-visual-regression-视觉回归测试-元素级别截图-特色标签截图-firefox/video.webm
    ────────────────────────────────────────────────────────────────────────────────────────────────

    Error Context: ../test-results/visual-visual-regression-视觉回归测试-元素级别截图-特色标签截图-firefox/error-context.md
]]>
</failure>
<system-out>
<![CDATA[
[[ATTACHMENT|visual-visual-regression-视觉回归测试-元素级别截图-特色标签截图-firefox/test-failed-1.png]]

[[ATTACHMENT|visual-visual-regression-视觉回归测试-元素级别截图-特色标签截图-firefox/video.webm]]

[[ATTACHMENT|visual-visual-regression-视觉回归测试-元素级别截图-特色标签截图-firefox/error-context.md]]
]]>
</system-out>
</testcase>
<testcase name="视觉回归测试 › 元素级别截图 › 用户评价卡片截图" classname="visual/visual-regression.spec.ts" time="10.446">
<failure message="visual-regression.spec.ts:348:9 用户评价卡片截图" type="FAILURE">
<![CDATA[  [firefox] › visual/visual-regression.spec.ts:348:9 › 视觉回归测试 › 元素级别截图 › 用户评价卡片截图 ──────────────────

    Error: A snapshot doesn't exist at /Users/dahuang/CascadeProjects/earthzoomai.org/tests/visual/visual-regression.spec.ts-snapshots/testimonial-card-firefox-darwin.png, writing actual.

      361 |       
      362 |       if (await testimonialCard.count() > 0) {
    > 363 |         await expect(testimonialCard).toHaveScreenshot('testimonial-card.png', {
          |         ^
      364 |           animations: 'disabled'
      365 |         });
      366 |       }
        at /Users/dahuang/CascadeProjects/earthzoomai.org/tests/visual/visual-regression.spec.ts:363:9

    attachment #1: testimonial-card (image/png) ────────────────────────────────────────────────────
    Expected: visual/visual-regression.spec.ts-snapshots/testimonial-card-firefox-darwin.png
    Received: ../test-results/visual-visual-regression-视觉回归测试-元素级别截图-用户评价卡片截图-firefox/testimonial-card-actual.png
    ────────────────────────────────────────────────────────────────────────────────────────────────

    attachment #2: screenshot (image/png) ──────────────────────────────────────────────────────────
    ../test-results/visual-visual-regression-视觉回归测试-元素级别截图-用户评价卡片截图-firefox/test-failed-1.png
    ────────────────────────────────────────────────────────────────────────────────────────────────

    attachment #3: video (video/webm) ──────────────────────────────────────────────────────────────
    ../test-results/visual-visual-regression-视觉回归测试-元素级别截图-用户评价卡片截图-firefox/video.webm
    ────────────────────────────────────────────────────────────────────────────────────────────────

    Error Context: ../test-results/visual-visual-regression-视觉回归测试-元素级别截图-用户评价卡片截图-firefox/error-context.md
]]>
</failure>
<system-out>
<![CDATA[
[[ATTACHMENT|../tests/visual/visual-regression.spec.ts-snapshots/testimonial-card-firefox-darwin.png]]

[[ATTACHMENT|visual-visual-regression-视觉回归测试-元素级别截图-用户评价卡片截图-firefox/testimonial-card-actual.png]]

[[ATTACHMENT|visual-visual-regression-视觉回归测试-元素级别截图-用户评价卡片截图-firefox/test-failed-1.png]]

[[ATTACHMENT|visual-visual-regression-视觉回归测试-元素级别截图-用户评价卡片截图-firefox/video.webm]]

[[ATTACHMENT|visual-visual-regression-视觉回归测试-元素级别截图-用户评价卡片截图-firefox/error-context.md]]
]]>
</system-out>
</testcase>
<testcase name="视觉回归测试 › 元素级别截图 › Newsletter订阅框截图" classname="visual/visual-regression.spec.ts" time="6.617">
<failure message="visual-regression.spec.ts:369:9 Newsletter订阅框截图" type="FAILURE">
<![CDATA[  [firefox] › visual/visual-regression.spec.ts:369:9 › 视觉回归测试 › 元素级别截图 › Newsletter订阅框截图 ───────────

    Error: A snapshot doesn't exist at /Users/dahuang/CascadeProjects/earthzoomai.org/tests/visual/visual-regression.spec.ts-snapshots/newsletter-section-firefox-darwin.png, writing actual.

      379 |       
      380 |       // Newsletter订阅框截图
    > 381 |       await expect(newsletterSection).toHaveScreenshot('newsletter-section.png', {
          |       ^
      382 |         animations: 'disabled'
      383 |       });
      384 |     });
        at /Users/dahuang/CascadeProjects/earthzoomai.org/tests/visual/visual-regression.spec.ts:381:7

    attachment #1: newsletter-section (image/png) ──────────────────────────────────────────────────
    Expected: visual/visual-regression.spec.ts-snapshots/newsletter-section-firefox-darwin.png
    Received: ../test-results/visual-visual-regression-视觉回归测试-元素级别截图-Newsletter订阅框截图-firefox/newsletter-section-actual.png
    ────────────────────────────────────────────────────────────────────────────────────────────────

    attachment #2: screenshot (image/png) ──────────────────────────────────────────────────────────
    ../test-results/visual-visual-regression-视觉回归测试-元素级别截图-Newsletter订阅框截图-firefox/test-failed-1.png
    ────────────────────────────────────────────────────────────────────────────────────────────────

    attachment #3: video (video/webm) ──────────────────────────────────────────────────────────────
    ../test-results/visual-visual-regression-视觉回归测试-元素级别截图-Newsletter订阅框截图-firefox/video.webm
    ────────────────────────────────────────────────────────────────────────────────────────────────

    Error Context: ../test-results/visual-visual-regression-视觉回归测试-元素级别截图-Newsletter订阅框截图-firefox/error-context.md
]]>
</failure>
<system-out>
<![CDATA[
[[ATTACHMENT|../tests/visual/visual-regression.spec.ts-snapshots/newsletter-section-firefox-darwin.png]]

[[ATTACHMENT|visual-visual-regression-视觉回归测试-元素级别截图-Newsletter订阅框截图-firefox/newsletter-section-actual.png]]

[[ATTACHMENT|visual-visual-regression-视觉回归测试-元素级别截图-Newsletter订阅框截图-firefox/test-failed-1.png]]

[[ATTACHMENT|visual-visual-regression-视觉回归测试-元素级别截图-Newsletter订阅框截图-firefox/video.webm]]

[[ATTACHMENT|visual-visual-regression-视觉回归测试-元素级别截图-Newsletter订阅框截图-firefox/error-context.md]]
]]>
</system-out>
</testcase>
<testcase name="视觉回归测试 › 错误状态截图 › 表单验证错误截图" classname="visual/visual-regression.spec.ts" time="7.377">
<failure message="visual-regression.spec.ts:388:9 表单验证错误截图" type="FAILURE">
<![CDATA[  [firefox] › visual/visual-regression.spec.ts:388:9 › 视觉回归测试 › 错误状态截图 › 表单验证错误截图 ──────────────────

    Error: A snapshot doesn't exist at /Users/dahuang/CascadeProjects/earthzoomai.org/tests/visual/visual-regression.spec.ts-snapshots/form-validation-error-firefox-darwin.png, writing actual.

      407 |           // 错误状态截图
      408 |           const newsletterSection = page.locator('section').last();
    > 409 |           await expect(newsletterSection).toHaveScreenshot('form-validation-error.png', {
          |           ^
      410 |             animations: 'disabled'
      411 |           });
      412 |         }
        at /Users/dahuang/CascadeProjects/earthzoomai.org/tests/visual/visual-regression.spec.ts:409:11

    attachment #1: form-validation-error (image/png) ───────────────────────────────────────────────
    Expected: visual/visual-regression.spec.ts-snapshots/form-validation-error-firefox-darwin.png
    Received: ../test-results/visual-visual-regression-视觉回归测试-错误状态截图-表单验证错误截图-firefox/form-validation-error-actual.png
    ────────────────────────────────────────────────────────────────────────────────────────────────

    attachment #2: screenshot (image/png) ──────────────────────────────────────────────────────────
    ../test-results/visual-visual-regression-视觉回归测试-错误状态截图-表单验证错误截图-firefox/test-failed-1.png
    ────────────────────────────────────────────────────────────────────────────────────────────────

    attachment #3: video (video/webm) ──────────────────────────────────────────────────────────────
    ../test-results/visual-visual-regression-视觉回归测试-错误状态截图-表单验证错误截图-firefox/video.webm
    ────────────────────────────────────────────────────────────────────────────────────────────────

    Error Context: ../test-results/visual-visual-regression-视觉回归测试-错误状态截图-表单验证错误截图-firefox/error-context.md
]]>
</failure>
<system-out>
<![CDATA[
[[ATTACHMENT|../tests/visual/visual-regression.spec.ts-snapshots/form-validation-error-firefox-darwin.png]]

[[ATTACHMENT|visual-visual-regression-视觉回归测试-错误状态截图-表单验证错误截图-firefox/form-validation-error-actual.png]]

[[ATTACHMENT|visual-visual-regression-视觉回归测试-错误状态截图-表单验证错误截图-firefox/test-failed-1.png]]

[[ATTACHMENT|visual-visual-regression-视觉回归测试-错误状态截图-表单验证错误截图-firefox/video.webm]]

[[ATTACHMENT|visual-visual-regression-视觉回归测试-错误状态截图-表单验证错误截图-firefox/error-context.md]]
]]>
</system-out>
</testcase>
<testcase name="视觉回归测试 › 错误状态截图 › 网络错误状态截图" classname="visual/visual-regression.spec.ts" time="9.146">
<failure message="visual-regression.spec.ts:416:9 网络错误状态截图" type="FAILURE">
<![CDATA[  [firefox] › visual/visual-regression.spec.ts:416:9 › 视觉回归测试 › 错误状态截图 › 网络错误状态截图 ──────────────────

    Error: A snapshot doesn't exist at /Users/dahuang/CascadeProjects/earthzoomai.org/tests/visual/visual-regression.spec.ts-snapshots/network-error-state-firefox-darwin.png, writing actual.

      431 |       
      432 |       // 网络错误状态截图
    > 433 |       await expect(page).toHaveScreenshot('network-error-state.png', {
          |       ^
      434 |         fullPage: true,
      435 |         animations: 'disabled'
      436 |       });
        at /Users/dahuang/CascadeProjects/earthzoomai.org/tests/visual/visual-regression.spec.ts:433:7

    attachment #1: network-error-state (image/png) ─────────────────────────────────────────────────
    Expected: visual/visual-regression.spec.ts-snapshots/network-error-state-firefox-darwin.png
    Received: ../test-results/visual-visual-regression-视觉回归测试-错误状态截图-网络错误状态截图-firefox/network-error-state-actual.png
    ────────────────────────────────────────────────────────────────────────────────────────────────

    attachment #2: screenshot (image/png) ──────────────────────────────────────────────────────────
    ../test-results/visual-visual-regression-视觉回归测试-错误状态截图-网络错误状态截图-firefox/test-failed-1.png
    ────────────────────────────────────────────────────────────────────────────────────────────────

    attachment #3: video (video/webm) ──────────────────────────────────────────────────────────────
    ../test-results/visual-visual-regression-视觉回归测试-错误状态截图-网络错误状态截图-firefox/video.webm
    ────────────────────────────────────────────────────────────────────────────────────────────────

    Error Context: ../test-results/visual-visual-regression-视觉回归测试-错误状态截图-网络错误状态截图-firefox/error-context.md
]]>
</failure>
<system-out>
<![CDATA[
[[ATTACHMENT|../tests/visual/visual-regression.spec.ts-snapshots/network-error-state-firefox-darwin.png]]

[[ATTACHMENT|visual-visual-regression-视觉回归测试-错误状态截图-网络错误状态截图-firefox/network-error-state-actual.png]]

[[ATTACHMENT|visual-visual-regression-视觉回归测试-错误状态截图-网络错误状态截图-firefox/test-failed-1.png]]

[[ATTACHMENT|visual-visual-regression-视觉回归测试-错误状态截图-网络错误状态截图-firefox/video.webm]]

[[ATTACHMENT|visual-visual-regression-视觉回归测试-错误状态截图-网络错误状态截图-firefox/error-context.md]]
]]>
</system-out>
</testcase>
<testcase name="视觉回归测试 › 动画和过渡效果 › 页面加载动画截图" classname="visual/visual-regression.spec.ts" time="6.343">
<failure message="visual-regression.spec.ts:441:9 页面加载动画截图" type="FAILURE">
<![CDATA[  [firefox] › visual/visual-regression.spec.ts:441:9 › 视觉回归测试 › 动画和过渡效果 › 页面加载动画截图 ─────────────────

    Error: A snapshot doesn't exist at /Users/dahuang/CascadeProjects/earthzoomai.org/tests/visual/visual-regression.spec.ts-snapshots/page-loading-state-firefox-darwin.png, writing actual.

      449 |       
      450 |       // 加载状态截图
    > 451 |       await expect(page).toHaveScreenshot('page-loading-state.png', {
          |       ^
      452 |         animations: 'allow'
      453 |       });
      454 |       
        at /Users/dahuang/CascadeProjects/earthzoomai.org/tests/visual/visual-regression.spec.ts:451:7

    attachment #1: page-loading-state (image/png) ──────────────────────────────────────────────────
    Expected: visual/visual-regression.spec.ts-snapshots/page-loading-state-firefox-darwin.png
    Received: ../test-results/visual-visual-regression-视觉回归测试-动画和过渡效果-页面加载动画截图-firefox/page-loading-state-actual.png
    ────────────────────────────────────────────────────────────────────────────────────────────────

    attachment #2: screenshot (image/png) ──────────────────────────────────────────────────────────
    ../test-results/visual-visual-regression-视觉回归测试-动画和过渡效果-页面加载动画截图-firefox/test-failed-1.png
    ────────────────────────────────────────────────────────────────────────────────────────────────

    attachment #3: video (video/webm) ──────────────────────────────────────────────────────────────
    ../test-results/visual-visual-regression-视觉回归测试-动画和过渡效果-页面加载动画截图-firefox/video.webm
    ────────────────────────────────────────────────────────────────────────────────────────────────

    Error Context: ../test-results/visual-visual-regression-视觉回归测试-动画和过渡效果-页面加载动画截图-firefox/error-context.md
]]>
</failure>
<system-out>
<![CDATA[
[[ATTACHMENT|../tests/visual/visual-regression.spec.ts-snapshots/page-loading-state-firefox-darwin.png]]

[[ATTACHMENT|visual-visual-regression-视觉回归测试-动画和过渡效果-页面加载动画截图-firefox/page-loading-state-actual.png]]

[[ATTACHMENT|visual-visual-regression-视觉回归测试-动画和过渡效果-页面加载动画截图-firefox/test-failed-1.png]]

[[ATTACHMENT|visual-visual-regression-视觉回归测试-动画和过渡效果-页面加载动画截图-firefox/video.webm]]

[[ATTACHMENT|visual-visual-regression-视觉回归测试-动画和过渡效果-页面加载动画截图-firefox/error-context.md]]
]]>
</system-out>
</testcase>
<testcase name="视觉回归测试 › 动画和过渡效果 › 滚动动画截图" classname="visual/visual-regression.spec.ts" time="12.53">
<failure message="visual-regression.spec.ts:459:9 滚动动画截图" type="FAILURE">
<![CDATA[  [firefox] › visual/visual-regression.spec.ts:459:9 › 视觉回归测试 › 动画和过渡效果 › 滚动动画截图 ───────────────────

    Error: Timed out 5000ms waiting for expect(page).toHaveScreenshot(expected)

      Failed to take two consecutive stable screenshots.

      Snapshot: scroll-animation-state.png

    Call log:
      - Expect "toHaveScreenshot(scroll-animation-state.png)" with timeout 5000ms
        - generating new stable screenshot expectation
      - taking page screenshot
      - waiting for fonts to load...
      - fonts loaded
      - waiting 100ms before taking screenshot
      - taking page screenshot
      - waiting for fonts to load...
      - fonts loaded
      - 21561 pixels (ratio 0.03 of all image pixels) are different.
      - waiting 250ms before taking screenshot
      - taking page screenshot
      - waiting for fonts to load...
      - fonts loaded
      - 25382 pixels (ratio 0.03 of all image pixels) are different.
      - waiting 500ms before taking screenshot
      - taking page screenshot
      - waiting for fonts to load...
      - fonts loaded
      - 40276 pixels (ratio 0.05 of all image pixels) are different.
      - waiting 1000ms before taking screenshot
      - taking page screenshot
      - waiting for fonts to load...
      - fonts loaded
      - 45704 pixels (ratio 0.05 of all image pixels) are different.
      - waiting 1000ms before taking screenshot
      - taking page screenshot
      - waiting for fonts to load...
      - fonts loaded
      - 114583 pixels (ratio 0.13 of all image pixels) are different.
      - waiting 1000ms before taking screenshot
      - taking page screenshot
      - waiting for fonts to load...
      - fonts loaded
      - Timeout 5000ms exceeded.


      471 |       
      472 |       // 滚动状态截图
    > 473 |       await expect(page).toHaveScreenshot('scroll-animation-state.png', {
          |                          ^
      474 |         animations: 'allow'
      475 |       });
      476 |     });
        at /Users/dahuang/CascadeProjects/earthzoomai.org/tests/visual/visual-regression.spec.ts:473:26

    attachment #1: scroll-animation-state (image/png) ──────────────────────────────────────────────
    Received: ../test-results/visual-visual-regression-视觉回归测试-动画和过渡效果-滚动动画截图-firefox/scroll-animation-state-actual.png
    Previous: ../test-results/visual-visual-regression-视觉回归测试-动画和过渡效果-滚动动画截图-firefox/scroll-animation-state-previous.png
    Diff:     ../test-results/visual-visual-regression-视觉回归测试-动画和过渡效果-滚动动画截图-firefox/scroll-animation-state-diff.png
    ────────────────────────────────────────────────────────────────────────────────────────────────

    attachment #2: screenshot (image/png) ──────────────────────────────────────────────────────────
    ../test-results/visual-visual-regression-视觉回归测试-动画和过渡效果-滚动动画截图-firefox/test-failed-1.png
    ────────────────────────────────────────────────────────────────────────────────────────────────

    attachment #3: video (video/webm) ──────────────────────────────────────────────────────────────
    ../test-results/visual-visual-regression-视觉回归测试-动画和过渡效果-滚动动画截图-firefox/video.webm
    ────────────────────────────────────────────────────────────────────────────────────────────────

    Error Context: ../test-results/visual-visual-regression-视觉回归测试-动画和过渡效果-滚动动画截图-firefox/error-context.md
]]>
</failure>
<system-out>
<![CDATA[
[[ATTACHMENT|visual-visual-regression-视觉回归测试-动画和过渡效果-滚动动画截图-firefox/scroll-animation-state-previous.png]]

[[ATTACHMENT|visual-visual-regression-视觉回归测试-动画和过渡效果-滚动动画截图-firefox/scroll-animation-state-actual.png]]

[[ATTACHMENT|visual-visual-regression-视觉回归测试-动画和过渡效果-滚动动画截图-firefox/scroll-animation-state-diff.png]]

[[ATTACHMENT|visual-visual-regression-视觉回归测试-动画和过渡效果-滚动动画截图-firefox/test-failed-1.png]]

[[ATTACHMENT|visual-visual-regression-视觉回归测试-动画和过渡效果-滚动动画截图-firefox/video.webm]]

[[ATTACHMENT|visual-visual-regression-视觉回归测试-动画和过渡效果-滚动动画截图-firefox/error-context.md]]
]]>
</system-out>
</testcase>
<testcase name="视觉回归测试 › 跨浏览器视觉对比 › Chromium渲染截图" classname="visual/visual-regression.spec.ts" time="1.188">
<properties>
<property name="skip" value="仅在Chromium中运行">
</property>
</properties>
<skipped>
</skipped>
</testcase>
<testcase name="视觉回归测试 › 跨浏览器视觉对比 › Firefox渲染截图" classname="visual/visual-regression.spec.ts" time="8.151">
<failure message="visual-regression.spec.ts:496:9 Firefox渲染截图" type="FAILURE">
<![CDATA[  [firefox] › visual/visual-regression.spec.ts:496:9 › 视觉回归测试 › 跨浏览器视觉对比 › Firefox渲染截图 ─────────────

    Error: A snapshot doesn't exist at /Users/dahuang/CascadeProjects/earthzoomai.org/tests/visual/visual-regression.spec.ts-snapshots/homepage-firefox-firefox-darwin.png, writing actual.

      504 |       
      505 |       // Firefox渲染截图
    > 506 |       await expect(page).toHaveScreenshot('homepage-firefox.png', {
          |       ^
      507 |         fullPage: true,
      508 |         animations: 'disabled'
      509 |       });
        at /Users/dahuang/CascadeProjects/earthzoomai.org/tests/visual/visual-regression.spec.ts:506:7

    attachment #1: homepage-firefox (image/png) ────────────────────────────────────────────────────
    Expected: visual/visual-regression.spec.ts-snapshots/homepage-firefox-firefox-darwin.png
    Received: ../test-results/visual-visual-regression-视觉回归测试-跨浏览器视觉对比-Firefox渲染截图-firefox/homepage-firefox-actual.png
    ────────────────────────────────────────────────────────────────────────────────────────────────

    attachment #2: screenshot (image/png) ──────────────────────────────────────────────────────────
    ../test-results/visual-visual-regression-视觉回归测试-跨浏览器视觉对比-Firefox渲染截图-firefox/test-failed-1.png
    ────────────────────────────────────────────────────────────────────────────────────────────────

    attachment #3: video (video/webm) ──────────────────────────────────────────────────────────────
    ../test-results/visual-visual-regression-视觉回归测试-跨浏览器视觉对比-Firefox渲染截图-firefox/video.webm
    ────────────────────────────────────────────────────────────────────────────────────────────────

    Error Context: ../test-results/visual-visual-regression-视觉回归测试-跨浏览器视觉对比-Firefox渲染截图-firefox/error-context.md
]]>
</failure>
<system-out>
<![CDATA[
[[ATTACHMENT|../tests/visual/visual-regression.spec.ts-snapshots/homepage-firefox-firefox-darwin.png]]

[[ATTACHMENT|visual-visual-regression-视觉回归测试-跨浏览器视觉对比-Firefox渲染截图-firefox/homepage-firefox-actual.png]]

[[ATTACHMENT|visual-visual-regression-视觉回归测试-跨浏览器视觉对比-Firefox渲染截图-firefox/test-failed-1.png]]

[[ATTACHMENT|visual-visual-regression-视觉回归测试-跨浏览器视觉对比-Firefox渲染截图-firefox/video.webm]]

[[ATTACHMENT|visual-visual-regression-视觉回归测试-跨浏览器视觉对比-Firefox渲染截图-firefox/error-context.md]]
]]>
</system-out>
</testcase>
<testcase name="视觉回归测试 › 跨浏览器视觉对比 › WebKit渲染截图" classname="visual/visual-regression.spec.ts" time="0.839">
<properties>
<property name="skip" value="仅在WebKit中运行">
</property>
</properties>
<skipped>
</skipped>
</testcase>
</testsuite>
<testsuite name="e2e/accessibility.spec.ts" timestamp="2025-07-24T07:09:26.317Z" hostname="webkit" tests="20" failures="20" skipped="0" time="0.029" errors="0">
<testcase name="可访问性测试 › 键盘导航 › Tab键导航测试" classname="e2e/accessibility.spec.ts" time="0.001">
<failure message="accessibility.spec.ts:7:9 Tab键导航测试" type="FAILURE">
<![CDATA[  [webkit] › e2e/accessibility.spec.ts:7:9 › 可访问性测试 › 键盘导航 › Tab键导航测试 ──────────────────────────────

    Error: browserType.launch: Target page, context or browser has been closed
    Browser logs:

    <launching> /Users/dahuang/Library/Caches/ms-playwright/webkit-2191/pw_run.sh --inspector-pipe --headless --no-startup-window
    <launched> pid=49351
    [pid=49351][err] /Users/dahuang/Library/Caches/ms-playwright/webkit-2191/pw_run.sh: line 7: 49357 Bus error: 10           DYLD_FRAMEWORK_PATH="$DYLIB_PATH" DYLD_LIBRARY_PATH="$DYLIB_PATH" "$PLAYWRIGHT" "$@"
    Call log:
      - <launching> /Users/dahuang/Library/Caches/ms-playwright/webkit-2191/pw_run.sh --inspector-pipe --headless --no-startup-window
      - <launched> pid=49351
      - [pid=49351][err] /Users/dahuang/Library/Caches/ms-playwright/webkit-2191/pw_run.sh: line 7: 49357 Bus error: 10           DYLD_FRAMEWORK_PATH="$DYLIB_PATH" DYLD_LIBRARY_PATH="$DYLIB_PATH" "$PLAYWRIGHT" "$@"

]]>
</failure>
</testcase>
<testcase name="可访问性测试 › 键盘导航 › Shift+Tab反向导航测试" classname="e2e/accessibility.spec.ts" time="0.002">
<failure message="accessibility.spec.ts:34:9 Shift+Tab反向导航测试" type="FAILURE">
<![CDATA[  [webkit] › e2e/accessibility.spec.ts:34:9 › 可访问性测试 › 键盘导航 › Shift+Tab反向导航测试 ──────────────────────

    Error: browserType.launch: Target page, context or browser has been closed
    Browser logs:

    <launching> /Users/dahuang/Library/Caches/ms-playwright/webkit-2191/pw_run.sh --inspector-pipe --headless --no-startup-window
    <launched> pid=49364
    [pid=49364][err] /Users/dahuang/Library/Caches/ms-playwright/webkit-2191/pw_run.sh: line 7: 49370 Bus error: 10           DYLD_FRAMEWORK_PATH="$DYLIB_PATH" DYLD_LIBRARY_PATH="$DYLIB_PATH" "$PLAYWRIGHT" "$@"
    Call log:
      - <launching> /Users/dahuang/Library/Caches/ms-playwright/webkit-2191/pw_run.sh --inspector-pipe --headless --no-startup-window
      - <launched> pid=49364
      - [pid=49364][err] /Users/dahuang/Library/Caches/ms-playwright/webkit-2191/pw_run.sh: line 7: 49370 Bus error: 10           DYLD_FRAMEWORK_PATH="$DYLIB_PATH" DYLD_LIBRARY_PATH="$DYLIB_PATH" "$PLAYWRIGHT" "$@"

]]>
</failure>
</testcase>
<testcase name="可访问性测试 › 键盘导航 › Enter键激活测试" classname="e2e/accessibility.spec.ts" time="0.004">
<failure message="accessibility.spec.ts:58:9 Enter键激活测试" type="FAILURE">
<![CDATA[  [webkit] › e2e/accessibility.spec.ts:58:9 › 可访问性测试 › 键盘导航 › Enter键激活测试 ───────────────────────────

    Error: browserType.launch: Target page, context or browser has been closed
    Browser logs:

    <launching> /Users/dahuang/Library/Caches/ms-playwright/webkit-2191/pw_run.sh --inspector-pipe --headless --no-startup-window
    <launched> pid=49400
    [pid=49400][err] /Users/dahuang/Library/Caches/ms-playwright/webkit-2191/pw_run.sh: line 7: 49406 Bus error: 10           DYLD_FRAMEWORK_PATH="$DYLIB_PATH" DYLD_LIBRARY_PATH="$DYLIB_PATH" "$PLAYWRIGHT" "$@"
    Call log:
      - <launching> /Users/dahuang/Library/Caches/ms-playwright/webkit-2191/pw_run.sh --inspector-pipe --headless --no-startup-window
      - <launched> pid=49400
      - [pid=49400][err] /Users/dahuang/Library/Caches/ms-playwright/webkit-2191/pw_run.sh: line 7: 49406 Bus error: 10           DYLD_FRAMEWORK_PATH="$DYLIB_PATH" DYLD_LIBRARY_PATH="$DYLIB_PATH" "$PLAYWRIGHT" "$@"

]]>
</failure>
</testcase>
<testcase name="可访问性测试 › 键盘导航 › 空格键激活测试" classname="e2e/accessibility.spec.ts" time="0.002">
<failure message="accessibility.spec.ts:78:9 空格键激活测试" type="FAILURE">
<![CDATA[  [webkit] › e2e/accessibility.spec.ts:78:9 › 可访问性测试 › 键盘导航 › 空格键激活测试 ──────────────────────────────

    Error: browserType.launch: Target page, context or browser has been closed
    Browser logs:

    <launching> /Users/dahuang/Library/Caches/ms-playwright/webkit-2191/pw_run.sh --inspector-pipe --headless --no-startup-window
    <launched> pid=49407
    [pid=49407][err] /Users/dahuang/Library/Caches/ms-playwright/webkit-2191/pw_run.sh: line 7: 49413 Bus error: 10           DYLD_FRAMEWORK_PATH="$DYLIB_PATH" DYLD_LIBRARY_PATH="$DYLIB_PATH" "$PLAYWRIGHT" "$@"
    Call log:
      - <launching> /Users/dahuang/Library/Caches/ms-playwright/webkit-2191/pw_run.sh --inspector-pipe --headless --no-startup-window
      - <launched> pid=49407
      - [pid=49407][err] /Users/dahuang/Library/Caches/ms-playwright/webkit-2191/pw_run.sh: line 7: 49413 Bus error: 10           DYLD_FRAMEWORK_PATH="$DYLIB_PATH" DYLD_LIBRARY_PATH="$DYLIB_PATH" "$PLAYWRIGHT" "$@"

]]>
</failure>
</testcase>
<testcase name="可访问性测试 › ARIA属性 › ARIA标签测试" classname="e2e/accessibility.spec.ts" time="0.001">
<failure message="accessibility.spec.ts:97:9 ARIA标签测试" type="FAILURE">
<![CDATA[  [webkit] › e2e/accessibility.spec.ts:97:9 › 可访问性测试 › ARIA属性 › ARIA标签测试 ───────────────────────────

    Error: browserType.launch: Target page, context or browser has been closed
    Browser logs:

    <launching> /Users/dahuang/Library/Caches/ms-playwright/webkit-2191/pw_run.sh --inspector-pipe --headless --no-startup-window
    <launched> pid=49422
    [pid=49422][err] /Users/dahuang/Library/Caches/ms-playwright/webkit-2191/pw_run.sh: line 7: 49429 Bus error: 10           DYLD_FRAMEWORK_PATH="$DYLIB_PATH" DYLD_LIBRARY_PATH="$DYLIB_PATH" "$PLAYWRIGHT" "$@"
    Call log:
      - <launching> /Users/dahuang/Library/Caches/ms-playwright/webkit-2191/pw_run.sh --inspector-pipe --headless --no-startup-window
      - <launched> pid=49422
      - [pid=49422][err] /Users/dahuang/Library/Caches/ms-playwright/webkit-2191/pw_run.sh: line 7: 49429 Bus error: 10           DYLD_FRAMEWORK_PATH="$DYLIB_PATH" DYLD_LIBRARY_PATH="$DYLIB_PATH" "$PLAYWRIGHT" "$@"

]]>
</failure>
</testcase>
<testcase name="可访问性测试 › ARIA属性 › ARIA展开状态测试" classname="e2e/accessibility.spec.ts" time="0.002">
<failure message="accessibility.spec.ts:128:9 ARIA展开状态测试" type="FAILURE">
<![CDATA[  [webkit] › e2e/accessibility.spec.ts:128:9 › 可访问性测试 › ARIA属性 › ARIA展开状态测试 ────────────────────────

    Error: browserType.launch: Target page, context or browser has been closed
    Browser logs:

    <launching> /Users/dahuang/Library/Caches/ms-playwright/webkit-2191/pw_run.sh --inspector-pipe --headless --no-startup-window
    <launched> pid=49427
    [pid=49427][err] /Users/dahuang/Library/Caches/ms-playwright/webkit-2191/pw_run.sh: line 7: 49435 Bus error: 10           DYLD_FRAMEWORK_PATH="$DYLIB_PATH" DYLD_LIBRARY_PATH="$DYLIB_PATH" "$PLAYWRIGHT" "$@"
    Call log:
      - <launching> /Users/dahuang/Library/Caches/ms-playwright/webkit-2191/pw_run.sh --inspector-pipe --headless --no-startup-window
      - <launched> pid=49427
      - [pid=49427][err] /Users/dahuang/Library/Caches/ms-playwright/webkit-2191/pw_run.sh: line 7: 49435 Bus error: 10           DYLD_FRAMEWORK_PATH="$DYLIB_PATH" DYLD_LIBRARY_PATH="$DYLIB_PATH" "$PLAYWRIGHT" "$@"

]]>
</failure>
</testcase>
<testcase name="可访问性测试 › ARIA属性 › ARIA隐藏元素测试" classname="e2e/accessibility.spec.ts" time="0.002">
<failure message="accessibility.spec.ts:153:9 ARIA隐藏元素测试" type="FAILURE">
<![CDATA[  [webkit] › e2e/accessibility.spec.ts:153:9 › 可访问性测试 › ARIA属性 › ARIA隐藏元素测试 ────────────────────────

    Error: browserType.launch: Target page, context or browser has been closed
    Browser logs:

    <launching> /Users/dahuang/Library/Caches/ms-playwright/webkit-2191/pw_run.sh --inspector-pipe --headless --no-startup-window
    <launched> pid=49436
    [pid=49436][err] /Users/dahuang/Library/Caches/ms-playwright/webkit-2191/pw_run.sh: line 7: 49442 Bus error: 10           DYLD_FRAMEWORK_PATH="$DYLIB_PATH" DYLD_LIBRARY_PATH="$DYLIB_PATH" "$PLAYWRIGHT" "$@"
    Call log:
      - <launching> /Users/dahuang/Library/Caches/ms-playwright/webkit-2191/pw_run.sh --inspector-pipe --headless --no-startup-window
      - <launched> pid=49436
      - [pid=49436][err] /Users/dahuang/Library/Caches/ms-playwright/webkit-2191/pw_run.sh: line 7: 49442 Bus error: 10           DYLD_FRAMEWORK_PATH="$DYLIB_PATH" DYLD_LIBRARY_PATH="$DYLIB_PATH" "$PLAYWRIGHT" "$@"

]]>
</failure>
</testcase>
<testcase name="可访问性测试 › 颜色对比度 › 文本颜色对比度测试" classname="e2e/accessibility.spec.ts" time="0.001">
<failure message="accessibility.spec.ts:179:9 文本颜色对比度测试" type="FAILURE">
<![CDATA[  [webkit] › e2e/accessibility.spec.ts:179:9 › 可访问性测试 › 颜色对比度 › 文本颜色对比度测试 ──────────────────────────

    Error: browserType.launch: Target page, context or browser has been closed
    Browser logs:

    <launching> /Users/dahuang/Library/Caches/ms-playwright/webkit-2191/pw_run.sh --inspector-pipe --headless --no-startup-window
    <launched> pid=49446
    [pid=49446][err] /Users/dahuang/Library/Caches/ms-playwright/webkit-2191/pw_run.sh: line 7: 49452 Bus error: 10           DYLD_FRAMEWORK_PATH="$DYLIB_PATH" DYLD_LIBRARY_PATH="$DYLIB_PATH" "$PLAYWRIGHT" "$@"
    Call log:
      - <launching> /Users/dahuang/Library/Caches/ms-playwright/webkit-2191/pw_run.sh --inspector-pipe --headless --no-startup-window
      - <launched> pid=49446
      - [pid=49446][err] /Users/dahuang/Library/Caches/ms-playwright/webkit-2191/pw_run.sh: line 7: 49452 Bus error: 10           DYLD_FRAMEWORK_PATH="$DYLIB_PATH" DYLD_LIBRARY_PATH="$DYLIB_PATH" "$PLAYWRIGHT" "$@"

]]>
</failure>
</testcase>
<testcase name="可访问性测试 › 颜色对比度 › 链接颜色区分测试" classname="e2e/accessibility.spec.ts" time="0.001">
<failure message="accessibility.spec.ts:210:9 链接颜色区分测试" type="FAILURE">
<![CDATA[  [webkit] › e2e/accessibility.spec.ts:210:9 › 可访问性测试 › 颜色对比度 › 链接颜色区分测试 ───────────────────────────

    Error: browserType.launch: Target page, context or browser has been closed
    Browser logs:

    <launching> /Users/dahuang/Library/Caches/ms-playwright/webkit-2191/pw_run.sh --inspector-pipe --headless --no-startup-window
    <launched> pid=49455
    [pid=49455][err] /Users/dahuang/Library/Caches/ms-playwright/webkit-2191/pw_run.sh: line 7: 49461 Bus error: 10           DYLD_FRAMEWORK_PATH="$DYLIB_PATH" DYLD_LIBRARY_PATH="$DYLIB_PATH" "$PLAYWRIGHT" "$@"
    Call log:
      - <launching> /Users/dahuang/Library/Caches/ms-playwright/webkit-2191/pw_run.sh --inspector-pipe --headless --no-startup-window
      - <launched> pid=49455
      - [pid=49455][err] /Users/dahuang/Library/Caches/ms-playwright/webkit-2191/pw_run.sh: line 7: 49461 Bus error: 10           DYLD_FRAMEWORK_PATH="$DYLIB_PATH" DYLD_LIBRARY_PATH="$DYLIB_PATH" "$PLAYWRIGHT" "$@"

]]>
</failure>
</testcase>
<testcase name="可访问性测试 › 表单可访问性 › 表单标签关联测试" classname="e2e/accessibility.spec.ts" time="0.001">
<failure message="accessibility.spec.ts:244:9 表单标签关联测试" type="FAILURE">
<![CDATA[  [webkit] › e2e/accessibility.spec.ts:244:9 › 可访问性测试 › 表单可访问性 › 表单标签关联测试 ──────────────────────────

    Error: browserType.launch: Target page, context or browser has been closed
    Browser logs:

    <launching> /Users/dahuang/Library/Caches/ms-playwright/webkit-2191/pw_run.sh --inspector-pipe --headless --no-startup-window
    <launched> pid=49466
    [pid=49466][err] /Users/dahuang/Library/Caches/ms-playwright/webkit-2191/pw_run.sh: line 7: 49472 Bus error: 10           DYLD_FRAMEWORK_PATH="$DYLIB_PATH" DYLD_LIBRARY_PATH="$DYLIB_PATH" "$PLAYWRIGHT" "$@"
    Call log:
      - <launching> /Users/dahuang/Library/Caches/ms-playwright/webkit-2191/pw_run.sh --inspector-pipe --headless --no-startup-window
      - <launched> pid=49466
      - [pid=49466][err] /Users/dahuang/Library/Caches/ms-playwright/webkit-2191/pw_run.sh: line 7: 49472 Bus error: 10           DYLD_FRAMEWORK_PATH="$DYLIB_PATH" DYLD_LIBRARY_PATH="$DYLIB_PATH" "$PLAYWRIGHT" "$@"

]]>
</failure>
</testcase>
<testcase name="可访问性测试 › 表单可访问性 › 表单错误提示测试" classname="e2e/accessibility.spec.ts" time="0.001">
<failure message="accessibility.spec.ts:277:9 表单错误提示测试" type="FAILURE">
<![CDATA[  [webkit] › e2e/accessibility.spec.ts:277:9 › 可访问性测试 › 表单可访问性 › 表单错误提示测试 ──────────────────────────

    Error: browserType.launch: Target page, context or browser has been closed
    Browser logs:

    <launching> /Users/dahuang/Library/Caches/ms-playwright/webkit-2191/pw_run.sh --inspector-pipe --headless --no-startup-window
    <launched> pid=49476
    [pid=49476][err] /Users/dahuang/Library/Caches/ms-playwright/webkit-2191/pw_run.sh: line 7: 49482 Bus error: 10           DYLD_FRAMEWORK_PATH="$DYLIB_PATH" DYLD_LIBRARY_PATH="$DYLIB_PATH" "$PLAYWRIGHT" "$@"
    Call log:
      - <launching> /Users/dahuang/Library/Caches/ms-playwright/webkit-2191/pw_run.sh --inspector-pipe --headless --no-startup-window
      - <launched> pid=49476
      - [pid=49476][err] /Users/dahuang/Library/Caches/ms-playwright/webkit-2191/pw_run.sh: line 7: 49482 Bus error: 10           DYLD_FRAMEWORK_PATH="$DYLIB_PATH" DYLD_LIBRARY_PATH="$DYLIB_PATH" "$PLAYWRIGHT" "$@"

]]>
</failure>
</testcase>
<testcase name="可访问性测试 › 焦点管理 › 焦点可见性测试" classname="e2e/accessibility.spec.ts" time="0.001">
<failure message="accessibility.spec.ts:309:9 焦点可见性测试" type="FAILURE">
<![CDATA[  [webkit] › e2e/accessibility.spec.ts:309:9 › 可访问性测试 › 焦点管理 › 焦点可见性测试 ─────────────────────────────

    Error: browserType.launch: Target page, context or browser has been closed
    Browser logs:

    <launching> /Users/dahuang/Library/Caches/ms-playwright/webkit-2191/pw_run.sh --inspector-pipe --headless --no-startup-window
    <launched> pid=49483
    [pid=49483][err] /Users/dahuang/Library/Caches/ms-playwright/webkit-2191/pw_run.sh: line 7: 49489 Bus error: 10           DYLD_FRAMEWORK_PATH="$DYLIB_PATH" DYLD_LIBRARY_PATH="$DYLIB_PATH" "$PLAYWRIGHT" "$@"
    Call log:
      - <launching> /Users/dahuang/Library/Caches/ms-playwright/webkit-2191/pw_run.sh --inspector-pipe --headless --no-startup-window
      - <launched> pid=49483
      - [pid=49483][err] /Users/dahuang/Library/Caches/ms-playwright/webkit-2191/pw_run.sh: line 7: 49489 Bus error: 10           DYLD_FRAMEWORK_PATH="$DYLIB_PATH" DYLD_LIBRARY_PATH="$DYLIB_PATH" "$PLAYWRIGHT" "$@"

]]>
</failure>
</testcase>
<testcase name="可访问性测试 › 焦点管理 › 焦点陷阱测试" classname="e2e/accessibility.spec.ts" time="0.001">
<failure message="accessibility.spec.ts:347:9 焦点陷阱测试" type="FAILURE">
<![CDATA[  [webkit] › e2e/accessibility.spec.ts:347:9 › 可访问性测试 › 焦点管理 › 焦点陷阱测试 ──────────────────────────────

    Error: browserType.launch: Target page, context or browser has been closed
    Browser logs:

    <launching> /Users/dahuang/Library/Caches/ms-playwright/webkit-2191/pw_run.sh --inspector-pipe --headless --no-startup-window
    <launched> pid=49491
    [pid=49491][err] /Users/dahuang/Library/Caches/ms-playwright/webkit-2191/pw_run.sh: line 7: 49497 Bus error: 10           DYLD_FRAMEWORK_PATH="$DYLIB_PATH" DYLD_LIBRARY_PATH="$DYLIB_PATH" "$PLAYWRIGHT" "$@"
    Call log:
      - <launching> /Users/dahuang/Library/Caches/ms-playwright/webkit-2191/pw_run.sh --inspector-pipe --headless --no-startup-window
      - <launched> pid=49491
      - [pid=49491][err] /Users/dahuang/Library/Caches/ms-playwright/webkit-2191/pw_run.sh: line 7: 49497 Bus error: 10           DYLD_FRAMEWORK_PATH="$DYLIB_PATH" DYLD_LIBRARY_PATH="$DYLIB_PATH" "$PLAYWRIGHT" "$@"

]]>
</failure>
</testcase>
<testcase name="可访问性测试 › 屏幕阅读器支持 › 标题结构测试" classname="e2e/accessibility.spec.ts" time="0.001">
<failure message="accessibility.spec.ts:383:9 标题结构测试" type="FAILURE">
<![CDATA[  [webkit] › e2e/accessibility.spec.ts:383:9 › 可访问性测试 › 屏幕阅读器支持 › 标题结构测试 ───────────────────────────

    Error: browserType.launch: Target page, context or browser has been closed
    Browser logs:

    <launching> /Users/dahuang/Library/Caches/ms-playwright/webkit-2191/pw_run.sh --inspector-pipe --headless --no-startup-window
    <launched> pid=49499
    [pid=49499][err] /Users/dahuang/Library/Caches/ms-playwright/webkit-2191/pw_run.sh: line 7: 49505 Bus error: 10           DYLD_FRAMEWORK_PATH="$DYLIB_PATH" DYLD_LIBRARY_PATH="$DYLIB_PATH" "$PLAYWRIGHT" "$@"
    Call log:
      - <launching> /Users/dahuang/Library/Caches/ms-playwright/webkit-2191/pw_run.sh --inspector-pipe --headless --no-startup-window
      - <launched> pid=49499
      - [pid=49499][err] /Users/dahuang/Library/Caches/ms-playwright/webkit-2191/pw_run.sh: line 7: 49505 Bus error: 10           DYLD_FRAMEWORK_PATH="$DYLIB_PATH" DYLD_LIBRARY_PATH="$DYLIB_PATH" "$PLAYWRIGHT" "$@"

]]>
</failure>
</testcase>
<testcase name="可访问性测试 › 屏幕阅读器支持 › 地标元素测试" classname="e2e/accessibility.spec.ts" time="0.001">
<failure message="accessibility.spec.ts:412:9 地标元素测试" type="FAILURE">
<![CDATA[  [webkit] › e2e/accessibility.spec.ts:412:9 › 可访问性测试 › 屏幕阅读器支持 › 地标元素测试 ───────────────────────────

    Error: browserType.launch: Target page, context or browser has been closed
    Browser logs:

    <launching> /Users/dahuang/Library/Caches/ms-playwright/webkit-2191/pw_run.sh --inspector-pipe --headless --no-startup-window
    <launched> pid=49510
    [pid=49510][err] /Users/dahuang/Library/Caches/ms-playwright/webkit-2191/pw_run.sh: line 7: 49516 Bus error: 10           DYLD_FRAMEWORK_PATH="$DYLIB_PATH" DYLD_LIBRARY_PATH="$DYLIB_PATH" "$PLAYWRIGHT" "$@"
    Call log:
      - <launching> /Users/dahuang/Library/Caches/ms-playwright/webkit-2191/pw_run.sh --inspector-pipe --headless --no-startup-window
      - <launched> pid=49510
      - [pid=49510][err] /Users/dahuang/Library/Caches/ms-playwright/webkit-2191/pw_run.sh: line 7: 49516 Bus error: 10           DYLD_FRAMEWORK_PATH="$DYLIB_PATH" DYLD_LIBRARY_PATH="$DYLIB_PATH" "$PLAYWRIGHT" "$@"

]]>
</failure>
</testcase>
<testcase name="可访问性测试 › 屏幕阅读器支持 › 列表结构测试" classname="e2e/accessibility.spec.ts" time="0.001">
<failure message="accessibility.spec.ts:429:9 列表结构测试" type="FAILURE">
<![CDATA[  [webkit] › e2e/accessibility.spec.ts:429:9 › 可访问性测试 › 屏幕阅读器支持 › 列表结构测试 ───────────────────────────

    Error: browserType.launch: Target page, context or browser has been closed
    Browser logs:

    <launching> /Users/dahuang/Library/Caches/ms-playwright/webkit-2191/pw_run.sh --inspector-pipe --headless --no-startup-window
    <launched> pid=49520
    [pid=49520][err] /Users/dahuang/Library/Caches/ms-playwright/webkit-2191/pw_run.sh: line 7: 49526 Bus error: 10           DYLD_FRAMEWORK_PATH="$DYLIB_PATH" DYLD_LIBRARY_PATH="$DYLIB_PATH" "$PLAYWRIGHT" "$@"
    Call log:
      - <launching> /Users/dahuang/Library/Caches/ms-playwright/webkit-2191/pw_run.sh --inspector-pipe --headless --no-startup-window
      - <launched> pid=49520
      - [pid=49520][err] /Users/dahuang/Library/Caches/ms-playwright/webkit-2191/pw_run.sh: line 7: 49526 Bus error: 10           DYLD_FRAMEWORK_PATH="$DYLIB_PATH" DYLD_LIBRARY_PATH="$DYLIB_PATH" "$PLAYWRIGHT" "$@"

]]>
</failure>
</testcase>
<testcase name="可访问性测试 › 动画和运动 › 减少动画偏好测试" classname="e2e/accessibility.spec.ts" time="0.001">
<failure message="accessibility.spec.ts:451:9 减少动画偏好测试" type="FAILURE">
<![CDATA[  [webkit] › e2e/accessibility.spec.ts:451:9 › 可访问性测试 › 动画和运动 › 减少动画偏好测试 ───────────────────────────

    Error: browserType.launch: Target page, context or browser has been closed
    Browser logs:

    <launching> /Users/dahuang/Library/Caches/ms-playwright/webkit-2191/pw_run.sh --inspector-pipe --headless --no-startup-window
    <launched> pid=49528
    [pid=49528][err] /Users/dahuang/Library/Caches/ms-playwright/webkit-2191/pw_run.sh: line 7: 49534 Bus error: 10           DYLD_FRAMEWORK_PATH="$DYLIB_PATH" DYLD_LIBRARY_PATH="$DYLIB_PATH" "$PLAYWRIGHT" "$@"
    Call log:
      - <launching> /Users/dahuang/Library/Caches/ms-playwright/webkit-2191/pw_run.sh --inspector-pipe --headless --no-startup-window
      - <launched> pid=49528
      - [pid=49528][err] /Users/dahuang/Library/Caches/ms-playwright/webkit-2191/pw_run.sh: line 7: 49534 Bus error: 10           DYLD_FRAMEWORK_PATH="$DYLIB_PATH" DYLD_LIBRARY_PATH="$DYLIB_PATH" "$PLAYWRIGHT" "$@"

]]>
</failure>
</testcase>
<testcase name="可访问性测试 › 动画和运动 › 自动播放内容测试" classname="e2e/accessibility.spec.ts" time="0.001">
<failure message="accessibility.spec.ts:465:9 自动播放内容测试" type="FAILURE">
<![CDATA[  [webkit] › e2e/accessibility.spec.ts:465:9 › 可访问性测试 › 动画和运动 › 自动播放内容测试 ───────────────────────────

    Error: browserType.launch: Target page, context or browser has been closed
    Browser logs:

    <launching> /Users/dahuang/Library/Caches/ms-playwright/webkit-2191/pw_run.sh --inspector-pipe --headless --no-startup-window
    <launched> pid=49536
    [pid=49536][err] /Users/dahuang/Library/Caches/ms-playwright/webkit-2191/pw_run.sh: line 7: 49542 Bus error: 10           DYLD_FRAMEWORK_PATH="$DYLIB_PATH" DYLD_LIBRARY_PATH="$DYLIB_PATH" "$PLAYWRIGHT" "$@"
    Call log:
      - <launching> /Users/dahuang/Library/Caches/ms-playwright/webkit-2191/pw_run.sh --inspector-pipe --headless --no-startup-window
      - <launched> pid=49536
      - [pid=49536][err] /Users/dahuang/Library/Caches/ms-playwright/webkit-2191/pw_run.sh: line 7: 49542 Bus error: 10           DYLD_FRAMEWORK_PATH="$DYLIB_PATH" DYLD_LIBRARY_PATH="$DYLIB_PATH" "$PLAYWRIGHT" "$@"

]]>
</failure>
</testcase>
<testcase name="可访问性测试 › 移动端可访问性 › 触摸目标大小测试" classname="e2e/accessibility.spec.ts" time="0.002">
<failure message="accessibility.spec.ts:490:9 触摸目标大小测试" type="FAILURE">
<![CDATA[  [webkit] › e2e/accessibility.spec.ts:490:9 › 可访问性测试 › 移动端可访问性 › 触摸目标大小测试 ─────────────────────────

    Error: browserType.launch: Target page, context or browser has been closed
    Browser logs:

    <launching> /Users/dahuang/Library/Caches/ms-playwright/webkit-2191/pw_run.sh --inspector-pipe --headless --no-startup-window
    <launched> pid=49545
    [pid=49545][err] /Users/dahuang/Library/Caches/ms-playwright/webkit-2191/pw_run.sh: line 7: 49551 Bus error: 10           DYLD_FRAMEWORK_PATH="$DYLIB_PATH" DYLD_LIBRARY_PATH="$DYLIB_PATH" "$PLAYWRIGHT" "$@"
    Call log:
      - <launching> /Users/dahuang/Library/Caches/ms-playwright/webkit-2191/pw_run.sh --inspector-pipe --headless --no-startup-window
      - <launched> pid=49545
      - [pid=49545][err] /Users/dahuang/Library/Caches/ms-playwright/webkit-2191/pw_run.sh: line 7: 49551 Bus error: 10           DYLD_FRAMEWORK_PATH="$DYLIB_PATH" DYLD_LIBRARY_PATH="$DYLIB_PATH" "$PLAYWRIGHT" "$@"

]]>
</failure>
</testcase>
<testcase name="可访问性测试 › 移动端可访问性 › 移动端导航可访问性" classname="e2e/accessibility.spec.ts" time="0.002">
<failure message="accessibility.spec.ts:514:9 移动端导航可访问性" type="FAILURE">
<![CDATA[  [webkit] › e2e/accessibility.spec.ts:514:9 › 可访问性测试 › 移动端可访问性 › 移动端导航可访问性 ────────────────────────

    Error: browserType.launch: Target page, context or browser has been closed
    Browser logs:

    <launching> /Users/dahuang/Library/Caches/ms-playwright/webkit-2191/pw_run.sh --inspector-pipe --headless --no-startup-window
    <launched> pid=49552
    [pid=49552][err] /Users/dahuang/Library/Caches/ms-playwright/webkit-2191/pw_run.sh: line 7: 49558 Bus error: 10           DYLD_FRAMEWORK_PATH="$DYLIB_PATH" DYLD_LIBRARY_PATH="$DYLIB_PATH" "$PLAYWRIGHT" "$@"
    Call log:
      - <launching> /Users/dahuang/Library/Caches/ms-playwright/webkit-2191/pw_run.sh --inspector-pipe --headless --no-startup-window
      - <launched> pid=49552
      - [pid=49552][err] /Users/dahuang/Library/Caches/ms-playwright/webkit-2191/pw_run.sh: line 7: 49558 Bus error: 10           DYLD_FRAMEWORK_PATH="$DYLIB_PATH" DYLD_LIBRARY_PATH="$DYLIB_PATH" "$PLAYWRIGHT" "$@"

]]>
</failure>
</testcase>
</testsuite>
<testsuite name="e2e/e2e.spec.ts" timestamp="2025-07-24T07:09:26.317Z" hostname="webkit" tests="9" failures="9" skipped="0" time="0.016" errors="0">
<testcase name="端到端测试 › 完整用户流程 › 新用户首次访问完整流程" classname="e2e/e2e.spec.ts" time="0.001">
<failure message="e2e.spec.ts:7:9 新用户首次访问完整流程" type="FAILURE">
<![CDATA[  [webkit] › e2e/e2e.spec.ts:7:9 › 端到端测试 › 完整用户流程 › 新用户首次访问完整流程 ────────────────────────────────────

    Error: browserType.launch: Target page, context or browser has been closed
    Browser logs:

    <launching> /Users/dahuang/Library/Caches/ms-playwright/webkit-2191/pw_run.sh --inspector-pipe --headless --no-startup-window
    <launched> pid=49560
    [pid=49560][err] /Users/dahuang/Library/Caches/ms-playwright/webkit-2191/pw_run.sh: line 7: 49566 Bus error: 10           DYLD_FRAMEWORK_PATH="$DYLIB_PATH" DYLD_LIBRARY_PATH="$DYLIB_PATH" "$PLAYWRIGHT" "$@"
    Call log:
      - <launching> /Users/dahuang/Library/Caches/ms-playwright/webkit-2191/pw_run.sh --inspector-pipe --headless --no-startup-window
      - <launched> pid=49560
      - [pid=49560][err] /Users/dahuang/Library/Caches/ms-playwright/webkit-2191/pw_run.sh: line 7: 49566 Bus error: 10           DYLD_FRAMEWORK_PATH="$DYLIB_PATH" DYLD_LIBRARY_PATH="$DYLIB_PATH" "$PLAYWRIGHT" "$@"

]]>
</failure>
</testcase>
<testcase name="端到端测试 › 完整用户流程 › 移动端用户完整流程" classname="e2e/e2e.spec.ts" time="0.002">
<failure message="e2e.spec.ts:106:9 移动端用户完整流程" type="FAILURE">
<![CDATA[  [webkit] › e2e/e2e.spec.ts:106:9 › 端到端测试 › 完整用户流程 › 移动端用户完整流程 ────────────────────────────────────

    Error: browserType.launch: Target page, context or browser has been closed
    Browser logs:

    <launching> /Users/dahuang/Library/Caches/ms-playwright/webkit-2191/pw_run.sh --inspector-pipe --headless --no-startup-window
    <launched> pid=49568
    [pid=49568][err] /Users/dahuang/Library/Caches/ms-playwright/webkit-2191/pw_run.sh: line 7: 49574 Bus error: 10           DYLD_FRAMEWORK_PATH="$DYLIB_PATH" DYLD_LIBRARY_PATH="$DYLIB_PATH" "$PLAYWRIGHT" "$@"
    Call log:
      - <launching> /Users/dahuang/Library/Caches/ms-playwright/webkit-2191/pw_run.sh --inspector-pipe --headless --no-startup-window
      - <launched> pid=49568
      - [pid=49568][err] /Users/dahuang/Library/Caches/ms-playwright/webkit-2191/pw_run.sh: line 7: 49574 Bus error: 10           DYLD_FRAMEWORK_PATH="$DYLIB_PATH" DYLD_LIBRARY_PATH="$DYLIB_PATH" "$PLAYWRIGHT" "$@"

]]>
</failure>
</testcase>
<testcase name="端到端测试 › 真实场景模拟 › 用户快速浏览场景" classname="e2e/e2e.spec.ts" time="0.001">
<failure message="e2e.spec.ts:166:9 用户快速浏览场景" type="FAILURE">
<![CDATA[  [webkit] › e2e/e2e.spec.ts:166:9 › 端到端测试 › 真实场景模拟 › 用户快速浏览场景 ─────────────────────────────────────

    Error: browserType.launch: Target page, context or browser has been closed
    Browser logs:

    <launching> /Users/dahuang/Library/Caches/ms-playwright/webkit-2191/pw_run.sh --inspector-pipe --headless --no-startup-window
    <launched> pid=49582
    [pid=49582][err] /Users/dahuang/Library/Caches/ms-playwright/webkit-2191/pw_run.sh: line 7: 49588 Bus error: 10           DYLD_FRAMEWORK_PATH="$DYLIB_PATH" DYLD_LIBRARY_PATH="$DYLIB_PATH" "$PLAYWRIGHT" "$@"
    Call log:
      - <launching> /Users/dahuang/Library/Caches/ms-playwright/webkit-2191/pw_run.sh --inspector-pipe --headless --no-startup-window
      - <launched> pid=49582
      - [pid=49582][err] /Users/dahuang/Library/Caches/ms-playwright/webkit-2191/pw_run.sh: line 7: 49588 Bus error: 10           DYLD_FRAMEWORK_PATH="$DYLIB_PATH" DYLD_LIBRARY_PATH="$DYLIB_PATH" "$PLAYWRIGHT" "$@"

]]>
</failure>
</testcase>
<testcase name="端到端测试 › 真实场景模拟 › 用户深度探索场景" classname="e2e/e2e.spec.ts" time="0.002">
<failure message="e2e.spec.ts:208:9 用户深度探索场景" type="FAILURE">
<![CDATA[  [webkit] › e2e/e2e.spec.ts:208:9 › 端到端测试 › 真实场景模拟 › 用户深度探索场景 ─────────────────────────────────────

    Error: browserType.launch: Target page, context or browser has been closed
    Browser logs:

    <launching> /Users/dahuang/Library/Caches/ms-playwright/webkit-2191/pw_run.sh --inspector-pipe --headless --no-startup-window
    <launched> pid=49589
    [pid=49589][err] /Users/dahuang/Library/Caches/ms-playwright/webkit-2191/pw_run.sh: line 7: 49595 Bus error: 10           DYLD_FRAMEWORK_PATH="$DYLIB_PATH" DYLD_LIBRARY_PATH="$DYLIB_PATH" "$PLAYWRIGHT" "$@"
    Call log:
      - <launching> /Users/dahuang/Library/Caches/ms-playwright/webkit-2191/pw_run.sh --inspector-pipe --headless --no-startup-window
      - <launched> pid=49589
      - [pid=49589][err] /Users/dahuang/Library/Caches/ms-playwright/webkit-2191/pw_run.sh: line 7: 49595 Bus error: 10           DYLD_FRAMEWORK_PATH="$DYLIB_PATH" DYLD_LIBRARY_PATH="$DYLIB_PATH" "$PLAYWRIGHT" "$@"

]]>
</failure>
</testcase>
<testcase name="端到端测试 › 真实场景模拟 › 用户犹豫不决场景" classname="e2e/e2e.spec.ts" time="0.003">
<failure message="e2e.spec.ts:271:9 用户犹豫不决场景" type="FAILURE">
<![CDATA[  [webkit] › e2e/e2e.spec.ts:271:9 › 端到端测试 › 真实场景模拟 › 用户犹豫不决场景 ─────────────────────────────────────

    Error: browserType.launch: Target page, context or browser has been closed
    Browser logs:

    <launching> /Users/dahuang/Library/Caches/ms-playwright/webkit-2191/pw_run.sh --inspector-pipe --headless --no-startup-window
    <launched> pid=49597
    [pid=49597][err] /Users/dahuang/Library/Caches/ms-playwright/webkit-2191/pw_run.sh: line 7: 49603 Bus error: 10           DYLD_FRAMEWORK_PATH="$DYLIB_PATH" DYLD_LIBRARY_PATH="$DYLIB_PATH" "$PLAYWRIGHT" "$@"
    Call log:
      - <launching> /Users/dahuang/Library/Caches/ms-playwright/webkit-2191/pw_run.sh --inspector-pipe --headless --no-startup-window
      - <launched> pid=49597
      - [pid=49597][err] /Users/dahuang/Library/Caches/ms-playwright/webkit-2191/pw_run.sh: line 7: 49603 Bus error: 10           DYLD_FRAMEWORK_PATH="$DYLIB_PATH" DYLD_LIBRARY_PATH="$DYLIB_PATH" "$PLAYWRIGHT" "$@"

]]>
</failure>
</testcase>
<testcase name="端到端测试 › 错误恢复场景 › 网络不稳定环境下的用户体验" classname="e2e/e2e.spec.ts" time="0.003">
<failure message="e2e.spec.ts:320:9 网络不稳定环境下的用户体验" type="FAILURE">
<![CDATA[  [webkit] › e2e/e2e.spec.ts:320:9 › 端到端测试 › 错误恢复场景 › 网络不稳定环境下的用户体验 ────────────────────────────────

    Error: browserType.launch: Target page, context or browser has been closed
    Browser logs:

    <launching> /Users/dahuang/Library/Caches/ms-playwright/webkit-2191/pw_run.sh --inspector-pipe --headless --no-startup-window
    <launched> pid=49610
    [pid=49610][err] /Users/dahuang/Library/Caches/ms-playwright/webkit-2191/pw_run.sh: line 7: 49616 Bus error: 10           DYLD_FRAMEWORK_PATH="$DYLIB_PATH" DYLD_LIBRARY_PATH="$DYLIB_PATH" "$PLAYWRIGHT" "$@"
    Call log:
      - <launching> /Users/dahuang/Library/Caches/ms-playwright/webkit-2191/pw_run.sh --inspector-pipe --headless --no-startup-window
      - <launched> pid=49610
      - [pid=49610][err] /Users/dahuang/Library/Caches/ms-playwright/webkit-2191/pw_run.sh: line 7: 49616 Bus error: 10           DYLD_FRAMEWORK_PATH="$DYLIB_PATH" DYLD_LIBRARY_PATH="$DYLIB_PATH" "$PLAYWRIGHT" "$@"

]]>
</failure>
</testcase>
<testcase name="端到端测试 › 错误恢复场景 › 浏览器兼容性场景" classname="e2e/e2e.spec.ts" time="0.001">
<failure message="e2e.spec.ts:361:9 浏览器兼容性场景" type="FAILURE">
<![CDATA[  [webkit] › e2e/e2e.spec.ts:361:9 › 端到端测试 › 错误恢复场景 › 浏览器兼容性场景 ─────────────────────────────────────

    Error: browserType.launch: Target page, context or browser has been closed
    Browser logs:

    <launching> /Users/dahuang/Library/Caches/ms-playwright/webkit-2191/pw_run.sh --inspector-pipe --headless --no-startup-window
    <launched> pid=49619
    [pid=49619][err] /Users/dahuang/Library/Caches/ms-playwright/webkit-2191/pw_run.sh: line 7: 49625 Bus error: 10           DYLD_FRAMEWORK_PATH="$DYLIB_PATH" DYLD_LIBRARY_PATH="$DYLIB_PATH" "$PLAYWRIGHT" "$@"
    Call log:
      - <launching> /Users/dahuang/Library/Caches/ms-playwright/webkit-2191/pw_run.sh --inspector-pipe --headless --no-startup-window
      - <launched> pid=49619
      - [pid=49619][err] /Users/dahuang/Library/Caches/ms-playwright/webkit-2191/pw_run.sh: line 7: 49625 Bus error: 10           DYLD_FRAMEWORK_PATH="$DYLIB_PATH" DYLD_LIBRARY_PATH="$DYLIB_PATH" "$PLAYWRIGHT" "$@"

]]>
</failure>
</testcase>
<testcase name="端到端测试 › 性能压力测试 › 高频交互压力测试" classname="e2e/e2e.spec.ts" time="0.001">
<failure message="e2e.spec.ts:426:9 高频交互压力测试" type="FAILURE">
<![CDATA[  [webkit] › e2e/e2e.spec.ts:426:9 › 端到端测试 › 性能压力测试 › 高频交互压力测试 ─────────────────────────────────────

    Error: browserType.launch: Target page, context or browser has been closed
    Browser logs:

    <launching> /Users/dahuang/Library/Caches/ms-playwright/webkit-2191/pw_run.sh --inspector-pipe --headless --no-startup-window
    <launched> pid=49628
    [pid=49628][err] /Users/dahuang/Library/Caches/ms-playwright/webkit-2191/pw_run.sh: line 7: 49634 Bus error: 10           DYLD_FRAMEWORK_PATH="$DYLIB_PATH" DYLD_LIBRARY_PATH="$DYLIB_PATH" "$PLAYWRIGHT" "$@"
    Call log:
      - <launching> /Users/dahuang/Library/Caches/ms-playwright/webkit-2191/pw_run.sh --inspector-pipe --headless --no-startup-window
      - <launched> pid=49628
      - [pid=49628][err] /Users/dahuang/Library/Caches/ms-playwright/webkit-2191/pw_run.sh: line 7: 49634 Bus error: 10           DYLD_FRAMEWORK_PATH="$DYLIB_PATH" DYLD_LIBRARY_PATH="$DYLIB_PATH" "$PLAYWRIGHT" "$@"

]]>
</failure>
</testcase>
<testcase name="端到端测试 › 性能压力测试 › 长时间会话测试" classname="e2e/e2e.spec.ts" time="0.002">
<failure message="e2e.spec.ts:469:9 长时间会话测试" type="FAILURE">
<![CDATA[  [webkit] › e2e/e2e.spec.ts:469:9 › 端到端测试 › 性能压力测试 › 长时间会话测试 ──────────────────────────────────────

    Error: browserType.launch: Target page, context or browser has been closed
    Browser logs:

    <launching> /Users/dahuang/Library/Caches/ms-playwright/webkit-2191/pw_run.sh --inspector-pipe --headless --no-startup-window
    <launched> pid=49640
    [pid=49640][err] /Users/dahuang/Library/Caches/ms-playwright/webkit-2191/pw_run.sh: line 7: 49646 Bus error: 10           DYLD_FRAMEWORK_PATH="$DYLIB_PATH" DYLD_LIBRARY_PATH="$DYLIB_PATH" "$PLAYWRIGHT" "$@"
    Call log:
      - <launching> /Users/dahuang/Library/Caches/ms-playwright/webkit-2191/pw_run.sh --inspector-pipe --headless --no-startup-window
      - <launched> pid=49640
      - [pid=49640][err] /Users/dahuang/Library/Caches/ms-playwright/webkit-2191/pw_run.sh: line 7: 49646 Bus error: 10           DYLD_FRAMEWORK_PATH="$DYLIB_PATH" DYLD_LIBRARY_PATH="$DYLIB_PATH" "$PLAYWRIGHT" "$@"

]]>
</failure>
</testcase>
</testsuite>
<testsuite name="e2e/homepage.spec.ts" timestamp="2025-07-24T07:09:26.317Z" hostname="webkit" tests="16" failures="16" skipped="0" time="0.018" errors="0">
<testcase name="首页核心功能测试 › 页面基本元素加载" classname="e2e/homepage.spec.ts" time="0.001">
<failure message="homepage.spec.ts:17:7 页面基本元素加载" type="FAILURE">
<![CDATA[  [webkit] › e2e/homepage.spec.ts:17:7 › 首页核心功能测试 › 页面基本元素加载 ───────────────────────────────────────

    Error: browserType.launch: Target page, context or browser has been closed
    Browser logs:

    <launching> /Users/dahuang/Library/Caches/ms-playwright/webkit-2191/pw_run.sh --inspector-pipe --headless --no-startup-window
    <launched> pid=49648
    [pid=49648][err] /Users/dahuang/Library/Caches/ms-playwright/webkit-2191/pw_run.sh: line 7: 49654 Bus error: 10           DYLD_FRAMEWORK_PATH="$DYLIB_PATH" DYLD_LIBRARY_PATH="$DYLIB_PATH" "$PLAYWRIGHT" "$@"
    Call log:
      - <launching> /Users/dahuang/Library/Caches/ms-playwright/webkit-2191/pw_run.sh --inspector-pipe --headless --no-startup-window
      - <launched> pid=49648
      - [pid=49648][err] /Users/dahuang/Library/Caches/ms-playwright/webkit-2191/pw_run.sh: line 7: 49654 Bus error: 10           DYLD_FRAMEWORK_PATH="$DYLIB_PATH" DYLD_LIBRARY_PATH="$DYLIB_PATH" "$PLAYWRIGHT" "$@"

]]>
</failure>
</testcase>
<testcase name="首页核心功能测试 › Hero区域交互功能" classname="e2e/homepage.spec.ts" time="0.001">
<failure message="homepage.spec.ts:28:7 Hero区域交互功能" type="FAILURE">
<![CDATA[  [webkit] › e2e/homepage.spec.ts:28:7 › 首页核心功能测试 › Hero区域交互功能 ─────────────────────────────────────

    Error: browserType.launch: Target page, context or browser has been closed
    Browser logs:

    <launching> /Users/dahuang/Library/Caches/ms-playwright/webkit-2191/pw_run.sh --inspector-pipe --headless --no-startup-window
    <launched> pid=49657
    [pid=49657][err] /Users/dahuang/Library/Caches/ms-playwright/webkit-2191/pw_run.sh: line 7: 49663 Bus error: 10           DYLD_FRAMEWORK_PATH="$DYLIB_PATH" DYLD_LIBRARY_PATH="$DYLIB_PATH" "$PLAYWRIGHT" "$@"
    Call log:
      - <launching> /Users/dahuang/Library/Caches/ms-playwright/webkit-2191/pw_run.sh --inspector-pipe --headless --no-startup-window
      - <launched> pid=49657
      - [pid=49657][err] /Users/dahuang/Library/Caches/ms-playwright/webkit-2191/pw_run.sh: line 7: 49663 Bus error: 10           DYLD_FRAMEWORK_PATH="$DYLIB_PATH" DYLD_LIBRARY_PATH="$DYLIB_PATH" "$PLAYWRIGHT" "$@"

]]>
</failure>
</testcase>
<testcase name="首页核心功能测试 › 特色标签显示" classname="e2e/homepage.spec.ts" time="0.001">
<failure message="homepage.spec.ts:42:7 特色标签显示" type="FAILURE">
<![CDATA[  [webkit] › e2e/homepage.spec.ts:42:7 › 首页核心功能测试 › 特色标签显示 ─────────────────────────────────────────

    Error: browserType.launch: Target page, context or browser has been closed
    Browser logs:

    <launching> /Users/dahuang/Library/Caches/ms-playwright/webkit-2191/pw_run.sh --inspector-pipe --headless --no-startup-window
    <launched> pid=49665
    [pid=49665][err] /Users/dahuang/Library/Caches/ms-playwright/webkit-2191/pw_run.sh: line 7: 49671 Bus error: 10           DYLD_FRAMEWORK_PATH="$DYLIB_PATH" DYLD_LIBRARY_PATH="$DYLIB_PATH" "$PLAYWRIGHT" "$@"
    Call log:
      - <launching> /Users/dahuang/Library/Caches/ms-playwright/webkit-2191/pw_run.sh --inspector-pipe --headless --no-startup-window
      - <launched> pid=49665
      - [pid=49665][err] /Users/dahuang/Library/Caches/ms-playwright/webkit-2191/pw_run.sh: line 7: 49671 Bus error: 10           DYLD_FRAMEWORK_PATH="$DYLIB_PATH" DYLD_LIBRARY_PATH="$DYLIB_PATH" "$PLAYWRIGHT" "$@"

]]>
</failure>
</testcase>
<testcase name="首页核心功能测试 › 功能展示区域内容" classname="e2e/homepage.spec.ts" time="0.001">
<failure message="homepage.spec.ts:53:7 功能展示区域内容" type="FAILURE">
<![CDATA[  [webkit] › e2e/homepage.spec.ts:53:7 › 首页核心功能测试 › 功能展示区域内容 ───────────────────────────────────────

    Error: browserType.launch: Target page, context or browser has been closed
    Browser logs:

    <launching> /Users/dahuang/Library/Caches/ms-playwright/webkit-2191/pw_run.sh --inspector-pipe --headless --no-startup-window
    <launched> pid=49673
    [pid=49673][err] /Users/dahuang/Library/Caches/ms-playwright/webkit-2191/pw_run.sh: line 7: 49679 Bus error: 10           DYLD_FRAMEWORK_PATH="$DYLIB_PATH" DYLD_LIBRARY_PATH="$DYLIB_PATH" "$PLAYWRIGHT" "$@"
    Call log:
      - <launching> /Users/dahuang/Library/Caches/ms-playwright/webkit-2191/pw_run.sh --inspector-pipe --headless --no-startup-window
      - <launched> pid=49673
      - [pid=49673][err] /Users/dahuang/Library/Caches/ms-playwright/webkit-2191/pw_run.sh: line 7: 49679 Bus error: 10           DYLD_FRAMEWORK_PATH="$DYLIB_PATH" DYLD_LIBRARY_PATH="$DYLIB_PATH" "$PLAYWRIGHT" "$@"

]]>
</failure>
</testcase>
<testcase name="首页核心功能测试 › Features区域内容验证" classname="e2e/homepage.spec.ts" time="0.001">
<failure message="homepage.spec.ts:74:7 Features区域内容验证" type="FAILURE">
<![CDATA[  [webkit] › e2e/homepage.spec.ts:74:7 › 首页核心功能测试 › Features区域内容验证 ─────────────────────────────────

    Error: browserType.launch: Target page, context or browser has been closed
    Browser logs:

    <launching> /Users/dahuang/Library/Caches/ms-playwright/webkit-2191/pw_run.sh --inspector-pipe --headless --no-startup-window
    <launched> pid=49681
    [pid=49681][err] /Users/dahuang/Library/Caches/ms-playwright/webkit-2191/pw_run.sh: line 7: 49687 Bus error: 10           DYLD_FRAMEWORK_PATH="$DYLIB_PATH" DYLD_LIBRARY_PATH="$DYLIB_PATH" "$PLAYWRIGHT" "$@"
    Call log:
      - <launching> /Users/dahuang/Library/Caches/ms-playwright/webkit-2191/pw_run.sh --inspector-pipe --headless --no-startup-window
      - <launched> pid=49681
      - [pid=49681][err] /Users/dahuang/Library/Caches/ms-playwright/webkit-2191/pw_run.sh: line 7: 49687 Bus error: 10           DYLD_FRAMEWORK_PATH="$DYLIB_PATH" DYLD_LIBRARY_PATH="$DYLIB_PATH" "$PLAYWRIGHT" "$@"

]]>
</failure>
</testcase>
<testcase name="首页核心功能测试 › 用户评价区域显示" classname="e2e/homepage.spec.ts" time="0.001">
<failure message="homepage.spec.ts:86:7 用户评价区域显示" type="FAILURE">
<![CDATA[  [webkit] › e2e/homepage.spec.ts:86:7 › 首页核心功能测试 › 用户评价区域显示 ───────────────────────────────────────

    Error: browserType.launch: Target page, context or browser has been closed
    Browser logs:

    <launching> /Users/dahuang/Library/Caches/ms-playwright/webkit-2191/pw_run.sh --inspector-pipe --headless --no-startup-window
    <launched> pid=49695
    [pid=49695][err] /Users/dahuang/Library/Caches/ms-playwright/webkit-2191/pw_run.sh: line 7: 49701 Bus error: 10           DYLD_FRAMEWORK_PATH="$DYLIB_PATH" DYLD_LIBRARY_PATH="$DYLIB_PATH" "$PLAYWRIGHT" "$@"
    Call log:
      - <launching> /Users/dahuang/Library/Caches/ms-playwright/webkit-2191/pw_run.sh --inspector-pipe --headless --no-startup-window
      - <launched> pid=49695
      - [pid=49695][err] /Users/dahuang/Library/Caches/ms-playwright/webkit-2191/pw_run.sh: line 7: 49701 Bus error: 10           DYLD_FRAMEWORK_PATH="$DYLIB_PATH" DYLD_LIBRARY_PATH="$DYLIB_PATH" "$PLAYWRIGHT" "$@"

]]>
</failure>
</testcase>
<testcase name="首页核心功能测试 › FAQ区域交互功能" classname="e2e/homepage.spec.ts" time="0.001">
<failure message="homepage.spec.ts:107:7 FAQ区域交互功能" type="FAILURE">
<![CDATA[  [webkit] › e2e/homepage.spec.ts:107:7 › 首页核心功能测试 › FAQ区域交互功能 ─────────────────────────────────────

    Error: browserType.launch: Target page, context or browser has been closed
    Browser logs:

    <launching> /Users/dahuang/Library/Caches/ms-playwright/webkit-2191/pw_run.sh --inspector-pipe --headless --no-startup-window
    <launched> pid=49702
    [pid=49702][err] /Users/dahuang/Library/Caches/ms-playwright/webkit-2191/pw_run.sh: line 7: 49708 Bus error: 10           DYLD_FRAMEWORK_PATH="$DYLIB_PATH" DYLD_LIBRARY_PATH="$DYLIB_PATH" "$PLAYWRIGHT" "$@"
    Call log:
      - <launching> /Users/dahuang/Library/Caches/ms-playwright/webkit-2191/pw_run.sh --inspector-pipe --headless --no-startup-window
      - <launched> pid=49702
      - [pid=49702][err] /Users/dahuang/Library/Caches/ms-playwright/webkit-2191/pw_run.sh: line 7: 49708 Bus error: 10           DYLD_FRAMEWORK_PATH="$DYLIB_PATH" DYLD_LIBRARY_PATH="$DYLIB_PATH" "$PLAYWRIGHT" "$@"

]]>
</failure>
</testcase>
<testcase name="首页核心功能测试 › FAQ结构化数据验证" classname="e2e/homepage.spec.ts" time="0.001">
<failure message="homepage.spec.ts:124:7 FAQ结构化数据验证" type="FAILURE">
<![CDATA[  [webkit] › e2e/homepage.spec.ts:124:7 › 首页核心功能测试 › FAQ结构化数据验证 ────────────────────────────────────

    Error: browserType.launch: Target page, context or browser has been closed
    Browser logs:

    <launching> /Users/dahuang/Library/Caches/ms-playwright/webkit-2191/pw_run.sh --inspector-pipe --headless --no-startup-window
    <launched> pid=49710
    [pid=49710][err] /Users/dahuang/Library/Caches/ms-playwright/webkit-2191/pw_run.sh: line 7: 49716 Bus error: 10           DYLD_FRAMEWORK_PATH="$DYLIB_PATH" DYLD_LIBRARY_PATH="$DYLIB_PATH" "$PLAYWRIGHT" "$@"
    Call log:
      - <launching> /Users/dahuang/Library/Caches/ms-playwright/webkit-2191/pw_run.sh --inspector-pipe --headless --no-startup-window
      - <launched> pid=49710
      - [pid=49710][err] /Users/dahuang/Library/Caches/ms-playwright/webkit-2191/pw_run.sh: line 7: 49716 Bus error: 10           DYLD_FRAMEWORK_PATH="$DYLIB_PATH" DYLD_LIBRARY_PATH="$DYLIB_PATH" "$PLAYWRIGHT" "$@"

]]>
</failure>
</testcase>
<testcase name="首页核心功能测试 › Newsletter订阅功能" classname="e2e/homepage.spec.ts" time="0.001">
<failure message="homepage.spec.ts:128:7 Newsletter订阅功能" type="FAILURE">
<![CDATA[  [webkit] › e2e/homepage.spec.ts:128:7 › 首页核心功能测试 › Newsletter订阅功能 ────────────────────────────────

    Error: browserType.launch: Target page, context or browser has been closed
    Browser logs:

    <launching> /Users/dahuang/Library/Caches/ms-playwright/webkit-2191/pw_run.sh --inspector-pipe --headless --no-startup-window
    <launched> pid=49718
    [pid=49718][err] /Users/dahuang/Library/Caches/ms-playwright/webkit-2191/pw_run.sh: line 7: 49724 Bus error: 10           DYLD_FRAMEWORK_PATH="$DYLIB_PATH" DYLD_LIBRARY_PATH="$DYLIB_PATH" "$PLAYWRIGHT" "$@"
    Call log:
      - <launching> /Users/dahuang/Library/Caches/ms-playwright/webkit-2191/pw_run.sh --inspector-pipe --headless --no-startup-window
      - <launched> pid=49718
      - [pid=49718][err] /Users/dahuang/Library/Caches/ms-playwright/webkit-2191/pw_run.sh: line 7: 49724 Bus error: 10           DYLD_FRAMEWORK_PATH="$DYLIB_PATH" DYLD_LIBRARY_PATH="$DYLIB_PATH" "$PLAYWRIGHT" "$@"

]]>
</failure>
</testcase>
<testcase name="首页核心功能测试 › 页面滚动行为" classname="e2e/homepage.spec.ts" time="0.002">
<failure message="homepage.spec.ts:143:7 页面滚动行为" type="FAILURE">
<![CDATA[  [webkit] › e2e/homepage.spec.ts:143:7 › 首页核心功能测试 › 页面滚动行为 ────────────────────────────────────────

    Error: browserType.launch: Target page, context or browser has been closed
    Browser logs:

    <launching> /Users/dahuang/Library/Caches/ms-playwright/webkit-2191/pw_run.sh --inspector-pipe --headless --no-startup-window
    <launched> pid=49727
    [pid=49727][err] /Users/dahuang/Library/Caches/ms-playwright/webkit-2191/pw_run.sh: line 7: 49733 Bus error: 10           DYLD_FRAMEWORK_PATH="$DYLIB_PATH" DYLD_LIBRARY_PATH="$DYLIB_PATH" "$PLAYWRIGHT" "$@"
    Call log:
      - <launching> /Users/dahuang/Library/Caches/ms-playwright/webkit-2191/pw_run.sh --inspector-pipe --headless --no-startup-window
      - <launched> pid=49727
      - [pid=49727][err] /Users/dahuang/Library/Caches/ms-playwright/webkit-2191/pw_run.sh: line 7: 49733 Bus error: 10           DYLD_FRAMEWORK_PATH="$DYLIB_PATH" DYLD_LIBRARY_PATH="$DYLIB_PATH" "$PLAYWRIGHT" "$@"

]]>
</failure>
</testcase>
<testcase name="首页核心功能测试 › 外部链接验证" classname="e2e/homepage.spec.ts" time="0.001">
<failure message="homepage.spec.ts:156:7 外部链接验证" type="FAILURE">
<![CDATA[  [webkit] › e2e/homepage.spec.ts:156:7 › 首页核心功能测试 › 外部链接验证 ────────────────────────────────────────

    Error: browserType.launch: Target page, context or browser has been closed
    Browser logs:

    <launching> /Users/dahuang/Library/Caches/ms-playwright/webkit-2191/pw_run.sh --inspector-pipe --headless --no-startup-window
    <launched> pid=49734
    [pid=49734][err] /Users/dahuang/Library/Caches/ms-playwright/webkit-2191/pw_run.sh: line 7: 49740 Bus error: 10           DYLD_FRAMEWORK_PATH="$DYLIB_PATH" DYLD_LIBRARY_PATH="$DYLIB_PATH" "$PLAYWRIGHT" "$@"
    Call log:
      - <launching> /Users/dahuang/Library/Caches/ms-playwright/webkit-2191/pw_run.sh --inspector-pipe --headless --no-startup-window
      - <launched> pid=49734
      - [pid=49734][err] /Users/dahuang/Library/Caches/ms-playwright/webkit-2191/pw_run.sh: line 7: 49740 Bus error: 10           DYLD_FRAMEWORK_PATH="$DYLIB_PATH" DYLD_LIBRARY_PATH="$DYLIB_PATH" "$PLAYWRIGHT" "$@"

]]>
</failure>
</testcase>
<testcase name="首页核心功能测试 › 页面性能基础检查" classname="e2e/homepage.spec.ts" time="0.001">
<failure message="homepage.spec.ts:167:7 页面性能基础检查" type="FAILURE">
<![CDATA[  [webkit] › e2e/homepage.spec.ts:167:7 › 首页核心功能测试 › 页面性能基础检查 ──────────────────────────────────────

    Error: browserType.launch: Target page, context or browser has been closed
    Browser logs:

    <launching> /Users/dahuang/Library/Caches/ms-playwright/webkit-2191/pw_run.sh --inspector-pipe --headless --no-startup-window
    <launched> pid=49744
    [pid=49744][err] /Users/dahuang/Library/Caches/ms-playwright/webkit-2191/pw_run.sh: line 7: 49750 Bus error: 10           DYLD_FRAMEWORK_PATH="$DYLIB_PATH" DYLD_LIBRARY_PATH="$DYLIB_PATH" "$PLAYWRIGHT" "$@"
    Call log:
      - <launching> /Users/dahuang/Library/Caches/ms-playwright/webkit-2191/pw_run.sh --inspector-pipe --headless --no-startup-window
      - <launched> pid=49744
      - [pid=49744][err] /Users/dahuang/Library/Caches/ms-playwright/webkit-2191/pw_run.sh: line 7: 49750 Bus error: 10           DYLD_FRAMEWORK_PATH="$DYLIB_PATH" DYLD_LIBRARY_PATH="$DYLIB_PATH" "$PLAYWRIGHT" "$@"

]]>
</failure>
</testcase>
<testcase name="首页核心功能测试 › 图片加载和优化检查" classname="e2e/homepage.spec.ts" time="0.001">
<failure message="homepage.spec.ts:180:7 图片加载和优化检查" type="FAILURE">
<![CDATA[  [webkit] › e2e/homepage.spec.ts:180:7 › 首页核心功能测试 › 图片加载和优化检查 ─────────────────────────────────────

    Error: browserType.launch: Target page, context or browser has been closed
    Browser logs:

    <launching> /Users/dahuang/Library/Caches/ms-playwright/webkit-2191/pw_run.sh --inspector-pipe --headless --no-startup-window
    <launched> pid=49755
    [pid=49755][err] /Users/dahuang/Library/Caches/ms-playwright/webkit-2191/pw_run.sh: line 7: 49761 Bus error: 10           DYLD_FRAMEWORK_PATH="$DYLIB_PATH" DYLD_LIBRARY_PATH="$DYLIB_PATH" "$PLAYWRIGHT" "$@"
    Call log:
      - <launching> /Users/dahuang/Library/Caches/ms-playwright/webkit-2191/pw_run.sh --inspector-pipe --headless --no-startup-window
      - <launched> pid=49755
      - [pid=49755][err] /Users/dahuang/Library/Caches/ms-playwright/webkit-2191/pw_run.sh: line 7: 49761 Bus error: 10           DYLD_FRAMEWORK_PATH="$DYLIB_PATH" DYLD_LIBRARY_PATH="$DYLIB_PATH" "$PLAYWRIGHT" "$@"

]]>
</failure>
</testcase>
<testcase name="首页错误处理 › 网络错误处理" classname="e2e/homepage.spec.ts" time="0.002">
<failure message="homepage.spec.ts:202:7 网络错误处理" type="FAILURE">
<![CDATA[  [webkit] › e2e/homepage.spec.ts:202:7 › 首页错误处理 › 网络错误处理 ──────────────────────────────────────────

    Error: browserType.launch: Target page, context or browser has been closed
    Browser logs:

    <launching> /Users/dahuang/Library/Caches/ms-playwright/webkit-2191/pw_run.sh --inspector-pipe --headless --no-startup-window
    <launched> pid=49764
    [pid=49764][err] /Users/dahuang/Library/Caches/ms-playwright/webkit-2191/pw_run.sh: line 7: 49770 Bus error: 10           DYLD_FRAMEWORK_PATH="$DYLIB_PATH" DYLD_LIBRARY_PATH="$DYLIB_PATH" "$PLAYWRIGHT" "$@"
    Call log:
      - <launching> /Users/dahuang/Library/Caches/ms-playwright/webkit-2191/pw_run.sh --inspector-pipe --headless --no-startup-window
      - <launched> pid=49764
      - [pid=49764][err] /Users/dahuang/Library/Caches/ms-playwright/webkit-2191/pw_run.sh: line 7: 49770 Bus error: 10           DYLD_FRAMEWORK_PATH="$DYLIB_PATH" DYLD_LIBRARY_PATH="$DYLIB_PATH" "$PLAYWRIGHT" "$@"

]]>
</failure>
</testcase>
<testcase name="首页错误处理 › JavaScript错误监控" classname="e2e/homepage.spec.ts" time="0.001">
<failure message="homepage.spec.ts:213:7 JavaScript错误监控" type="FAILURE">
<![CDATA[  [webkit] › e2e/homepage.spec.ts:213:7 › 首页错误处理 › JavaScript错误监控 ──────────────────────────────────

    Error: browserType.launch: Target page, context or browser has been closed
    Browser logs:

    <launching> /Users/dahuang/Library/Caches/ms-playwright/webkit-2191/pw_run.sh --inspector-pipe --headless --no-startup-window
    <launched> pid=49771
    [pid=49771][err] /Users/dahuang/Library/Caches/ms-playwright/webkit-2191/pw_run.sh: line 7: 49777 Bus error: 10           DYLD_FRAMEWORK_PATH="$DYLIB_PATH" DYLD_LIBRARY_PATH="$DYLIB_PATH" "$PLAYWRIGHT" "$@"
    Call log:
      - <launching> /Users/dahuang/Library/Caches/ms-playwright/webkit-2191/pw_run.sh --inspector-pipe --headless --no-startup-window
      - <launched> pid=49771
      - [pid=49771][err] /Users/dahuang/Library/Caches/ms-playwright/webkit-2191/pw_run.sh: line 7: 49777 Bus error: 10           DYLD_FRAMEWORK_PATH="$DYLIB_PATH" DYLD_LIBRARY_PATH="$DYLIB_PATH" "$PLAYWRIGHT" "$@"

]]>
</failure>
</testcase>
<testcase name="首页错误处理 › 控制台错误检查" classname="e2e/homepage.spec.ts" time="0.001">
<failure message="homepage.spec.ts:228:7 控制台错误检查" type="FAILURE">
<![CDATA[  [webkit] › e2e/homepage.spec.ts:228:7 › 首页错误处理 › 控制台错误检查 ─────────────────────────────────────────

    Error: browserType.launch: Target page, context or browser has been closed
    Browser logs:

    <launching> /Users/dahuang/Library/Caches/ms-playwright/webkit-2191/pw_run.sh --inspector-pipe --headless --no-startup-window
    <launched> pid=49779
    [pid=49779][err] /Users/dahuang/Library/Caches/ms-playwright/webkit-2191/pw_run.sh: line 7: 49785 Bus error: 10           DYLD_FRAMEWORK_PATH="$DYLIB_PATH" DYLD_LIBRARY_PATH="$DYLIB_PATH" "$PLAYWRIGHT" "$@"
    Call log:
      - <launching> /Users/dahuang/Library/Caches/ms-playwright/webkit-2191/pw_run.sh --inspector-pipe --headless --no-startup-window
      - <launched> pid=49779
      - [pid=49779][err] /Users/dahuang/Library/Caches/ms-playwright/webkit-2191/pw_run.sh: line 7: 49785 Bus error: 10           DYLD_FRAMEWORK_PATH="$DYLIB_PATH" DYLD_LIBRARY_PATH="$DYLIB_PATH" "$PLAYWRIGHT" "$@"

]]>
</failure>
</testcase>
</testsuite>
<testsuite name="e2e/navigation.spec.ts" timestamp="2025-07-24T07:09:26.317Z" hostname="webkit" tests="24" failures="24" skipped="0" time="0.031" errors="0">
<testcase name="导航功能测试 › Header导航基本功能" classname="e2e/navigation.spec.ts" time="0.001">
<failure message="navigation.spec.ts:17:7 Header导航基本功能" type="FAILURE">
<![CDATA[  [webkit] › e2e/navigation.spec.ts:17:7 › 导航功能测试 › Header导航基本功能 ───────────────────────────────────

    Error: browserType.launch: Target page, context or browser has been closed
    Browser logs:

    <launching> /Users/dahuang/Library/Caches/ms-playwright/webkit-2191/pw_run.sh --inspector-pipe --headless --no-startup-window
    <launched> pid=49787
    [pid=49787][err] /Users/dahuang/Library/Caches/ms-playwright/webkit-2191/pw_run.sh: line 7: 49793 Bus error: 10           DYLD_FRAMEWORK_PATH="$DYLIB_PATH" DYLD_LIBRARY_PATH="$DYLIB_PATH" "$PLAYWRIGHT" "$@"
    Call log:
      - <launching> /Users/dahuang/Library/Caches/ms-playwright/webkit-2191/pw_run.sh --inspector-pipe --headless --no-startup-window
      - <launched> pid=49787
      - [pid=49787][err] /Users/dahuang/Library/Caches/ms-playwright/webkit-2191/pw_run.sh: line 7: 49793 Bus error: 10           DYLD_FRAMEWORK_PATH="$DYLIB_PATH" DYLD_LIBRARY_PATH="$DYLIB_PATH" "$PLAYWRIGHT" "$@"

]]>
</failure>
</testcase>
<testcase name="导航功能测试 › 锚点导航功能" classname="e2e/navigation.spec.ts" time="0.001">
<failure message="navigation.spec.ts:33:7 锚点导航功能" type="FAILURE">
<![CDATA[  [webkit] › e2e/navigation.spec.ts:33:7 › 导航功能测试 › 锚点导航功能 ─────────────────────────────────────────

    Error: browserType.launch: Target page, context or browser has been closed
    Browser logs:

    <launching> /Users/dahuang/Library/Caches/ms-playwright/webkit-2191/pw_run.sh --inspector-pipe --headless --no-startup-window
    <launched> pid=49796
    [pid=49796][err] /Users/dahuang/Library/Caches/ms-playwright/webkit-2191/pw_run.sh: line 7: 49802 Bus error: 10           DYLD_FRAMEWORK_PATH="$DYLIB_PATH" DYLD_LIBRARY_PATH="$DYLIB_PATH" "$PLAYWRIGHT" "$@"
    Call log:
      - <launching> /Users/dahuang/Library/Caches/ms-playwright/webkit-2191/pw_run.sh --inspector-pipe --headless --no-startup-window
      - <launched> pid=49796
      - [pid=49796][err] /Users/dahuang/Library/Caches/ms-playwright/webkit-2191/pw_run.sh: line 7: 49802 Bus error: 10           DYLD_FRAMEWORK_PATH="$DYLIB_PATH" DYLD_LIBRARY_PATH="$DYLIB_PATH" "$PLAYWRIGHT" "$@"

]]>
</failure>
</testcase>
<testcase name="导航功能测试 › 滚动时Header状态变化" classname="e2e/navigation.spec.ts" time="0.001">
<failure message="navigation.spec.ts:51:7 滚动时Header状态变化" type="FAILURE">
<![CDATA[  [webkit] › e2e/navigation.spec.ts:51:7 › 导航功能测试 › 滚动时Header状态变化 ──────────────────────────────────

    Error: browserType.launch: Target page, context or browser has been closed
    Browser logs:

    <launching> /Users/dahuang/Library/Caches/ms-playwright/webkit-2191/pw_run.sh --inspector-pipe --headless --no-startup-window
    <launched> pid=49805
    [pid=49805][err] /Users/dahuang/Library/Caches/ms-playwright/webkit-2191/pw_run.sh: line 7: 49814 Bus error: 10           DYLD_FRAMEWORK_PATH="$DYLIB_PATH" DYLD_LIBRARY_PATH="$DYLIB_PATH" "$PLAYWRIGHT" "$@"
    Call log:
      - <launching> /Users/dahuang/Library/Caches/ms-playwright/webkit-2191/pw_run.sh --inspector-pipe --headless --no-startup-window
      - <launched> pid=49805
      - [pid=49805][err] /Users/dahuang/Library/Caches/ms-playwright/webkit-2191/pw_run.sh: line 7: 49814 Bus error: 10           DYLD_FRAMEWORK_PATH="$DYLIB_PATH" DYLD_LIBRARY_PATH="$DYLIB_PATH" "$PLAYWRIGHT" "$@"

]]>
</failure>
</testcase>
<testcase name="导航功能测试 › 导航链接活跃状态" classname="e2e/navigation.spec.ts" time="0.001">
<failure message="navigation.spec.ts:70:7 导航链接活跃状态" type="FAILURE">
<![CDATA[  [webkit] › e2e/navigation.spec.ts:70:7 › 导航功能测试 › 导航链接活跃状态 ───────────────────────────────────────

    Error: browserType.launch: Target page, context or browser has been closed
    Browser logs:

    <launching> /Users/dahuang/Library/Caches/ms-playwright/webkit-2191/pw_run.sh --inspector-pipe --headless --no-startup-window
    <launched> pid=49816
    [pid=49816][err] /Users/dahuang/Library/Caches/ms-playwright/webkit-2191/pw_run.sh: line 7: 49822 Bus error: 10           DYLD_FRAMEWORK_PATH="$DYLIB_PATH" DYLD_LIBRARY_PATH="$DYLIB_PATH" "$PLAYWRIGHT" "$@"
    Call log:
      - <launching> /Users/dahuang/Library/Caches/ms-playwright/webkit-2191/pw_run.sh --inspector-pipe --headless --no-startup-window
      - <launched> pid=49816
      - [pid=49816][err] /Users/dahuang/Library/Caches/ms-playwright/webkit-2191/pw_run.sh: line 7: 49822 Bus error: 10           DYLD_FRAMEWORK_PATH="$DYLIB_PATH" DYLD_LIBRARY_PATH="$DYLIB_PATH" "$PLAYWRIGHT" "$@"

]]>
</failure>
</testcase>
<testcase name="导航功能测试 › Logo点击返回顶部" classname="e2e/navigation.spec.ts" time="0.001">
<failure message="navigation.spec.ts:84:7 Logo点击返回顶部" type="FAILURE">
<![CDATA[  [webkit] › e2e/navigation.spec.ts:84:7 › 导航功能测试 › Logo点击返回顶部 ─────────────────────────────────────

    Error: browserType.launch: Target page, context or browser has been closed
    Browser logs:

    <launching> /Users/dahuang/Library/Caches/ms-playwright/webkit-2191/pw_run.sh --inspector-pipe --headless --no-startup-window
    <launched> pid=49824
    [pid=49824][err] /Users/dahuang/Library/Caches/ms-playwright/webkit-2191/pw_run.sh: line 7: 49830 Bus error: 10           DYLD_FRAMEWORK_PATH="$DYLIB_PATH" DYLD_LIBRARY_PATH="$DYLIB_PATH" "$PLAYWRIGHT" "$@"
    Call log:
      - <launching> /Users/dahuang/Library/Caches/ms-playwright/webkit-2191/pw_run.sh --inspector-pipe --headless --no-startup-window
      - <launched> pid=49824
      - [pid=49824][err] /Users/dahuang/Library/Caches/ms-playwright/webkit-2191/pw_run.sh: line 7: 49830 Bus error: 10           DYLD_FRAMEWORK_PATH="$DYLIB_PATH" DYLD_LIBRARY_PATH="$DYLIB_PATH" "$PLAYWRIGHT" "$@"

]]>
</failure>
</testcase>
<testcase name="移动端导航测试 › 移动端菜单基本功能" classname="e2e/navigation.spec.ts" time="0.001">
<failure message="navigation.spec.ts:105:7 移动端菜单基本功能" type="FAILURE">
<![CDATA[  [webkit] › e2e/navigation.spec.ts:105:7 › 移动端导航测试 › 移动端菜单基本功能 ────────────────────────────────────

    Error: browserType.launch: Target page, context or browser has been closed
    Browser logs:

    <launching> /Users/dahuang/Library/Caches/ms-playwright/webkit-2191/pw_run.sh --inspector-pipe --headless --no-startup-window
    <launched> pid=49833
    [pid=49833][err] /Users/dahuang/Library/Caches/ms-playwright/webkit-2191/pw_run.sh: line 7: 49840 Bus error: 10           DYLD_FRAMEWORK_PATH="$DYLIB_PATH" DYLD_LIBRARY_PATH="$DYLIB_PATH" "$PLAYWRIGHT" "$@"
    Call log:
      - <launching> /Users/dahuang/Library/Caches/ms-playwright/webkit-2191/pw_run.sh --inspector-pipe --headless --no-startup-window
      - <launched> pid=49833
      - [pid=49833][err] /Users/dahuang/Library/Caches/ms-playwright/webkit-2191/pw_run.sh: line 7: 49840 Bus error: 10           DYLD_FRAMEWORK_PATH="$DYLIB_PATH" DYLD_LIBRARY_PATH="$DYLIB_PATH" "$PLAYWRIGHT" "$@"

]]>
</failure>
</testcase>
<testcase name="移动端导航测试 › 移动端菜单展开收起" classname="e2e/navigation.spec.ts" time="0.002">
<failure message="navigation.spec.ts:118:7 移动端菜单展开收起" type="FAILURE">
<![CDATA[  [webkit] › e2e/navigation.spec.ts:118:7 › 移动端导航测试 › 移动端菜单展开收起 ────────────────────────────────────

    Error: browserType.launch: Target page, context or browser has been closed
    Browser logs:

    <launching> /Users/dahuang/Library/Caches/ms-playwright/webkit-2191/pw_run.sh --inspector-pipe --headless --no-startup-window
    <launched> pid=49841
    [pid=49841][err] /Users/dahuang/Library/Caches/ms-playwright/webkit-2191/pw_run.sh: line 7: 49847 Bus error: 10           DYLD_FRAMEWORK_PATH="$DYLIB_PATH" DYLD_LIBRARY_PATH="$DYLIB_PATH" "$PLAYWRIGHT" "$@"
    Call log:
      - <launching> /Users/dahuang/Library/Caches/ms-playwright/webkit-2191/pw_run.sh --inspector-pipe --headless --no-startup-window
      - <launched> pid=49841
      - [pid=49841][err] /Users/dahuang/Library/Caches/ms-playwright/webkit-2191/pw_run.sh: line 7: 49847 Bus error: 10           DYLD_FRAMEWORK_PATH="$DYLIB_PATH" DYLD_LIBRARY_PATH="$DYLIB_PATH" "$PLAYWRIGHT" "$@"

]]>
</failure>
</testcase>
<testcase name="移动端导航测试 › 移动端导航链接功能" classname="e2e/navigation.spec.ts" time="0.001">
<failure message="navigation.spec.ts:141:7 移动端导航链接功能" type="FAILURE">
<![CDATA[  [webkit] › e2e/navigation.spec.ts:141:7 › 移动端导航测试 › 移动端导航链接功能 ────────────────────────────────────

    Error: browserType.launch: Target page, context or browser has been closed
    Browser logs:

    <launching> /Users/dahuang/Library/Caches/ms-playwright/webkit-2191/pw_run.sh --inspector-pipe --headless --no-startup-window
    <launched> pid=49849
    [pid=49849][err] /Users/dahuang/Library/Caches/ms-playwright/webkit-2191/pw_run.sh: line 7: 49855 Bus error: 10           DYLD_FRAMEWORK_PATH="$DYLIB_PATH" DYLD_LIBRARY_PATH="$DYLIB_PATH" "$PLAYWRIGHT" "$@"
    Call log:
      - <launching> /Users/dahuang/Library/Caches/ms-playwright/webkit-2191/pw_run.sh --inspector-pipe --headless --no-startup-window
      - <launched> pid=49849
      - [pid=49849][err] /Users/dahuang/Library/Caches/ms-playwright/webkit-2191/pw_run.sh: line 7: 49855 Bus error: 10           DYLD_FRAMEWORK_PATH="$DYLIB_PATH" DYLD_LIBRARY_PATH="$DYLIB_PATH" "$PLAYWRIGHT" "$@"

]]>
</failure>
</testcase>
<testcase name="移动端导航测试 › 移动端触摸交互" classname="e2e/navigation.spec.ts" time="0.001">
<failure message="navigation.spec.ts:160:7 移动端触摸交互" type="FAILURE">
<![CDATA[  [webkit] › e2e/navigation.spec.ts:160:7 › 移动端导航测试 › 移动端触摸交互 ──────────────────────────────────────

    Error: browserType.launch: Target page, context or browser has been closed
    Browser logs:

    <launching> /Users/dahuang/Library/Caches/ms-playwright/webkit-2191/pw_run.sh --inspector-pipe --headless --no-startup-window
    <launched> pid=49857
    [pid=49857][err] /Users/dahuang/Library/Caches/ms-playwright/webkit-2191/pw_run.sh: line 7: 49863 Bus error: 10           DYLD_FRAMEWORK_PATH="$DYLIB_PATH" DYLD_LIBRARY_PATH="$DYLIB_PATH" "$PLAYWRIGHT" "$@"
    Call log:
      - <launching> /Users/dahuang/Library/Caches/ms-playwright/webkit-2191/pw_run.sh --inspector-pipe --headless --no-startup-window
      - <launched> pid=49857
      - [pid=49857][err] /Users/dahuang/Library/Caches/ms-playwright/webkit-2191/pw_run.sh: line 7: 49863 Bus error: 10           DYLD_FRAMEWORK_PATH="$DYLIB_PATH" DYLD_LIBRARY_PATH="$DYLIB_PATH" "$PLAYWRIGHT" "$@"

]]>
</failure>
</testcase>
<testcase name="Footer导航测试 › Footer基本内容验证" classname="e2e/navigation.spec.ts" time="0.001">
<failure message="navigation.spec.ts:190:7 Footer基本内容验证" type="FAILURE">
<![CDATA[  [webkit] › e2e/navigation.spec.ts:190:7 › Footer导航测试 › Footer基本内容验证 ──────────────────────────────

    Error: browserType.launch: Target page, context or browser has been closed
    Browser logs:

    <launching> /Users/dahuang/Library/Caches/ms-playwright/webkit-2191/pw_run.sh --inspector-pipe --headless --no-startup-window
    <launched> pid=49871
    [pid=49871][err] /Users/dahuang/Library/Caches/ms-playwright/webkit-2191/pw_run.sh: line 7: 49877 Bus error: 10           DYLD_FRAMEWORK_PATH="$DYLIB_PATH" DYLD_LIBRARY_PATH="$DYLIB_PATH" "$PLAYWRIGHT" "$@"
    Call log:
      - <launching> /Users/dahuang/Library/Caches/ms-playwright/webkit-2191/pw_run.sh --inspector-pipe --headless --no-startup-window
      - <launched> pid=49871
      - [pid=49871][err] /Users/dahuang/Library/Caches/ms-playwright/webkit-2191/pw_run.sh: line 7: 49877 Bus error: 10           DYLD_FRAMEWORK_PATH="$DYLIB_PATH" DYLD_LIBRARY_PATH="$DYLIB_PATH" "$PLAYWRIGHT" "$@"

]]>
</failure>
</testcase>
<testcase name="Footer导航测试 › Footer快速链接" classname="e2e/navigation.spec.ts" time="0.001">
<failure message="navigation.spec.ts:194:7 Footer快速链接" type="FAILURE">
<![CDATA[  [webkit] › e2e/navigation.spec.ts:194:7 › Footer导航测试 › Footer快速链接 ────────────────────────────────

    Error: browserType.launch: Target page, context or browser has been closed
    Browser logs:

    <launching> /Users/dahuang/Library/Caches/ms-playwright/webkit-2191/pw_run.sh --inspector-pipe --headless --no-startup-window
    <launched> pid=49880
    [pid=49880][err] /Users/dahuang/Library/Caches/ms-playwright/webkit-2191/pw_run.sh: line 7: 49886 Bus error: 10           DYLD_FRAMEWORK_PATH="$DYLIB_PATH" DYLD_LIBRARY_PATH="$DYLIB_PATH" "$PLAYWRIGHT" "$@"
    Call log:
      - <launching> /Users/dahuang/Library/Caches/ms-playwright/webkit-2191/pw_run.sh --inspector-pipe --headless --no-startup-window
      - <launched> pid=49880
      - [pid=49880][err] /Users/dahuang/Library/Caches/ms-playwright/webkit-2191/pw_run.sh: line 7: 49886 Bus error: 10           DYLD_FRAMEWORK_PATH="$DYLIB_PATH" DYLD_LIBRARY_PATH="$DYLIB_PATH" "$PLAYWRIGHT" "$@"

]]>
</failure>
</testcase>
<testcase name="Footer导航测试 › Footer支持链接" classname="e2e/navigation.spec.ts" time="0.001">
<failure message="navigation.spec.ts:199:7 Footer支持链接" type="FAILURE">
<![CDATA[  [webkit] › e2e/navigation.spec.ts:199:7 › Footer导航测试 › Footer支持链接 ────────────────────────────────

    Error: browserType.launch: Target page, context or browser has been closed
    Browser logs:

    <launching> /Users/dahuang/Library/Caches/ms-playwright/webkit-2191/pw_run.sh --inspector-pipe --headless --no-startup-window
    <launched> pid=49888
    [pid=49888][err] /Users/dahuang/Library/Caches/ms-playwright/webkit-2191/pw_run.sh: line 7: 49894 Bus error: 10           DYLD_FRAMEWORK_PATH="$DYLIB_PATH" DYLD_LIBRARY_PATH="$DYLIB_PATH" "$PLAYWRIGHT" "$@"
    Call log:
      - <launching> /Users/dahuang/Library/Caches/ms-playwright/webkit-2191/pw_run.sh --inspector-pipe --headless --no-startup-window
      - <launched> pid=49888
      - [pid=49888][err] /Users/dahuang/Library/Caches/ms-playwright/webkit-2191/pw_run.sh: line 7: 49894 Bus error: 10           DYLD_FRAMEWORK_PATH="$DYLIB_PATH" DYLD_LIBRARY_PATH="$DYLIB_PATH" "$PLAYWRIGHT" "$@"

]]>
</failure>
</testcase>
<testcase name="Footer导航测试 › Footer社交媒体链接" classname="e2e/navigation.spec.ts" time="0.001">
<failure message="navigation.spec.ts:204:7 Footer社交媒体链接" type="FAILURE">
<![CDATA[  [webkit] › e2e/navigation.spec.ts:204:7 › Footer导航测试 › Footer社交媒体链接 ──────────────────────────────

    Error: browserType.launch: Target page, context or browser has been closed
    Browser logs:

    <launching> /Users/dahuang/Library/Caches/ms-playwright/webkit-2191/pw_run.sh --inspector-pipe --headless --no-startup-window
    <launched> pid=49896
    [pid=49896][err] /Users/dahuang/Library/Caches/ms-playwright/webkit-2191/pw_run.sh: line 7: 49902 Bus error: 10           DYLD_FRAMEWORK_PATH="$DYLIB_PATH" DYLD_LIBRARY_PATH="$DYLIB_PATH" "$PLAYWRIGHT" "$@"
    Call log:
      - <launching> /Users/dahuang/Library/Caches/ms-playwright/webkit-2191/pw_run.sh --inspector-pipe --headless --no-startup-window
      - <launched> pid=49896
      - [pid=49896][err] /Users/dahuang/Library/Caches/ms-playwright/webkit-2191/pw_run.sh: line 7: 49902 Bus error: 10           DYLD_FRAMEWORK_PATH="$DYLIB_PATH" DYLD_LIBRARY_PATH="$DYLIB_PATH" "$PLAYWRIGHT" "$@"

]]>
</failure>
</testcase>
<testcase name="Footer导航测试 › Footer版权信息" classname="e2e/navigation.spec.ts" time="0.001">
<failure message="navigation.spec.ts:218:7 Footer版权信息" type="FAILURE">
<![CDATA[  [webkit] › e2e/navigation.spec.ts:218:7 › Footer导航测试 › Footer版权信息 ────────────────────────────────

    Error: browserType.launch: Target page, context or browser has been closed
    Browser logs:

    <launching> /Users/dahuang/Library/Caches/ms-playwright/webkit-2191/pw_run.sh --inspector-pipe --headless --no-startup-window
    <launched> pid=49905
    [pid=49905][err] /Users/dahuang/Library/Caches/ms-playwright/webkit-2191/pw_run.sh: line 7: 49911 Bus error: 10           DYLD_FRAMEWORK_PATH="$DYLIB_PATH" DYLD_LIBRARY_PATH="$DYLIB_PATH" "$PLAYWRIGHT" "$@"
    Call log:
      - <launching> /Users/dahuang/Library/Caches/ms-playwright/webkit-2191/pw_run.sh --inspector-pipe --headless --no-startup-window
      - <launched> pid=49905
      - [pid=49905][err] /Users/dahuang/Library/Caches/ms-playwright/webkit-2191/pw_run.sh: line 7: 49911 Bus error: 10           DYLD_FRAMEWORK_PATH="$DYLIB_PATH" DYLD_LIBRARY_PATH="$DYLIB_PATH" "$PLAYWRIGHT" "$@"

]]>
</failure>
</testcase>
<testcase name="Footer导航测试 › Footer链接导航功能" classname="e2e/navigation.spec.ts" time="0.001">
<failure message="navigation.spec.ts:229:7 Footer链接导航功能" type="FAILURE">
<![CDATA[  [webkit] › e2e/navigation.spec.ts:229:7 › Footer导航测试 › Footer链接导航功能 ──────────────────────────────

    Error: browserType.launch: Target page, context or browser has been closed
    Browser logs:

    <launching> /Users/dahuang/Library/Caches/ms-playwright/webkit-2191/pw_run.sh --inspector-pipe --headless --no-startup-window
    <launched> pid=49912
    [pid=49912][err] /Users/dahuang/Library/Caches/ms-playwright/webkit-2191/pw_run.sh: line 7: 49918 Bus error: 10           DYLD_FRAMEWORK_PATH="$DYLIB_PATH" DYLD_LIBRARY_PATH="$DYLIB_PATH" "$PLAYWRIGHT" "$@"
    Call log:
      - <launching> /Users/dahuang/Library/Caches/ms-playwright/webkit-2191/pw_run.sh --inspector-pipe --headless --no-startup-window
      - <launched> pid=49912
      - [pid=49912][err] /Users/dahuang/Library/Caches/ms-playwright/webkit-2191/pw_run.sh: line 7: 49918 Bus error: 10           DYLD_FRAMEWORK_PATH="$DYLIB_PATH" DYLD_LIBRARY_PATH="$DYLIB_PATH" "$PLAYWRIGHT" "$@"

]]>
</failure>
</testcase>
<testcase name="跨设备导航一致性测试 › Mobile 导航一致性" classname="e2e/navigation.spec.ts" time="0.002">
<failure message="navigation.spec.ts:251:9 Mobile 导航一致性" type="FAILURE">
<![CDATA[  [webkit] › e2e/navigation.spec.ts:251:9 › 跨设备导航一致性测试 › Mobile 导航一致性 ──────────────────────────────

    Error: browserType.launch: Target page, context or browser has been closed
    Browser logs:

    <launching> /Users/dahuang/Library/Caches/ms-playwright/webkit-2191/pw_run.sh --inspector-pipe --headless --no-startup-window
    <launched> pid=49920
    [pid=49920][err] /Users/dahuang/Library/Caches/ms-playwright/webkit-2191/pw_run.sh: line 7: 49926 Bus error: 10           DYLD_FRAMEWORK_PATH="$DYLIB_PATH" DYLD_LIBRARY_PATH="$DYLIB_PATH" "$PLAYWRIGHT" "$@"
    Call log:
      - <launching> /Users/dahuang/Library/Caches/ms-playwright/webkit-2191/pw_run.sh --inspector-pipe --headless --no-startup-window
      - <launched> pid=49920
      - [pid=49920][err] /Users/dahuang/Library/Caches/ms-playwright/webkit-2191/pw_run.sh: line 7: 49926 Bus error: 10           DYLD_FRAMEWORK_PATH="$DYLIB_PATH" DYLD_LIBRARY_PATH="$DYLIB_PATH" "$PLAYWRIGHT" "$@"

]]>
</failure>
</testcase>
<testcase name="跨设备导航一致性测试 › Tablet 导航一致性" classname="e2e/navigation.spec.ts" time="0.001">
<failure message="navigation.spec.ts:251:9 Tablet 导航一致性" type="FAILURE">
<![CDATA[  [webkit] › e2e/navigation.spec.ts:251:9 › 跨设备导航一致性测试 › Tablet 导航一致性 ──────────────────────────────

    Error: browserType.launch: Target page, context or browser has been closed
    Browser logs:

    <launching> /Users/dahuang/Library/Caches/ms-playwright/webkit-2191/pw_run.sh --inspector-pipe --headless --no-startup-window
    <launched> pid=49928
    [pid=49928][err] /Users/dahuang/Library/Caches/ms-playwright/webkit-2191/pw_run.sh: line 7: 49934 Bus error: 10           DYLD_FRAMEWORK_PATH="$DYLIB_PATH" DYLD_LIBRARY_PATH="$DYLIB_PATH" "$PLAYWRIGHT" "$@"
    Call log:
      - <launching> /Users/dahuang/Library/Caches/ms-playwright/webkit-2191/pw_run.sh --inspector-pipe --headless --no-startup-window
      - <launched> pid=49928
      - [pid=49928][err] /Users/dahuang/Library/Caches/ms-playwright/webkit-2191/pw_run.sh: line 7: 49934 Bus error: 10           DYLD_FRAMEWORK_PATH="$DYLIB_PATH" DYLD_LIBRARY_PATH="$DYLIB_PATH" "$PLAYWRIGHT" "$@"

]]>
</failure>
</testcase>
<testcase name="跨设备导航一致性测试 › Desktop 导航一致性" classname="e2e/navigation.spec.ts" time="0.002">
<failure message="navigation.spec.ts:251:9 Desktop 导航一致性" type="FAILURE">
<![CDATA[  [webkit] › e2e/navigation.spec.ts:251:9 › 跨设备导航一致性测试 › Desktop 导航一致性 ─────────────────────────────

    Error: browserType.launch: Target page, context or browser has been closed
    Browser logs:

    <launching> /Users/dahuang/Library/Caches/ms-playwright/webkit-2191/pw_run.sh --inspector-pipe --headless --no-startup-window
    <launched> pid=49942
    [pid=49942][err] /Users/dahuang/Library/Caches/ms-playwright/webkit-2191/pw_run.sh: line 7: 49948 Bus error: 10           DYLD_FRAMEWORK_PATH="$DYLIB_PATH" DYLD_LIBRARY_PATH="$DYLIB_PATH" "$PLAYWRIGHT" "$@"
    Call log:
      - <launching> /Users/dahuang/Library/Caches/ms-playwright/webkit-2191/pw_run.sh --inspector-pipe --headless --no-startup-window
      - <launched> pid=49942
      - [pid=49942][err] /Users/dahuang/Library/Caches/ms-playwright/webkit-2191/pw_run.sh: line 7: 49948 Bus error: 10           DYLD_FRAMEWORK_PATH="$DYLIB_PATH" DYLD_LIBRARY_PATH="$DYLIB_PATH" "$PLAYWRIGHT" "$@"

]]>
</failure>
</testcase>
<testcase name="导航性能测试 › 导航响应速度" classname="e2e/navigation.spec.ts" time="0.001">
<failure message="navigation.spec.ts:280:7 导航响应速度" type="FAILURE">
<![CDATA[  [webkit] › e2e/navigation.spec.ts:280:7 › 导航性能测试 › 导航响应速度 ────────────────────────────────────────

    Error: browserType.launch: Target page, context or browser has been closed
    Browser logs:

    <launching> /Users/dahuang/Library/Caches/ms-playwright/webkit-2191/pw_run.sh --inspector-pipe --headless --no-startup-window
    <launched> pid=49949
    [pid=49949][err] /Users/dahuang/Library/Caches/ms-playwright/webkit-2191/pw_run.sh: line 7: 49955 Bus error: 10           DYLD_FRAMEWORK_PATH="$DYLIB_PATH" DYLD_LIBRARY_PATH="$DYLIB_PATH" "$PLAYWRIGHT" "$@"
    Call log:
      - <launching> /Users/dahuang/Library/Caches/ms-playwright/webkit-2191/pw_run.sh --inspector-pipe --headless --no-startup-window
      - <launched> pid=49949
      - [pid=49949][err] /Users/dahuang/Library/Caches/ms-playwright/webkit-2191/pw_run.sh: line 7: 49955 Bus error: 10           DYLD_FRAMEWORK_PATH="$DYLIB_PATH" DYLD_LIBRARY_PATH="$DYLIB_PATH" "$PLAYWRIGHT" "$@"

]]>
</failure>
</testcase>
<testcase name="导航性能测试 › 滚动性能" classname="e2e/navigation.spec.ts" time="0.002">
<failure message="navigation.spec.ts:298:7 滚动性能" type="FAILURE">
<![CDATA[  [webkit] › e2e/navigation.spec.ts:298:7 › 导航性能测试 › 滚动性能 ──────────────────────────────────────────

    Error: browserType.launch: Target page, context or browser has been closed
    Browser logs:

    <launching> /Users/dahuang/Library/Caches/ms-playwright/webkit-2191/pw_run.sh --inspector-pipe --headless --no-startup-window
    <launched> pid=49957
    [pid=49957][err] /Users/dahuang/Library/Caches/ms-playwright/webkit-2191/pw_run.sh: line 7: 49963 Bus error: 10           DYLD_FRAMEWORK_PATH="$DYLIB_PATH" DYLD_LIBRARY_PATH="$DYLIB_PATH" "$PLAYWRIGHT" "$@"
    Call log:
      - <launching> /Users/dahuang/Library/Caches/ms-playwright/webkit-2191/pw_run.sh --inspector-pipe --headless --no-startup-window
      - <launched> pid=49957
      - [pid=49957][err] /Users/dahuang/Library/Caches/ms-playwright/webkit-2191/pw_run.sh: line 7: 49963 Bus error: 10           DYLD_FRAMEWORK_PATH="$DYLIB_PATH" DYLD_LIBRARY_PATH="$DYLIB_PATH" "$PLAYWRIGHT" "$@"

]]>
</failure>
</testcase>
<testcase name="导航性能测试 › Header状态切换性能" classname="e2e/navigation.spec.ts" time="0.001">
<failure message="navigation.spec.ts:316:7 Header状态切换性能" type="FAILURE">
<![CDATA[  [webkit] › e2e/navigation.spec.ts:316:7 › 导航性能测试 › Header状态切换性能 ──────────────────────────────────

    Error: browserType.launch: Target page, context or browser has been closed
    Browser logs:

    <launching> /Users/dahuang/Library/Caches/ms-playwright/webkit-2191/pw_run.sh --inspector-pipe --headless --no-startup-window
    <launched> pid=49969
    [pid=49969][err] /Users/dahuang/Library/Caches/ms-playwright/webkit-2191/pw_run.sh: line 7: 49975 Bus error: 10           DYLD_FRAMEWORK_PATH="$DYLIB_PATH" DYLD_LIBRARY_PATH="$DYLIB_PATH" "$PLAYWRIGHT" "$@"
    Call log:
      - <launching> /Users/dahuang/Library/Caches/ms-playwright/webkit-2191/pw_run.sh --inspector-pipe --headless --no-startup-window
      - <launched> pid=49969
      - [pid=49969][err] /Users/dahuang/Library/Caches/ms-playwright/webkit-2191/pw_run.sh: line 7: 49975 Bus error: 10           DYLD_FRAMEWORK_PATH="$DYLIB_PATH" DYLD_LIBRARY_PATH="$DYLIB_PATH" "$PLAYWRIGHT" "$@"

]]>
</failure>
</testcase>
<testcase name="导航错误处理 › 无效锚点处理" classname="e2e/navigation.spec.ts" time="0.001">
<failure message="navigation.spec.ts:342:7 无效锚点处理" type="FAILURE">
<![CDATA[  [webkit] › e2e/navigation.spec.ts:342:7 › 导航错误处理 › 无效锚点处理 ────────────────────────────────────────

    Error: browserType.launch: Target page, context or browser has been closed
    Browser logs:

    <launching> /Users/dahuang/Library/Caches/ms-playwright/webkit-2191/pw_run.sh --inspector-pipe --headless --no-startup-window
    <launched> pid=49978
    [pid=49978][err] /Users/dahuang/Library/Caches/ms-playwright/webkit-2191/pw_run.sh: line 7: 49984 Bus error: 10           DYLD_FRAMEWORK_PATH="$DYLIB_PATH" DYLD_LIBRARY_PATH="$DYLIB_PATH" "$PLAYWRIGHT" "$@"
    Call log:
      - <launching> /Users/dahuang/Library/Caches/ms-playwright/webkit-2191/pw_run.sh --inspector-pipe --headless --no-startup-window
      - <launched> pid=49978
      - [pid=49978][err] /Users/dahuang/Library/Caches/ms-playwright/webkit-2191/pw_run.sh: line 7: 49984 Bus error: 10           DYLD_FRAMEWORK_PATH="$DYLIB_PATH" DYLD_LIBRARY_PATH="$DYLIB_PATH" "$PLAYWRIGHT" "$@"

]]>
</failure>
</testcase>
<testcase name="导航错误处理 › JavaScript禁用时的导航" classname="e2e/navigation.spec.ts" time="0.002">
<failure message="navigation.spec.ts:361:7 JavaScript禁用时的导航" type="FAILURE">
<![CDATA[  [webkit] › e2e/navigation.spec.ts:361:7 › 导航错误处理 › JavaScript禁用时的导航 ──────────────────────────────

    Error: browserType.launch: Target page, context or browser has been closed
    Browser logs:

    <launching> /Users/dahuang/Library/Caches/ms-playwright/webkit-2191/pw_run.sh --inspector-pipe --headless --no-startup-window
    <launched> pid=49985
    [pid=49985][err] /Users/dahuang/Library/Caches/ms-playwright/webkit-2191/pw_run.sh: line 7: 49991 Bus error: 10           DYLD_FRAMEWORK_PATH="$DYLIB_PATH" DYLD_LIBRARY_PATH="$DYLIB_PATH" "$PLAYWRIGHT" "$@"
    Call log:
      - <launching> /Users/dahuang/Library/Caches/ms-playwright/webkit-2191/pw_run.sh --inspector-pipe --headless --no-startup-window
      - <launched> pid=49985
      - [pid=49985][err] /Users/dahuang/Library/Caches/ms-playwright/webkit-2191/pw_run.sh: line 7: 49991 Bus error: 10           DYLD_FRAMEWORK_PATH="$DYLIB_PATH" DYLD_LIBRARY_PATH="$DYLIB_PATH" "$PLAYWRIGHT" "$@"

]]>
</failure>
</testcase>
<testcase name="导航错误处理 › 网络中断时的导航" classname="e2e/navigation.spec.ts" time="0.003">
<failure message="navigation.spec.ts:376:7 网络中断时的导航" type="FAILURE">
<![CDATA[  [webkit] › e2e/navigation.spec.ts:376:7 › 导航错误处理 › 网络中断时的导航 ──────────────────────────────────────

    Error: browserType.launch: Target page, context or browser has been closed
    Browser logs:

    <launching> /Users/dahuang/Library/Caches/ms-playwright/webkit-2191/pw_run.sh --inspector-pipe --headless --no-startup-window
    <launched> pid=49995
    [pid=49995][err] /Users/dahuang/Library/Caches/ms-playwright/webkit-2191/pw_run.sh: line 7: 50001 Bus error: 10           DYLD_FRAMEWORK_PATH="$DYLIB_PATH" DYLD_LIBRARY_PATH="$DYLIB_PATH" "$PLAYWRIGHT" "$@"
    Call log:
      - <launching> /Users/dahuang/Library/Caches/ms-playwright/webkit-2191/pw_run.sh --inspector-pipe --headless --no-startup-window
      - <launched> pid=49995
      - [pid=49995][err] /Users/dahuang/Library/Caches/ms-playwright/webkit-2191/pw_run.sh: line 7: 50001 Bus error: 10           DYLD_FRAMEWORK_PATH="$DYLIB_PATH" DYLD_LIBRARY_PATH="$DYLIB_PATH" "$PLAYWRIGHT" "$@"

]]>
</failure>
</testcase>
</testsuite>
<testsuite name="e2e/responsive.spec.ts" timestamp="2025-07-24T07:09:26.317Z" hostname="webkit" tests="12" failures="12" skipped="0" time="0.015" errors="0">
<testcase name="响应式设计测试 › 移动端适配 › iPhone SE 显示测试" classname="e2e/responsive.spec.ts" time="0.001">
<failure message="responsive.spec.ts:23:9 iPhone SE 显示测试" type="FAILURE">
<![CDATA[  [webkit] › e2e/responsive.spec.ts:23:9 › 响应式设计测试 › 移动端适配 › iPhone SE 显示测试 ────────────────────────

    Error: browserType.launch: Target page, context or browser has been closed
    Browser logs:

    <launching> /Users/dahuang/Library/Caches/ms-playwright/webkit-2191/pw_run.sh --inspector-pipe --headless --no-startup-window
    <launched> pid=50006
    [pid=50006][err] /Users/dahuang/Library/Caches/ms-playwright/webkit-2191/pw_run.sh: line 7: 50012 Bus error: 10           DYLD_FRAMEWORK_PATH="$DYLIB_PATH" DYLD_LIBRARY_PATH="$DYLIB_PATH" "$PLAYWRIGHT" "$@"
    Call log:
      - <launching> /Users/dahuang/Library/Caches/ms-playwright/webkit-2191/pw_run.sh --inspector-pipe --headless --no-startup-window
      - <launched> pid=50006
      - [pid=50006][err] /Users/dahuang/Library/Caches/ms-playwright/webkit-2191/pw_run.sh: line 7: 50012 Bus error: 10           DYLD_FRAMEWORK_PATH="$DYLIB_PATH" DYLD_LIBRARY_PATH="$DYLIB_PATH" "$PLAYWRIGHT" "$@"

]]>
</failure>
</testcase>
<testcase name="响应式设计测试 › 移动端适配 › iPad 显示测试" classname="e2e/responsive.spec.ts" time="0.002">
<failure message="responsive.spec.ts:44:9 iPad 显示测试" type="FAILURE">
<![CDATA[  [webkit] › e2e/responsive.spec.ts:44:9 › 响应式设计测试 › 移动端适配 › iPad 显示测试 ─────────────────────────────

    Error: browserType.launch: Target page, context or browser has been closed
    Browser logs:

    <launching> /Users/dahuang/Library/Caches/ms-playwright/webkit-2191/pw_run.sh --inspector-pipe --headless --no-startup-window
    <launched> pid=50015
    [pid=50015][err] /Users/dahuang/Library/Caches/ms-playwright/webkit-2191/pw_run.sh: line 7: 50021 Bus error: 10           DYLD_FRAMEWORK_PATH="$DYLIB_PATH" DYLD_LIBRARY_PATH="$DYLIB_PATH" "$PLAYWRIGHT" "$@"
    Call log:
      - <launching> /Users/dahuang/Library/Caches/ms-playwright/webkit-2191/pw_run.sh --inspector-pipe --headless --no-startup-window
      - <launched> pid=50015
      - [pid=50015][err] /Users/dahuang/Library/Caches/ms-playwright/webkit-2191/pw_run.sh: line 7: 50021 Bus error: 10           DYLD_FRAMEWORK_PATH="$DYLIB_PATH" DYLD_LIBRARY_PATH="$DYLIB_PATH" "$PLAYWRIGHT" "$@"

]]>
</failure>
</testcase>
<testcase name="响应式设计测试 › 移动端适配 › 移动端菜单交互" classname="e2e/responsive.spec.ts" time="0.001">
<failure message="responsive.spec.ts:71:9 移动端菜单交互" type="FAILURE">
<![CDATA[  [webkit] › e2e/responsive.spec.ts:71:9 › 响应式设计测试 › 移动端适配 › 移动端菜单交互 ───────────────────────────────

    Error: browserType.launch: Target page, context or browser has been closed
    Browser logs:

    <launching> /Users/dahuang/Library/Caches/ms-playwright/webkit-2191/pw_run.sh --inspector-pipe --headless --no-startup-window
    <launched> pid=50022
    [pid=50022][err] /Users/dahuang/Library/Caches/ms-playwright/webkit-2191/pw_run.sh: line 7: 50028 Bus error: 10           DYLD_FRAMEWORK_PATH="$DYLIB_PATH" DYLD_LIBRARY_PATH="$DYLIB_PATH" "$PLAYWRIGHT" "$@"
    Call log:
      - <launching> /Users/dahuang/Library/Caches/ms-playwright/webkit-2191/pw_run.sh --inspector-pipe --headless --no-startup-window
      - <launched> pid=50022
      - [pid=50022][err] /Users/dahuang/Library/Caches/ms-playwright/webkit-2191/pw_run.sh: line 7: 50028 Bus error: 10           DYLD_FRAMEWORK_PATH="$DYLIB_PATH" DYLD_LIBRARY_PATH="$DYLIB_PATH" "$PLAYWRIGHT" "$@"

]]>
</failure>
</testcase>
<testcase name="响应式设计测试 › 桌面端适配 › 1920x1080 显示测试" classname="e2e/responsive.spec.ts" time="0.001">
<failure message="responsive.spec.ts:99:9 1920x1080 显示测试" type="FAILURE">
<![CDATA[  [webkit] › e2e/responsive.spec.ts:99:9 › 响应式设计测试 › 桌面端适配 › 1920x1080 显示测试 ────────────────────────

    Error: browserType.launch: Target page, context or browser has been closed
    Browser logs:

    <launching> /Users/dahuang/Library/Caches/ms-playwright/webkit-2191/pw_run.sh --inspector-pipe --headless --no-startup-window
    <launched> pid=50030
    [pid=50030][err] /Users/dahuang/Library/Caches/ms-playwright/webkit-2191/pw_run.sh: line 7: 50036 Bus error: 10           DYLD_FRAMEWORK_PATH="$DYLIB_PATH" DYLD_LIBRARY_PATH="$DYLIB_PATH" "$PLAYWRIGHT" "$@"
    Call log:
      - <launching> /Users/dahuang/Library/Caches/ms-playwright/webkit-2191/pw_run.sh --inspector-pipe --headless --no-startup-window
      - <launched> pid=50030
      - [pid=50030][err] /Users/dahuang/Library/Caches/ms-playwright/webkit-2191/pw_run.sh: line 7: 50036 Bus error: 10           DYLD_FRAMEWORK_PATH="$DYLIB_PATH" DYLD_LIBRARY_PATH="$DYLIB_PATH" "$PLAYWRIGHT" "$@"

]]>
</failure>
</testcase>
<testcase name="响应式设计测试 › 桌面端适配 › 4K 显示测试" classname="e2e/responsive.spec.ts" time="0.002">
<failure message="responsive.spec.ts:132:9 4K 显示测试" type="FAILURE">
<![CDATA[  [webkit] › e2e/responsive.spec.ts:132:9 › 响应式设计测试 › 桌面端适配 › 4K 显示测试 ──────────────────────────────

    Error: browserType.launch: Target page, context or browser has been closed
    Browser logs:

    <launching> /Users/dahuang/Library/Caches/ms-playwright/webkit-2191/pw_run.sh --inspector-pipe --headless --no-startup-window
    <launched> pid=50038
    [pid=50038][err] /Users/dahuang/Library/Caches/ms-playwright/webkit-2191/pw_run.sh: line 7: 50044 Bus error: 10           DYLD_FRAMEWORK_PATH="$DYLIB_PATH" DYLD_LIBRARY_PATH="$DYLIB_PATH" "$PLAYWRIGHT" "$@"
    Call log:
      - <launching> /Users/dahuang/Library/Caches/ms-playwright/webkit-2191/pw_run.sh --inspector-pipe --headless --no-startup-window
      - <launched> pid=50038
      - [pid=50038][err] /Users/dahuang/Library/Caches/ms-playwright/webkit-2191/pw_run.sh: line 7: 50044 Bus error: 10           DYLD_FRAMEWORK_PATH="$DYLIB_PATH" DYLD_LIBRARY_PATH="$DYLIB_PATH" "$PLAYWRIGHT" "$@"

]]>
</failure>
</testcase>
<testcase name="响应式设计测试 › 断点测试 › 断点切换测试" classname="e2e/responsive.spec.ts" time="0.001">
<failure message="responsive.spec.ts:155:9 断点切换测试" type="FAILURE">
<![CDATA[  [webkit] › e2e/responsive.spec.ts:155:9 › 响应式设计测试 › 断点测试 › 断点切换测试 ────────────────────────────────

    Error: browserType.launch: Target page, context or browser has been closed
    Browser logs:

    <launching> /Users/dahuang/Library/Caches/ms-playwright/webkit-2191/pw_run.sh --inspector-pipe --headless --no-startup-window
    <launched> pid=50047
    [pid=50047][err] /Users/dahuang/Library/Caches/ms-playwright/webkit-2191/pw_run.sh: line 7: 50053 Bus error: 10           DYLD_FRAMEWORK_PATH="$DYLIB_PATH" DYLD_LIBRARY_PATH="$DYLIB_PATH" "$PLAYWRIGHT" "$@"
    Call log:
      - <launching> /Users/dahuang/Library/Caches/ms-playwright/webkit-2191/pw_run.sh --inspector-pipe --headless --no-startup-window
      - <launched> pid=50047
      - [pid=50047][err] /Users/dahuang/Library/Caches/ms-playwright/webkit-2191/pw_run.sh: line 7: 50053 Bus error: 10           DYLD_FRAMEWORK_PATH="$DYLIB_PATH" DYLD_LIBRARY_PATH="$DYLIB_PATH" "$PLAYWRIGHT" "$@"

]]>
</failure>
</testcase>
<testcase name="响应式设计测试 › 断点测试 › 临界断点测试" classname="e2e/responsive.spec.ts" time="0.001">
<failure message="responsive.spec.ts:180:9 临界断点测试" type="FAILURE">
<![CDATA[  [webkit] › e2e/responsive.spec.ts:180:9 › 响应式设计测试 › 断点测试 › 临界断点测试 ────────────────────────────────

    Error: browserType.launch: Target page, context or browser has been closed
    Browser logs:

    <launching> /Users/dahuang/Library/Caches/ms-playwright/webkit-2191/pw_run.sh --inspector-pipe --headless --no-startup-window
    <launched> pid=50054
    [pid=50054][err] /Users/dahuang/Library/Caches/ms-playwright/webkit-2191/pw_run.sh: line 7: 50060 Bus error: 10           DYLD_FRAMEWORK_PATH="$DYLIB_PATH" DYLD_LIBRARY_PATH="$DYLIB_PATH" "$PLAYWRIGHT" "$@"
    Call log:
      - <launching> /Users/dahuang/Library/Caches/ms-playwright/webkit-2191/pw_run.sh --inspector-pipe --headless --no-startup-window
      - <launched> pid=50054
      - [pid=50054][err] /Users/dahuang/Library/Caches/ms-playwright/webkit-2191/pw_run.sh: line 7: 50060 Bus error: 10           DYLD_FRAMEWORK_PATH="$DYLIB_PATH" DYLD_LIBRARY_PATH="$DYLIB_PATH" "$PLAYWRIGHT" "$@"

]]>
</failure>
</testcase>
<testcase name="响应式设计测试 › 内容适配 › 图片响应式测试" classname="e2e/responsive.spec.ts" time="0.001">
<failure message="responsive.spec.ts:204:9 图片响应式测试" type="FAILURE">
<![CDATA[  [webkit] › e2e/responsive.spec.ts:204:9 › 响应式设计测试 › 内容适配 › 图片响应式测试 ───────────────────────────────

    Error: browserType.launch: Target page, context or browser has been closed
    Browser logs:

    <launching> /Users/dahuang/Library/Caches/ms-playwright/webkit-2191/pw_run.sh --inspector-pipe --headless --no-startup-window
    <launched> pid=50067
    [pid=50067][err] /Users/dahuang/Library/Caches/ms-playwright/webkit-2191/pw_run.sh: line 7: 50073 Bus error: 10           DYLD_FRAMEWORK_PATH="$DYLIB_PATH" DYLD_LIBRARY_PATH="$DYLIB_PATH" "$PLAYWRIGHT" "$@"
    Call log:
      - <launching> /Users/dahuang/Library/Caches/ms-playwright/webkit-2191/pw_run.sh --inspector-pipe --headless --no-startup-window
      - <launched> pid=50067
      - [pid=50067][err] /Users/dahuang/Library/Caches/ms-playwright/webkit-2191/pw_run.sh: line 7: 50073 Bus error: 10           DYLD_FRAMEWORK_PATH="$DYLIB_PATH" DYLD_LIBRARY_PATH="$DYLIB_PATH" "$PLAYWRIGHT" "$@"

]]>
</failure>
</testcase>
<testcase name="响应式设计测试 › 内容适配 › 文字响应式测试" classname="e2e/responsive.spec.ts" time="0.001">
<failure message="responsive.spec.ts:230:9 文字响应式测试" type="FAILURE">
<![CDATA[  [webkit] › e2e/responsive.spec.ts:230:9 › 响应式设计测试 › 内容适配 › 文字响应式测试 ───────────────────────────────

    Error: browserType.launch: Target page, context or browser has been closed
    Browser logs:

    <launching> /Users/dahuang/Library/Caches/ms-playwright/webkit-2191/pw_run.sh --inspector-pipe --headless --no-startup-window
    <launched> pid=50075
    [pid=50075][err] /Users/dahuang/Library/Caches/ms-playwright/webkit-2191/pw_run.sh: line 7: 50081 Bus error: 10           DYLD_FRAMEWORK_PATH="$DYLIB_PATH" DYLD_LIBRARY_PATH="$DYLIB_PATH" "$PLAYWRIGHT" "$@"
    Call log:
      - <launching> /Users/dahuang/Library/Caches/ms-playwright/webkit-2191/pw_run.sh --inspector-pipe --headless --no-startup-window
      - <launched> pid=50075
      - [pid=50075][err] /Users/dahuang/Library/Caches/ms-playwright/webkit-2191/pw_run.sh: line 7: 50081 Bus error: 10           DYLD_FRAMEWORK_PATH="$DYLIB_PATH" DYLD_LIBRARY_PATH="$DYLIB_PATH" "$PLAYWRIGHT" "$@"

]]>
</failure>
</testcase>
<testcase name="响应式设计测试 › 内容适配 › 布局响应式测试" classname="e2e/responsive.spec.ts" time="0.001">
<failure message="responsive.spec.ts:255:9 布局响应式测试" type="FAILURE">
<![CDATA[  [webkit] › e2e/responsive.spec.ts:255:9 › 响应式设计测试 › 内容适配 › 布局响应式测试 ───────────────────────────────

    Error: browserType.launch: Target page, context or browser has been closed
    Browser logs:

    <launching> /Users/dahuang/Library/Caches/ms-playwright/webkit-2191/pw_run.sh --inspector-pipe --headless --no-startup-window
    <launched> pid=50084
    [pid=50084][err] /Users/dahuang/Library/Caches/ms-playwright/webkit-2191/pw_run.sh: line 7: 50090 Bus error: 10           DYLD_FRAMEWORK_PATH="$DYLIB_PATH" DYLD_LIBRARY_PATH="$DYLIB_PATH" "$PLAYWRIGHT" "$@"
    Call log:
      - <launching> /Users/dahuang/Library/Caches/ms-playwright/webkit-2191/pw_run.sh --inspector-pipe --headless --no-startup-window
      - <launched> pid=50084
      - [pid=50084][err] /Users/dahuang/Library/Caches/ms-playwright/webkit-2191/pw_run.sh: line 7: 50090 Bus error: 10           DYLD_FRAMEWORK_PATH="$DYLIB_PATH" DYLD_LIBRARY_PATH="$DYLIB_PATH" "$PLAYWRIGHT" "$@"

]]>
</failure>
</testcase>
<testcase name="响应式设计测试 › 性能测试 › 不同设备性能测试" classname="e2e/responsive.spec.ts" time="0.001">
<failure message="responsive.spec.ts:294:9 不同设备性能测试" type="FAILURE">
<![CDATA[  [webkit] › e2e/responsive.spec.ts:294:9 › 响应式设计测试 › 性能测试 › 不同设备性能测试 ──────────────────────────────

    Error: browserType.launch: Target page, context or browser has been closed
    Browser logs:

    <launching> /Users/dahuang/Library/Caches/ms-playwright/webkit-2191/pw_run.sh --inspector-pipe --headless --no-startup-window
    <launched> pid=50091
    [pid=50091][err] /Users/dahuang/Library/Caches/ms-playwright/webkit-2191/pw_run.sh: line 7: 50097 Bus error: 10           DYLD_FRAMEWORK_PATH="$DYLIB_PATH" DYLD_LIBRARY_PATH="$DYLIB_PATH" "$PLAYWRIGHT" "$@"
    Call log:
      - <launching> /Users/dahuang/Library/Caches/ms-playwright/webkit-2191/pw_run.sh --inspector-pipe --headless --no-startup-window
      - <launched> pid=50091
      - [pid=50091][err] /Users/dahuang/Library/Caches/ms-playwright/webkit-2191/pw_run.sh: line 7: 50097 Bus error: 10           DYLD_FRAMEWORK_PATH="$DYLIB_PATH" DYLD_LIBRARY_PATH="$DYLIB_PATH" "$PLAYWRIGHT" "$@"

]]>
</failure>
</testcase>
<testcase name="响应式设计测试 › 性能测试 › 图片懒加载测试" classname="e2e/responsive.spec.ts" time="0.002">
<failure message="responsive.spec.ts:322:9 图片懒加载测试" type="FAILURE">
<![CDATA[  [webkit] › e2e/responsive.spec.ts:322:9 › 响应式设计测试 › 性能测试 › 图片懒加载测试 ───────────────────────────────

    Error: browserType.launch: Target page, context or browser has been closed
    Browser logs:

    <launching> /Users/dahuang/Library/Caches/ms-playwright/webkit-2191/pw_run.sh --inspector-pipe --headless --no-startup-window
    <launched> pid=50099
    [pid=50099][err] /Users/dahuang/Library/Caches/ms-playwright/webkit-2191/pw_run.sh: line 7: 50105 Bus error: 10           DYLD_FRAMEWORK_PATH="$DYLIB_PATH" DYLD_LIBRARY_PATH="$DYLIB_PATH" "$PLAYWRIGHT" "$@"
    Call log:
      - <launching> /Users/dahuang/Library/Caches/ms-playwright/webkit-2191/pw_run.sh --inspector-pipe --headless --no-startup-window
      - <launched> pid=50099
      - [pid=50099][err] /Users/dahuang/Library/Caches/ms-playwright/webkit-2191/pw_run.sh: line 7: 50105 Bus error: 10           DYLD_FRAMEWORK_PATH="$DYLIB_PATH" DYLD_LIBRARY_PATH="$DYLIB_PATH" "$PLAYWRIGHT" "$@"

]]>
</failure>
</testcase>
</testsuite>
<testsuite name="integration/integration.spec.ts" timestamp="2025-07-24T07:09:26.317Z" hostname="webkit" tests="13" failures="13" skipped="0" time="0.023" errors="0">
<testcase name="集成测试 › 页面组件交互 › 导航与页面内容联动测试" classname="integration/integration.spec.ts" time="0.001">
<failure message="integration.spec.ts:7:9 导航与页面内容联动测试" type="FAILURE">
<![CDATA[  [webkit] › integration/integration.spec.ts:7:9 › 集成测试 › 页面组件交互 › 导航与页面内容联动测试 ─────────────────────

    Error: browserType.launch: Target page, context or browser has been closed
    Browser logs:

    <launching> /Users/dahuang/Library/Caches/ms-playwright/webkit-2191/pw_run.sh --inspector-pipe --headless --no-startup-window
    <launched> pid=50107
    [pid=50107][err] /Users/dahuang/Library/Caches/ms-playwright/webkit-2191/pw_run.sh: line 7: 50113 Bus error: 10           DYLD_FRAMEWORK_PATH="$DYLIB_PATH" DYLD_LIBRARY_PATH="$DYLIB_PATH" "$PLAYWRIGHT" "$@"
    Call log:
      - <launching> /Users/dahuang/Library/Caches/ms-playwright/webkit-2191/pw_run.sh --inspector-pipe --headless --no-startup-window
      - <launched> pid=50107
      - [pid=50107][err] /Users/dahuang/Library/Caches/ms-playwright/webkit-2191/pw_run.sh: line 7: 50113 Bus error: 10           DYLD_FRAMEWORK_PATH="$DYLIB_PATH" DYLD_LIBRARY_PATH="$DYLIB_PATH" "$PLAYWRIGHT" "$@"

]]>
</failure>
</testcase>
<testcase name="集成测试 › 页面组件交互 › Hero区域与导航交互测试" classname="integration/integration.spec.ts" time="0.002">
<failure message="integration.spec.ts:37:9 Hero区域与导航交互测试" type="FAILURE">
<![CDATA[  [webkit] › integration/integration.spec.ts:37:9 › 集成测试 › 页面组件交互 › Hero区域与导航交互测试 ──────────────────

    Error: browserType.launch: Target page, context or browser has been closed
    Browser logs:

    <launching> /Users/dahuang/Library/Caches/ms-playwright/webkit-2191/pw_run.sh --inspector-pipe --headless --no-startup-window
    <launched> pid=50118
    [pid=50118][err] /Users/dahuang/Library/Caches/ms-playwright/webkit-2191/pw_run.sh: line 7: 50124 Bus error: 10           DYLD_FRAMEWORK_PATH="$DYLIB_PATH" DYLD_LIBRARY_PATH="$DYLIB_PATH" "$PLAYWRIGHT" "$@"
    Call log:
      - <launching> /Users/dahuang/Library/Caches/ms-playwright/webkit-2191/pw_run.sh --inspector-pipe --headless --no-startup-window
      - <launched> pid=50118
      - [pid=50118][err] /Users/dahuang/Library/Caches/ms-playwright/webkit-2191/pw_run.sh: line 7: 50124 Bus error: 10           DYLD_FRAMEWORK_PATH="$DYLIB_PATH" DYLD_LIBRARY_PATH="$DYLIB_PATH" "$PLAYWRIGHT" "$@"

]]>
</failure>
</testcase>
<testcase name="集成测试 › 页面组件交互 › FAQ组件与页面滚动交互" classname="integration/integration.spec.ts" time="0.002">
<failure message="integration.spec.ts:65:9 FAQ组件与页面滚动交互" type="FAILURE">
<![CDATA[  [webkit] › integration/integration.spec.ts:65:9 › 集成测试 › 页面组件交互 › FAQ组件与页面滚动交互 ───────────────────

    Error: browserType.launch: Target page, context or browser has been closed
    Browser logs:

    <launching> /Users/dahuang/Library/Caches/ms-playwright/webkit-2191/pw_run.sh --inspector-pipe --headless --no-startup-window
    <launched> pid=50128
    [pid=50128][err] /Users/dahuang/Library/Caches/ms-playwright/webkit-2191/pw_run.sh: line 7: 50134 Bus error: 10           DYLD_FRAMEWORK_PATH="$DYLIB_PATH" DYLD_LIBRARY_PATH="$DYLIB_PATH" "$PLAYWRIGHT" "$@"
    Call log:
      - <launching> /Users/dahuang/Library/Caches/ms-playwright/webkit-2191/pw_run.sh --inspector-pipe --headless --no-startup-window
      - <launched> pid=50128
      - [pid=50128][err] /Users/dahuang/Library/Caches/ms-playwright/webkit-2191/pw_run.sh: line 7: 50134 Bus error: 10           DYLD_FRAMEWORK_PATH="$DYLIB_PATH" DYLD_LIBRARY_PATH="$DYLIB_PATH" "$PLAYWRIGHT" "$@"

]]>
</failure>
</testcase>
<testcase name="集成测试 › 表单与反馈交互 › Newsletter订阅完整流程测试" classname="integration/integration.spec.ts" time="0.002">
<failure message="integration.spec.ts:101:9 Newsletter订阅完整流程测试" type="FAILURE">
<![CDATA[  [webkit] › integration/integration.spec.ts:101:9 › 集成测试 › 表单与反馈交互 › Newsletter订阅完整流程测试 ───────────

    Error: browserType.launch: Target page, context or browser has been closed
    Browser logs:

    <launching> /Users/dahuang/Library/Caches/ms-playwright/webkit-2191/pw_run.sh --inspector-pipe --headless --no-startup-window
    <launched> pid=50137
    [pid=50137][err] /Users/dahuang/Library/Caches/ms-playwright/webkit-2191/pw_run.sh: line 7: 50143 Bus error: 10           DYLD_FRAMEWORK_PATH="$DYLIB_PATH" DYLD_LIBRARY_PATH="$DYLIB_PATH" "$PLAYWRIGHT" "$@"
    Call log:
      - <launching> /Users/dahuang/Library/Caches/ms-playwright/webkit-2191/pw_run.sh --inspector-pipe --headless --no-startup-window
      - <launched> pid=50137
      - [pid=50137][err] /Users/dahuang/Library/Caches/ms-playwright/webkit-2191/pw_run.sh: line 7: 50143 Bus error: 10           DYLD_FRAMEWORK_PATH="$DYLIB_PATH" DYLD_LIBRARY_PATH="$DYLIB_PATH" "$PLAYWRIGHT" "$@"

]]>
</failure>
</testcase>
<testcase name="集成测试 › 表单与反馈交互 › 表单验证与用户体验测试" classname="integration/integration.spec.ts" time="0.002">
<failure message="integration.spec.ts:142:9 表单验证与用户体验测试" type="FAILURE">
<![CDATA[  [webkit] › integration/integration.spec.ts:142:9 › 集成测试 › 表单与反馈交互 › 表单验证与用户体验测试 ──────────────────

    Error: browserType.launch: Target page, context or browser has been closed
    Browser logs:

    <launching> /Users/dahuang/Library/Caches/ms-playwright/webkit-2191/pw_run.sh --inspector-pipe --headless --no-startup-window
    <launched> pid=50145
    [pid=50145][err] /Users/dahuang/Library/Caches/ms-playwright/webkit-2191/pw_run.sh: line 7: 50152 Bus error: 10           DYLD_FRAMEWORK_PATH="$DYLIB_PATH" DYLD_LIBRARY_PATH="$DYLIB_PATH" "$PLAYWRIGHT" "$@"
    Call log:
      - <launching> /Users/dahuang/Library/Caches/ms-playwright/webkit-2191/pw_run.sh --inspector-pipe --headless --no-startup-window
      - <launched> pid=50145
      - [pid=50145][err] /Users/dahuang/Library/Caches/ms-playwright/webkit-2191/pw_run.sh: line 7: 50152 Bus error: 10           DYLD_FRAMEWORK_PATH="$DYLIB_PATH" DYLD_LIBRARY_PATH="$DYLIB_PATH" "$PLAYWRIGHT" "$@"

]]>
</failure>
</testcase>
<testcase name="集成测试 › 响应式交互测试 › 移动端导航与内容交互" classname="integration/integration.spec.ts" time="0.002">
<failure message="integration.spec.ts:198:9 移动端导航与内容交互" type="FAILURE">
<![CDATA[  [webkit] › integration/integration.spec.ts:198:9 › 集成测试 › 响应式交互测试 › 移动端导航与内容交互 ───────────────────

    Error: browserType.launch: Target page, context or browser has been closed
    Browser logs:

    <launching> /Users/dahuang/Library/Caches/ms-playwright/webkit-2191/pw_run.sh --inspector-pipe --headless --no-startup-window
    <launched> pid=50154
    [pid=50154][err] /Users/dahuang/Library/Caches/ms-playwright/webkit-2191/pw_run.sh: line 7: 50160 Bus error: 10           DYLD_FRAMEWORK_PATH="$DYLIB_PATH" DYLD_LIBRARY_PATH="$DYLIB_PATH" "$PLAYWRIGHT" "$@"
    Call log:
      - <launching> /Users/dahuang/Library/Caches/ms-playwright/webkit-2191/pw_run.sh --inspector-pipe --headless --no-startup-window
      - <launched> pid=50154
      - [pid=50154][err] /Users/dahuang/Library/Caches/ms-playwright/webkit-2191/pw_run.sh: line 7: 50160 Bus error: 10           DYLD_FRAMEWORK_PATH="$DYLIB_PATH" DYLD_LIBRARY_PATH="$DYLIB_PATH" "$PLAYWRIGHT" "$@"

]]>
</failure>
</testcase>
<testcase name="集成测试 › 响应式交互测试 › 跨设备一致性测试" classname="integration/integration.spec.ts" time="0.002">
<failure message="integration.spec.ts:241:9 跨设备一致性测试" type="FAILURE">
<![CDATA[  [webkit] › integration/integration.spec.ts:241:9 › 集成测试 › 响应式交互测试 › 跨设备一致性测试 ─────────────────────

    Error: browserType.launch: Target page, context or browser has been closed
    Browser logs:

    <launching> /Users/dahuang/Library/Caches/ms-playwright/webkit-2191/pw_run.sh --inspector-pipe --headless --no-startup-window
    <launched> pid=50163
    [pid=50163][err] /Users/dahuang/Library/Caches/ms-playwright/webkit-2191/pw_run.sh: line 7: 50169 Bus error: 10           DYLD_FRAMEWORK_PATH="$DYLIB_PATH" DYLD_LIBRARY_PATH="$DYLIB_PATH" "$PLAYWRIGHT" "$@"
    Call log:
      - <launching> /Users/dahuang/Library/Caches/ms-playwright/webkit-2191/pw_run.sh --inspector-pipe --headless --no-startup-window
      - <launched> pid=50163
      - [pid=50163][err] /Users/dahuang/Library/Caches/ms-playwright/webkit-2191/pw_run.sh: line 7: 50169 Bus error: 10           DYLD_FRAMEWORK_PATH="$DYLIB_PATH" DYLD_LIBRARY_PATH="$DYLIB_PATH" "$PLAYWRIGHT" "$@"

]]>
</failure>
</testcase>
<testcase name="集成测试 › 性能与用户体验集成 › 页面加载与交互性能测试" classname="integration/integration.spec.ts" time="0.002">
<failure message="integration.spec.ts:270:9 页面加载与交互性能测试" type="FAILURE">
<![CDATA[  [webkit] › integration/integration.spec.ts:270:9 › 集成测试 › 性能与用户体验集成 › 页面加载与交互性能测试 ────────────────

    Error: browserType.launch: Target page, context or browser has been closed
    Browser logs:

    <launching> /Users/dahuang/Library/Caches/ms-playwright/webkit-2191/pw_run.sh --inspector-pipe --headless --no-startup-window
    <launched> pid=50171
    [pid=50171][err] /Users/dahuang/Library/Caches/ms-playwright/webkit-2191/pw_run.sh: line 7: 50177 Bus error: 10           DYLD_FRAMEWORK_PATH="$DYLIB_PATH" DYLD_LIBRARY_PATH="$DYLIB_PATH" "$PLAYWRIGHT" "$@"
    Call log:
      - <launching> /Users/dahuang/Library/Caches/ms-playwright/webkit-2191/pw_run.sh --inspector-pipe --headless --no-startup-window
      - <launched> pid=50171
      - [pid=50171][err] /Users/dahuang/Library/Caches/ms-playwright/webkit-2191/pw_run.sh: line 7: 50177 Bus error: 10           DYLD_FRAMEWORK_PATH="$DYLIB_PATH" DYLD_LIBRARY_PATH="$DYLIB_PATH" "$PLAYWRIGHT" "$@"

]]>
</failure>
</testcase>
<testcase name="集成测试 › 性能与用户体验集成 › 滚动性能与动画流畅性测试" classname="integration/integration.spec.ts" time="0.001">
<failure message="integration.spec.ts:299:9 滚动性能与动画流畅性测试" type="FAILURE">
<![CDATA[  [webkit] › integration/integration.spec.ts:299:9 › 集成测试 › 性能与用户体验集成 › 滚动性能与动画流畅性测试 ───────────────

    Error: browserType.launch: Target page, context or browser has been closed
    Browser logs:

    <launching> /Users/dahuang/Library/Caches/ms-playwright/webkit-2191/pw_run.sh --inspector-pipe --headless --no-startup-window
    <launched> pid=50185
    [pid=50185][err] /Users/dahuang/Library/Caches/ms-playwright/webkit-2191/pw_run.sh: line 7: 50191 Bus error: 10           DYLD_FRAMEWORK_PATH="$DYLIB_PATH" DYLD_LIBRARY_PATH="$DYLIB_PATH" "$PLAYWRIGHT" "$@"
    Call log:
      - <launching> /Users/dahuang/Library/Caches/ms-playwright/webkit-2191/pw_run.sh --inspector-pipe --headless --no-startup-window
      - <launched> pid=50185
      - [pid=50185][err] /Users/dahuang/Library/Caches/ms-playwright/webkit-2191/pw_run.sh: line 7: 50191 Bus error: 10           DYLD_FRAMEWORK_PATH="$DYLIB_PATH" DYLD_LIBRARY_PATH="$DYLIB_PATH" "$PLAYWRIGHT" "$@"

]]>
</failure>
</testcase>
<testcase name="集成测试 › 错误处理与恢复 › 网络错误恢复测试" classname="integration/integration.spec.ts" time="0.002">
<failure message="integration.spec.ts:339:9 网络错误恢复测试" type="FAILURE">
<![CDATA[  [webkit] › integration/integration.spec.ts:339:9 › 集成测试 › 错误处理与恢复 › 网络错误恢复测试 ─────────────────────

    Error: browserType.launch: Target page, context or browser has been closed
    Browser logs:

    <launching> /Users/dahuang/Library/Caches/ms-playwright/webkit-2191/pw_run.sh --inspector-pipe --headless --no-startup-window
    <launched> pid=50192
    [pid=50192][err] /Users/dahuang/Library/Caches/ms-playwright/webkit-2191/pw_run.sh: line 7: 50199 Bus error: 10           DYLD_FRAMEWORK_PATH="$DYLIB_PATH" DYLD_LIBRARY_PATH="$DYLIB_PATH" "$PLAYWRIGHT" "$@"
    Call log:
      - <launching> /Users/dahuang/Library/Caches/ms-playwright/webkit-2191/pw_run.sh --inspector-pipe --headless --no-startup-window
      - <launched> pid=50192
      - [pid=50192][err] /Users/dahuang/Library/Caches/ms-playwright/webkit-2191/pw_run.sh: line 7: 50199 Bus error: 10           DYLD_FRAMEWORK_PATH="$DYLIB_PATH" DYLD_LIBRARY_PATH="$DYLIB_PATH" "$PLAYWRIGHT" "$@"

]]>
</failure>
</testcase>
<testcase name="集成测试 › 错误处理与恢复 › JavaScript错误处理测试" classname="integration/integration.spec.ts" time="0.002">
<failure message="integration.spec.ts:374:9 JavaScript错误处理测试" type="FAILURE">
<![CDATA[  [webkit] › integration/integration.spec.ts:374:9 › 集成测试 › 错误处理与恢复 › JavaScript错误处理测试 ─────────────

    Error: browserType.launch: Target page, context or browser has been closed
    Browser logs:

    <launching> /Users/dahuang/Library/Caches/ms-playwright/webkit-2191/pw_run.sh --inspector-pipe --headless --no-startup-window
    <launched> pid=50200
    [pid=50200][err] /Users/dahuang/Library/Caches/ms-playwright/webkit-2191/pw_run.sh: line 7: 50206 Bus error: 10           DYLD_FRAMEWORK_PATH="$DYLIB_PATH" DYLD_LIBRARY_PATH="$DYLIB_PATH" "$PLAYWRIGHT" "$@"
    Call log:
      - <launching> /Users/dahuang/Library/Caches/ms-playwright/webkit-2191/pw_run.sh --inspector-pipe --headless --no-startup-window
      - <launched> pid=50200
      - [pid=50200][err] /Users/dahuang/Library/Caches/ms-playwright/webkit-2191/pw_run.sh: line 7: 50206 Bus error: 10           DYLD_FRAMEWORK_PATH="$DYLIB_PATH" DYLD_LIBRARY_PATH="$DYLIB_PATH" "$PLAYWRIGHT" "$@"

]]>
</failure>
</testcase>
<testcase name="集成测试 › 数据流与状态管理 › 页面状态持久化测试" classname="integration/integration.spec.ts" time="0.002">
<failure message="integration.spec.ts:414:9 页面状态持久化测试" type="FAILURE">
<![CDATA[  [webkit] › integration/integration.spec.ts:414:9 › 集成测试 › 数据流与状态管理 › 页面状态持久化测试 ───────────────────

    Error: browserType.launch: Target page, context or browser has been closed
    Browser logs:

    <launching> /Users/dahuang/Library/Caches/ms-playwright/webkit-2191/pw_run.sh --inspector-pipe --headless --no-startup-window
    <launched> pid=50208
    [pid=50208][err] /Users/dahuang/Library/Caches/ms-playwright/webkit-2191/pw_run.sh: line 7: 50214 Bus error: 10           DYLD_FRAMEWORK_PATH="$DYLIB_PATH" DYLD_LIBRARY_PATH="$DYLIB_PATH" "$PLAYWRIGHT" "$@"
    Call log:
      - <launching> /Users/dahuang/Library/Caches/ms-playwright/webkit-2191/pw_run.sh --inspector-pipe --headless --no-startup-window
      - <launched> pid=50208
      - [pid=50208][err] /Users/dahuang/Library/Caches/ms-playwright/webkit-2191/pw_run.sh: line 7: 50214 Bus error: 10           DYLD_FRAMEWORK_PATH="$DYLIB_PATH" DYLD_LIBRARY_PATH="$DYLIB_PATH" "$PLAYWRIGHT" "$@"

]]>
</failure>
</testcase>
<testcase name="集成测试 › 数据流与状态管理 › 用户交互历史测试" classname="integration/integration.spec.ts" time="0.001">
<failure message="integration.spec.ts:442:9 用户交互历史测试" type="FAILURE">
<![CDATA[  [webkit] › integration/integration.spec.ts:442:9 › 集成测试 › 数据流与状态管理 › 用户交互历史测试 ────────────────────

    Error: browserType.launch: Target page, context or browser has been closed
    Browser logs:

    <launching> /Users/dahuang/Library/Caches/ms-playwright/webkit-2191/pw_run.sh --inspector-pipe --headless --no-startup-window
    <launched> pid=50217
    [pid=50217][err] /Users/dahuang/Library/Caches/ms-playwright/webkit-2191/pw_run.sh: line 7: 50223 Bus error: 10           DYLD_FRAMEWORK_PATH="$DYLIB_PATH" DYLD_LIBRARY_PATH="$DYLIB_PATH" "$PLAYWRIGHT" "$@"
    Call log:
      - <launching> /Users/dahuang/Library/Caches/ms-playwright/webkit-2191/pw_run.sh --inspector-pipe --headless --no-startup-window
      - <launched> pid=50217
      - [pid=50217][err] /Users/dahuang/Library/Caches/ms-playwright/webkit-2191/pw_run.sh: line 7: 50223 Bus error: 10           DYLD_FRAMEWORK_PATH="$DYLIB_PATH" DYLD_LIBRARY_PATH="$DYLIB_PATH" "$PLAYWRIGHT" "$@"

]]>
</failure>
</testcase>
</testsuite>
<testsuite name="performance/performance.spec.ts" timestamp="2025-07-24T07:09:26.317Z" hostname="webkit" tests="13" failures="13" skipped="0" time="0.032" errors="0">
<testcase name="性能测试 › 页面加载性能 › 首页加载时间测试" classname="performance/performance.spec.ts" time="0.002">
<failure message="performance.spec.ts:7:9 首页加载时间测试" type="FAILURE">
<![CDATA[  [webkit] › performance/performance.spec.ts:7:9 › 性能测试 › 页面加载性能 › 首页加载时间测试 ────────────────────────

    Error: browserType.launch: Target page, context or browser has been closed
    Browser logs:

    <launching> /Users/dahuang/Library/Caches/ms-playwright/webkit-2191/pw_run.sh --inspector-pipe --headless --no-startup-window
    <launched> pid=50224
    [pid=50224][err] /Users/dahuang/Library/Caches/ms-playwright/webkit-2191/pw_run.sh: line 7: 50230 Bus error: 10           DYLD_FRAMEWORK_PATH="$DYLIB_PATH" DYLD_LIBRARY_PATH="$DYLIB_PATH" "$PLAYWRIGHT" "$@"
    Call log:
      - <launching> /Users/dahuang/Library/Caches/ms-playwright/webkit-2191/pw_run.sh --inspector-pipe --headless --no-startup-window
      - <launched> pid=50224
      - [pid=50224][err] /Users/dahuang/Library/Caches/ms-playwright/webkit-2191/pw_run.sh: line 7: 50230 Bus error: 10           DYLD_FRAMEWORK_PATH="$DYLIB_PATH" DYLD_LIBRARY_PATH="$DYLIB_PATH" "$PLAYWRIGHT" "$@"

]]>
</failure>
</testcase>
<testcase name="性能测试 › 页面加载性能 › 资源加载性能测试" classname="performance/performance.spec.ts" time="0.003">
<failure message="performance.spec.ts:25:9 资源加载性能测试" type="FAILURE">
<![CDATA[  [webkit] › performance/performance.spec.ts:25:9 › 性能测试 › 页面加载性能 › 资源加载性能测试 ───────────────────────

    Error: browserType.launch: Target page, context or browser has been closed
    Browser logs:

    <launching> /Users/dahuang/Library/Caches/ms-playwright/webkit-2191/pw_run.sh --inspector-pipe --headless --no-startup-window
    <launched> pid=50234
    [pid=50234][err] /Users/dahuang/Library/Caches/ms-playwright/webkit-2191/pw_run.sh: line 7: 50240 Bus error: 10           DYLD_FRAMEWORK_PATH="$DYLIB_PATH" DYLD_LIBRARY_PATH="$DYLIB_PATH" "$PLAYWRIGHT" "$@"
    Call log:
      - <launching> /Users/dahuang/Library/Caches/ms-playwright/webkit-2191/pw_run.sh --inspector-pipe --headless --no-startup-window
      - <launched> pid=50234
      - [pid=50234][err] /Users/dahuang/Library/Caches/ms-playwright/webkit-2191/pw_run.sh: line 7: 50240 Bus error: 10           DYLD_FRAMEWORK_PATH="$DYLIB_PATH" DYLD_LIBRARY_PATH="$DYLIB_PATH" "$PLAYWRIGHT" "$@"

]]>
</failure>
</testcase>
<testcase name="性能测试 › 页面加载性能 › 图片加载优化测试" classname="performance/performance.spec.ts" time="0.002">
<failure message="performance.spec.ts:70:9 图片加载优化测试" type="FAILURE">
<![CDATA[  [webkit] › performance/performance.spec.ts:70:9 › 性能测试 › 页面加载性能 › 图片加载优化测试 ───────────────────────

    Error: browserType.launch: Target page, context or browser has been closed
    Browser logs:

    <launching> /Users/dahuang/Library/Caches/ms-playwright/webkit-2191/pw_run.sh --inspector-pipe --headless --no-startup-window
    <launched> pid=50245
    [pid=50245][err] /Users/dahuang/Library/Caches/ms-playwright/webkit-2191/pw_run.sh: line 7: 50251 Bus error: 10           DYLD_FRAMEWORK_PATH="$DYLIB_PATH" DYLD_LIBRARY_PATH="$DYLIB_PATH" "$PLAYWRIGHT" "$@"
    Call log:
      - <launching> /Users/dahuang/Library/Caches/ms-playwright/webkit-2191/pw_run.sh --inspector-pipe --headless --no-startup-window
      - <launched> pid=50245
      - [pid=50245][err] /Users/dahuang/Library/Caches/ms-playwright/webkit-2191/pw_run.sh: line 7: 50251 Bus error: 10           DYLD_FRAMEWORK_PATH="$DYLIB_PATH" DYLD_LIBRARY_PATH="$DYLIB_PATH" "$PLAYWRIGHT" "$@"

]]>
</failure>
</testcase>
<testcase name="性能测试 › 运行时性能 › 滚动性能测试" classname="performance/performance.spec.ts" time="0.002">
<failure message="performance.spec.ts:99:9 滚动性能测试" type="FAILURE">
<![CDATA[  [webkit] › performance/performance.spec.ts:99:9 › 性能测试 › 运行时性能 › 滚动性能测试 ──────────────────────────

    Error: browserType.launch: Target page, context or browser has been closed
    Browser logs:

    <launching> /Users/dahuang/Library/Caches/ms-playwright/webkit-2191/pw_run.sh --inspector-pipe --headless --no-startup-window
    <launched> pid=50254
    [pid=50254][err] /Users/dahuang/Library/Caches/ms-playwright/webkit-2191/pw_run.sh: line 7: 50260 Bus error: 10           DYLD_FRAMEWORK_PATH="$DYLIB_PATH" DYLD_LIBRARY_PATH="$DYLIB_PATH" "$PLAYWRIGHT" "$@"
    Call log:
      - <launching> /Users/dahuang/Library/Caches/ms-playwright/webkit-2191/pw_run.sh --inspector-pipe --headless --no-startup-window
      - <launched> pid=50254
      - [pid=50254][err] /Users/dahuang/Library/Caches/ms-playwright/webkit-2191/pw_run.sh: line 7: 50260 Bus error: 10           DYLD_FRAMEWORK_PATH="$DYLIB_PATH" DYLD_LIBRARY_PATH="$DYLIB_PATH" "$PLAYWRIGHT" "$@"

]]>
</failure>
</testcase>
<testcase name="性能测试 › 运行时性能 › 动画性能测试" classname="performance/performance.spec.ts" time="0.002">
<failure message="performance.spec.ts:131:9 动画性能测试" type="FAILURE">
<![CDATA[  [webkit] › performance/performance.spec.ts:131:9 › 性能测试 › 运行时性能 › 动画性能测试 ─────────────────────────

    Error: browserType.launch: Target page, context or browser has been closed
    Browser logs:

    <launching> /Users/dahuang/Library/Caches/ms-playwright/webkit-2191/pw_run.sh --inspector-pipe --headless --no-startup-window
    <launched> pid=50261
    [pid=50261][err] /Users/dahuang/Library/Caches/ms-playwright/webkit-2191/pw_run.sh: line 7: 50267 Bus error: 10           DYLD_FRAMEWORK_PATH="$DYLIB_PATH" DYLD_LIBRARY_PATH="$DYLIB_PATH" "$PLAYWRIGHT" "$@"
    Call log:
      - <launching> /Users/dahuang/Library/Caches/ms-playwright/webkit-2191/pw_run.sh --inspector-pipe --headless --no-startup-window
      - <launched> pid=50261
      - [pid=50261][err] /Users/dahuang/Library/Caches/ms-playwright/webkit-2191/pw_run.sh: line 7: 50267 Bus error: 10           DYLD_FRAMEWORK_PATH="$DYLIB_PATH" DYLD_LIBRARY_PATH="$DYLIB_PATH" "$PLAYWRIGHT" "$@"

]]>
</failure>
</testcase>
<testcase name="性能测试 › 运行时性能 › 内存使用测试" classname="performance/performance.spec.ts" time="0.002">
<failure message="performance.spec.ts:152:9 内存使用测试" type="FAILURE">
<![CDATA[  [webkit] › performance/performance.spec.ts:152:9 › 性能测试 › 运行时性能 › 内存使用测试 ─────────────────────────

    Error: browserType.launch: Target page, context or browser has been closed
    Browser logs:

    <launching> /Users/dahuang/Library/Caches/ms-playwright/webkit-2191/pw_run.sh --inspector-pipe --headless --no-startup-window
    <launched> pid=50270
    [pid=50270][err] /Users/dahuang/Library/Caches/ms-playwright/webkit-2191/pw_run.sh: line 7: 50276 Bus error: 10           DYLD_FRAMEWORK_PATH="$DYLIB_PATH" DYLD_LIBRARY_PATH="$DYLIB_PATH" "$PLAYWRIGHT" "$@"
    Call log:
      - <launching> /Users/dahuang/Library/Caches/ms-playwright/webkit-2191/pw_run.sh --inspector-pipe --headless --no-startup-window
      - <launched> pid=50270
      - [pid=50270][err] /Users/dahuang/Library/Caches/ms-playwright/webkit-2191/pw_run.sh: line 7: 50276 Bus error: 10           DYLD_FRAMEWORK_PATH="$DYLIB_PATH" DYLD_LIBRARY_PATH="$DYLIB_PATH" "$PLAYWRIGHT" "$@"

]]>
</failure>
</testcase>
<testcase name="性能测试 › 网络性能 › 慢网络条件下的性能" classname="performance/performance.spec.ts" time="0.001">
<failure message="performance.spec.ts:199:9 慢网络条件下的性能" type="FAILURE">
<![CDATA[  [webkit] › performance/performance.spec.ts:199:9 › 性能测试 › 网络性能 › 慢网络条件下的性能 ───────────────────────

    Error: browserType.launch: Target page, context or browser has been closed
    Browser logs:

    <launching> /Users/dahuang/Library/Caches/ms-playwright/webkit-2191/pw_run.sh --inspector-pipe --headless --no-startup-window
    <launched> pid=50278
    [pid=50278][err] /Users/dahuang/Library/Caches/ms-playwright/webkit-2191/pw_run.sh: line 7: 50284 Bus error: 10           DYLD_FRAMEWORK_PATH="$DYLIB_PATH" DYLD_LIBRARY_PATH="$DYLIB_PATH" "$PLAYWRIGHT" "$@"
    Call log:
      - <launching> /Users/dahuang/Library/Caches/ms-playwright/webkit-2191/pw_run.sh --inspector-pipe --headless --no-startup-window
      - <launched> pid=50278
      - [pid=50278][err] /Users/dahuang/Library/Caches/ms-playwright/webkit-2191/pw_run.sh: line 7: 50284 Bus error: 10           DYLD_FRAMEWORK_PATH="$DYLIB_PATH" DYLD_LIBRARY_PATH="$DYLIB_PATH" "$PLAYWRIGHT" "$@"

]]>
</failure>
</testcase>
<testcase name="性能测试 › 网络性能 › 缓存性能测试" classname="performance/performance.spec.ts" time="0.002">
<failure message="performance.spec.ts:221:9 缓存性能测试" type="FAILURE">
<![CDATA[  [webkit] › performance/performance.spec.ts:221:9 › 性能测试 › 网络性能 › 缓存性能测试 ──────────────────────────

    Error: browserType.launch: Target page, context or browser has been closed
    Browser logs:

    <launching> /Users/dahuang/Library/Caches/ms-playwright/webkit-2191/pw_run.sh --inspector-pipe --headless --no-startup-window
    <launched> pid=50289
    [pid=50289][err] /Users/dahuang/Library/Caches/ms-playwright/webkit-2191/pw_run.sh: line 7: 50295 Bus error: 10           DYLD_FRAMEWORK_PATH="$DYLIB_PATH" DYLD_LIBRARY_PATH="$DYLIB_PATH" "$PLAYWRIGHT" "$@"
    Call log:
      - <launching> /Users/dahuang/Library/Caches/ms-playwright/webkit-2191/pw_run.sh --inspector-pipe --headless --no-startup-window
      - <launched> pid=50289
      - [pid=50289][err] /Users/dahuang/Library/Caches/ms-playwright/webkit-2191/pw_run.sh: line 7: 50295 Bus error: 10           DYLD_FRAMEWORK_PATH="$DYLIB_PATH" DYLD_LIBRARY_PATH="$DYLIB_PATH" "$PLAYWRIGHT" "$@"

]]>
</failure>
</testcase>
<testcase name="性能测试 › 移动端性能 › 移动设备性能测试" classname="performance/performance.spec.ts" time="0.002">
<failure message="performance.spec.ts:245:9 移动设备性能测试" type="FAILURE">
<![CDATA[  [webkit] › performance/performance.spec.ts:245:9 › 性能测试 › 移动端性能 › 移动设备性能测试 ───────────────────────

    Error: browserType.launch: Target page, context or browser has been closed
    Browser logs:

    <launching> /Users/dahuang/Library/Caches/ms-playwright/webkit-2191/pw_run.sh --inspector-pipe --headless --no-startup-window
    <launched> pid=50299
    [pid=50299][err] /Users/dahuang/Library/Caches/ms-playwright/webkit-2191/pw_run.sh: line 7: 50305 Bus error: 10           DYLD_FRAMEWORK_PATH="$DYLIB_PATH" DYLD_LIBRARY_PATH="$DYLIB_PATH" "$PLAYWRIGHT" "$@"
    Call log:
      - <launching> /Users/dahuang/Library/Caches/ms-playwright/webkit-2191/pw_run.sh --inspector-pipe --headless --no-startup-window
      - <launched> pid=50299
      - [pid=50299][err] /Users/dahuang/Library/Caches/ms-playwright/webkit-2191/pw_run.sh: line 7: 50305 Bus error: 10           DYLD_FRAMEWORK_PATH="$DYLIB_PATH" DYLD_LIBRARY_PATH="$DYLIB_PATH" "$PLAYWRIGHT" "$@"

]]>
</failure>
</testcase>
<testcase name="性能测试 › 移动端性能 › 触摸交互性能测试" classname="performance/performance.spec.ts" time="0.008">
<failure message="performance.spec.ts:265:9 触摸交互性能测试" type="FAILURE">
<![CDATA[  [webkit] › performance/performance.spec.ts:265:9 › 性能测试 › 移动端性能 › 触摸交互性能测试 ───────────────────────

    Error: browserType.launch: Target page, context or browser has been closed
    Browser logs:

    <launching> /Users/dahuang/Library/Caches/ms-playwright/webkit-2191/pw_run.sh --inspector-pipe --headless --no-startup-window
    <launched> pid=50307
    [pid=50307][err] /Users/dahuang/Library/Caches/ms-playwright/webkit-2191/pw_run.sh: line 7: 50313 Bus error: 10           DYLD_FRAMEWORK_PATH="$DYLIB_PATH" DYLD_LIBRARY_PATH="$DYLIB_PATH" "$PLAYWRIGHT" "$@"
    Call log:
      - <launching> /Users/dahuang/Library/Caches/ms-playwright/webkit-2191/pw_run.sh --inspector-pipe --headless --no-startup-window
      - <launched> pid=50307
      - [pid=50307][err] /Users/dahuang/Library/Caches/ms-playwright/webkit-2191/pw_run.sh: line 7: 50313 Bus error: 10           DYLD_FRAMEWORK_PATH="$DYLIB_PATH" DYLD_LIBRARY_PATH="$DYLIB_PATH" "$PLAYWRIGHT" "$@"

]]>
</failure>
</testcase>
<testcase name="性能测试 › Core Web Vitals › Largest Contentful Paint (LCP)" classname="performance/performance.spec.ts" time="0.002">
<failure message="performance.spec.ts:289:9 Largest Contentful Paint (LCP)" type="FAILURE">
<![CDATA[  [webkit] › performance/performance.spec.ts:289:9 › 性能测试 › Core Web Vitals › Largest Contentful Paint (LCP) 

    Error: browserType.launch: Target page, context or browser has been closed
    Browser logs:

    <launching> /Users/dahuang/Library/Caches/ms-playwright/webkit-2191/pw_run.sh --inspector-pipe --headless --no-startup-window
    <launched> pid=50315
    [pid=50315][err] /Users/dahuang/Library/Caches/ms-playwright/webkit-2191/pw_run.sh: line 7: 50321 Bus error: 10           DYLD_FRAMEWORK_PATH="$DYLIB_PATH" DYLD_LIBRARY_PATH="$DYLIB_PATH" "$PLAYWRIGHT" "$@"
    Call log:
      - <launching> /Users/dahuang/Library/Caches/ms-playwright/webkit-2191/pw_run.sh --inspector-pipe --headless --no-startup-window
      - <launched> pid=50315
      - [pid=50315][err] /Users/dahuang/Library/Caches/ms-playwright/webkit-2191/pw_run.sh: line 7: 50321 Bus error: 10           DYLD_FRAMEWORK_PATH="$DYLIB_PATH" DYLD_LIBRARY_PATH="$DYLIB_PATH" "$PLAYWRIGHT" "$@"

]]>
</failure>
</testcase>
<testcase name="性能测试 › Core Web Vitals › First Input Delay (FID) 模拟" classname="performance/performance.spec.ts" time="0.002">
<failure message="performance.spec.ts:316:9 First Input Delay (FID) 模拟" type="FAILURE">
<![CDATA[  [webkit] › performance/performance.spec.ts:316:9 › 性能测试 › Core Web Vitals › First Input Delay (FID) 模拟 

    Error: browserType.launch: Target page, context or browser has been closed
    Browser logs:

    <launching> /Users/dahuang/Library/Caches/ms-playwright/webkit-2191/pw_run.sh --inspector-pipe --headless --no-startup-window
    <launched> pid=50324
    [pid=50324][err] /Users/dahuang/Library/Caches/ms-playwright/webkit-2191/pw_run.sh: line 7: 50330 Bus error: 10           DYLD_FRAMEWORK_PATH="$DYLIB_PATH" DYLD_LIBRARY_PATH="$DYLIB_PATH" "$PLAYWRIGHT" "$@"
    Call log:
      - <launching> /Users/dahuang/Library/Caches/ms-playwright/webkit-2191/pw_run.sh --inspector-pipe --headless --no-startup-window
      - <launched> pid=50324
      - [pid=50324][err] /Users/dahuang/Library/Caches/ms-playwright/webkit-2191/pw_run.sh: line 7: 50330 Bus error: 10           DYLD_FRAMEWORK_PATH="$DYLIB_PATH" DYLD_LIBRARY_PATH="$DYLIB_PATH" "$PLAYWRIGHT" "$@"

]]>
</failure>
</testcase>
<testcase name="性能测试 › Core Web Vitals › Cumulative Layout Shift (CLS) 检测" classname="performance/performance.spec.ts" time="0.002">
<failure message="performance.spec.ts:334:9 Cumulative Layout Shift (CLS) 检测" type="FAILURE">
<![CDATA[  [webkit] › performance/performance.spec.ts:334:9 › 性能测试 › Core Web Vitals › Cumulative Layout Shift (CLS) 检测 

    Error: browserType.launch: Target page, context or browser has been closed
    Browser logs:

    <launching> /Users/dahuang/Library/Caches/ms-playwright/webkit-2191/pw_run.sh --inspector-pipe --headless --no-startup-window
    <launched> pid=50331
    [pid=50331][err] /Users/dahuang/Library/Caches/ms-playwright/webkit-2191/pw_run.sh: line 7: 50337 Bus error: 10           DYLD_FRAMEWORK_PATH="$DYLIB_PATH" DYLD_LIBRARY_PATH="$DYLIB_PATH" "$PLAYWRIGHT" "$@"
    Call log:
      - <launching> /Users/dahuang/Library/Caches/ms-playwright/webkit-2191/pw_run.sh --inspector-pipe --headless --no-startup-window
      - <launched> pid=50331
      - [pid=50331][err] /Users/dahuang/Library/Caches/ms-playwright/webkit-2191/pw_run.sh: line 7: 50337 Bus error: 10           DYLD_FRAMEWORK_PATH="$DYLIB_PATH" DYLD_LIBRARY_PATH="$DYLIB_PATH" "$PLAYWRIGHT" "$@"

]]>
</failure>
</testcase>
</testsuite>
<testsuite name="seo/seo.spec.ts" timestamp="2025-07-24T07:09:26.317Z" hostname="webkit" tests="18" failures="18" skipped="0" time="0.034" errors="0">
<testcase name="SEO测试 › 基础SEO元素 › 页面标题测试" classname="seo/seo.spec.ts" time="0.002">
<failure message="seo.spec.ts:7:9 页面标题测试" type="FAILURE">
<![CDATA[  [webkit] › seo/seo.spec.ts:7:9 › SEO测试 › 基础SEO元素 › 页面标题测试 ────────────────────────────────────────

    Error: browserType.launch: Target page, context or browser has been closed
    Browser logs:

    <launching> /Users/dahuang/Library/Caches/ms-playwright/webkit-2191/pw_run.sh --inspector-pipe --headless --no-startup-window
    <launched> pid=50339
    [pid=50339][err] /Users/dahuang/Library/Caches/ms-playwright/webkit-2191/pw_run.sh: line 7: 50345 Bus error: 10           DYLD_FRAMEWORK_PATH="$DYLIB_PATH" DYLD_LIBRARY_PATH="$DYLIB_PATH" "$PLAYWRIGHT" "$@"
    Call log:
      - <launching> /Users/dahuang/Library/Caches/ms-playwright/webkit-2191/pw_run.sh --inspector-pipe --headless --no-startup-window
      - <launched> pid=50339
      - [pid=50339][err] /Users/dahuang/Library/Caches/ms-playwright/webkit-2191/pw_run.sh: line 7: 50345 Bus error: 10           DYLD_FRAMEWORK_PATH="$DYLIB_PATH" DYLD_LIBRARY_PATH="$DYLIB_PATH" "$PLAYWRIGHT" "$@"

]]>
</failure>
</testcase>
<testcase name="SEO测试 › 基础SEO元素 › Meta描述测试" classname="seo/seo.spec.ts" time="0.001">
<failure message="seo.spec.ts:20:9 Meta描述测试" type="FAILURE">
<![CDATA[  [webkit] › seo/seo.spec.ts:20:9 › SEO测试 › 基础SEO元素 › Meta描述测试 ─────────────────────────────────────

    Error: browserType.launch: Target page, context or browser has been closed
    Browser logs:

    <launching> /Users/dahuang/Library/Caches/ms-playwright/webkit-2191/pw_run.sh --inspector-pipe --headless --no-startup-window
    <launched> pid=50352
    [pid=50352][err] /Users/dahuang/Library/Caches/ms-playwright/webkit-2191/pw_run.sh: line 7: 50358 Bus error: 10           DYLD_FRAMEWORK_PATH="$DYLIB_PATH" DYLD_LIBRARY_PATH="$DYLIB_PATH" "$PLAYWRIGHT" "$@"
    [pid=50352] <process did exit: exitCode=138, signal=null>
    [pid=50352] starting temporary directories cleanup
    Call log:
      - <launching> /Users/dahuang/Library/Caches/ms-playwright/webkit-2191/pw_run.sh --inspector-pipe --headless --no-startup-window
      - <launched> pid=50352
      - [pid=50352][err] /Users/dahuang/Library/Caches/ms-playwright/webkit-2191/pw_run.sh: line 7: 50358 Bus error: 10           DYLD_FRAMEWORK_PATH="$DYLIB_PATH" DYLD_LIBRARY_PATH="$DYLIB_PATH" "$PLAYWRIGHT" "$@"
      - [pid=50352] <process did exit: exitCode=138, signal=null>
      - [pid=50352] starting temporary directories cleanup

]]>
</failure>
</testcase>
<testcase name="SEO测试 › 基础SEO元素 › Meta关键词测试" classname="seo/seo.spec.ts" time="0.002">
<failure message="seo.spec.ts:34:9 Meta关键词测试" type="FAILURE">
<![CDATA[  [webkit] › seo/seo.spec.ts:34:9 › SEO测试 › 基础SEO元素 › Meta关键词测试 ────────────────────────────────────

    Error: browserType.launch: Target page, context or browser has been closed
    Browser logs:

    <launching> /Users/dahuang/Library/Caches/ms-playwright/webkit-2191/pw_run.sh --inspector-pipe --headless --no-startup-window
    <launched> pid=50361
    [pid=50361][err] /Users/dahuang/Library/Caches/ms-playwright/webkit-2191/pw_run.sh: line 7: 50367 Bus error: 10           DYLD_FRAMEWORK_PATH="$DYLIB_PATH" DYLD_LIBRARY_PATH="$DYLIB_PATH" "$PLAYWRIGHT" "$@"
    Call log:
      - <launching> /Users/dahuang/Library/Caches/ms-playwright/webkit-2191/pw_run.sh --inspector-pipe --headless --no-startup-window
      - <launched> pid=50361
      - [pid=50361][err] /Users/dahuang/Library/Caches/ms-playwright/webkit-2191/pw_run.sh: line 7: 50367 Bus error: 10           DYLD_FRAMEWORK_PATH="$DYLIB_PATH" DYLD_LIBRARY_PATH="$DYLIB_PATH" "$PLAYWRIGHT" "$@"

]]>
</failure>
</testcase>
<testcase name="SEO测试 › 基础SEO元素 › Canonical URL测试" classname="seo/seo.spec.ts" time="0.005">
<failure message="seo.spec.ts:54:9 Canonical URL测试" type="FAILURE">
<![CDATA[  [webkit] › seo/seo.spec.ts:54:9 › SEO测试 › 基础SEO元素 › Canonical URL测试 ──────────────────────────────

    Error: browserType.launch: Target page, context or browser has been closed
    Browser logs:

    <launching> /Users/dahuang/Library/Caches/ms-playwright/webkit-2191/pw_run.sh --inspector-pipe --headless --no-startup-window
    <launched> pid=50368
    [pid=50368][err] /Users/dahuang/Library/Caches/ms-playwright/webkit-2191/pw_run.sh: line 7: 50374 Bus error: 10           DYLD_FRAMEWORK_PATH="$DYLIB_PATH" DYLD_LIBRARY_PATH="$DYLIB_PATH" "$PLAYWRIGHT" "$@"
    Call log:
      - <launching> /Users/dahuang/Library/Caches/ms-playwright/webkit-2191/pw_run.sh --inspector-pipe --headless --no-startup-window
      - <launched> pid=50368
      - [pid=50368][err] /Users/dahuang/Library/Caches/ms-playwright/webkit-2191/pw_run.sh: line 7: 50374 Bus error: 10           DYLD_FRAMEWORK_PATH="$DYLIB_PATH" DYLD_LIBRARY_PATH="$DYLIB_PATH" "$PLAYWRIGHT" "$@"

]]>
</failure>
</testcase>
<testcase name="SEO测试 › Open Graph标签 › OG基础标签测试" classname="seo/seo.spec.ts" time="0.003">
<failure message="seo.spec.ts:69:9 OG基础标签测试" type="FAILURE">
<![CDATA[  [webkit] › seo/seo.spec.ts:69:9 › SEO测试 › Open Graph标签 › OG基础标签测试 ────────────────────────────────

    Error: browserType.launch: Target page, context or browser has been closed
    Browser logs:

    <launching> /Users/dahuang/Library/Caches/ms-playwright/webkit-2191/pw_run.sh --inspector-pipe --headless --no-startup-window
    <launched> pid=50376
    [pid=50376][err] /Users/dahuang/Library/Caches/ms-playwright/webkit-2191/pw_run.sh: line 7: 50382 Bus error: 10           DYLD_FRAMEWORK_PATH="$DYLIB_PATH" DYLD_LIBRARY_PATH="$DYLIB_PATH" "$PLAYWRIGHT" "$@"
    Call log:
      - <launching> /Users/dahuang/Library/Caches/ms-playwright/webkit-2191/pw_run.sh --inspector-pipe --headless --no-startup-window
      - <launched> pid=50376
      - [pid=50376][err] /Users/dahuang/Library/Caches/ms-playwright/webkit-2191/pw_run.sh: line 7: 50382 Bus error: 10           DYLD_FRAMEWORK_PATH="$DYLIB_PATH" DYLD_LIBRARY_PATH="$DYLIB_PATH" "$PLAYWRIGHT" "$@"

]]>
</failure>
</testcase>
<testcase name="SEO测试 › Open Graph标签 › Twitter Card标签测试" classname="seo/seo.spec.ts" time="0.004">
<failure message="seo.spec.ts:100:9 Twitter Card标签测试" type="FAILURE">
<![CDATA[  [webkit] › seo/seo.spec.ts:100:9 › SEO测试 › Open Graph标签 › Twitter Card标签测试 ───────────────────────

    Error: browserType.launch: Target page, context or browser has been closed
    Browser logs:

    <launching> /Users/dahuang/Library/Caches/ms-playwright/webkit-2191/pw_run.sh --inspector-pipe --headless --no-startup-window
    <launched> pid=50389
    [pid=50389][err] /Users/dahuang/Library/Caches/ms-playwright/webkit-2191/pw_run.sh: line 7: 50395 Bus error: 10           DYLD_FRAMEWORK_PATH="$DYLIB_PATH" DYLD_LIBRARY_PATH="$DYLIB_PATH" "$PLAYWRIGHT" "$@"
    Call log:
      - <launching> /Users/dahuang/Library/Caches/ms-playwright/webkit-2191/pw_run.sh --inspector-pipe --headless --no-startup-window
      - <launched> pid=50389
      - [pid=50389][err] /Users/dahuang/Library/Caches/ms-playwright/webkit-2191/pw_run.sh: line 7: 50395 Bus error: 10           DYLD_FRAMEWORK_PATH="$DYLIB_PATH" DYLD_LIBRARY_PATH="$DYLIB_PATH" "$PLAYWRIGHT" "$@"

]]>
</failure>
</testcase>
<testcase name="SEO测试 › 结构化数据 › JSON-LD结构化数据测试" classname="seo/seo.spec.ts" time="0.002">
<failure message="seo.spec.ts:126:9 JSON-LD结构化数据测试" type="FAILURE">
<![CDATA[  [webkit] › seo/seo.spec.ts:126:9 › SEO测试 › 结构化数据 › JSON-LD结构化数据测试 ────────────────────────────────

    Error: browserType.launch: Target page, context or browser has been closed
    Browser logs:

    <launching> /Users/dahuang/Library/Caches/ms-playwright/webkit-2191/pw_run.sh --inspector-pipe --headless --no-startup-window
    <launched> pid=50400
    [pid=50400][err] /Users/dahuang/Library/Caches/ms-playwright/webkit-2191/pw_run.sh: line 7: 50406 Bus error: 10           DYLD_FRAMEWORK_PATH="$DYLIB_PATH" DYLD_LIBRARY_PATH="$DYLIB_PATH" "$PLAYWRIGHT" "$@"
    Call log:
      - <launching> /Users/dahuang/Library/Caches/ms-playwright/webkit-2191/pw_run.sh --inspector-pipe --headless --no-startup-window
      - <launched> pid=50400
      - [pid=50400][err] /Users/dahuang/Library/Caches/ms-playwright/webkit-2191/pw_run.sh: line 7: 50406 Bus error: 10           DYLD_FRAMEWORK_PATH="$DYLIB_PATH" DYLD_LIBRARY_PATH="$DYLIB_PATH" "$PLAYWRIGHT" "$@"

]]>
</failure>
</testcase>
<testcase name="SEO测试 › 结构化数据 › FAQ结构化数据测试" classname="seo/seo.spec.ts" time="0.002">
<failure message="seo.spec.ts:154:9 FAQ结构化数据测试" type="FAILURE">
<![CDATA[  [webkit] › seo/seo.spec.ts:154:9 › SEO测试 › 结构化数据 › FAQ结构化数据测试 ────────────────────────────────────

    Error: browserType.launch: Target page, context or browser has been closed
    Browser logs:

    <launching> /Users/dahuang/Library/Caches/ms-playwright/webkit-2191/pw_run.sh --inspector-pipe --headless --no-startup-window
    <launched> pid=50407
    [pid=50407][err] /Users/dahuang/Library/Caches/ms-playwright/webkit-2191/pw_run.sh: line 7: 50413 Bus error: 10           DYLD_FRAMEWORK_PATH="$DYLIB_PATH" DYLD_LIBRARY_PATH="$DYLIB_PATH" "$PLAYWRIGHT" "$@"
    Call log:
      - <launching> /Users/dahuang/Library/Caches/ms-playwright/webkit-2191/pw_run.sh --inspector-pipe --headless --no-startup-window
      - <launched> pid=50407
      - [pid=50407][err] /Users/dahuang/Library/Caches/ms-playwright/webkit-2191/pw_run.sh: line 7: 50413 Bus error: 10           DYLD_FRAMEWORK_PATH="$DYLIB_PATH" DYLD_LIBRARY_PATH="$DYLIB_PATH" "$PLAYWRIGHT" "$@"

]]>
</failure>
</testcase>
<testcase name="SEO测试 › 结构化数据 › Organization结构化数据测试" classname="seo/seo.spec.ts" time="0.001">
<failure message="seo.spec.ts:195:9 Organization结构化数据测试" type="FAILURE">
<![CDATA[  [webkit] › seo/seo.spec.ts:195:9 › SEO测试 › 结构化数据 › Organization结构化数据测试 ───────────────────────────

    Error: browserType.launch: Target page, context or browser has been closed
    Browser logs:

    <launching> /Users/dahuang/Library/Caches/ms-playwright/webkit-2191/pw_run.sh --inspector-pipe --headless --no-startup-window
    <launched> pid=50415
    [pid=50415][err] /Users/dahuang/Library/Caches/ms-playwright/webkit-2191/pw_run.sh: line 7: 50421 Bus error: 10           DYLD_FRAMEWORK_PATH="$DYLIB_PATH" DYLD_LIBRARY_PATH="$DYLIB_PATH" "$PLAYWRIGHT" "$@"
    Call log:
      - <launching> /Users/dahuang/Library/Caches/ms-playwright/webkit-2191/pw_run.sh --inspector-pipe --headless --no-startup-window
      - <launched> pid=50415
      - [pid=50415][err] /Users/dahuang/Library/Caches/ms-playwright/webkit-2191/pw_run.sh: line 7: 50421 Bus error: 10           DYLD_FRAMEWORK_PATH="$DYLIB_PATH" DYLD_LIBRARY_PATH="$DYLIB_PATH" "$PLAYWRIGHT" "$@"

]]>
</failure>
</testcase>
<testcase name="SEO测试 › HTML语义化 › 标题层级测试" classname="seo/seo.spec.ts" time="0.001">
<failure message="seo.spec.ts:226:9 标题层级测试" type="FAILURE">
<![CDATA[  [webkit] › seo/seo.spec.ts:226:9 › SEO测试 › HTML语义化 › 标题层级测试 ──────────────────────────────────────

    Error: browserType.launch: Target page, context or browser has been closed
    Browser logs:

    <launching> /Users/dahuang/Library/Caches/ms-playwright/webkit-2191/pw_run.sh --inspector-pipe --headless --no-startup-window
    <launched> pid=50423
    [pid=50423][err] /Users/dahuang/Library/Caches/ms-playwright/webkit-2191/pw_run.sh: line 7: 50429 Bus error: 10           DYLD_FRAMEWORK_PATH="$DYLIB_PATH" DYLD_LIBRARY_PATH="$DYLIB_PATH" "$PLAYWRIGHT" "$@"
    Call log:
      - <launching> /Users/dahuang/Library/Caches/ms-playwright/webkit-2191/pw_run.sh --inspector-pipe --headless --no-startup-window
      - <launched> pid=50423
      - [pid=50423][err] /Users/dahuang/Library/Caches/ms-playwright/webkit-2191/pw_run.sh: line 7: 50429 Bus error: 10           DYLD_FRAMEWORK_PATH="$DYLIB_PATH" DYLD_LIBRARY_PATH="$DYLIB_PATH" "$PLAYWRIGHT" "$@"

]]>
</failure>
</testcase>
<testcase name="SEO测试 › HTML语义化 › 语义化标签测试" classname="seo/seo.spec.ts" time="0.002">
<failure message="seo.spec.ts:256:9 语义化标签测试" type="FAILURE">
<![CDATA[  [webkit] › seo/seo.spec.ts:256:9 › SEO测试 › HTML语义化 › 语义化标签测试 ─────────────────────────────────────

    Error: browserType.launch: Target page, context or browser has been closed
    Browser logs:

    <launching> /Users/dahuang/Library/Caches/ms-playwright/webkit-2191/pw_run.sh --inspector-pipe --headless --no-startup-window
    <launched> pid=50437
    [pid=50437][err] /Users/dahuang/Library/Caches/ms-playwright/webkit-2191/pw_run.sh: line 7: 50443 Bus error: 10           DYLD_FRAMEWORK_PATH="$DYLIB_PATH" DYLD_LIBRARY_PATH="$DYLIB_PATH" "$PLAYWRIGHT" "$@"
    Call log:
      - <launching> /Users/dahuang/Library/Caches/ms-playwright/webkit-2191/pw_run.sh --inspector-pipe --headless --no-startup-window
      - <launched> pid=50437
      - [pid=50437][err] /Users/dahuang/Library/Caches/ms-playwright/webkit-2191/pw_run.sh: line 7: 50443 Bus error: 10           DYLD_FRAMEWORK_PATH="$DYLIB_PATH" DYLD_LIBRARY_PATH="$DYLIB_PATH" "$PLAYWRIGHT" "$@"

]]>
</failure>
</testcase>
<testcase name="SEO测试 › HTML语义化 › 图片Alt属性测试" classname="seo/seo.spec.ts" time="0.001">
<failure message="seo.spec.ts:276:9 图片Alt属性测试" type="FAILURE">
<![CDATA[  [webkit] › seo/seo.spec.ts:276:9 › SEO测试 › HTML语义化 › 图片Alt属性测试 ───────────────────────────────────

    Error: browserType.launch: Target page, context or browser has been closed
    Browser logs:

    <launching> /Users/dahuang/Library/Caches/ms-playwright/webkit-2191/pw_run.sh --inspector-pipe --headless --no-startup-window
    <launched> pid=50444
    [pid=50444][err] /Users/dahuang/Library/Caches/ms-playwright/webkit-2191/pw_run.sh: line 7: 50450 Bus error: 10           DYLD_FRAMEWORK_PATH="$DYLIB_PATH" DYLD_LIBRARY_PATH="$DYLIB_PATH" "$PLAYWRIGHT" "$@"
    Call log:
      - <launching> /Users/dahuang/Library/Caches/ms-playwright/webkit-2191/pw_run.sh --inspector-pipe --headless --no-startup-window
      - <launched> pid=50444
      - [pid=50444][err] /Users/dahuang/Library/Caches/ms-playwright/webkit-2191/pw_run.sh: line 7: 50450 Bus error: 10           DYLD_FRAMEWORK_PATH="$DYLIB_PATH" DYLD_LIBRARY_PATH="$DYLIB_PATH" "$PLAYWRIGHT" "$@"

]]>
</failure>
</testcase>
<testcase name="SEO测试 › HTML语义化 › 链接可访问性测试" classname="seo/seo.spec.ts" time="0.002">
<failure message="seo.spec.ts:299:9 链接可访问性测试" type="FAILURE">
<![CDATA[  [webkit] › seo/seo.spec.ts:299:9 › SEO测试 › HTML语义化 › 链接可访问性测试 ────────────────────────────────────

    Error: browserType.launch: Target page, context or browser has been closed
    Browser logs:

    <launching> /Users/dahuang/Library/Caches/ms-playwright/webkit-2191/pw_run.sh --inspector-pipe --headless --no-startup-window
    <launched> pid=50452
    [pid=50452][err] /Users/dahuang/Library/Caches/ms-playwright/webkit-2191/pw_run.sh: line 7: 50458 Bus error: 10           DYLD_FRAMEWORK_PATH="$DYLIB_PATH" DYLD_LIBRARY_PATH="$DYLIB_PATH" "$PLAYWRIGHT" "$@"
    Call log:
      - <launching> /Users/dahuang/Library/Caches/ms-playwright/webkit-2191/pw_run.sh --inspector-pipe --headless --no-startup-window
      - <launched> pid=50452
      - [pid=50452][err] /Users/dahuang/Library/Caches/ms-playwright/webkit-2191/pw_run.sh: line 7: 50458 Bus error: 10           DYLD_FRAMEWORK_PATH="$DYLIB_PATH" DYLD_LIBRARY_PATH="$DYLIB_PATH" "$PLAYWRIGHT" "$@"

]]>
</failure>
</testcase>
<testcase name="SEO测试 › 页面性能SEO › 页面加载速度SEO测试" classname="seo/seo.spec.ts" time="0.001">
<failure message="seo.spec.ts:333:9 页面加载速度SEO测试" type="FAILURE">
<![CDATA[  [webkit] › seo/seo.spec.ts:333:9 › SEO测试 › 页面性能SEO › 页面加载速度SEO测试 ─────────────────────────────────

    Error: browserType.launch: Target page, context or browser has been closed
    Browser logs:

    <launching> /Users/dahuang/Library/Caches/ms-playwright/webkit-2191/pw_run.sh --inspector-pipe --headless --no-startup-window
    <launched> pid=50460
    [pid=50460][err] /Users/dahuang/Library/Caches/ms-playwright/webkit-2191/pw_run.sh: line 7: 50466 Bus error: 10           DYLD_FRAMEWORK_PATH="$DYLIB_PATH" DYLD_LIBRARY_PATH="$DYLIB_PATH" "$PLAYWRIGHT" "$@"
    Call log:
      - <launching> /Users/dahuang/Library/Caches/ms-playwright/webkit-2191/pw_run.sh --inspector-pipe --headless --no-startup-window
      - <launched> pid=50460
      - [pid=50460][err] /Users/dahuang/Library/Caches/ms-playwright/webkit-2191/pw_run.sh: line 7: 50466 Bus error: 10           DYLD_FRAMEWORK_PATH="$DYLIB_PATH" DYLD_LIBRARY_PATH="$DYLIB_PATH" "$PLAYWRIGHT" "$@"

]]>
</failure>
</testcase>
<testcase name="SEO测试 › 页面性能SEO › 移动端友好性测试" classname="seo/seo.spec.ts" time="0.001">
<failure message="seo.spec.ts:350:9 移动端友好性测试" type="FAILURE">
<![CDATA[  [webkit] › seo/seo.spec.ts:350:9 › SEO测试 › 页面性能SEO › 移动端友好性测试 ────────────────────────────────────

    Error: browserType.launch: Target page, context or browser has been closed
    Browser logs:

    <launching> /Users/dahuang/Library/Caches/ms-playwright/webkit-2191/pw_run.sh --inspector-pipe --headless --no-startup-window
    <launched> pid=50469
    [pid=50469][err] /Users/dahuang/Library/Caches/ms-playwright/webkit-2191/pw_run.sh: line 7: 50475 Bus error: 10           DYLD_FRAMEWORK_PATH="$DYLIB_PATH" DYLD_LIBRARY_PATH="$DYLIB_PATH" "$PLAYWRIGHT" "$@"
    Call log:
      - <launching> /Users/dahuang/Library/Caches/ms-playwright/webkit-2191/pw_run.sh --inspector-pipe --headless --no-startup-window
      - <launched> pid=50469
      - [pid=50469][err] /Users/dahuang/Library/Caches/ms-playwright/webkit-2191/pw_run.sh: line 7: 50475 Bus error: 10           DYLD_FRAMEWORK_PATH="$DYLIB_PATH" DYLD_LIBRARY_PATH="$DYLIB_PATH" "$PLAYWRIGHT" "$@"

]]>
</failure>
</testcase>
<testcase name="SEO测试 › 页面性能SEO › HTTPS和安全性测试" classname="seo/seo.spec.ts" time="0.002">
<failure message="seo.spec.ts:378:9 HTTPS和安全性测试" type="FAILURE">
<![CDATA[  [webkit] › seo/seo.spec.ts:378:9 › SEO测试 › 页面性能SEO › HTTPS和安全性测试 ─────────────────────────────────

    Error: browserType.launch: Target page, context or browser has been closed
    Browser logs:

    <launching> /Users/dahuang/Library/Caches/ms-playwright/webkit-2191/pw_run.sh --inspector-pipe --headless --no-startup-window
    <launched> pid=50476
    [pid=50476][err] /Users/dahuang/Library/Caches/ms-playwright/webkit-2191/pw_run.sh: line 7: 50482 Bus error: 10           DYLD_FRAMEWORK_PATH="$DYLIB_PATH" DYLD_LIBRARY_PATH="$DYLIB_PATH" "$PLAYWRIGHT" "$@"
    Call log:
      - <launching> /Users/dahuang/Library/Caches/ms-playwright/webkit-2191/pw_run.sh --inspector-pipe --headless --no-startup-window
      - <launched> pid=50476
      - [pid=50476][err] /Users/dahuang/Library/Caches/ms-playwright/webkit-2191/pw_run.sh: line 7: 50482 Bus error: 10           DYLD_FRAMEWORK_PATH="$DYLIB_PATH" DYLD_LIBRARY_PATH="$DYLIB_PATH" "$PLAYWRIGHT" "$@"

]]>
</failure>
</testcase>
<testcase name="SEO测试 › 内容SEO › 内容质量测试" classname="seo/seo.spec.ts" time="0.001">
<failure message="seo.spec.ts:402:9 内容质量测试" type="FAILURE">
<![CDATA[  [webkit] › seo/seo.spec.ts:402:9 › SEO测试 › 内容SEO › 内容质量测试 ────────────────────────────────────────

    Error: browserType.launch: Target page, context or browser has been closed
    Browser logs:

    <launching> /Users/dahuang/Library/Caches/ms-playwright/webkit-2191/pw_run.sh --inspector-pipe --headless --no-startup-window
    <launched> pid=50484
    [pid=50484][err] /Users/dahuang/Library/Caches/ms-playwright/webkit-2191/pw_run.sh: line 7: 50490 Bus error: 10           DYLD_FRAMEWORK_PATH="$DYLIB_PATH" DYLD_LIBRARY_PATH="$DYLIB_PATH" "$PLAYWRIGHT" "$@"
    Call log:
      - <launching> /Users/dahuang/Library/Caches/ms-playwright/webkit-2191/pw_run.sh --inspector-pipe --headless --no-startup-window
      - <launched> pid=50484
      - [pid=50484][err] /Users/dahuang/Library/Caches/ms-playwright/webkit-2191/pw_run.sh: line 7: 50490 Bus error: 10           DYLD_FRAMEWORK_PATH="$DYLIB_PATH" DYLD_LIBRARY_PATH="$DYLIB_PATH" "$PLAYWRIGHT" "$@"

]]>
</failure>
</testcase>
<testcase name="SEO测试 › 内容SEO › 内部链接结构测试" classname="seo/seo.spec.ts" time="0.001">
<failure message="seo.spec.ts:429:9 内部链接结构测试" type="FAILURE">
<![CDATA[  [webkit] › seo/seo.spec.ts:429:9 › SEO测试 › 内容SEO › 内部链接结构测试 ──────────────────────────────────────

    Error: browserType.launch: Target page, context or browser has been closed
    Browser logs:

    <launching> /Users/dahuang/Library/Caches/ms-playwright/webkit-2191/pw_run.sh --inspector-pipe --headless --no-startup-window
    <launched> pid=50492
    [pid=50492][err] /Users/dahuang/Library/Caches/ms-playwright/webkit-2191/pw_run.sh: line 7: 50498 Bus error: 10           DYLD_FRAMEWORK_PATH="$DYLIB_PATH" DYLD_LIBRARY_PATH="$DYLIB_PATH" "$PLAYWRIGHT" "$@"
    Call log:
      - <launching> /Users/dahuang/Library/Caches/ms-playwright/webkit-2191/pw_run.sh --inspector-pipe --headless --no-startup-window
      - <launched> pid=50492
      - [pid=50492][err] /Users/dahuang/Library/Caches/ms-playwright/webkit-2191/pw_run.sh: line 7: 50498 Bus error: 10           DYLD_FRAMEWORK_PATH="$DYLIB_PATH" DYLD_LIBRARY_PATH="$DYLIB_PATH" "$PLAYWRIGHT" "$@"

]]>
</failure>
</testcase>
</testsuite>
<testsuite name="visual/visual-regression.spec.ts" timestamp="2025-07-24T07:09:26.317Z" hostname="webkit" tests="28" failures="28" skipped="0" time="0.054" errors="0">
<testcase name="视觉回归测试 › 页面截图对比 › 首页完整截图" classname="visual/visual-regression.spec.ts" time="0.001">
<failure message="visual-regression.spec.ts:7:9 首页完整截图" type="FAILURE">
<![CDATA[  [webkit] › visual/visual-regression.spec.ts:7:9 › 视觉回归测试 › 页面截图对比 › 首页完整截图 ───────────────────────

    Error: browserType.launch: Target page, context or browser has been closed
    Browser logs:

    <launching> /Users/dahuang/Library/Caches/ms-playwright/webkit-2191/pw_run.sh --inspector-pipe --headless --no-startup-window
    <launched> pid=50506
    [pid=50506][err] /Users/dahuang/Library/Caches/ms-playwright/webkit-2191/pw_run.sh: line 7: 50512 Bus error: 10           DYLD_FRAMEWORK_PATH="$DYLIB_PATH" DYLD_LIBRARY_PATH="$DYLIB_PATH" "$PLAYWRIGHT" "$@"
    Call log:
      - <launching> /Users/dahuang/Library/Caches/ms-playwright/webkit-2191/pw_run.sh --inspector-pipe --headless --no-startup-window
      - <launched> pid=50506
      - [pid=50506][err] /Users/dahuang/Library/Caches/ms-playwright/webkit-2191/pw_run.sh: line 7: 50512 Bus error: 10           DYLD_FRAMEWORK_PATH="$DYLIB_PATH" DYLD_LIBRARY_PATH="$DYLIB_PATH" "$PLAYWRIGHT" "$@"

]]>
</failure>
</testcase>
<testcase name="视觉回归测试 › 页面截图对比 › 首页Hero区域截图" classname="visual/visual-regression.spec.ts" time="0.001">
<failure message="visual-regression.spec.ts:33:9 首页Hero区域截图" type="FAILURE">
<![CDATA[  [webkit] › visual/visual-regression.spec.ts:33:9 › 视觉回归测试 › 页面截图对比 › 首页Hero区域截图 ──────────────────

    Error: browserType.launch: Target page, context or browser has been closed
    Browser logs:

    <launching> /Users/dahuang/Library/Caches/ms-playwright/webkit-2191/pw_run.sh --inspector-pipe --headless --no-startup-window
    <launched> pid=50513
    [pid=50513][err] /Users/dahuang/Library/Caches/ms-playwright/webkit-2191/pw_run.sh: line 7: 50519 Bus error: 10           DYLD_FRAMEWORK_PATH="$DYLIB_PATH" DYLD_LIBRARY_PATH="$DYLIB_PATH" "$PLAYWRIGHT" "$@"
    Call log:
      - <launching> /Users/dahuang/Library/Caches/ms-playwright/webkit-2191/pw_run.sh --inspector-pipe --headless --no-startup-window
      - <launched> pid=50513
      - [pid=50513][err] /Users/dahuang/Library/Caches/ms-playwright/webkit-2191/pw_run.sh: line 7: 50519 Bus error: 10           DYLD_FRAMEWORK_PATH="$DYLIB_PATH" DYLD_LIBRARY_PATH="$DYLIB_PATH" "$PLAYWRIGHT" "$@"

]]>
</failure>
</testcase>
<testcase name="视觉回归测试 › 页面截图对比 › 导航栏截图" classname="visual/visual-regression.spec.ts" time="0.001">
<failure message="visual-regression.spec.ts:47:9 导航栏截图" type="FAILURE">
<![CDATA[  [webkit] › visual/visual-regression.spec.ts:47:9 › 视觉回归测试 › 页面截图对比 › 导航栏截图 ───────────────────────

    Error: browserType.launch: Target page, context or browser has been closed
    Browser logs:

    <launching> /Users/dahuang/Library/Caches/ms-playwright/webkit-2191/pw_run.sh --inspector-pipe --headless --no-startup-window
    <launched> pid=50521
    [pid=50521][err] /Users/dahuang/Library/Caches/ms-playwright/webkit-2191/pw_run.sh: line 7: 50527 Bus error: 10           DYLD_FRAMEWORK_PATH="$DYLIB_PATH" DYLD_LIBRARY_PATH="$DYLIB_PATH" "$PLAYWRIGHT" "$@"
    Call log:
      - <launching> /Users/dahuang/Library/Caches/ms-playwright/webkit-2191/pw_run.sh --inspector-pipe --headless --no-startup-window
      - <launched> pid=50521
      - [pid=50521][err] /Users/dahuang/Library/Caches/ms-playwright/webkit-2191/pw_run.sh: line 7: 50527 Bus error: 10           DYLD_FRAMEWORK_PATH="$DYLIB_PATH" DYLD_LIBRARY_PATH="$DYLIB_PATH" "$PLAYWRIGHT" "$@"

]]>
</failure>
</testcase>
<testcase name="视觉回归测试 › 页面截图对比 › Features区域截图" classname="visual/visual-regression.spec.ts" time="0.001">
<failure message="visual-regression.spec.ts:59:9 Features区域截图" type="FAILURE">
<![CDATA[  [webkit] › visual/visual-regression.spec.ts:59:9 › 视觉回归测试 › 页面截图对比 › Features区域截图 ────────────────

    Error: browserType.launch: Target page, context or browser has been closed
    Browser logs:

    <launching> /Users/dahuang/Library/Caches/ms-playwright/webkit-2191/pw_run.sh --inspector-pipe --headless --no-startup-window
    <launched> pid=50529
    [pid=50529][err] /Users/dahuang/Library/Caches/ms-playwright/webkit-2191/pw_run.sh: line 7: 50536 Bus error: 10           DYLD_FRAMEWORK_PATH="$DYLIB_PATH" DYLD_LIBRARY_PATH="$DYLIB_PATH" "$PLAYWRIGHT" "$@"
    Call log:
      - <launching> /Users/dahuang/Library/Caches/ms-playwright/webkit-2191/pw_run.sh --inspector-pipe --headless --no-startup-window
      - <launched> pid=50529
      - [pid=50529][err] /Users/dahuang/Library/Caches/ms-playwright/webkit-2191/pw_run.sh: line 7: 50536 Bus error: 10           DYLD_FRAMEWORK_PATH="$DYLIB_PATH" DYLD_LIBRARY_PATH="$DYLIB_PATH" "$PLAYWRIGHT" "$@"

]]>
</failure>
</testcase>
<testcase name="视觉回归测试 › 页面截图对比 › FAQ区域截图" classname="visual/visual-regression.spec.ts" time="0.001">
<failure message="visual-regression.spec.ts:76:9 FAQ区域截图" type="FAILURE">
<![CDATA[  [webkit] › visual/visual-regression.spec.ts:76:9 › 视觉回归测试 › 页面截图对比 › FAQ区域截图 ─────────────────────

    Error: browserType.launch: Target page, context or browser has been closed
    Browser logs:

    <launching> /Users/dahuang/Library/Caches/ms-playwright/webkit-2191/pw_run.sh --inspector-pipe --headless --no-startup-window
    <launched> pid=50539
    [pid=50539][err] /Users/dahuang/Library/Caches/ms-playwright/webkit-2191/pw_run.sh: line 7: 50545 Bus error: 10           DYLD_FRAMEWORK_PATH="$DYLIB_PATH" DYLD_LIBRARY_PATH="$DYLIB_PATH" "$PLAYWRIGHT" "$@"
    Call log:
      - <launching> /Users/dahuang/Library/Caches/ms-playwright/webkit-2191/pw_run.sh --inspector-pipe --headless --no-startup-window
      - <launched> pid=50539
      - [pid=50539][err] /Users/dahuang/Library/Caches/ms-playwright/webkit-2191/pw_run.sh: line 7: 50545 Bus error: 10           DYLD_FRAMEWORK_PATH="$DYLIB_PATH" DYLD_LIBRARY_PATH="$DYLIB_PATH" "$PLAYWRIGHT" "$@"

]]>
</failure>
</testcase>
<testcase name="视觉回归测试 › 页面截图对比 › Footer截图" classname="visual/visual-regression.spec.ts" time="0.001">
<failure message="visual-regression.spec.ts:93:9 Footer截图" type="FAILURE">
<![CDATA[  [webkit] › visual/visual-regression.spec.ts:93:9 › 视觉回归测试 › 页面截图对比 › Footer截图 ────────────────────

    Error: browserType.launch: Target page, context or browser has been closed
    Browser logs:

    <launching> /Users/dahuang/Library/Caches/ms-playwright/webkit-2191/pw_run.sh --inspector-pipe --headless --no-startup-window
    <launched> pid=50546
    [pid=50546][err] /Users/dahuang/Library/Caches/ms-playwright/webkit-2191/pw_run.sh: line 7: 50552 Bus error: 10           DYLD_FRAMEWORK_PATH="$DYLIB_PATH" DYLD_LIBRARY_PATH="$DYLIB_PATH" "$PLAYWRIGHT" "$@"
    Call log:
      - <launching> /Users/dahuang/Library/Caches/ms-playwright/webkit-2191/pw_run.sh --inspector-pipe --headless --no-startup-window
      - <launched> pid=50546
      - [pid=50546][err] /Users/dahuang/Library/Caches/ms-playwright/webkit-2191/pw_run.sh: line 7: 50552 Bus error: 10           DYLD_FRAMEWORK_PATH="$DYLIB_PATH" DYLD_LIBRARY_PATH="$DYLIB_PATH" "$PLAYWRIGHT" "$@"

]]>
</failure>
</testcase>
<testcase name="视觉回归测试 › 响应式截图对比 › 移动端首页截图" classname="visual/visual-regression.spec.ts" time="0.001">
<failure message="visual-regression.spec.ts:111:9 移动端首页截图" type="FAILURE">
<![CDATA[  [webkit] › visual/visual-regression.spec.ts:111:9 › 视觉回归测试 › 响应式截图对比 › 移动端首页截图 ───────────────────

    Error: browserType.launch: Target page, context or browser has been closed
    Browser logs:

    <launching> /Users/dahuang/Library/Caches/ms-playwright/webkit-2191/pw_run.sh --inspector-pipe --headless --no-startup-window
    <launched> pid=50554
    [pid=50554][err] /Users/dahuang/Library/Caches/ms-playwright/webkit-2191/pw_run.sh: line 7: 50560 Bus error: 10           DYLD_FRAMEWORK_PATH="$DYLIB_PATH" DYLD_LIBRARY_PATH="$DYLIB_PATH" "$PLAYWRIGHT" "$@"
    Call log:
      - <launching> /Users/dahuang/Library/Caches/ms-playwright/webkit-2191/pw_run.sh --inspector-pipe --headless --no-startup-window
      - <launched> pid=50554
      - [pid=50554][err] /Users/dahuang/Library/Caches/ms-playwright/webkit-2191/pw_run.sh: line 7: 50560 Bus error: 10           DYLD_FRAMEWORK_PATH="$DYLIB_PATH" DYLD_LIBRARY_PATH="$DYLIB_PATH" "$PLAYWRIGHT" "$@"

]]>
</failure>
</testcase>
<testcase name="视觉回归测试 › 响应式截图对比 › 平板端首页截图" classname="visual/visual-regression.spec.ts" time="0.002">
<failure message="visual-regression.spec.ts:127:9 平板端首页截图" type="FAILURE">
<![CDATA[  [webkit] › visual/visual-regression.spec.ts:127:9 › 视觉回归测试 › 响应式截图对比 › 平板端首页截图 ───────────────────

    Error: browserType.launch: Target page, context or browser has been closed
    Browser logs:

    <launching> /Users/dahuang/Library/Caches/ms-playwright/webkit-2191/pw_run.sh --inspector-pipe --headless --no-startup-window
    <launched> pid=50564
    [pid=50564][err] /Users/dahuang/Library/Caches/ms-playwright/webkit-2191/pw_run.sh: line 7: 50571 Bus error: 10           DYLD_FRAMEWORK_PATH="$DYLIB_PATH" DYLD_LIBRARY_PATH="$DYLIB_PATH" "$PLAYWRIGHT" "$@"
    Call log:
      - <launching> /Users/dahuang/Library/Caches/ms-playwright/webkit-2191/pw_run.sh --inspector-pipe --headless --no-startup-window
      - <launched> pid=50564
      - [pid=50564][err] /Users/dahuang/Library/Caches/ms-playwright/webkit-2191/pw_run.sh: line 7: 50571 Bus error: 10           DYLD_FRAMEWORK_PATH="$DYLIB_PATH" DYLD_LIBRARY_PATH="$DYLIB_PATH" "$PLAYWRIGHT" "$@"

]]>
</failure>
</testcase>
<testcase name="视觉回归测试 › 响应式截图对比 › 桌面端首页截图" classname="visual/visual-regression.spec.ts" time="0.002">
<failure message="visual-regression.spec.ts:143:9 桌面端首页截图" type="FAILURE">
<![CDATA[  [webkit] › visual/visual-regression.spec.ts:143:9 › 视觉回归测试 › 响应式截图对比 › 桌面端首页截图 ───────────────────

    Error: browserType.launch: Target page, context or browser has been closed
    Browser logs:

    <launching> /Users/dahuang/Library/Caches/ms-playwright/webkit-2191/pw_run.sh --inspector-pipe --headless --no-startup-window
    <launched> pid=50576
    [pid=50576][err] /Users/dahuang/Library/Caches/ms-playwright/webkit-2191/pw_run.sh: line 7: 50582 Bus error: 10           DYLD_FRAMEWORK_PATH="$DYLIB_PATH" DYLD_LIBRARY_PATH="$DYLIB_PATH" "$PLAYWRIGHT" "$@"
    Call log:
      - <launching> /Users/dahuang/Library/Caches/ms-playwright/webkit-2191/pw_run.sh --inspector-pipe --headless --no-startup-window
      - <launched> pid=50576
      - [pid=50576][err] /Users/dahuang/Library/Caches/ms-playwright/webkit-2191/pw_run.sh: line 7: 50582 Bus error: 10           DYLD_FRAMEWORK_PATH="$DYLIB_PATH" DYLD_LIBRARY_PATH="$DYLIB_PATH" "$PLAYWRIGHT" "$@"

]]>
</failure>
</testcase>
<testcase name="视觉回归测试 › 响应式截图对比 › 移动端导航菜单截图" classname="visual/visual-regression.spec.ts" time="0.001">
<failure message="visual-regression.spec.ts:159:9 移动端导航菜单截图" type="FAILURE">
<![CDATA[  [webkit] › visual/visual-regression.spec.ts:159:9 › 视觉回归测试 › 响应式截图对比 › 移动端导航菜单截图 ─────────────────

    Error: browserType.launch: Target page, context or browser has been closed
    Browser logs:

    <launching> /Users/dahuang/Library/Caches/ms-playwright/webkit-2191/pw_run.sh --inspector-pipe --headless --no-startup-window
    <launched> pid=50583
    [pid=50583][err] /Users/dahuang/Library/Caches/ms-playwright/webkit-2191/pw_run.sh: line 7: 50589 Bus error: 10           DYLD_FRAMEWORK_PATH="$DYLIB_PATH" DYLD_LIBRARY_PATH="$DYLIB_PATH" "$PLAYWRIGHT" "$@"
    Call log:
      - <launching> /Users/dahuang/Library/Caches/ms-playwright/webkit-2191/pw_run.sh --inspector-pipe --headless --no-startup-window
      - <launched> pid=50583
      - [pid=50583][err] /Users/dahuang/Library/Caches/ms-playwright/webkit-2191/pw_run.sh: line 7: 50589 Bus error: 10           DYLD_FRAMEWORK_PATH="$DYLIB_PATH" DYLD_LIBRARY_PATH="$DYLIB_PATH" "$PLAYWRIGHT" "$@"

]]>
</failure>
</testcase>
<testcase name="视觉回归测试 › 交互状态截图 › 按钮悬停状态截图" classname="visual/visual-regression.spec.ts" time="0.001">
<failure message="visual-regression.spec.ts:179:9 按钮悬停状态截图" type="FAILURE">
<![CDATA[  [webkit] › visual/visual-regression.spec.ts:179:9 › 视觉回归测试 › 交互状态截图 › 按钮悬停状态截图 ───────────────────

    Error: browserType.launch: Target page, context or browser has been closed
    Browser logs:

    <launching> /Users/dahuang/Library/Caches/ms-playwright/webkit-2191/pw_run.sh --inspector-pipe --headless --no-startup-window
    <launched> pid=50591
    [pid=50591][err] /Users/dahuang/Library/Caches/ms-playwright/webkit-2191/pw_run.sh: line 7: 50597 Bus error: 10           DYLD_FRAMEWORK_PATH="$DYLIB_PATH" DYLD_LIBRARY_PATH="$DYLIB_PATH" "$PLAYWRIGHT" "$@"
    Call log:
      - <launching> /Users/dahuang/Library/Caches/ms-playwright/webkit-2191/pw_run.sh --inspector-pipe --headless --no-startup-window
      - <launched> pid=50591
      - [pid=50591][err] /Users/dahuang/Library/Caches/ms-playwright/webkit-2191/pw_run.sh: line 7: 50597 Bus error: 10           DYLD_FRAMEWORK_PATH="$DYLIB_PATH" DYLD_LIBRARY_PATH="$DYLIB_PATH" "$PLAYWRIGHT" "$@"

]]>
</failure>
</testcase>
<testcase name="视觉回归测试 › 交互状态截图 › 链接悬停状态截图" classname="visual/visual-regression.spec.ts" time="0.002">
<failure message="visual-regression.spec.ts:198:9 链接悬停状态截图" type="FAILURE">
<![CDATA[  [webkit] › visual/visual-regression.spec.ts:198:9 › 视觉回归测试 › 交互状态截图 › 链接悬停状态截图 ───────────────────

    Error: browserType.launch: Target page, context or browser has been closed
    Browser logs:

    <launching> /Users/dahuang/Library/Caches/ms-playwright/webkit-2191/pw_run.sh --inspector-pipe --headless --no-startup-window
    <launched> pid=50599
    [pid=50599][err] /Users/dahuang/Library/Caches/ms-playwright/webkit-2191/pw_run.sh: line 7: 50605 Bus error: 10           DYLD_FRAMEWORK_PATH="$DYLIB_PATH" DYLD_LIBRARY_PATH="$DYLIB_PATH" "$PLAYWRIGHT" "$@"
    Call log:
      - <launching> /Users/dahuang/Library/Caches/ms-playwright/webkit-2191/pw_run.sh --inspector-pipe --headless --no-startup-window
      - <launched> pid=50599
      - [pid=50599][err] /Users/dahuang/Library/Caches/ms-playwright/webkit-2191/pw_run.sh: line 7: 50605 Bus error: 10           DYLD_FRAMEWORK_PATH="$DYLIB_PATH" DYLD_LIBRARY_PATH="$DYLIB_PATH" "$PLAYWRIGHT" "$@"

]]>
</failure>
</testcase>
<testcase name="视觉回归测试 › 交互状态截图 › 表单焦点状态截图" classname="visual/visual-regression.spec.ts" time="0.003">
<failure message="visual-regression.spec.ts:217:9 表单焦点状态截图" type="FAILURE">
<![CDATA[  [webkit] › visual/visual-regression.spec.ts:217:9 › 视觉回归测试 › 交互状态截图 › 表单焦点状态截图 ───────────────────

    Error: browserType.launch: Target page, context or browser has been closed
    Browser logs:

    <launching> /Users/dahuang/Library/Caches/ms-playwright/webkit-2191/pw_run.sh --inspector-pipe --headless --no-startup-window
    <launched> pid=50608
    [pid=50608][err] /Users/dahuang/Library/Caches/ms-playwright/webkit-2191/pw_run.sh: line 7: 50614 Bus error: 10           DYLD_FRAMEWORK_PATH="$DYLIB_PATH" DYLD_LIBRARY_PATH="$DYLIB_PATH" "$PLAYWRIGHT" "$@"
    Call log:
      - <launching> /Users/dahuang/Library/Caches/ms-playwright/webkit-2191/pw_run.sh --inspector-pipe --headless --no-startup-window
      - <launched> pid=50608
      - [pid=50608][err] /Users/dahuang/Library/Caches/ms-playwright/webkit-2191/pw_run.sh: line 7: 50614 Bus error: 10           DYLD_FRAMEWORK_PATH="$DYLIB_PATH" DYLD_LIBRARY_PATH="$DYLIB_PATH" "$PLAYWRIGHT" "$@"

]]>
</failure>
</testcase>
<testcase name="视觉回归测试 › 交互状态截图 › FAQ展开状态截图" classname="visual/visual-regression.spec.ts" time="0.008">
<failure message="visual-regression.spec.ts:238:9 FAQ展开状态截图" type="FAILURE">
<![CDATA[  [webkit] › visual/visual-regression.spec.ts:238:9 › 视觉回归测试 › 交互状态截图 › FAQ展开状态截图 ──────────────────

    Error: browserType.launch: Target page, context or browser has been closed
    Browser logs:

    <launching> /Users/dahuang/Library/Caches/ms-playwright/webkit-2191/pw_run.sh --inspector-pipe --headless --no-startup-window
    <launched> pid=50617
    [pid=50617][err] /Users/dahuang/Library/Caches/ms-playwright/webkit-2191/pw_run.sh: line 7: 50623 Bus error: 10           DYLD_FRAMEWORK_PATH="$DYLIB_PATH" DYLD_LIBRARY_PATH="$DYLIB_PATH" "$PLAYWRIGHT" "$@"
    Call log:
      - <launching> /Users/dahuang/Library/Caches/ms-playwright/webkit-2191/pw_run.sh --inspector-pipe --headless --no-startup-window
      - <launched> pid=50617
      - [pid=50617][err] /Users/dahuang/Library/Caches/ms-playwright/webkit-2191/pw_run.sh: line 7: 50623 Bus error: 10           DYLD_FRAMEWORK_PATH="$DYLIB_PATH" DYLD_LIBRARY_PATH="$DYLIB_PATH" "$PLAYWRIGHT" "$@"

]]>
</failure>
</testcase>
<testcase name="视觉回归测试 › 主题和样式变化 › 深色主题截图" classname="visual/visual-regression.spec.ts" time="0.003">
<failure message="visual-regression.spec.ts:265:9 深色主题截图" type="FAILURE">
<![CDATA[  [webkit] › visual/visual-regression.spec.ts:265:9 › 视觉回归测试 › 主题和样式变化 › 深色主题截图 ────────────────────

    Error: browserType.launch: Target page, context or browser has been closed
    Browser logs:

    <launching> /Users/dahuang/Library/Caches/ms-playwright/webkit-2191/pw_run.sh --inspector-pipe --headless --no-startup-window
    <launched> pid=50628
    [pid=50628][err] /Users/dahuang/Library/Caches/ms-playwright/webkit-2191/pw_run.sh: line 7: 50634 Bus error: 10           DYLD_FRAMEWORK_PATH="$DYLIB_PATH" DYLD_LIBRARY_PATH="$DYLIB_PATH" "$PLAYWRIGHT" "$@"
    Call log:
      - <launching> /Users/dahuang/Library/Caches/ms-playwright/webkit-2191/pw_run.sh --inspector-pipe --headless --no-startup-window
      - <launched> pid=50628
      - [pid=50628][err] /Users/dahuang/Library/Caches/ms-playwright/webkit-2191/pw_run.sh: line 7: 50634 Bus error: 10           DYLD_FRAMEWORK_PATH="$DYLIB_PATH" DYLD_LIBRARY_PATH="$DYLIB_PATH" "$PLAYWRIGHT" "$@"

]]>
</failure>
</testcase>
<testcase name="视觉回归测试 › 主题和样式变化 › 浅色主题截图" classname="visual/visual-regression.spec.ts" time="0.005">
<failure message="visual-regression.spec.ts:282:9 浅色主题截图" type="FAILURE">
<![CDATA[  [webkit] › visual/visual-regression.spec.ts:282:9 › 视觉回归测试 › 主题和样式变化 › 浅色主题截图 ────────────────────

    Error: browserType.launch: Target page, context or browser has been closed
    Browser logs:

    <launching> /Users/dahuang/Library/Caches/ms-playwright/webkit-2191/pw_run.sh --inspector-pipe --headless --no-startup-window
    <launched> pid=50636
    [pid=50636][err] /Users/dahuang/Library/Caches/ms-playwright/webkit-2191/pw_run.sh: line 7: 50642 Bus error: 10           DYLD_FRAMEWORK_PATH="$DYLIB_PATH" DYLD_LIBRARY_PATH="$DYLIB_PATH" "$PLAYWRIGHT" "$@"
    Call log:
      - <launching> /Users/dahuang/Library/Caches/ms-playwright/webkit-2191/pw_run.sh --inspector-pipe --headless --no-startup-window
      - <launched> pid=50636
      - [pid=50636][err] /Users/dahuang/Library/Caches/ms-playwright/webkit-2191/pw_run.sh: line 7: 50642 Bus error: 10           DYLD_FRAMEWORK_PATH="$DYLIB_PATH" DYLD_LIBRARY_PATH="$DYLIB_PATH" "$PLAYWRIGHT" "$@"

]]>
</failure>
</testcase>
<testcase name="视觉回归测试 › 主题和样式变化 › 高对比度模式截图" classname="visual/visual-regression.spec.ts" time="0.002">
<failure message="visual-regression.spec.ts:299:9 高对比度模式截图" type="FAILURE">
<![CDATA[  [webkit] › visual/visual-regression.spec.ts:299:9 › 视觉回归测试 › 主题和样式变化 › 高对比度模式截图 ──────────────────

    Error: browserType.launch: Target page, context or browser has been closed
    Browser logs:

    <launching> /Users/dahuang/Library/Caches/ms-playwright/webkit-2191/pw_run.sh --inspector-pipe --headless --no-startup-window
    <launched> pid=50645
    [pid=50645][err] /Users/dahuang/Library/Caches/ms-playwright/webkit-2191/pw_run.sh: line 7: 50651 Bus error: 10           DYLD_FRAMEWORK_PATH="$DYLIB_PATH" DYLD_LIBRARY_PATH="$DYLIB_PATH" "$PLAYWRIGHT" "$@"
    Call log:
      - <launching> /Users/dahuang/Library/Caches/ms-playwright/webkit-2191/pw_run.sh --inspector-pipe --headless --no-startup-window
      - <launched> pid=50645
      - [pid=50645][err] /Users/dahuang/Library/Caches/ms-playwright/webkit-2191/pw_run.sh: line 7: 50651 Bus error: 10           DYLD_FRAMEWORK_PATH="$DYLIB_PATH" DYLD_LIBRARY_PATH="$DYLIB_PATH" "$PLAYWRIGHT" "$@"

]]>
</failure>
</testcase>
<testcase name="视觉回归测试 › 元素级别截图 › Logo截图" classname="visual/visual-regression.spec.ts" time="0.002">
<failure message="visual-regression.spec.ts:318:9 Logo截图" type="FAILURE">
<![CDATA[  [webkit] › visual/visual-regression.spec.ts:318:9 › 视觉回归测试 › 元素级别截图 › Logo截图 ─────────────────────

    Error: browserType.launch: Target page, context or browser has been closed
    Browser logs:

    <launching> /Users/dahuang/Library/Caches/ms-playwright/webkit-2191/pw_run.sh --inspector-pipe --headless --no-startup-window
    <launched> pid=50652
    [pid=50652][err] /Users/dahuang/Library/Caches/ms-playwright/webkit-2191/pw_run.sh: line 7: 50658 Bus error: 10           DYLD_FRAMEWORK_PATH="$DYLIB_PATH" DYLD_LIBRARY_PATH="$DYLIB_PATH" "$PLAYWRIGHT" "$@"
    Call log:
      - <launching> /Users/dahuang/Library/Caches/ms-playwright/webkit-2191/pw_run.sh --inspector-pipe --headless --no-startup-window
      - <launched> pid=50652
      - [pid=50652][err] /Users/dahuang/Library/Caches/ms-playwright/webkit-2191/pw_run.sh: line 7: 50658 Bus error: 10           DYLD_FRAMEWORK_PATH="$DYLIB_PATH" DYLD_LIBRARY_PATH="$DYLIB_PATH" "$PLAYWRIGHT" "$@"

]]>
</failure>
</testcase>
<testcase name="视觉回归测试 › 元素级别截图 › 特色标签截图" classname="visual/visual-regression.spec.ts" time="0.002">
<failure message="visual-regression.spec.ts:334:9 特色标签截图" type="FAILURE">
<![CDATA[  [webkit] › visual/visual-regression.spec.ts:334:9 › 视觉回归测试 › 元素级别截图 › 特色标签截图 ─────────────────────

    Error: browserType.launch: Target page, context or browser has been closed
    Browser logs:

    <launching> /Users/dahuang/Library/Caches/ms-playwright/webkit-2191/pw_run.sh --inspector-pipe --headless --no-startup-window
    <launched> pid=50660
    [pid=50660][err] /Users/dahuang/Library/Caches/ms-playwright/webkit-2191/pw_run.sh: line 7: 50666 Bus error: 10           DYLD_FRAMEWORK_PATH="$DYLIB_PATH" DYLD_LIBRARY_PATH="$DYLIB_PATH" "$PLAYWRIGHT" "$@"
    Call log:
      - <launching> /Users/dahuang/Library/Caches/ms-playwright/webkit-2191/pw_run.sh --inspector-pipe --headless --no-startup-window
      - <launched> pid=50660
      - [pid=50660][err] /Users/dahuang/Library/Caches/ms-playwright/webkit-2191/pw_run.sh: line 7: 50666 Bus error: 10           DYLD_FRAMEWORK_PATH="$DYLIB_PATH" DYLD_LIBRARY_PATH="$DYLIB_PATH" "$PLAYWRIGHT" "$@"

]]>
</failure>
</testcase>
<testcase name="视觉回归测试 › 元素级别截图 › 用户评价卡片截图" classname="visual/visual-regression.spec.ts" time="0.004">
<failure message="visual-regression.spec.ts:348:9 用户评价卡片截图" type="FAILURE">
<![CDATA[  [webkit] › visual/visual-regression.spec.ts:348:9 › 视觉回归测试 › 元素级别截图 › 用户评价卡片截图 ───────────────────

    Error: browserType.launch: Target page, context or browser has been closed
    Browser logs:

    <launching> /Users/dahuang/Library/Caches/ms-playwright/webkit-2191/pw_run.sh --inspector-pipe --headless --no-startup-window
    <launched> pid=50675
    [pid=50675][err] /Users/dahuang/Library/Caches/ms-playwright/webkit-2191/pw_run.sh: line 7: 50682 Bus error: 10           DYLD_FRAMEWORK_PATH="$DYLIB_PATH" DYLD_LIBRARY_PATH="$DYLIB_PATH" "$PLAYWRIGHT" "$@"
    Call log:
      - <launching> /Users/dahuang/Library/Caches/ms-playwright/webkit-2191/pw_run.sh --inspector-pipe --headless --no-startup-window
      - <launched> pid=50675
      - [pid=50675][err] /Users/dahuang/Library/Caches/ms-playwright/webkit-2191/pw_run.sh: line 7: 50682 Bus error: 10           DYLD_FRAMEWORK_PATH="$DYLIB_PATH" DYLD_LIBRARY_PATH="$DYLIB_PATH" "$PLAYWRIGHT" "$@"

]]>
</failure>
</testcase>
<testcase name="视觉回归测试 › 元素级别截图 › Newsletter订阅框截图" classname="visual/visual-regression.spec.ts" time="0.001">
<failure message="visual-regression.spec.ts:369:9 Newsletter订阅框截图" type="FAILURE">
<![CDATA[  [webkit] › visual/visual-regression.spec.ts:369:9 › 视觉回归测试 › 元素级别截图 › Newsletter订阅框截图 ────────────

    Error: browserType.launch: Target page, context or browser has been closed
    Browser logs:

    <launching> /Users/dahuang/Library/Caches/ms-playwright/webkit-2191/pw_run.sh --inspector-pipe --headless --no-startup-window
    <launched> pid=50684
    [pid=50684][err] /Users/dahuang/Library/Caches/ms-playwright/webkit-2191/pw_run.sh: line 7: 50690 Bus error: 10           DYLD_FRAMEWORK_PATH="$DYLIB_PATH" DYLD_LIBRARY_PATH="$DYLIB_PATH" "$PLAYWRIGHT" "$@"
    Call log:
      - <launching> /Users/dahuang/Library/Caches/ms-playwright/webkit-2191/pw_run.sh --inspector-pipe --headless --no-startup-window
      - <launched> pid=50684
      - [pid=50684][err] /Users/dahuang/Library/Caches/ms-playwright/webkit-2191/pw_run.sh: line 7: 50690 Bus error: 10           DYLD_FRAMEWORK_PATH="$DYLIB_PATH" DYLD_LIBRARY_PATH="$DYLIB_PATH" "$PLAYWRIGHT" "$@"

]]>
</failure>
</testcase>
<testcase name="视觉回归测试 › 错误状态截图 › 表单验证错误截图" classname="visual/visual-regression.spec.ts" time="0.001">
<failure message="visual-regression.spec.ts:388:9 表单验证错误截图" type="FAILURE">
<![CDATA[  [webkit] › visual/visual-regression.spec.ts:388:9 › 视觉回归测试 › 错误状态截图 › 表单验证错误截图 ───────────────────

    Error: browserType.launch: Target page, context or browser has been closed
    Browser logs:

    <launching> /Users/dahuang/Library/Caches/ms-playwright/webkit-2191/pw_run.sh --inspector-pipe --headless --no-startup-window
    <launched> pid=50691
    [pid=50691][err] /Users/dahuang/Library/Caches/ms-playwright/webkit-2191/pw_run.sh: line 7: 50697 Bus error: 10           DYLD_FRAMEWORK_PATH="$DYLIB_PATH" DYLD_LIBRARY_PATH="$DYLIB_PATH" "$PLAYWRIGHT" "$@"
    Call log:
      - <launching> /Users/dahuang/Library/Caches/ms-playwright/webkit-2191/pw_run.sh --inspector-pipe --headless --no-startup-window
      - <launched> pid=50691
      - [pid=50691][err] /Users/dahuang/Library/Caches/ms-playwright/webkit-2191/pw_run.sh: line 7: 50697 Bus error: 10           DYLD_FRAMEWORK_PATH="$DYLIB_PATH" DYLD_LIBRARY_PATH="$DYLIB_PATH" "$PLAYWRIGHT" "$@"

]]>
</failure>
</testcase>
<testcase name="视觉回归测试 › 错误状态截图 › 网络错误状态截图" classname="visual/visual-regression.spec.ts" time="0.001">
<failure message="visual-regression.spec.ts:416:9 网络错误状态截图" type="FAILURE">
<![CDATA[  [webkit] › visual/visual-regression.spec.ts:416:9 › 视觉回归测试 › 错误状态截图 › 网络错误状态截图 ───────────────────

    Error: browserType.launch: Target page, context or browser has been closed
    Browser logs:

    <launching> /Users/dahuang/Library/Caches/ms-playwright/webkit-2191/pw_run.sh --inspector-pipe --headless --no-startup-window
    <launched> pid=50699
    [pid=50699][err] /Users/dahuang/Library/Caches/ms-playwright/webkit-2191/pw_run.sh: line 7: 50705 Bus error: 10           DYLD_FRAMEWORK_PATH="$DYLIB_PATH" DYLD_LIBRARY_PATH="$DYLIB_PATH" "$PLAYWRIGHT" "$@"
    Call log:
      - <launching> /Users/dahuang/Library/Caches/ms-playwright/webkit-2191/pw_run.sh --inspector-pipe --headless --no-startup-window
      - <launched> pid=50699
      - [pid=50699][err] /Users/dahuang/Library/Caches/ms-playwright/webkit-2191/pw_run.sh: line 7: 50705 Bus error: 10           DYLD_FRAMEWORK_PATH="$DYLIB_PATH" DYLD_LIBRARY_PATH="$DYLIB_PATH" "$PLAYWRIGHT" "$@"

]]>
</failure>
</testcase>
<testcase name="视觉回归测试 › 动画和过渡效果 › 页面加载动画截图" classname="visual/visual-regression.spec.ts" time="0.002">
<failure message="visual-regression.spec.ts:441:9 页面加载动画截图" type="FAILURE">
<![CDATA[  [webkit] › visual/visual-regression.spec.ts:441:9 › 视觉回归测试 › 动画和过渡效果 › 页面加载动画截图 ──────────────────

    Error: browserType.launch: Target page, context or browser has been closed
    Browser logs:

    <launching> /Users/dahuang/Library/Caches/ms-playwright/webkit-2191/pw_run.sh --inspector-pipe --headless --no-startup-window
    <launched> pid=50707
    [pid=50707][err] /Users/dahuang/Library/Caches/ms-playwright/webkit-2191/pw_run.sh: line 7: 50713 Bus error: 10           DYLD_FRAMEWORK_PATH="$DYLIB_PATH" DYLD_LIBRARY_PATH="$DYLIB_PATH" "$PLAYWRIGHT" "$@"
    Call log:
      - <launching> /Users/dahuang/Library/Caches/ms-playwright/webkit-2191/pw_run.sh --inspector-pipe --headless --no-startup-window
      - <launched> pid=50707
      - [pid=50707][err] /Users/dahuang/Library/Caches/ms-playwright/webkit-2191/pw_run.sh: line 7: 50713 Bus error: 10           DYLD_FRAMEWORK_PATH="$DYLIB_PATH" DYLD_LIBRARY_PATH="$DYLIB_PATH" "$PLAYWRIGHT" "$@"

]]>
</failure>
</testcase>
<testcase name="视觉回归测试 › 动画和过渡效果 › 滚动动画截图" classname="visual/visual-regression.spec.ts" time="0.002">
<failure message="visual-regression.spec.ts:459:9 滚动动画截图" type="FAILURE">
<![CDATA[  [webkit] › visual/visual-regression.spec.ts:459:9 › 视觉回归测试 › 动画和过渡效果 › 滚动动画截图 ────────────────────

    Error: browserType.launch: Target page, context or browser has been closed
    Browser logs:

    <launching> /Users/dahuang/Library/Caches/ms-playwright/webkit-2191/pw_run.sh --inspector-pipe --headless --no-startup-window
    <launched> pid=50716
    [pid=50716][err] /Users/dahuang/Library/Caches/ms-playwright/webkit-2191/pw_run.sh: line 7: 50722 Bus error: 10           DYLD_FRAMEWORK_PATH="$DYLIB_PATH" DYLD_LIBRARY_PATH="$DYLIB_PATH" "$PLAYWRIGHT" "$@"
    Call log:
      - <launching> /Users/dahuang/Library/Caches/ms-playwright/webkit-2191/pw_run.sh --inspector-pipe --headless --no-startup-window
      - <launched> pid=50716
      - [pid=50716][err] /Users/dahuang/Library/Caches/ms-playwright/webkit-2191/pw_run.sh: line 7: 50722 Bus error: 10           DYLD_FRAMEWORK_PATH="$DYLIB_PATH" DYLD_LIBRARY_PATH="$DYLIB_PATH" "$PLAYWRIGHT" "$@"

]]>
</failure>
</testcase>
<testcase name="视觉回归测试 › 跨浏览器视觉对比 › Chromium渲染截图" classname="visual/visual-regression.spec.ts" time="0.001">
<failure message="visual-regression.spec.ts:480:9 Chromium渲染截图" type="FAILURE">
<![CDATA[  [webkit] › visual/visual-regression.spec.ts:480:9 › 视觉回归测试 › 跨浏览器视觉对比 › Chromium渲染截图 ─────────────

    Error: browserType.launch: Target page, context or browser has been closed
    Browser logs:

    <launching> /Users/dahuang/Library/Caches/ms-playwright/webkit-2191/pw_run.sh --inspector-pipe --headless --no-startup-window
    <launched> pid=50723
    [pid=50723][err] /Users/dahuang/Library/Caches/ms-playwright/webkit-2191/pw_run.sh: line 7: 50729 Bus error: 10           DYLD_FRAMEWORK_PATH="$DYLIB_PATH" DYLD_LIBRARY_PATH="$DYLIB_PATH" "$PLAYWRIGHT" "$@"
    Call log:
      - <launching> /Users/dahuang/Library/Caches/ms-playwright/webkit-2191/pw_run.sh --inspector-pipe --headless --no-startup-window
      - <launched> pid=50723
      - [pid=50723][err] /Users/dahuang/Library/Caches/ms-playwright/webkit-2191/pw_run.sh: line 7: 50729 Bus error: 10           DYLD_FRAMEWORK_PATH="$DYLIB_PATH" DYLD_LIBRARY_PATH="$DYLIB_PATH" "$PLAYWRIGHT" "$@"

]]>
</failure>
</testcase>
<testcase name="视觉回归测试 › 跨浏览器视觉对比 › Firefox渲染截图" classname="visual/visual-regression.spec.ts" time="0.001">
<failure message="visual-regression.spec.ts:496:9 Firefox渲染截图" type="FAILURE">
<![CDATA[  [webkit] › visual/visual-regression.spec.ts:496:9 › 视觉回归测试 › 跨浏览器视觉对比 › Firefox渲染截图 ──────────────

    Error: browserType.launch: Target page, context or browser has been closed
    Browser logs:

    <launching> /Users/dahuang/Library/Caches/ms-playwright/webkit-2191/pw_run.sh --inspector-pipe --headless --no-startup-window
    <launched> pid=50733
    [pid=50733][err] /Users/dahuang/Library/Caches/ms-playwright/webkit-2191/pw_run.sh: line 7: 50739 Bus error: 10           DYLD_FRAMEWORK_PATH="$DYLIB_PATH" DYLD_LIBRARY_PATH="$DYLIB_PATH" "$PLAYWRIGHT" "$@"
    Call log:
      - <launching> /Users/dahuang/Library/Caches/ms-playwright/webkit-2191/pw_run.sh --inspector-pipe --headless --no-startup-window
      - <launched> pid=50733
      - [pid=50733][err] /Users/dahuang/Library/Caches/ms-playwright/webkit-2191/pw_run.sh: line 7: 50739 Bus error: 10           DYLD_FRAMEWORK_PATH="$DYLIB_PATH" DYLD_LIBRARY_PATH="$DYLIB_PATH" "$PLAYWRIGHT" "$@"

]]>
</failure>
</testcase>
<testcase name="视觉回归测试 › 跨浏览器视觉对比 › WebKit渲染截图" classname="visual/visual-regression.spec.ts" time="0.001">
<failure message="visual-regression.spec.ts:512:9 WebKit渲染截图" type="FAILURE">
<![CDATA[  [webkit] › visual/visual-regression.spec.ts:512:9 › 视觉回归测试 › 跨浏览器视觉对比 › WebKit渲染截图 ───────────────

    Error: browserType.launch: Target page, context or browser has been closed
    Browser logs:

    <launching> /Users/dahuang/Library/Caches/ms-playwright/webkit-2191/pw_run.sh --inspector-pipe --headless --no-startup-window
    <launched> pid=50744
    [pid=50744][err] /Users/dahuang/Library/Caches/ms-playwright/webkit-2191/pw_run.sh: line 7: 50750 Bus error: 10           DYLD_FRAMEWORK_PATH="$DYLIB_PATH" DYLD_LIBRARY_PATH="$DYLIB_PATH" "$PLAYWRIGHT" "$@"
    Call log:
      - <launching> /Users/dahuang/Library/Caches/ms-playwright/webkit-2191/pw_run.sh --inspector-pipe --headless --no-startup-window
      - <launched> pid=50744
      - [pid=50744][err] /Users/dahuang/Library/Caches/ms-playwright/webkit-2191/pw_run.sh: line 7: 50750 Bus error: 10           DYLD_FRAMEWORK_PATH="$DYLIB_PATH" DYLD_LIBRARY_PATH="$DYLIB_PATH" "$PLAYWRIGHT" "$@"

]]>
</failure>
</testcase>
</testsuite>
<testsuite name="e2e/accessibility.spec.ts" timestamp="2025-07-24T07:09:26.317Z" hostname="Mobile Chrome" tests="20" failures="2" skipped="0" time="113.81" errors="0">
<testcase name="可访问性测试 › 键盘导航 › Tab键导航测试" classname="e2e/accessibility.spec.ts" time="6.479">
<system-out>
<![CDATA[Tab导航测试完成，测试了 10 个元素
]]>
</system-out>
</testcase>
<testcase name="可访问性测试 › 键盘导航 › Shift+Tab反向导航测试" classname="e2e/accessibility.spec.ts" time="6.429">
<system-out>
<![CDATA[Shift+Tab反向导航测试通过
]]>
</system-out>
</testcase>
<testcase name="可访问性测试 › 键盘导航 › Enter键激活测试" classname="e2e/accessibility.spec.ts" time="5.662">
<system-out>
<![CDATA[Enter键激活测试完成
]]>
</system-out>
</testcase>
<testcase name="可访问性测试 › 键盘导航 › 空格键激活测试" classname="e2e/accessibility.spec.ts" time="5.764">
<system-out>
<![CDATA[空格键激活测试完成
]]>
</system-out>
</testcase>
<testcase name="可访问性测试 › ARIA属性 › ARIA标签测试" classname="e2e/accessibility.spec.ts" time="4.795">
<system-out>
<![CDATA[检查了 5 个按钮的ARIA属性
]]>
</system-out>
</testcase>
<testcase name="可访问性测试 › ARIA属性 › ARIA展开状态测试" classname="e2e/accessibility.spec.ts" time="5.313">
</testcase>
<testcase name="可访问性测试 › ARIA属性 › ARIA隐藏元素测试" classname="e2e/accessibility.spec.ts" time="4.791">
</testcase>
<testcase name="可访问性测试 › 颜色对比度 › 文本颜色对比度测试" classname="e2e/accessibility.spec.ts" time="4.937">
<system-out>
<![CDATA[检查了 10 个元素的颜色对比度
]]>
</system-out>
</testcase>
<testcase name="可访问性测试 › 颜色对比度 › 链接颜色区分测试" classname="e2e/accessibility.spec.ts" time="5.056">
<system-out>
<![CDATA[链接颜色: 正常=rgb(147, 51, 234), 悬停=rgb(147, 51, 234)
]]>
</system-out>
</testcase>
<testcase name="可访问性测试 › 表单可访问性 › 表单标签关联测试" classname="e2e/accessibility.spec.ts" time="9.463">
<system-out>
<![CDATA[检查了 1 个表单元素的标签关联
]]>
</system-out>
</testcase>
<testcase name="可访问性测试 › 表单可访问性 › 表单错误提示测试" classname="e2e/accessibility.spec.ts" time="6.9">
</testcase>
<testcase name="可访问性测试 › 焦点管理 › 焦点可见性测试" classname="e2e/accessibility.spec.ts" time="4.996">
<system-out>
<![CDATA[焦点可见性测试通过
]]>
</system-out>
</testcase>
<testcase name="可访问性测试 › 焦点管理 › 焦点陷阱测试" classname="e2e/accessibility.spec.ts" time="4.743">
</testcase>
<testcase name="可访问性测试 › 屏幕阅读器支持 › 标题结构测试" classname="e2e/accessibility.spec.ts" time="5.01">
<system-out>
<![CDATA[标题结构: 1, 2, 3, 3, 3, 2, 3, 3, 3, 3, 3, 3, 2, 3, 3, 3, 3, 3, 3, 2, 3, 3, 3, 3, 3, 3, 2, 3, 3, 3, 3
]]>
</system-out>
</testcase>
<testcase name="可访问性测试 › 屏幕阅读器支持 › 地标元素测试" classname="e2e/accessibility.spec.ts" time="4.748">
<system-out>
<![CDATA[地标元素验证通过: 1个导航区域
]]>
</system-out>
</testcase>
<testcase name="可访问性测试 › 屏幕阅读器支持 › 列表结构测试" classname="e2e/accessibility.spec.ts" time="4.809">
<system-out>
<![CDATA[检查了 2 个列表结构
]]>
</system-out>
</testcase>
<testcase name="可访问性测试 › 动画和运动 › 减少动画偏好测试" classname="e2e/accessibility.spec.ts" time="4.756">
<system-out>
<![CDATA[减少动画偏好测试通过
]]>
</system-out>
</testcase>
<testcase name="可访问性测试 › 动画和运动 › 自动播放内容测试" classname="e2e/accessibility.spec.ts" time="4.834">
<system-out>
<![CDATA[检查了 0 个自动播放媒体元素
]]>
</system-out>
</testcase>
<testcase name="可访问性测试 › 移动端可访问性 › 触摸目标大小测试" classname="e2e/accessibility.spec.ts" time="4.638">
<failure message="accessibility.spec.ts:490:9 触摸目标大小测试" type="FAILURE">
<![CDATA[  [Mobile Chrome] › e2e/accessibility.spec.ts:490:9 › 可访问性测试 › 移动端可访问性 › 触摸目标大小测试 ──────────────────

    Error: expect(received).toBeGreaterThanOrEqual(expected)

    Expected: >= 44
    Received:    32

      505 |           // 触摸目标应该至少44x44px
      506 |           expect(boundingBox.width).toBeGreaterThanOrEqual(44);
    > 507 |           expect(boundingBox.height).toBeGreaterThanOrEqual(44);
          |                                      ^
      508 |         }
      509 |       }
      510 |       
        at /Users/dahuang/CascadeProjects/earthzoomai.org/tests/e2e/accessibility.spec.ts:507:38

    attachment #1: screenshot (image/png) ──────────────────────────────────────────────────────────
    ../test-results/e2e-accessibility-可访问性测试-移动端可访问性-触摸目标大小测试-Mobile-Chrome/test-failed-1.png
    ────────────────────────────────────────────────────────────────────────────────────────────────

    attachment #2: video (video/webm) ──────────────────────────────────────────────────────────────
    ../test-results/e2e-accessibility-可访问性测试-移动端可访问性-触摸目标大小测试-Mobile-Chrome/video.webm
    ────────────────────────────────────────────────────────────────────────────────────────────────

    Error Context: ../test-results/e2e-accessibility-可访问性测试-移动端可访问性-触摸目标大小测试-Mobile-Chrome/error-context.md
]]>
</failure>
<system-out>
<![CDATA[
[[ATTACHMENT|e2e-accessibility-可访问性测试-移动端可访问性-触摸目标大小测试-Mobile-Chrome/test-failed-1.png]]

[[ATTACHMENT|e2e-accessibility-可访问性测试-移动端可访问性-触摸目标大小测试-Mobile-Chrome/video.webm]]

[[ATTACHMENT|e2e-accessibility-可访问性测试-移动端可访问性-触摸目标大小测试-Mobile-Chrome/error-context.md]]
]]>
</system-out>
</testcase>
<testcase name="可访问性测试 › 移动端可访问性 › 移动端导航可访问性" classname="e2e/accessibility.spec.ts" time="9.687">
<failure message="accessibility.spec.ts:514:9 移动端导航可访问性" type="FAILURE">
<![CDATA[  [Mobile Chrome] › e2e/accessibility.spec.ts:514:9 › 可访问性测试 › 移动端可访问性 › 移动端导航可访问性 ─────────────────

    Error: Timed out 5000ms waiting for expect(locator).toBeVisible()

    Locator: locator('button').filter({ hasText: /M4 6h16/ })
    Expected: visible
    Received: <element(s) not found>
    Call log:
      - Expect "toBeVisible" with timeout 5000ms
      - waiting for locator('button').filter({ hasText: /M4 6h16/ })


      521 |       
      522 |       // 验证移动菜单按钮可访问
    > 523 |       await expect(navigation.mobileMenuButton).toBeVisible();
          |                                                 ^
      524 |       
      525 |       // 验证移动菜单按钮有适当的标签
      526 |       const ariaLabel = await navigation.mobileMenuButton.getAttribute('aria-label');
        at /Users/dahuang/CascadeProjects/earthzoomai.org/tests/e2e/accessibility.spec.ts:523:49

    attachment #1: screenshot (image/png) ──────────────────────────────────────────────────────────
    ../test-results/e2e-accessibility-可访问性测试-移动端可访问性-移动端导航可访问性-Mobile-Chrome/test-failed-1.png
    ────────────────────────────────────────────────────────────────────────────────────────────────

    attachment #2: video (video/webm) ──────────────────────────────────────────────────────────────
    ../test-results/e2e-accessibility-可访问性测试-移动端可访问性-移动端导航可访问性-Mobile-Chrome/video.webm
    ────────────────────────────────────────────────────────────────────────────────────────────────

    Error Context: ../test-results/e2e-accessibility-可访问性测试-移动端可访问性-移动端导航可访问性-Mobile-Chrome/error-context.md
]]>
</failure>
<system-out>
<![CDATA[
[[ATTACHMENT|e2e-accessibility-可访问性测试-移动端可访问性-移动端导航可访问性-Mobile-Chrome/test-failed-1.png]]

[[ATTACHMENT|e2e-accessibility-可访问性测试-移动端可访问性-移动端导航可访问性-Mobile-Chrome/video.webm]]

[[ATTACHMENT|e2e-accessibility-可访问性测试-移动端可访问性-移动端导航可访问性-Mobile-Chrome/error-context.md]]
]]>
</system-out>
</testcase>
</testsuite>
<testsuite name="e2e/e2e.spec.ts" timestamp="2025-07-24T07:09:26.317Z" hostname="Mobile Chrome" tests="9" failures="7" skipped="0" time="129.127" errors="0">
<testcase name="端到端测试 › 完整用户流程 › 新用户首次访问完整流程" classname="e2e/e2e.spec.ts" time="10">
<failure message="e2e.spec.ts:7:9 新用户首次访问完整流程" type="FAILURE">
<![CDATA[  [Mobile Chrome] › e2e/e2e.spec.ts:7:9 › 端到端测试 › 完整用户流程 › 新用户首次访问完整流程 ─────────────────────────────

    Error: Timed out 5000ms waiting for expect(locator).toBeInViewport()

    Locator: locator('#showcase')
    Expected: in viewport
    Received: viewport ratio 0
    Call log:
      - Expect "toBeInViewport" with timeout 5000ms
      - waiting for locator('#showcase')
        9 × locator resolved to <section id="showcase" class="relative py-24">…</section>
          - unexpected value "viewport ratio 0"


      27 |       const showcaseSection = page.locator('#showcase');
      28 |       if (await showcaseSection.count() > 0) {
    > 29 |         await expect(showcaseSection).toBeInViewport();
         |                                       ^
      30 |       }
      31 |       
      32 |       // 4. 用户浏览Features区域
        at /Users/dahuang/CascadeProjects/earthzoomai.org/tests/e2e/e2e.spec.ts:29:39

    attachment #1: screenshot (image/png) ──────────────────────────────────────────────────────────
    ../test-results/e2e-e2e-端到端测试-完整用户流程-新用户首次访问完整流程-Mobile-Chrome/test-failed-1.png
    ────────────────────────────────────────────────────────────────────────────────────────────────

    attachment #2: screenshot (image/png) ──────────────────────────────────────────────────────────
    ../test-results/e2e-e2e-端到端测试-完整用户流程-新用户首次访问完整流程-Mobile-Chrome/test-failed-2.png
    ────────────────────────────────────────────────────────────────────────────────────────────────

    attachment #3: video (video/webm) ──────────────────────────────────────────────────────────────
    ../test-results/e2e-e2e-端到端测试-完整用户流程-新用户首次访问完整流程-Mobile-Chrome/video-1.webm
    ────────────────────────────────────────────────────────────────────────────────────────────────

    attachment #4: video (video/webm) ──────────────────────────────────────────────────────────────
    ../test-results/e2e-e2e-端到端测试-完整用户流程-新用户首次访问完整流程-Mobile-Chrome/video.webm
    ────────────────────────────────────────────────────────────────────────────────────────────────

    Error Context: ../test-results/e2e-e2e-端到端测试-完整用户流程-新用户首次访问完整流程-Mobile-Chrome/error-context.md
]]>
</failure>
<system-out>
<![CDATA[
[[ATTACHMENT|e2e-e2e-端到端测试-完整用户流程-新用户首次访问完整流程-Mobile-Chrome/test-failed-1.png]]

[[ATTACHMENT|e2e-e2e-端到端测试-完整用户流程-新用户首次访问完整流程-Mobile-Chrome/test-failed-2.png]]

[[ATTACHMENT|e2e-e2e-端到端测试-完整用户流程-新用户首次访问完整流程-Mobile-Chrome/video-1.webm]]

[[ATTACHMENT|e2e-e2e-端到端测试-完整用户流程-新用户首次访问完整流程-Mobile-Chrome/video.webm]]

[[ATTACHMENT|e2e-e2e-端到端测试-完整用户流程-新用户首次访问完整流程-Mobile-Chrome/error-context.md]]
]]>
</system-out>
</testcase>
<testcase name="端到端测试 › 完整用户流程 › 移动端用户完整流程" classname="e2e/e2e.spec.ts" time="9.703">
<failure message="e2e.spec.ts:106:9 移动端用户完整流程" type="FAILURE">
<![CDATA[  [Mobile Chrome] › e2e/e2e.spec.ts:106:9 › 端到端测试 › 完整用户流程 › 移动端用户完整流程 ─────────────────────────────

    Error: Timed out 5000ms waiting for expect(locator).toBeVisible()

    Locator: locator('button').filter({ hasText: /M4 6h16/ })
    Expected: visible
    Received: <element(s) not found>
    Call log:
      - Expect "toBeVisible" with timeout 5000ms
      - waiting for locator('button').filter({ hasText: /M4 6h16/ })


      116 |       // 验证移动端布局
      117 |       await expect(homePage.heroTitle).toBeVisible();
    > 118 |       await expect(navigation.mobileMenuButton).toBeVisible();
          |                                                 ^
      119 |       
      120 |       // 2. 用户打开移动菜单
      121 |       await navigation.toggleMobileMenu();
        at /Users/dahuang/CascadeProjects/earthzoomai.org/tests/e2e/e2e.spec.ts:118:49

    attachment #1: screenshot (image/png) ──────────────────────────────────────────────────────────
    ../test-results/e2e-e2e-端到端测试-完整用户流程-移动端用户完整流程-Mobile-Chrome/test-failed-1.png
    ────────────────────────────────────────────────────────────────────────────────────────────────

    attachment #2: video (video/webm) ──────────────────────────────────────────────────────────────
    ../test-results/e2e-e2e-端到端测试-完整用户流程-移动端用户完整流程-Mobile-Chrome/video.webm
    ────────────────────────────────────────────────────────────────────────────────────────────────

    Error Context: ../test-results/e2e-e2e-端到端测试-完整用户流程-移动端用户完整流程-Mobile-Chrome/error-context.md
]]>
</failure>
<system-out>
<![CDATA[
[[ATTACHMENT|e2e-e2e-端到端测试-完整用户流程-移动端用户完整流程-Mobile-Chrome/test-failed-1.png]]

[[ATTACHMENT|e2e-e2e-端到端测试-完整用户流程-移动端用户完整流程-Mobile-Chrome/video.webm]]

[[ATTACHMENT|e2e-e2e-端到端测试-完整用户流程-移动端用户完整流程-Mobile-Chrome/error-context.md]]
]]>
</system-out>
</testcase>
<testcase name="端到端测试 › 真实场景模拟 › 用户快速浏览场景" classname="e2e/e2e.spec.ts" time="15.34">
<failure message="e2e.spec.ts:166:9 用户快速浏览场景" type="FAILURE">
<![CDATA[  [Mobile Chrome] › e2e/e2e.spec.ts:166:9 › 端到端测试 › 真实场景模拟 › 用户快速浏览场景 ──────────────────────────────

    TimeoutError: locator.click: Timeout 10000ms exceeded.
    Call log:
      - waiting for locator('button:has-text("Features")')
        - locator resolved to <button class="font-medium transition-colors duration-200 text-gray-300 hover:text-blue-400">Features</button>
      - attempting click action
        2 × waiting for element to be visible, enabled and stable
          - element is not visible
        - retrying click action
        - waiting 20ms
        2 × waiting for element to be visible, enabled and stable
          - element is not visible
        - retrying click action
          - waiting 100ms
        19 × waiting for element to be visible, enabled and stable
           - element is not visible
         - retrying click action
           - waiting 500ms


       at fixtures/page-objects.ts:106

      104 |
      105 |   async clickNavLink(linkText: string) {
    > 106 |     await this.page.locator(`button:has-text("${linkText}")`).click();
          |                                                               ^
      107 |     await this.page.waitForTimeout(1000); // 等待滚动动画
      108 |   }
      109 |
        at NavigationComponent.clickNavLink (/Users/dahuang/CascadeProjects/earthzoomai.org/tests/fixtures/page-objects.ts:106:63)
        at action (/Users/dahuang/CascadeProjects/earthzoomai.org/tests/e2e/e2e.spec.ts:181:28)
        at /Users/dahuang/CascadeProjects/earthzoomai.org/tests/e2e/e2e.spec.ts:198:15

    attachment #1: screenshot (image/png) ──────────────────────────────────────────────────────────
    ../test-results/e2e-e2e-端到端测试-真实场景模拟-用户快速浏览场景-Mobile-Chrome/test-failed-1.png
    ────────────────────────────────────────────────────────────────────────────────────────────────

    attachment #2: video (video/webm) ──────────────────────────────────────────────────────────────
    ../test-results/e2e-e2e-端到端测试-真实场景模拟-用户快速浏览场景-Mobile-Chrome/video.webm
    ────────────────────────────────────────────────────────────────────────────────────────────────

    Error Context: ../test-results/e2e-e2e-端到端测试-真实场景模拟-用户快速浏览场景-Mobile-Chrome/error-context.md
]]>
</failure>
<system-out>
<![CDATA[
[[ATTACHMENT|e2e-e2e-端到端测试-真实场景模拟-用户快速浏览场景-Mobile-Chrome/test-failed-1.png]]

[[ATTACHMENT|e2e-e2e-端到端测试-真实场景模拟-用户快速浏览场景-Mobile-Chrome/video.webm]]

[[ATTACHMENT|e2e-e2e-端到端测试-真实场景模拟-用户快速浏览场景-Mobile-Chrome/error-context.md]]
]]>
</system-out>
</testcase>
<testcase name="端到端测试 › 真实场景模拟 › 用户深度探索场景" classname="e2e/e2e.spec.ts" time="16.893">
<failure message="e2e.spec.ts:208:9 用户深度探索场景" type="FAILURE">
<![CDATA[  [Mobile Chrome] › e2e/e2e.spec.ts:208:9 › 端到端测试 › 真实场景模拟 › 用户深度探索场景 ──────────────────────────────

    TimeoutError: locator.click: Timeout 10000ms exceeded.
    Call log:
      - waiting for locator('button:has-text("Features")')
        - locator resolved to <button class="font-medium transition-colors duration-200 text-gray-300 hover:text-blue-400">Features</button>
      - attempting click action
        2 × waiting for element to be visible, enabled and stable
          - element is not visible
        - retrying click action
        - waiting 20ms
        2 × waiting for element to be visible, enabled and stable
          - element is not visible
        - retrying click action
          - waiting 100ms
        18 × waiting for element to be visible, enabled and stable
           - element is not visible
         - retrying click action
           - waiting 500ms


       at fixtures/page-objects.ts:106

      104 |
      105 |   async clickNavLink(linkText: string) {
    > 106 |     await this.page.locator(`button:has-text("${linkText}")`).click();
          |                                                               ^
      107 |     await this.page.waitForTimeout(1000); // 等待滚动动画
      108 |   }
      109 |
        at NavigationComponent.clickNavLink (/Users/dahuang/CascadeProjects/earthzoomai.org/tests/fixtures/page-objects.ts:106:63)
        at /Users/dahuang/CascadeProjects/earthzoomai.org/tests/e2e/e2e.spec.ts:225:24

    attachment #1: screenshot (image/png) ──────────────────────────────────────────────────────────
    ../test-results/e2e-e2e-端到端测试-真实场景模拟-用户深度探索场景-Mobile-Chrome/test-failed-1.png
    ────────────────────────────────────────────────────────────────────────────────────────────────

    attachment #2: video (video/webm) ──────────────────────────────────────────────────────────────
    ../test-results/e2e-e2e-端到端测试-真实场景模拟-用户深度探索场景-Mobile-Chrome/video.webm
    ────────────────────────────────────────────────────────────────────────────────────────────────

    Error Context: ../test-results/e2e-e2e-端到端测试-真实场景模拟-用户深度探索场景-Mobile-Chrome/error-context.md
]]>
</failure>
<system-out>
<![CDATA[
[[ATTACHMENT|e2e-e2e-端到端测试-真实场景模拟-用户深度探索场景-Mobile-Chrome/test-failed-1.png]]

[[ATTACHMENT|e2e-e2e-端到端测试-真实场景模拟-用户深度探索场景-Mobile-Chrome/video.webm]]

[[ATTACHMENT|e2e-e2e-端到端测试-真实场景模拟-用户深度探索场景-Mobile-Chrome/error-context.md]]
]]>
</system-out>
</testcase>
<testcase name="端到端测试 › 真实场景模拟 › 用户犹豫不决场景" classname="e2e/e2e.spec.ts" time="15.052">
<failure message="e2e.spec.ts:271:9 用户犹豫不决场景" type="FAILURE">
<![CDATA[  [Mobile Chrome] › e2e/e2e.spec.ts:271:9 › 端到端测试 › 真实场景模拟 › 用户犹豫不决场景 ──────────────────────────────

    TimeoutError: locator.click: Timeout 10000ms exceeded.
    Call log:
      - waiting for locator('button:has-text("Features")')
        - locator resolved to <button class="font-medium transition-colors duration-200 text-gray-300 hover:text-blue-400">Features</button>
      - attempting click action
        2 × waiting for element to be visible, enabled and stable
          - element is not visible
        - retrying click action
        - waiting 20ms
        2 × waiting for element to be visible, enabled and stable
          - element is not visible
        - retrying click action
          - waiting 100ms
        19 × waiting for element to be visible, enabled and stable
           - element is not visible
         - retrying click action
           - waiting 500ms


       at fixtures/page-objects.ts:106

      104 |
      105 |   async clickNavLink(linkText: string) {
    > 106 |     await this.page.locator(`button:has-text("${linkText}")`).click();
          |                                                               ^
      107 |     await this.page.waitForTimeout(1000); // 等待滚动动画
      108 |   }
      109 |
        at NavigationComponent.clickNavLink (/Users/dahuang/CascadeProjects/earthzoomai.org/tests/fixtures/page-objects.ts:106:63)
        at action (/Users/dahuang/CascadeProjects/earthzoomai.org/tests/e2e/e2e.spec.ts:281:26)
        at /Users/dahuang/CascadeProjects/earthzoomai.org/tests/e2e/e2e.spec.ts:290:15

    attachment #1: screenshot (image/png) ──────────────────────────────────────────────────────────
    ../test-results/e2e-e2e-端到端测试-真实场景模拟-用户犹豫不决场景-Mobile-Chrome/test-failed-1.png
    ────────────────────────────────────────────────────────────────────────────────────────────────

    attachment #2: video (video/webm) ──────────────────────────────────────────────────────────────
    ../test-results/e2e-e2e-端到端测试-真实场景模拟-用户犹豫不决场景-Mobile-Chrome/video.webm
    ────────────────────────────────────────────────────────────────────────────────────────────────

    Error Context: ../test-results/e2e-e2e-端到端测试-真实场景模拟-用户犹豫不决场景-Mobile-Chrome/error-context.md
]]>
</failure>
<system-out>
<![CDATA[
[[ATTACHMENT|e2e-e2e-端到端测试-真实场景模拟-用户犹豫不决场景-Mobile-Chrome/test-failed-1.png]]

[[ATTACHMENT|e2e-e2e-端到端测试-真实场景模拟-用户犹豫不决场景-Mobile-Chrome/video.webm]]

[[ATTACHMENT|e2e-e2e-端到端测试-真实场景模拟-用户犹豫不决场景-Mobile-Chrome/error-context.md]]
]]>
</system-out>
</testcase>
<testcase name="端到端测试 › 错误恢复场景 › 网络不稳定环境下的用户体验" classname="e2e/e2e.spec.ts" time="10.817">
<system-out>
<![CDATA[网络不稳定环境测试完成
]]>
</system-out>
</testcase>
<testcase name="端到端测试 › 错误恢复场景 › 浏览器兼容性场景" classname="e2e/e2e.spec.ts" time="6.119">
<system-out>
<![CDATA[浏览器信息: {
  userAgent: [32m'Mozilla/5.0 (Linux; Android 11; Pixel 5) AppleWebKit/537.36 (KHTML, like Gecko) Chrome/139.0.7258.5 Mobile Safari/537.36'[39m,
  platform: [32m'MacIntel'[39m,
  language: [32m'en-US'[39m,
  cookieEnabled: [33mtrue[39m,
  onLine: [33mtrue[39m
}
JavaScript支持: { hasMap: [33mtrue[39m, hasPromise: [33mtrue[39m, hasArrowFunc: [33mtrue[39m, modernJS: [33mtrue[39m }
浏览器兼容性测试完成
]]>
</system-out>
</testcase>
<testcase name="端到端测试 › 性能压力测试 › 高频交互压力测试" classname="e2e/e2e.spec.ts" time="15.029">
<failure message="e2e.spec.ts:426:9 高频交互压力测试" type="FAILURE">
<![CDATA[  [Mobile Chrome] › e2e/e2e.spec.ts:426:9 › 端到端测试 › 性能压力测试 › 高频交互压力测试 ──────────────────────────────

    TimeoutError: locator.click: Timeout 10000ms exceeded.
    Call log:
      - waiting for locator('button:has-text("Features")')
        - locator resolved to <button class="font-medium transition-colors duration-200 text-gray-300 hover:text-blue-400">Features</button>
      - attempting click action
        2 × waiting for element to be visible, enabled and stable
          - element is not visible
        - retrying click action
        - waiting 20ms
        2 × waiting for element to be visible, enabled and stable
          - element is not visible
        - retrying click action
          - waiting 100ms
        18 × waiting for element to be visible, enabled and stable
           - element is not visible
         - retrying click action
           - waiting 500ms


       at fixtures/page-objects.ts:106

      104 |
      105 |   async clickNavLink(linkText: string) {
    > 106 |     await this.page.locator(`button:has-text("${linkText}")`).click();
          |                                                               ^
      107 |     await this.page.waitForTimeout(1000); // 等待滚动动画
      108 |   }
      109 |
        at NavigationComponent.clickNavLink (/Users/dahuang/CascadeProjects/earthzoomai.org/tests/fixtures/page-objects.ts:106:63)
        at /Users/dahuang/CascadeProjects/earthzoomai.org/tests/e2e/e2e.spec.ts:447:28

    attachment #1: screenshot (image/png) ──────────────────────────────────────────────────────────
    ../test-results/e2e-e2e-端到端测试-性能压力测试-高频交互压力测试-Mobile-Chrome/test-failed-1.png
    ────────────────────────────────────────────────────────────────────────────────────────────────

    attachment #2: video (video/webm) ──────────────────────────────────────────────────────────────
    ../test-results/e2e-e2e-端到端测试-性能压力测试-高频交互压力测试-Mobile-Chrome/video.webm
    ────────────────────────────────────────────────────────────────────────────────────────────────

    Error Context: ../test-results/e2e-e2e-端到端测试-性能压力测试-高频交互压力测试-Mobile-Chrome/error-context.md
]]>
</failure>
<system-out>
<![CDATA[
[[ATTACHMENT|e2e-e2e-端到端测试-性能压力测试-高频交互压力测试-Mobile-Chrome/test-failed-1.png]]

[[ATTACHMENT|e2e-e2e-端到端测试-性能压力测试-高频交互压力测试-Mobile-Chrome/video.webm]]

[[ATTACHMENT|e2e-e2e-端到端测试-性能压力测试-高频交互压力测试-Mobile-Chrome/error-context.md]]
]]>
</system-out>
</testcase>
<testcase name="端到端测试 › 性能压力测试 › 长时间会话测试" classname="e2e/e2e.spec.ts" time="30.174">
<failure message="e2e.spec.ts:469:9 长时间会话测试" type="FAILURE">
<![CDATA[  [Mobile Chrome] › e2e/e2e.spec.ts:469:9 › 端到端测试 › 性能压力测试 › 长时间会话测试 ───────────────────────────────

    Test timeout of 30000ms exceeded.

    Error: page.waitForTimeout: Test timeout of 30000ms exceeded.

      516 |         }
      517 |         
    > 518 |         await page.waitForTimeout(1000 + Math.random() * 2000); // 1-3秒随机间隔
          |                    ^
      519 |       }
      520 |       
      521 |       // 验证会话结束后页面状态
        at /Users/dahuang/CascadeProjects/earthzoomai.org/tests/e2e/e2e.spec.ts:518:20

    attachment #1: screenshot (image/png) ──────────────────────────────────────────────────────────
    ../test-results/e2e-e2e-端到端测试-性能压力测试-长时间会话测试-Mobile-Chrome/test-failed-1.png
    ────────────────────────────────────────────────────────────────────────────────────────────────

    attachment #2: video (video/webm) ──────────────────────────────────────────────────────────────
    ../test-results/e2e-e2e-端到端测试-性能压力测试-长时间会话测试-Mobile-Chrome/video.webm
    ────────────────────────────────────────────────────────────────────────────────────────────────

    Error Context: ../test-results/e2e-e2e-端到端测试-性能压力测试-长时间会话测试-Mobile-Chrome/error-context.md
]]>
</failure>
<system-out>
<![CDATA[
[[ATTACHMENT|e2e-e2e-端到端测试-性能压力测试-长时间会话测试-Mobile-Chrome/test-failed-1.png]]

[[ATTACHMENT|e2e-e2e-端到端测试-性能压力测试-长时间会话测试-Mobile-Chrome/video.webm]]

[[ATTACHMENT|e2e-e2e-端到端测试-性能压力测试-长时间会话测试-Mobile-Chrome/error-context.md]]
]]>
</system-out>
</testcase>
</testsuite>
<testsuite name="e2e/homepage.spec.ts" timestamp="2025-07-24T07:09:26.317Z" hostname="Mobile Chrome" tests="16" failures="10" skipped="0" time="146.04" errors="0">
<testcase name="首页核心功能测试 › 页面基本元素加载" classname="e2e/homepage.spec.ts" time="16.677">
<failure message="homepage.spec.ts:17:7 页面基本元素加载" type="FAILURE">
<![CDATA[  [Mobile Chrome] › e2e/homepage.spec.ts:17:7 › 首页核心功能测试 › 页面基本元素加载 ────────────────────────────────

    Error: Timed out 5000ms waiting for expect(locator).toBeVisible()

    Locator: locator('text=Try Now')
    Expected: visible
    Received: hidden
    Call log:
      - Expect "toBeVisible" with timeout 5000ms
      - waiting for locator('text=Try Now')
        9 × locator resolved to <a target="_blank" rel="noopener noreferrer" href="https://pollo.ai?ref=ytayndd" class="bg-blue-600 hover:bg-blue-700 text-white px-6 py-2 rounded-lg font-semibold transition-all duration-300 transform hover:scale-105">Try Now</a>
          - unexpected value "hidden"


       at fixtures/page-objects.ts:117

      115 |     await expect(this.logo).toBeVisible();
      116 |     await expect(this.logoText).toBeVisible();
    > 117 |     await expect(this.tryNowButton).toBeVisible();
          |                                     ^
      118 |   }
      119 |
      120 |   async verifyMobileNavigation() {
        at NavigationComponent.verifyNavigation (/Users/dahuang/CascadeProjects/earthzoomai.org/tests/fixtures/page-objects.ts:117:37)
        at /Users/dahuang/CascadeProjects/earthzoomai.org/tests/e2e/homepage.spec.ts:25:5

    attachment #1: screenshot (image/png) ──────────────────────────────────────────────────────────
    ../test-results/e2e-homepage-首页核心功能测试-页面基本元素加载-Mobile-Chrome/test-failed-1.png
    ────────────────────────────────────────────────────────────────────────────────────────────────

    attachment #2: video (video/webm) ──────────────────────────────────────────────────────────────
    ../test-results/e2e-homepage-首页核心功能测试-页面基本元素加载-Mobile-Chrome/video.webm
    ────────────────────────────────────────────────────────────────────────────────────────────────

    Error Context: ../test-results/e2e-homepage-首页核心功能测试-页面基本元素加载-Mobile-Chrome/error-context.md
]]>
</failure>
<system-out>
<![CDATA[
[[ATTACHMENT|e2e-homepage-首页核心功能测试-页面基本元素加载-Mobile-Chrome/test-failed-1.png]]

[[ATTACHMENT|e2e-homepage-首页核心功能测试-页面基本元素加载-Mobile-Chrome/video.webm]]

[[ATTACHMENT|e2e-homepage-首页核心功能测试-页面基本元素加载-Mobile-Chrome/error-context.md]]
]]>
</system-out>
</testcase>
<testcase name="首页核心功能测试 › Hero区域交互功能" classname="e2e/homepage.spec.ts" time="4.696">
</testcase>
<testcase name="首页核心功能测试 › 特色标签显示" classname="e2e/homepage.spec.ts" time="4.74">
<failure message="homepage.spec.ts:42:7 特色标签显示" type="FAILURE">
<![CDATA[  [Mobile Chrome] › e2e/homepage.spec.ts:42:7 › 首页核心功能测试 › 特色标签显示 ──────────────────────────────────

    Error: expect.toBeVisible: Error: strict mode violation: locator('text=AI-Powered') resolved to 2 elements:
        1) <div class="bg-gray-800/50 backdrop-blur-sm border border-gray-700 rounded-full px-6 py-3 text-gray-300 hover:bg-gray-700/50 transition-all duration-300">…</div> aka getByText('🤖AI-Powered', { exact: true })
        2) <h3 class="text-2xl font-bold mb-4 text-white group-hover:text-blue-400 transition-colors">AI-Powered Processing</h3> aka getByRole('heading', { name: 'AI-Powered Processing' })

    Call log:
      - Expect "toBeVisible" with timeout 5000ms
      - waiting for locator('text=AI-Powered')


       at fixtures/page-objects.ts:56

      54 |   async verifyFeatureTags(expectedTags: string[]) {
      55 |     for (const tag of expectedTags) {
    > 56 |       await expect(this.page.locator(`text=${tag}`)).toBeVisible();
         |                                                      ^
      57 |     }
      58 |   }
      59 |
        at HomePage.verifyFeatureTags (/Users/dahuang/CascadeProjects/earthzoomai.org/tests/fixtures/page-objects.ts:56:54)
        at /Users/dahuang/CascadeProjects/earthzoomai.org/tests/e2e/homepage.spec.ts:50:5

    attachment #1: screenshot (image/png) ──────────────────────────────────────────────────────────
    ../test-results/e2e-homepage-首页核心功能测试-特色标签显示-Mobile-Chrome/test-failed-1.png
    ────────────────────────────────────────────────────────────────────────────────────────────────

    attachment #2: video (video/webm) ──────────────────────────────────────────────────────────────
    ../test-results/e2e-homepage-首页核心功能测试-特色标签显示-Mobile-Chrome/video.webm
    ────────────────────────────────────────────────────────────────────────────────────────────────

    Error Context: ../test-results/e2e-homepage-首页核心功能测试-特色标签显示-Mobile-Chrome/error-context.md
]]>
</failure>
<system-out>
<![CDATA[
[[ATTACHMENT|e2e-homepage-首页核心功能测试-特色标签显示-Mobile-Chrome/test-failed-1.png]]

[[ATTACHMENT|e2e-homepage-首页核心功能测试-特色标签显示-Mobile-Chrome/video.webm]]

[[ATTACHMENT|e2e-homepage-首页核心功能测试-特色标签显示-Mobile-Chrome/error-context.md]]
]]>
</system-out>
</testcase>
<testcase name="首页核心功能测试 › 功能展示区域内容" classname="e2e/homepage.spec.ts" time="8.682">
</testcase>
<testcase name="首页核心功能测试 › Features区域内容验证" classname="e2e/homepage.spec.ts" time="8.552">
</testcase>
<testcase name="首页核心功能测试 › 用户评价区域显示" classname="e2e/homepage.spec.ts" time="8.791">
<failure message="homepage.spec.ts:86:7 用户评价区域显示" type="FAILURE">
<![CDATA[  [Mobile Chrome] › e2e/homepage.spec.ts:86:7 › 首页核心功能测试 › 用户评价区域显示 ────────────────────────────────

    Error: expect.toBeVisible: Error: strict mode violation: locator('text=Content Creator') resolved to 2 elements:
        1) <p class="text-gray-400 leading-relaxed">Watch your Earth zoom-out effects come to life in…</p> aka getByText('Watch your Earth zoom-out')
        2) <p class="text-gray-400 text-sm">Content Creator</p> aka getByText('Content Creator', { exact: true })

    Call log:
      - Expect "toBeVisible" with timeout 5000ms
      - waiting for locator('text=Content Creator')


      101 |     for (const review of testData.reviewsData) {
      102 |       await expect(page.locator(`text=${review.name}`)).toBeVisible();
    > 103 |       await expect(page.locator(`text=${review.role}`)).toBeVisible();
          |                                                         ^
      104 |     }
      105 |   });
      106 |
        at /Users/dahuang/CascadeProjects/earthzoomai.org/tests/e2e/homepage.spec.ts:103:57

    attachment #1: screenshot (image/png) ──────────────────────────────────────────────────────────
    ../test-results/e2e-homepage-首页核心功能测试-用户评价区域显示-Mobile-Chrome/test-failed-1.png
    ────────────────────────────────────────────────────────────────────────────────────────────────

    attachment #2: video (video/webm) ──────────────────────────────────────────────────────────────
    ../test-results/e2e-homepage-首页核心功能测试-用户评价区域显示-Mobile-Chrome/video.webm
    ────────────────────────────────────────────────────────────────────────────────────────────────

    Error Context: ../test-results/e2e-homepage-首页核心功能测试-用户评价区域显示-Mobile-Chrome/error-context.md
]]>
</failure>
<system-out>
<![CDATA[
[[ATTACHMENT|e2e-homepage-首页核心功能测试-用户评价区域显示-Mobile-Chrome/test-failed-1.png]]

[[ATTACHMENT|e2e-homepage-首页核心功能测试-用户评价区域显示-Mobile-Chrome/video.webm]]

[[ATTACHMENT|e2e-homepage-首页核心功能测试-用户评价区域显示-Mobile-Chrome/error-context.md]]
]]>
</system-out>
</testcase>
<testcase name="首页核心功能测试 › FAQ区域交互功能" classname="e2e/homepage.spec.ts" time="17.763">
<failure message="homepage.spec.ts:107:7 FAQ区域交互功能" type="FAILURE">
<![CDATA[  [Mobile Chrome] › e2e/homepage.spec.ts:107:7 › 首页核心功能测试 › FAQ区域交互功能 ──────────────────────────────

    Error: Timed out 5000ms waiting for expect(locator).toBeVisible()

    Locator: locator('#faq .bg-gray-800').first().locator('.animate-fade-in')
    Expected: visible
    Received: <element(s) not found>
    Call log:
      - Expect "toBeVisible" with timeout 5000ms
      - waiting for locator('#faq .bg-gray-800').first().locator('.animate-fade-in')


      118 |     const secondAnswer = page.locator('#faq .bg-gray-800').nth(1).locator('.animate-fade-in');
      119 |     
    > 120 |     await expect(firstAnswer).toBeVisible();
          |                               ^
      121 |     await expect(secondAnswer).toBeVisible();
      122 |   });
      123 |
        at /Users/dahuang/CascadeProjects/earthzoomai.org/tests/e2e/homepage.spec.ts:120:31

    attachment #1: screenshot (image/png) ──────────────────────────────────────────────────────────
    ../test-results/e2e-homepage-首页核心功能测试-FAQ区域交互功能-Mobile-Chrome/test-failed-1.png
    ────────────────────────────────────────────────────────────────────────────────────────────────

    attachment #2: video (video/webm) ──────────────────────────────────────────────────────────────
    ../test-results/e2e-homepage-首页核心功能测试-FAQ区域交互功能-Mobile-Chrome/video.webm
    ────────────────────────────────────────────────────────────────────────────────────────────────

    Error Context: ../test-results/e2e-homepage-首页核心功能测试-FAQ区域交互功能-Mobile-Chrome/error-context.md
]]>
</failure>
<system-out>
<![CDATA[
[[ATTACHMENT|e2e-homepage-首页核心功能测试-FAQ区域交互功能-Mobile-Chrome/test-failed-1.png]]

[[ATTACHMENT|e2e-homepage-首页核心功能测试-FAQ区域交互功能-Mobile-Chrome/video.webm]]

[[ATTACHMENT|e2e-homepage-首页核心功能测试-FAQ区域交互功能-Mobile-Chrome/error-context.md]]
]]>
</system-out>
</testcase>
<testcase name="首页核心功能测试 › FAQ结构化数据验证" classname="e2e/homepage.spec.ts" time="15.01">
<failure message="homepage.spec.ts:124:7 FAQ结构化数据验证" type="FAILURE">
<![CDATA[  [Mobile Chrome] › e2e/homepage.spec.ts:124:7 › 首页核心功能测试 › FAQ结构化数据验证 ─────────────────────────────

    Error: Timed out 5000ms waiting for expect(locator).toHaveCount(expected)

    Locator: locator('script[type="application/ld+json"]')
    Expected: 1
    Received: 4
    Call log:
      - Expect "toHaveCount" with timeout 5000ms
      - waiting for locator('script[type="application/ld+json"]')
        9 × locator resolved to 4 elements
          - unexpected value "4"


       at fixtures/page-objects.ts:191

      189 |
      190 |   async verifyStructuredData() {
    > 191 |     await expect(this.structuredDataScript).toHaveCount(1);
          |                                             ^
      192 |     
      193 |     const schemaContent = await this.structuredDataScript.textContent();
      194 |     expect(schemaContent).toContain('"@type": "FAQPage"');
        at FAQComponent.verifyStructuredData (/Users/dahuang/CascadeProjects/earthzoomai.org/tests/fixtures/page-objects.ts:191:45)
        at /Users/dahuang/CascadeProjects/earthzoomai.org/tests/e2e/homepage.spec.ts:125:15

    attachment #1: screenshot (image/png) ──────────────────────────────────────────────────────────
    ../test-results/e2e-homepage-首页核心功能测试-FAQ结构化数据验证-Mobile-Chrome/test-failed-1.png
    ────────────────────────────────────────────────────────────────────────────────────────────────

    attachment #2: video (video/webm) ──────────────────────────────────────────────────────────────
    ../test-results/e2e-homepage-首页核心功能测试-FAQ结构化数据验证-Mobile-Chrome/video.webm
    ────────────────────────────────────────────────────────────────────────────────────────────────

    Error Context: ../test-results/e2e-homepage-首页核心功能测试-FAQ结构化数据验证-Mobile-Chrome/error-context.md
]]>
</failure>
<system-out>
<![CDATA[
[[ATTACHMENT|e2e-homepage-首页核心功能测试-FAQ结构化数据验证-Mobile-Chrome/test-failed-1.png]]

[[ATTACHMENT|e2e-homepage-首页核心功能测试-FAQ结构化数据验证-Mobile-Chrome/video.webm]]

[[ATTACHMENT|e2e-homepage-首页核心功能测试-FAQ结构化数据验证-Mobile-Chrome/error-context.md]]
]]>
</system-out>
</testcase>
<testcase name="首页核心功能测试 › Newsletter订阅功能" classname="e2e/homepage.spec.ts" time="14.657">
<failure message="homepage.spec.ts:128:7 Newsletter订阅功能" type="FAILURE">
<![CDATA[  [Mobile Chrome] › e2e/homepage.spec.ts:128:7 › 首页核心功能测试 › Newsletter订阅功能 ─────────────────────────

    TimeoutError: locator.scrollIntoViewIfNeeded: Timeout 10000ms exceeded.
    Call log:
      - waiting for locator('text=Newsletter')


      128 |   test('Newsletter订阅功能', async ({ page }) => {
      129 |     // 滚动到Newsletter区域
    > 130 |     await page.locator('text=Newsletter').scrollIntoViewIfNeeded();
          |                                           ^
      131 |     
      132 |     // 验证表单元素
      133 |     await expect(homePage.newsletterInput).toBeVisible();
        at /Users/dahuang/CascadeProjects/earthzoomai.org/tests/e2e/homepage.spec.ts:130:43

    attachment #1: screenshot (image/png) ──────────────────────────────────────────────────────────
    ../test-results/e2e-homepage-首页核心功能测试-Newsletter订阅功能-Mobile-Chrome/test-failed-1.png
    ────────────────────────────────────────────────────────────────────────────────────────────────

    attachment #2: video (video/webm) ──────────────────────────────────────────────────────────────
    ../test-results/e2e-homepage-首页核心功能测试-Newsletter订阅功能-Mobile-Chrome/video.webm
    ────────────────────────────────────────────────────────────────────────────────────────────────

    Error Context: ../test-results/e2e-homepage-首页核心功能测试-Newsletter订阅功能-Mobile-Chrome/error-context.md
]]>
</failure>
<system-out>
<![CDATA[
[[ATTACHMENT|e2e-homepage-首页核心功能测试-Newsletter订阅功能-Mobile-Chrome/test-failed-1.png]]

[[ATTACHMENT|e2e-homepage-首页核心功能测试-Newsletter订阅功能-Mobile-Chrome/video.webm]]

[[ATTACHMENT|e2e-homepage-首页核心功能测试-Newsletter订阅功能-Mobile-Chrome/error-context.md]]
]]>
</system-out>
</testcase>
<testcase name="首页核心功能测试 › 页面滚动行为" classname="e2e/homepage.spec.ts" time="14.643">
<failure message="homepage.spec.ts:143:7 页面滚动行为" type="FAILURE">
<![CDATA[  [Mobile Chrome] › e2e/homepage.spec.ts:143:7 › 首页核心功能测试 › 页面滚动行为 ─────────────────────────────────

    TimeoutError: locator.click: Timeout 10000ms exceeded.
    Call log:
      - waiting for locator('button:has-text("Features")')
        - locator resolved to <button class="font-medium transition-colors duration-200 text-gray-300 hover:text-blue-400">Features</button>
      - attempting click action
        2 × waiting for element to be visible, enabled and stable
          - element is not visible
        - retrying click action
        - waiting 20ms
        2 × waiting for element to be visible, enabled and stable
          - element is not visible
        - retrying click action
          - waiting 100ms
        18 × waiting for element to be visible, enabled and stable
           - element is not visible
         - retrying click action
           - waiting 500ms
        - waiting for element to be visible, enabled and stable


       at fixtures/page-objects.ts:106

      104 |
      105 |   async clickNavLink(linkText: string) {
    > 106 |     await this.page.locator(`button:has-text("${linkText}")`).click();
          |                                                               ^
      107 |     await this.page.waitForTimeout(1000); // 等待滚动动画
      108 |   }
      109 |
        at NavigationComponent.clickNavLink (/Users/dahuang/CascadeProjects/earthzoomai.org/tests/fixtures/page-objects.ts:106:63)
        at /Users/dahuang/CascadeProjects/earthzoomai.org/tests/e2e/homepage.spec.ts:148:24

    attachment #1: screenshot (image/png) ──────────────────────────────────────────────────────────
    ../test-results/e2e-homepage-首页核心功能测试-页面滚动行为-Mobile-Chrome/test-failed-1.png
    ────────────────────────────────────────────────────────────────────────────────────────────────

    attachment #2: video (video/webm) ──────────────────────────────────────────────────────────────
    ../test-results/e2e-homepage-首页核心功能测试-页面滚动行为-Mobile-Chrome/video.webm
    ────────────────────────────────────────────────────────────────────────────────────────────────

    Error Context: ../test-results/e2e-homepage-首页核心功能测试-页面滚动行为-Mobile-Chrome/error-context.md
]]>
</failure>
<system-out>
<![CDATA[
[[ATTACHMENT|e2e-homepage-首页核心功能测试-页面滚动行为-Mobile-Chrome/test-failed-1.png]]

[[ATTACHMENT|e2e-homepage-首页核心功能测试-页面滚动行为-Mobile-Chrome/video.webm]]

[[ATTACHMENT|e2e-homepage-首页核心功能测试-页面滚动行为-Mobile-Chrome/error-context.md]]
]]>
</system-out>
</testcase>
<testcase name="首页核心功能测试 › 外部链接验证" classname="e2e/homepage.spec.ts" time="9.691">
<failure message="homepage.spec.ts:156:7 外部链接验证" type="FAILURE">
<![CDATA[  [Mobile Chrome] › e2e/homepage.spec.ts:156:7 › 首页核心功能测试 › 外部链接验证 ─────────────────────────────────

    Error: Timed out 5000ms waiting for expect(locator).toBeVisible()

    Locator: locator('text=Try Now')
    Expected: visible
    Received: hidden
    Call log:
      - Expect "toBeVisible" with timeout 5000ms
      - waiting for locator('text=Try Now')
        9 × locator resolved to <a target="_blank" rel="noopener noreferrer" href="https://pollo.ai?ref=ytayndd" class="bg-blue-600 hover:bg-blue-700 text-white px-6 py-2 rounded-lg font-semibold transition-all duration-300 transform hover:scale-105">Try Now</a>
          - unexpected value "hidden"


      160 |     
      161 |     // 验证Try Now按钮
    > 162 |     await expect(navigation.tryNowButton).toBeVisible();
          |                                           ^
      163 |     
      164 |     // 可以添加更多外部链接的验证
      165 |   });
        at /Users/dahuang/CascadeProjects/earthzoomai.org/tests/e2e/homepage.spec.ts:162:43

    attachment #1: screenshot (image/png) ──────────────────────────────────────────────────────────
    ../test-results/e2e-homepage-首页核心功能测试-外部链接验证-Mobile-Chrome/test-failed-1.png
    ────────────────────────────────────────────────────────────────────────────────────────────────

    attachment #2: video (video/webm) ──────────────────────────────────────────────────────────────
    ../test-results/e2e-homepage-首页核心功能测试-外部链接验证-Mobile-Chrome/video.webm
    ────────────────────────────────────────────────────────────────────────────────────────────────

    Error Context: ../test-results/e2e-homepage-首页核心功能测试-外部链接验证-Mobile-Chrome/error-context.md
]]>
</failure>
<system-out>
<![CDATA[
[[ATTACHMENT|e2e-homepage-首页核心功能测试-外部链接验证-Mobile-Chrome/test-failed-1.png]]

[[ATTACHMENT|e2e-homepage-首页核心功能测试-外部链接验证-Mobile-Chrome/video.webm]]

[[ATTACHMENT|e2e-homepage-首页核心功能测试-外部链接验证-Mobile-Chrome/error-context.md]]
]]>
</system-out>
</testcase>
<testcase name="首页核心功能测试 › 页面性能基础检查" classname="e2e/homepage.spec.ts" time="6.845">
</testcase>
<testcase name="首页核心功能测试 › 图片加载和优化检查" classname="e2e/homepage.spec.ts" time="4.665">
<failure message="homepage.spec.ts:180:7 图片加载和优化检查" type="FAILURE">
<![CDATA[  [Mobile Chrome] › e2e/homepage.spec.ts:180:7 › 首页核心功能测试 › 图片加载和优化检查 ──────────────────────────────

    Error: expect(received).toBeGreaterThan(expected)

    Expected: > 0
    Received:   0

      194 |       // 检查图片是否加载成功
      195 |       const naturalWidth = await img.evaluate((img: HTMLImageElement) => img.naturalWidth);
    > 196 |       expect(naturalWidth).toBeGreaterThan(0);
          |                            ^
      197 |     }
      198 |   });
      199 | });
        at /Users/dahuang/CascadeProjects/earthzoomai.org/tests/e2e/homepage.spec.ts:196:28

    attachment #1: screenshot (image/png) ──────────────────────────────────────────────────────────
    ../test-results/e2e-homepage-首页核心功能测试-图片加载和优化检查-Mobile-Chrome/test-failed-1.png
    ────────────────────────────────────────────────────────────────────────────────────────────────

    attachment #2: video (video/webm) ──────────────────────────────────────────────────────────────
    ../test-results/e2e-homepage-首页核心功能测试-图片加载和优化检查-Mobile-Chrome/video.webm
    ────────────────────────────────────────────────────────────────────────────────────────────────

    Error Context: ../test-results/e2e-homepage-首页核心功能测试-图片加载和优化检查-Mobile-Chrome/error-context.md
]]>
</failure>
<system-out>
<![CDATA[
[[ATTACHMENT|e2e-homepage-首页核心功能测试-图片加载和优化检查-Mobile-Chrome/test-failed-1.png]]

[[ATTACHMENT|e2e-homepage-首页核心功能测试-图片加载和优化检查-Mobile-Chrome/video.webm]]

[[ATTACHMENT|e2e-homepage-首页核心功能测试-图片加载和优化检查-Mobile-Chrome/error-context.md]]
]]>
</system-out>
</testcase>
<testcase name="首页错误处理 › 网络错误处理" classname="e2e/homepage.spec.ts" time="0.229">
</testcase>
<testcase name="首页错误处理 › JavaScript错误监控" classname="e2e/homepage.spec.ts" time="5.717">
</testcase>
<testcase name="首页错误处理 › 控制台错误检查" classname="e2e/homepage.spec.ts" time="4.682">
<failure message="homepage.spec.ts:228:7 控制台错误检查" type="FAILURE">
<![CDATA[  [Mobile Chrome] › e2e/homepage.spec.ts:228:7 › 首页错误处理 › 控制台错误检查 ──────────────────────────────────

    Error: expect(received).toHaveLength(expected)

    Expected length: 0
    Received length: 1
    Received array:  ["Failed to load resource: the server responded with a status of 403 ()"]

      246 |     );
      247 |     
    > 248 |     expect(significantErrors).toHaveLength(0);
          |                               ^
      249 |   });
      250 | });
        at /Users/dahuang/CascadeProjects/earthzoomai.org/tests/e2e/homepage.spec.ts:248:31

    attachment #1: screenshot (image/png) ──────────────────────────────────────────────────────────
    ../test-results/e2e-homepage-首页错误处理-控制台错误检查-Mobile-Chrome/test-failed-1.png
    ────────────────────────────────────────────────────────────────────────────────────────────────

    attachment #2: video (video/webm) ──────────────────────────────────────────────────────────────
    ../test-results/e2e-homepage-首页错误处理-控制台错误检查-Mobile-Chrome/video.webm
    ────────────────────────────────────────────────────────────────────────────────────────────────

    Error Context: ../test-results/e2e-homepage-首页错误处理-控制台错误检查-Mobile-Chrome/error-context.md
]]>
</failure>
<system-out>
<![CDATA[
[[ATTACHMENT|e2e-homepage-首页错误处理-控制台错误检查-Mobile-Chrome/test-failed-1.png]]

[[ATTACHMENT|e2e-homepage-首页错误处理-控制台错误检查-Mobile-Chrome/video.webm]]

[[ATTACHMENT|e2e-homepage-首页错误处理-控制台错误检查-Mobile-Chrome/error-context.md]]
]]>
</system-out>
</testcase>
</testsuite>
<testsuite name="e2e/navigation.spec.ts" timestamp="2025-07-24T07:09:26.317Z" hostname="Mobile Chrome" tests="24" failures="14" skipped="0" time="205.07" errors="0">
<testcase name="导航功能测试 › Header导航基本功能" classname="e2e/navigation.spec.ts" time="9.731">
<failure message="navigation.spec.ts:17:7 Header导航基本功能" type="FAILURE">
<![CDATA[  [Mobile Chrome] › e2e/navigation.spec.ts:17:7 › 导航功能测试 › Header导航基本功能 ────────────────────────────

    Error: Timed out 5000ms waiting for expect(locator).toBeVisible()

    Locator: locator('button:has-text("Features")')
    Expected: visible
    Received: hidden
    Call log:
      - Expect "toBeVisible" with timeout 5000ms
      - waiting for locator('button:has-text("Features")')
        9 × locator resolved to <button class="font-medium transition-colors duration-200 text-gray-300 hover:text-blue-400">Features</button>
          - unexpected value "hidden"


      22 |     // 验证导航链接
      23 |     for (const link of testData.navigationLinks) {
    > 24 |       await expect(page.locator(`button:has-text("${link}")`)).toBeVisible();
         |                                                                ^
      25 |     }
      26 |     
      27 |     // 验证Try Now按钮
        at /Users/dahuang/CascadeProjects/earthzoomai.org/tests/e2e/navigation.spec.ts:24:64

    attachment #1: screenshot (image/png) ──────────────────────────────────────────────────────────
    ../test-results/e2e-navigation-导航功能测试-Header导航基本功能-Mobile-Chrome/test-failed-1.png
    ────────────────────────────────────────────────────────────────────────────────────────────────

    attachment #2: video (video/webm) ──────────────────────────────────────────────────────────────
    ../test-results/e2e-navigation-导航功能测试-Header导航基本功能-Mobile-Chrome/video.webm
    ────────────────────────────────────────────────────────────────────────────────────────────────

    Error Context: ../test-results/e2e-navigation-导航功能测试-Header导航基本功能-Mobile-Chrome/error-context.md
]]>
</failure>
<system-out>
<![CDATA[
[[ATTACHMENT|e2e-navigation-导航功能测试-Header导航基本功能-Mobile-Chrome/test-failed-1.png]]

[[ATTACHMENT|e2e-navigation-导航功能测试-Header导航基本功能-Mobile-Chrome/video.webm]]

[[ATTACHMENT|e2e-navigation-导航功能测试-Header导航基本功能-Mobile-Chrome/error-context.md]]
]]>
</system-out>
</testcase>
<testcase name="导航功能测试 › 锚点导航功能" classname="e2e/navigation.spec.ts" time="14.674">
<failure message="navigation.spec.ts:33:7 锚点导航功能" type="FAILURE">
<![CDATA[  [Mobile Chrome] › e2e/navigation.spec.ts:33:7 › 导航功能测试 › 锚点导航功能 ──────────────────────────────────

    TimeoutError: locator.click: Timeout 10000ms exceeded.
    Call log:
      - waiting for locator('button:has-text("Features")')
        - locator resolved to <button class="font-medium transition-colors duration-200 text-gray-300 hover:text-blue-400">Features</button>
      - attempting click action
        2 × waiting for element to be visible, enabled and stable
          - element is not visible
        - retrying click action
        - waiting 20ms
        2 × waiting for element to be visible, enabled and stable
          - element is not visible
        - retrying click action
          - waiting 100ms
        18 × waiting for element to be visible, enabled and stable
           - element is not visible
         - retrying click action
           - waiting 500ms
        - waiting for element to be visible, enabled and stable


       at fixtures/page-objects.ts:106

      104 |
      105 |   async clickNavLink(linkText: string) {
    > 106 |     await this.page.locator(`button:has-text("${linkText}")`).click();
          |                                                               ^
      107 |     await this.page.waitForTimeout(1000); // 等待滚动动画
      108 |   }
      109 |
        at NavigationComponent.clickNavLink (/Users/dahuang/CascadeProjects/earthzoomai.org/tests/fixtures/page-objects.ts:106:63)
        at /Users/dahuang/CascadeProjects/earthzoomai.org/tests/e2e/navigation.spec.ts:35:22

    attachment #1: screenshot (image/png) ──────────────────────────────────────────────────────────
    ../test-results/e2e-navigation-导航功能测试-锚点导航功能-Mobile-Chrome/test-failed-1.png
    ────────────────────────────────────────────────────────────────────────────────────────────────

    attachment #2: video (video/webm) ──────────────────────────────────────────────────────────────
    ../test-results/e2e-navigation-导航功能测试-锚点导航功能-Mobile-Chrome/video.webm
    ────────────────────────────────────────────────────────────────────────────────────────────────

    Error Context: ../test-results/e2e-navigation-导航功能测试-锚点导航功能-Mobile-Chrome/error-context.md
]]>
</failure>
<system-out>
<![CDATA[
[[ATTACHMENT|e2e-navigation-导航功能测试-锚点导航功能-Mobile-Chrome/test-failed-1.png]]

[[ATTACHMENT|e2e-navigation-导航功能测试-锚点导航功能-Mobile-Chrome/video.webm]]

[[ATTACHMENT|e2e-navigation-导航功能测试-锚点导航功能-Mobile-Chrome/error-context.md]]
]]>
</system-out>
</testcase>
<testcase name="导航功能测试 › 滚动时Header状态变化" classname="e2e/navigation.spec.ts" time="5.651">
</testcase>
<testcase name="导航功能测试 › 导航链接活跃状态" classname="e2e/navigation.spec.ts" time="14.587">
<failure message="navigation.spec.ts:70:7 导航链接活跃状态" type="FAILURE">
<![CDATA[  [Mobile Chrome] › e2e/navigation.spec.ts:70:7 › 导航功能测试 › 导航链接活跃状态 ────────────────────────────────

    TimeoutError: locator.click: Timeout 10000ms exceeded.
    Call log:
      - waiting for locator('button:has-text("Features")')
        - locator resolved to <button class="font-medium transition-colors duration-200 text-gray-300 hover:text-blue-400">Features</button>
      - attempting click action
        2 × waiting for element to be visible, enabled and stable
          - element is not visible
        - retrying click action
        - waiting 20ms
        2 × waiting for element to be visible, enabled and stable
          - element is not visible
        - retrying click action
          - waiting 100ms
        18 × waiting for element to be visible, enabled and stable
           - element is not visible
         - retrying click action
           - waiting 500ms
        - waiting for element to be visible, enabled and stable


       at fixtures/page-objects.ts:106

      104 |
      105 |   async clickNavLink(linkText: string) {
    > 106 |     await this.page.locator(`button:has-text("${linkText}")`).click();
          |                                                               ^
      107 |     await this.page.waitForTimeout(1000); // 等待滚动动画
      108 |   }
      109 |
        at NavigationComponent.clickNavLink (/Users/dahuang/CascadeProjects/earthzoomai.org/tests/fixtures/page-objects.ts:106:63)
        at /Users/dahuang/CascadeProjects/earthzoomai.org/tests/e2e/navigation.spec.ts:73:24

    attachment #1: screenshot (image/png) ──────────────────────────────────────────────────────────
    ../test-results/e2e-navigation-导航功能测试-导航链接活跃状态-Mobile-Chrome/test-failed-1.png
    ────────────────────────────────────────────────────────────────────────────────────────────────

    attachment #2: video (video/webm) ──────────────────────────────────────────────────────────────
    ../test-results/e2e-navigation-导航功能测试-导航链接活跃状态-Mobile-Chrome/video.webm
    ────────────────────────────────────────────────────────────────────────────────────────────────

    Error Context: ../test-results/e2e-navigation-导航功能测试-导航链接活跃状态-Mobile-Chrome/error-context.md
]]>
</failure>
<system-out>
<![CDATA[
[[ATTACHMENT|e2e-navigation-导航功能测试-导航链接活跃状态-Mobile-Chrome/test-failed-1.png]]

[[ATTACHMENT|e2e-navigation-导航功能测试-导航链接活跃状态-Mobile-Chrome/video.webm]]

[[ATTACHMENT|e2e-navigation-导航功能测试-导航链接活跃状态-Mobile-Chrome/error-context.md]]
]]>
</system-out>
</testcase>
<testcase name="导航功能测试 › Logo点击返回顶部" classname="e2e/navigation.spec.ts" time="6.021">
<failure message="navigation.spec.ts:84:7 Logo点击返回顶部" type="FAILURE">
<![CDATA[  [Mobile Chrome] › e2e/navigation.spec.ts:84:7 › 导航功能测试 › Logo点击返回顶部 ──────────────────────────────

    Error: expect(received).toBeLessThan(expected)

    Expected: < 100
    Received:   9344

      93 |     // 验证回到顶部
      94 |     const scrollY = await page.evaluate(() => window.scrollY);
    > 95 |     expect(scrollY).toBeLessThan(100);
         |                     ^
      96 |   });
      97 | });
      98 |
        at /Users/dahuang/CascadeProjects/earthzoomai.org/tests/e2e/navigation.spec.ts:95:21

    attachment #1: screenshot (image/png) ──────────────────────────────────────────────────────────
    ../test-results/e2e-navigation-导航功能测试-Logo点击返回顶部-Mobile-Chrome/test-failed-1.png
    ────────────────────────────────────────────────────────────────────────────────────────────────

    attachment #2: video (video/webm) ──────────────────────────────────────────────────────────────
    ../test-results/e2e-navigation-导航功能测试-Logo点击返回顶部-Mobile-Chrome/video.webm
    ────────────────────────────────────────────────────────────────────────────────────────────────

    Error Context: ../test-results/e2e-navigation-导航功能测试-Logo点击返回顶部-Mobile-Chrome/error-context.md
]]>
</failure>
<system-out>
<![CDATA[
[[ATTACHMENT|e2e-navigation-导航功能测试-Logo点击返回顶部-Mobile-Chrome/test-failed-1.png]]

[[ATTACHMENT|e2e-navigation-导航功能测试-Logo点击返回顶部-Mobile-Chrome/video.webm]]

[[ATTACHMENT|e2e-navigation-导航功能测试-Logo点击返回顶部-Mobile-Chrome/error-context.md]]
]]>
</system-out>
</testcase>
<testcase name="移动端导航测试 › 移动端菜单基本功能" classname="e2e/navigation.spec.ts" time="9.664">
<failure message="navigation.spec.ts:105:7 移动端菜单基本功能" type="FAILURE">
<![CDATA[  [Mobile Chrome] › e2e/navigation.spec.ts:105:7 › 移动端导航测试 › 移动端菜单基本功能 ─────────────────────────────

    Error: Timed out 5000ms waiting for expect(locator).toBeVisible()

    Locator: locator('button').filter({ hasText: /M4 6h16/ })
    Expected: visible
    Received: <element(s) not found>
    Call log:
      - Expect "toBeVisible" with timeout 5000ms
      - waiting for locator('button').filter({ hasText: /M4 6h16/ })


       at fixtures/page-objects.ts:121

      119 |
      120 |   async verifyMobileNavigation() {
    > 121 |     await expect(this.mobileMenuButton).toBeVisible();
          |                                         ^
      122 |   }
      123 |
      124 |   async verifyActiveSection(sectionName: string) {
        at NavigationComponent.verifyMobileNavigation (/Users/dahuang/CascadeProjects/earthzoomai.org/tests/fixtures/page-objects.ts:121:41)
        at /Users/dahuang/CascadeProjects/earthzoomai.org/tests/e2e/navigation.spec.ts:112:22

    attachment #1: screenshot (image/png) ──────────────────────────────────────────────────────────
    ../test-results/e2e-navigation-移动端导航测试-移动端菜单基本功能-Mobile-Chrome/test-failed-1.png
    ────────────────────────────────────────────────────────────────────────────────────────────────

    attachment #2: video (video/webm) ──────────────────────────────────────────────────────────────
    ../test-results/e2e-navigation-移动端导航测试-移动端菜单基本功能-Mobile-Chrome/video.webm
    ────────────────────────────────────────────────────────────────────────────────────────────────

    Error Context: ../test-results/e2e-navigation-移动端导航测试-移动端菜单基本功能-Mobile-Chrome/error-context.md
]]>
</failure>
<system-out>
<![CDATA[
[[ATTACHMENT|e2e-navigation-移动端导航测试-移动端菜单基本功能-Mobile-Chrome/test-failed-1.png]]

[[ATTACHMENT|e2e-navigation-移动端导航测试-移动端菜单基本功能-Mobile-Chrome/video.webm]]

[[ATTACHMENT|e2e-navigation-移动端导航测试-移动端菜单基本功能-Mobile-Chrome/error-context.md]]
]]>
</system-out>
</testcase>
<testcase name="移动端导航测试 › 移动端菜单展开收起" classname="e2e/navigation.spec.ts" time="14.635">
<failure message="navigation.spec.ts:118:7 移动端菜单展开收起" type="FAILURE">
<![CDATA[  [Mobile Chrome] › e2e/navigation.spec.ts:118:7 › 移动端导航测试 › 移动端菜单展开收起 ─────────────────────────────

    TimeoutError: locator.click: Timeout 10000ms exceeded.
    Call log:
      - waiting for locator('button').filter({ hasText: /M4 6h16/ })


       at fixtures/page-objects.ts:111

      109 |
      110 |   async toggleMobileMenu() {
    > 111 |     await this.mobileMenuButton.click();
          |                                 ^
      112 |   }
      113 |
      114 |   async verifyNavigation() {
        at NavigationComponent.toggleMobileMenu (/Users/dahuang/CascadeProjects/earthzoomai.org/tests/fixtures/page-objects.ts:111:33)
        at /Users/dahuang/CascadeProjects/earthzoomai.org/tests/e2e/navigation.spec.ts:128:22

    attachment #1: screenshot (image/png) ──────────────────────────────────────────────────────────
    ../test-results/e2e-navigation-移动端导航测试-移动端菜单展开收起-Mobile-Chrome/test-failed-1.png
    ────────────────────────────────────────────────────────────────────────────────────────────────

    attachment #2: video (video/webm) ──────────────────────────────────────────────────────────────
    ../test-results/e2e-navigation-移动端导航测试-移动端菜单展开收起-Mobile-Chrome/video.webm
    ────────────────────────────────────────────────────────────────────────────────────────────────

    Error Context: ../test-results/e2e-navigation-移动端导航测试-移动端菜单展开收起-Mobile-Chrome/error-context.md
]]>
</failure>
<system-out>
<![CDATA[
[[ATTACHMENT|e2e-navigation-移动端导航测试-移动端菜单展开收起-Mobile-Chrome/test-failed-1.png]]

[[ATTACHMENT|e2e-navigation-移动端导航测试-移动端菜单展开收起-Mobile-Chrome/video.webm]]

[[ATTACHMENT|e2e-navigation-移动端导航测试-移动端菜单展开收起-Mobile-Chrome/error-context.md]]
]]>
</system-out>
</testcase>
<testcase name="移动端导航测试 › 移动端导航链接功能" classname="e2e/navigation.spec.ts" time="14.653">
<failure message="navigation.spec.ts:141:7 移动端导航链接功能" type="FAILURE">
<![CDATA[  [Mobile Chrome] › e2e/navigation.spec.ts:141:7 › 移动端导航测试 › 移动端导航链接功能 ─────────────────────────────

    TimeoutError: locator.click: Timeout 10000ms exceeded.
    Call log:
      - waiting for locator('button').filter({ hasText: /M4 6h16/ })


       at fixtures/page-objects.ts:111

      109 |
      110 |   async toggleMobileMenu() {
    > 111 |     await this.mobileMenuButton.click();
          |                                 ^
      112 |   }
      113 |
      114 |   async verifyNavigation() {
        at NavigationComponent.toggleMobileMenu (/Users/dahuang/CascadeProjects/earthzoomai.org/tests/fixtures/page-objects.ts:111:33)
        at /Users/dahuang/CascadeProjects/earthzoomai.org/tests/e2e/navigation.spec.ts:148:22

    attachment #1: screenshot (image/png) ──────────────────────────────────────────────────────────
    ../test-results/e2e-navigation-移动端导航测试-移动端导航链接功能-Mobile-Chrome/test-failed-1.png
    ────────────────────────────────────────────────────────────────────────────────────────────────

    attachment #2: video (video/webm) ──────────────────────────────────────────────────────────────
    ../test-results/e2e-navigation-移动端导航测试-移动端导航链接功能-Mobile-Chrome/video.webm
    ────────────────────────────────────────────────────────────────────────────────────────────────

    Error Context: ../test-results/e2e-navigation-移动端导航测试-移动端导航链接功能-Mobile-Chrome/error-context.md
]]>
</failure>
<system-out>
<![CDATA[
[[ATTACHMENT|e2e-navigation-移动端导航测试-移动端导航链接功能-Mobile-Chrome/test-failed-1.png]]

[[ATTACHMENT|e2e-navigation-移动端导航测试-移动端导航链接功能-Mobile-Chrome/video.webm]]

[[ATTACHMENT|e2e-navigation-移动端导航测试-移动端导航链接功能-Mobile-Chrome/error-context.md]]
]]>
</system-out>
</testcase>
<testcase name="移动端导航测试 › 移动端触摸交互" classname="e2e/navigation.spec.ts" time="5.147">
</testcase>
<testcase name="Footer导航测试 › Footer基本内容验证" classname="e2e/navigation.spec.ts" time="9.98">
<failure message="navigation.spec.ts:190:7 Footer基本内容验证" type="FAILURE">
<![CDATA[  [Mobile Chrome] › e2e/navigation.spec.ts:190:7 › Footer导航测试 › Footer基本内容验证 ───────────────────────

    Error: Timed out 5000ms waiting for expect(locator).toBeVisible()

    Locator: locator('footer').locator('text=© 2024')
    Expected: visible
    Received: <element(s) not found>
    Call log:
      - Expect "toBeVisible" with timeout 5000ms
      - waiting for locator('footer').locator('text=© 2024')


       at fixtures/page-objects.ts:230

      228 |     await this.scrollToFooter();
      229 |     await expect(this.footer).toBeVisible();
    > 230 |     await expect(this.copyrightText).toBeVisible();
          |                                      ^
      231 |   }
      232 |
      233 |   async verifyQuickLinks(expectedLinks: string[]) {
        at FooterComponent.verifyFooterContent (/Users/dahuang/CascadeProjects/earthzoomai.org/tests/fixtures/page-objects.ts:230:38)
        at /Users/dahuang/CascadeProjects/earthzoomai.org/tests/e2e/navigation.spec.ts:191:5

    attachment #1: screenshot (image/png) ──────────────────────────────────────────────────────────
    ../test-results/e2e-navigation-Footer导航测试-Footer基本内容验证-Mobile-Chrome/test-failed-1.png
    ────────────────────────────────────────────────────────────────────────────────────────────────

    attachment #2: video (video/webm) ──────────────────────────────────────────────────────────────
    ../test-results/e2e-navigation-Footer导航测试-Footer基本内容验证-Mobile-Chrome/video.webm
    ────────────────────────────────────────────────────────────────────────────────────────────────

    Error Context: ../test-results/e2e-navigation-Footer导航测试-Footer基本内容验证-Mobile-Chrome/error-context.md
]]>
</failure>
<system-out>
<![CDATA[
[[ATTACHMENT|e2e-navigation-Footer导航测试-Footer基本内容验证-Mobile-Chrome/test-failed-1.png]]

[[ATTACHMENT|e2e-navigation-Footer导航测试-Footer基本内容验证-Mobile-Chrome/video.webm]]

[[ATTACHMENT|e2e-navigation-Footer导航测试-Footer基本内容验证-Mobile-Chrome/error-context.md]]
]]>
</system-out>
</testcase>
<testcase name="Footer导航测试 › Footer快速链接" classname="e2e/navigation.spec.ts" time="6.024">
</testcase>
<testcase name="Footer导航测试 › Footer支持链接" classname="e2e/navigation.spec.ts" time="5.077">
</testcase>
<testcase name="Footer导航测试 › Footer社交媒体链接" classname="e2e/navigation.spec.ts" time="6.115">
</testcase>
<testcase name="Footer导航测试 › Footer版权信息" classname="e2e/navigation.spec.ts" time="6.109">
<failure message="navigation.spec.ts:218:7 Footer版权信息" type="FAILURE">
<![CDATA[  [Mobile Chrome] › e2e/navigation.spec.ts:218:7 › Footer导航测试 › Footer版权信息 ─────────────────────────

    Error: expect.toBeVisible: Error: strict mode violation: locator('text=ZOOM EARTH AI') resolved to 16 elements:
        1) <span class="text-2xl font-bold text-white">ZOOM EARTH AI</span> aka getByRole('link', { name: 'ZOOM EARTH AI Logo ZOOM EARTH' })
        2) <h1 class="text-7xl md:text-8xl lg:text-9xl font-bold mb-8 bg-gradient-to-r from-blue-400 via-purple-400 to-blue-400 bg-clip-text text-transparent leading-tight animate-fade-in">ZOOM EARTH AI</h1> aka locator('h1')
        3) <h2 class="text-5xl md:text-6xl font-bold mb-8 text-white">Transform Your Content with Zoom Earth AI</h2> aka getByRole('heading', { name: 'Transform Your Content with' })
        4) <p class="text-xl md:text-2xl text-gray-300 max-w-5xl mx-auto leading-relaxed">Experience the next generation of Earth zoom-out …</p> aka getByText('Experience the next')
        5) <p class="text-gray-400 leading-relaxed">Zoom Earth AI leverages cutting-edge artificial i…</p> aka getByText('Zoom Earth AI leverages')
        6) <p class="text-gray-400 leading-relaxed">Seamlessly blend your ground-level photos with ac…</p> aka getByText('Seamlessly blend your ground-')
        7) <p class="text-gray-400 leading-relaxed">Share your content everywhere with our optimized …</p> aka getByText('Share your content everywhere')
        8) <h2 class="text-4xl md:text-5xl font-bold mb-6 text-white">Everything About Zoom Earth AI</h2> aka getByRole('heading', { name: 'Everything About Zoom Earth AI' })
        9) <h3 class="text-lg font-semibold text-white flex items-center justify-between">…</h3> aka getByRole('button', { name: 'How does ZOOM EARTH AI create' })
        10) <h3 class="text-lg font-semibold text-white flex items-center justify-between">…</h3> aka getByRole('button', { name: 'What types of images work' })
        ...

    Call log:
      - Expect "toBeVisible" with timeout 5000ms
      - waiting for locator('text=ZOOM EARTH AI')


      224 |     
      225 |     // 验证公司名称
    > 226 |     await expect(page.locator('text=ZOOM EARTH AI')).toBeVisible();
          |                                                      ^
      227 |   });
      228 |
      229 |   test('Footer链接导航功能', async ({ page }) => {
        at /Users/dahuang/CascadeProjects/earthzoomai.org/tests/e2e/navigation.spec.ts:226:54

    attachment #1: screenshot (image/png) ──────────────────────────────────────────────────────────
    ../test-results/e2e-navigation-Footer导航测试-Footer版权信息-Mobile-Chrome/test-failed-1.png
    ────────────────────────────────────────────────────────────────────────────────────────────────

    attachment #2: video (video/webm) ──────────────────────────────────────────────────────────────
    ../test-results/e2e-navigation-Footer导航测试-Footer版权信息-Mobile-Chrome/video.webm
    ────────────────────────────────────────────────────────────────────────────────────────────────

    Error Context: ../test-results/e2e-navigation-Footer导航测试-Footer版权信息-Mobile-Chrome/error-context.md
]]>
</failure>
<system-out>
<![CDATA[
[[ATTACHMENT|e2e-navigation-Footer导航测试-Footer版权信息-Mobile-Chrome/test-failed-1.png]]

[[ATTACHMENT|e2e-navigation-Footer导航测试-Footer版权信息-Mobile-Chrome/video.webm]]

[[ATTACHMENT|e2e-navigation-Footer导航测试-Footer版权信息-Mobile-Chrome/error-context.md]]
]]>
</system-out>
</testcase>
<testcase name="Footer导航测试 › Footer链接导航功能" classname="e2e/navigation.spec.ts" time="6.449">
<failure message="navigation.spec.ts:229:7 Footer链接导航功能" type="FAILURE">
<![CDATA[  [Mobile Chrome] › e2e/navigation.spec.ts:229:7 › Footer导航测试 › Footer链接导航功能 ───────────────────────

    Error: expect(received).toBeLessThan(expected)

    Expected: < 100
    Received:   9344

      237 |     await page.waitForTimeout(1000);
      238 |     const scrollY = await page.evaluate(() => window.scrollY);
    > 239 |     expect(scrollY).toBeLessThan(100);
          |                     ^
      240 |   });
      241 | });
      242 |
        at /Users/dahuang/CascadeProjects/earthzoomai.org/tests/e2e/navigation.spec.ts:239:21

    attachment #1: screenshot (image/png) ──────────────────────────────────────────────────────────
    ../test-results/e2e-navigation-Footer导航测试-Footer链接导航功能-Mobile-Chrome/test-failed-1.png
    ────────────────────────────────────────────────────────────────────────────────────────────────

    attachment #2: video (video/webm) ──────────────────────────────────────────────────────────────
    ../test-results/e2e-navigation-Footer导航测试-Footer链接导航功能-Mobile-Chrome/video.webm
    ────────────────────────────────────────────────────────────────────────────────────────────────

    Error Context: ../test-results/e2e-navigation-Footer导航测试-Footer链接导航功能-Mobile-Chrome/error-context.md
]]>
</failure>
<system-out>
<![CDATA[
[[ATTACHMENT|e2e-navigation-Footer导航测试-Footer链接导航功能-Mobile-Chrome/test-failed-1.png]]

[[ATTACHMENT|e2e-navigation-Footer导航测试-Footer链接导航功能-Mobile-Chrome/video.webm]]

[[ATTACHMENT|e2e-navigation-Footer导航测试-Footer链接导航功能-Mobile-Chrome/error-context.md]]
]]>
</system-out>
</testcase>
<testcase name="跨设备导航一致性测试 › Mobile 导航一致性" classname="e2e/navigation.spec.ts" time="9.626">
<failure message="navigation.spec.ts:251:9 Mobile 导航一致性" type="FAILURE">
<![CDATA[  [Mobile Chrome] › e2e/navigation.spec.ts:251:9 › 跨设备导航一致性测试 › Mobile 导航一致性 ───────────────────────

    Error: Timed out 5000ms waiting for expect(locator).toBeVisible()

    Locator: locator('text=Try Now')
    Expected: visible
    Received: hidden
    Call log:
      - Expect "toBeVisible" with timeout 5000ms
      - waiting for locator('text=Try Now')
        9 × locator resolved to <a target="_blank" rel="noopener noreferrer" href="https://pollo.ai?ref=ytayndd" class="bg-blue-600 hover:bg-blue-700 text-white px-6 py-2 rounded-lg font-semibold transition-all duration-300 transform hover:scale-105">Try Now</a>
          - unexpected value "hidden"


      262 |       
      263 |       // 验证Try Now按钮始终可见
    > 264 |       await expect(navigation.tryNowButton).toBeVisible();
          |                                             ^
      265 |       
      266 |       if (viewport.width < 768) {
      267 |         // 移动端应显示汉堡菜单
        at /Users/dahuang/CascadeProjects/earthzoomai.org/tests/e2e/navigation.spec.ts:264:45

    attachment #1: screenshot (image/png) ──────────────────────────────────────────────────────────
    ../test-results/e2e-navigation-跨设备导航一致性测试-Mobile-导航一致性-Mobile-Chrome/test-failed-1.png
    ────────────────────────────────────────────────────────────────────────────────────────────────

    attachment #2: video (video/webm) ──────────────────────────────────────────────────────────────
    ../test-results/e2e-navigation-跨设备导航一致性测试-Mobile-导航一致性-Mobile-Chrome/video.webm
    ────────────────────────────────────────────────────────────────────────────────────────────────

    Error Context: ../test-results/e2e-navigation-跨设备导航一致性测试-Mobile-导航一致性-Mobile-Chrome/error-context.md
]]>
</failure>
<system-out>
<![CDATA[
[[ATTACHMENT|e2e-navigation-跨设备导航一致性测试-Mobile-导航一致性-Mobile-Chrome/test-failed-1.png]]

[[ATTACHMENT|e2e-navigation-跨设备导航一致性测试-Mobile-导航一致性-Mobile-Chrome/video.webm]]

[[ATTACHMENT|e2e-navigation-跨设备导航一致性测试-Mobile-导航一致性-Mobile-Chrome/error-context.md]]
]]>
</system-out>
</testcase>
<testcase name="跨设备导航一致性测试 › Tablet 导航一致性" classname="e2e/navigation.spec.ts" time="5.271">
</testcase>
<testcase name="跨设备导航一致性测试 › Desktop 导航一致性" classname="e2e/navigation.spec.ts" time="5.919">
</testcase>
<testcase name="导航性能测试 › 导航响应速度" classname="e2e/navigation.spec.ts" time="14.658">
<failure message="navigation.spec.ts:280:7 导航响应速度" type="FAILURE">
<![CDATA[  [Mobile Chrome] › e2e/navigation.spec.ts:280:7 › 导航性能测试 › 导航响应速度 ─────────────────────────────────

    TimeoutError: locator.click: Timeout 10000ms exceeded.
    Call log:
      - waiting for locator('button:has-text("Features")')
        - locator resolved to <button class="font-medium transition-colors duration-200 text-gray-300 hover:text-blue-400">Features</button>
      - attempting click action
        2 × waiting for element to be visible, enabled and stable
          - element is not visible
        - retrying click action
        - waiting 20ms
        2 × waiting for element to be visible, enabled and stable
          - element is not visible
        - retrying click action
          - waiting 100ms
        18 × waiting for element to be visible, enabled and stable
           - element is not visible
         - retrying click action
           - waiting 500ms
        - waiting for element to be visible, enabled and stable


       at fixtures/page-objects.ts:106

      104 |
      105 |   async clickNavLink(linkText: string) {
    > 106 |     await this.page.locator(`button:has-text("${linkText}")`).click();
          |                                                               ^
      107 |     await this.page.waitForTimeout(1000); // 等待滚动动画
      108 |   }
      109 |
        at NavigationComponent.clickNavLink (/Users/dahuang/CascadeProjects/earthzoomai.org/tests/fixtures/page-objects.ts:106:63)
        at /Users/dahuang/CascadeProjects/earthzoomai.org/tests/e2e/navigation.spec.ts:288:22

    attachment #1: screenshot (image/png) ──────────────────────────────────────────────────────────
    ../test-results/e2e-navigation-导航性能测试-导航响应速度-Mobile-Chrome/test-failed-1.png
    ────────────────────────────────────────────────────────────────────────────────────────────────

    attachment #2: video (video/webm) ──────────────────────────────────────────────────────────────
    ../test-results/e2e-navigation-导航性能测试-导航响应速度-Mobile-Chrome/video.webm
    ────────────────────────────────────────────────────────────────────────────────────────────────

    Error Context: ../test-results/e2e-navigation-导航性能测试-导航响应速度-Mobile-Chrome/error-context.md
]]>
</failure>
<system-out>
<![CDATA[
[[ATTACHMENT|e2e-navigation-导航性能测试-导航响应速度-Mobile-Chrome/test-failed-1.png]]

[[ATTACHMENT|e2e-navigation-导航性能测试-导航响应速度-Mobile-Chrome/video.webm]]

[[ATTACHMENT|e2e-navigation-导航性能测试-导航响应速度-Mobile-Chrome/error-context.md]]
]]>
</system-out>
</testcase>
<testcase name="导航性能测试 › 滚动性能" classname="e2e/navigation.spec.ts" time="4.852">
</testcase>
<testcase name="导航性能测试 › Header状态切换性能" classname="e2e/navigation.spec.ts" time="4.94">
</testcase>
<testcase name="导航错误处理 › 无效锚点处理" classname="e2e/navigation.spec.ts" time="5.094">
</testcase>
<testcase name="导航错误处理 › JavaScript禁用时的导航" classname="e2e/navigation.spec.ts" time="5.635">
<failure message="navigation.spec.ts:361:7 JavaScript禁用时的导航" type="FAILURE">
<![CDATA[  [Mobile Chrome] › e2e/navigation.spec.ts:361:7 › 导航错误处理 › JavaScript禁用时的导航 ───────────────────────

    Error: Timed out 5000ms waiting for expect(locator).toBeVisible()

    Locator: locator('header')
    Expected: visible
    Received: <element(s) not found>
    Call log:
      - Expect "toBeVisible" with timeout 5000ms
      - waiting for locator('header')


      368 |     
      369 |     // 验证基本导航元素仍然可见
    > 370 |     await expect(page.locator('header')).toBeVisible();
          |                                          ^
      371 |     await expect(page.locator('img[alt="ZOOM EARTH AI Logo"]')).toBeVisible();
      372 |     
      373 |     await context.close();
        at /Users/dahuang/CascadeProjects/earthzoomai.org/tests/e2e/navigation.spec.ts:370:42

    attachment #1: screenshot (image/png) ──────────────────────────────────────────────────────────
    ../test-results/e2e-navigation-导航错误处理-JavaScript禁用时的导航-Mobile-Chrome/test-failed-1.png
    ────────────────────────────────────────────────────────────────────────────────────────────────
]]>
</failure>
<system-out>
<![CDATA[
[[ATTACHMENT|e2e-navigation-导航错误处理-JavaScript禁用时的导航-Mobile-Chrome/test-failed-1.png]]
]]>
</system-out>
</testcase>
<testcase name="导航错误处理 › 网络中断时的导航" classname="e2e/navigation.spec.ts" time="14.558">
<failure message="navigation.spec.ts:376:7 网络中断时的导航" type="FAILURE">
<![CDATA[  [Mobile Chrome] › e2e/navigation.spec.ts:376:7 › 导航错误处理 › 网络中断时的导航 ───────────────────────────────

    TimeoutError: locator.click: Timeout 10000ms exceeded.
    Call log:
      - waiting for locator('button:has-text("Features")')
        - locator resolved to <button class="font-medium transition-colors duration-200 text-gray-300 hover:text-blue-400">Features</button>
      - attempting click action
        2 × waiting for element to be visible, enabled and stable
          - element is not visible
        - retrying click action
        - waiting 20ms
        2 × waiting for element to be visible, enabled and stable
          - element is not visible
        - retrying click action
          - waiting 100ms
        19 × waiting for element to be visible, enabled and stable
           - element is not visible
         - retrying click action
           - waiting 500ms


       at fixtures/page-objects.ts:106

      104 |
      105 |   async clickNavLink(linkText: string) {
    > 106 |     await this.page.locator(`button:has-text("${linkText}")`).click();
          |                                                               ^
      107 |     await this.page.waitForTimeout(1000); // 等待滚动动画
      108 |   }
      109 |
        at NavigationComponent.clickNavLink (/Users/dahuang/CascadeProjects/earthzoomai.org/tests/fixtures/page-objects.ts:106:63)
        at /Users/dahuang/CascadeProjects/earthzoomai.org/tests/e2e/navigation.spec.ts:389:22

    attachment #1: screenshot (image/png) ──────────────────────────────────────────────────────────
    ../test-results/e2e-navigation-导航错误处理-网络中断时的导航-Mobile-Chrome/test-failed-1.png
    ────────────────────────────────────────────────────────────────────────────────────────────────

    Error Context: ../test-results/e2e-navigation-导航错误处理-网络中断时的导航-Mobile-Chrome/error-context.md
]]>
</failure>
<system-out>
<![CDATA[
[[ATTACHMENT|e2e-navigation-导航错误处理-网络中断时的导航-Mobile-Chrome/test-failed-1.png]]

[[ATTACHMENT|e2e-navigation-导航错误处理-网络中断时的导航-Mobile-Chrome/error-context.md]]
]]>
</system-out>
</testcase>
</testsuite>
<testsuite name="e2e/responsive.spec.ts" timestamp="2025-07-24T07:09:26.317Z" hostname="Mobile Chrome" tests="12" failures="8" skipped="0" time="107.107" errors="0">
<testcase name="响应式设计测试 › 移动端适配 › iPhone SE 显示测试" classname="e2e/responsive.spec.ts" time="9.466">
<failure message="responsive.spec.ts:23:9 iPhone SE 显示测试" type="FAILURE">
<![CDATA[  [Mobile Chrome] › e2e/responsive.spec.ts:23:9 › 响应式设计测试 › 移动端适配 › iPhone SE 显示测试 ─────────────────

    Error: Timed out 5000ms waiting for expect(locator).toBeVisible()

    Locator: locator('button').filter({ hasText: /M4 6h16/ })
    Expected: visible
    Received: <element(s) not found>
    Call log:
      - Expect "toBeVisible" with timeout 5000ms
      - waiting for locator('button').filter({ hasText: /M4 6h16/ })


      29 |       // 验证移动端布局
      30 |       const navigation = new NavigationComponent(page);
    > 31 |       await expect(navigation.mobileMenuButton).toBeVisible();
         |                                                 ^
      32 |       
      33 |       // 验证Hero区域在移动端的显示
      34 |       const heroTitle = page.locator('h1');
        at /Users/dahuang/CascadeProjects/earthzoomai.org/tests/e2e/responsive.spec.ts:31:49

    attachment #1: screenshot (image/png) ──────────────────────────────────────────────────────────
    ../test-results/e2e-responsive-响应式设计测试-移动端适配-iPhone-SE-显示测试-Mobile-Chrome/test-failed-1.png
    ────────────────────────────────────────────────────────────────────────────────────────────────

    attachment #2: video (video/webm) ──────────────────────────────────────────────────────────────
    ../test-results/e2e-responsive-响应式设计测试-移动端适配-iPhone-SE-显示测试-Mobile-Chrome/video.webm
    ────────────────────────────────────────────────────────────────────────────────────────────────

    Error Context: ../test-results/e2e-responsive-响应式设计测试-移动端适配-iPhone-SE-显示测试-Mobile-Chrome/error-context.md
]]>
</failure>
<system-out>
<![CDATA[
[[ATTACHMENT|e2e-responsive-响应式设计测试-移动端适配-iPhone-SE-显示测试-Mobile-Chrome/test-failed-1.png]]

[[ATTACHMENT|e2e-responsive-响应式设计测试-移动端适配-iPhone-SE-显示测试-Mobile-Chrome/video.webm]]

[[ATTACHMENT|e2e-responsive-响应式设计测试-移动端适配-iPhone-SE-显示测试-Mobile-Chrome/error-context.md]]
]]>
</system-out>
</testcase>
<testcase name="响应式设计测试 › 移动端适配 › iPad 显示测试" classname="e2e/responsive.spec.ts" time="11.491">
<failure message="responsive.spec.ts:44:9 iPad 显示测试" type="FAILURE">
<![CDATA[  [Mobile Chrome] › e2e/responsive.spec.ts:44:9 › 响应式设计测试 › 移动端适配 › iPad 显示测试 ──────────────────────

    Error: Timed out 5000ms waiting for expect(locator).toBeVisible()

    Locator: locator('button').filter({ hasText: /M4 6h16/ })
    Expected: visible
    Received: <element(s) not found>
    Call log:
      - Expect "toBeVisible" with timeout 5000ms
      - waiting for locator('button').filter({ hasText: /M4 6h16/ })


      50 |       // 验证平板端布局
      51 |       const navigation = new NavigationComponent(page);
    > 52 |       await expect(navigation.mobileMenuButton).toBeVisible();
         |                                                 ^
      53 |       
      54 |       // 验证Features区域在平板端的网格布局
      55 |       const featureCards = page.locator('.feature-card');
        at /Users/dahuang/CascadeProjects/earthzoomai.org/tests/e2e/responsive.spec.ts:52:49

    attachment #1: screenshot (image/png) ──────────────────────────────────────────────────────────
    ../test-results/e2e-responsive-响应式设计测试-移动端适配-iPad-显示测试-Mobile-Chrome/test-failed-1.png
    ────────────────────────────────────────────────────────────────────────────────────────────────

    attachment #2: video (video/webm) ──────────────────────────────────────────────────────────────
    ../test-results/e2e-responsive-响应式设计测试-移动端适配-iPad-显示测试-Mobile-Chrome/video.webm
    ────────────────────────────────────────────────────────────────────────────────────────────────

    Error Context: ../test-results/e2e-responsive-响应式设计测试-移动端适配-iPad-显示测试-Mobile-Chrome/error-context.md
]]>
</failure>
<system-out>
<![CDATA[
[[ATTACHMENT|e2e-responsive-响应式设计测试-移动端适配-iPad-显示测试-Mobile-Chrome/test-failed-1.png]]

[[ATTACHMENT|e2e-responsive-响应式设计测试-移动端适配-iPad-显示测试-Mobile-Chrome/video.webm]]

[[ATTACHMENT|e2e-responsive-响应式设计测试-移动端适配-iPad-显示测试-Mobile-Chrome/error-context.md]]
]]>
</system-out>
</testcase>
<testcase name="响应式设计测试 › 移动端适配 › 移动端菜单交互" classname="e2e/responsive.spec.ts" time="14.814">
<failure message="responsive.spec.ts:71:9 移动端菜单交互" type="FAILURE">
<![CDATA[  [Mobile Chrome] › e2e/responsive.spec.ts:71:9 › 响应式设计测试 › 移动端适配 › 移动端菜单交互 ────────────────────────

    TimeoutError: locator.click: Timeout 10000ms exceeded.
    Call log:
      - waiting for locator('button').filter({ hasText: /M4 6h16/ })


       at fixtures/page-objects.ts:111

      109 |
      110 |   async toggleMobileMenu() {
    > 111 |     await this.mobileMenuButton.click();
          |                                 ^
      112 |   }
      113 |
      114 |   async verifyNavigation() {
        at NavigationComponent.toggleMobileMenu (/Users/dahuang/CascadeProjects/earthzoomai.org/tests/fixtures/page-objects.ts:111:33)
        at /Users/dahuang/CascadeProjects/earthzoomai.org/tests/e2e/responsive.spec.ts:83:24

    attachment #1: screenshot (image/png) ──────────────────────────────────────────────────────────
    ../test-results/e2e-responsive-响应式设计测试-移动端适配-移动端菜单交互-Mobile-Chrome/test-failed-1.png
    ────────────────────────────────────────────────────────────────────────────────────────────────

    attachment #2: video (video/webm) ──────────────────────────────────────────────────────────────
    ../test-results/e2e-responsive-响应式设计测试-移动端适配-移动端菜单交互-Mobile-Chrome/video.webm
    ────────────────────────────────────────────────────────────────────────────────────────────────

    Error Context: ../test-results/e2e-responsive-响应式设计测试-移动端适配-移动端菜单交互-Mobile-Chrome/error-context.md
]]>
</failure>
<system-out>
<![CDATA[
[[ATTACHMENT|e2e-responsive-响应式设计测试-移动端适配-移动端菜单交互-Mobile-Chrome/test-failed-1.png]]

[[ATTACHMENT|e2e-responsive-响应式设计测试-移动端适配-移动端菜单交互-Mobile-Chrome/video.webm]]

[[ATTACHMENT|e2e-responsive-响应式设计测试-移动端适配-移动端菜单交互-Mobile-Chrome/error-context.md]]
]]>
</system-out>
</testcase>
<testcase name="响应式设计测试 › 桌面端适配 › 1920x1080 显示测试" classname="e2e/responsive.spec.ts" time="6.076">
<failure message="responsive.spec.ts:99:9 1920x1080 显示测试" type="FAILURE">
<![CDATA[  [Mobile Chrome] › e2e/responsive.spec.ts:99:9 › 响应式设计测试 › 桌面端适配 › 1920x1080 显示测试 ─────────────────

    Error: expect.toBeVisible: Error: strict mode violation: locator('nav button') resolved to 4 elements:
        1) <button class="font-medium transition-colors duration-200 text-gray-300 hover:text-blue-400">Showcase</button> aka getByRole('button', { name: 'Showcase' })
        2) <button class="font-medium transition-colors duration-200 text-gray-300 hover:text-blue-400">Features</button> aka getByRole('button', { name: 'Features' })
        3) <button class="font-medium transition-colors duration-200 text-gray-300 hover:text-blue-400">Reviews</button> aka getByRole('button', { name: 'Reviews' })
        4) <button class="font-medium transition-colors duration-200 text-gray-300 hover:text-blue-400">FAQ</button> aka getByRole('button', { name: 'FAQ' })

    Call log:
      - Expect "toBeVisible" with timeout 5000ms
      - waiting for locator('nav button')


      105 |       // 验证桌面端导航
      106 |       const navigation = new NavigationComponent(page);
    > 107 |       await expect(navigation.navLinks).toBeVisible();
          |                                         ^
      108 |       await expect(navigation.mobileMenuButton).toBeHidden();
      109 |       
      110 |       // 验证Hero区域在大屏幕上的显示
        at /Users/dahuang/CascadeProjects/earthzoomai.org/tests/e2e/responsive.spec.ts:107:41

    attachment #1: screenshot (image/png) ──────────────────────────────────────────────────────────
    ../test-results/e2e-responsive-响应式设计测试-桌面端适配-1920x1080-显示测试-Mobile-Chrome/test-failed-1.png
    ────────────────────────────────────────────────────────────────────────────────────────────────

    attachment #2: video (video/webm) ──────────────────────────────────────────────────────────────
    ../test-results/e2e-responsive-响应式设计测试-桌面端适配-1920x1080-显示测试-Mobile-Chrome/video.webm
    ────────────────────────────────────────────────────────────────────────────────────────────────

    Error Context: ../test-results/e2e-responsive-响应式设计测试-桌面端适配-1920x1080-显示测试-Mobile-Chrome/error-context.md
]]>
</failure>
<system-out>
<![CDATA[
[[ATTACHMENT|e2e-responsive-响应式设计测试-桌面端适配-1920x1080-显示测试-Mobile-Chrome/test-failed-1.png]]

[[ATTACHMENT|e2e-responsive-响应式设计测试-桌面端适配-1920x1080-显示测试-Mobile-Chrome/video.webm]]

[[ATTACHMENT|e2e-responsive-响应式设计测试-桌面端适配-1920x1080-显示测试-Mobile-Chrome/error-context.md]]
]]>
</system-out>
</testcase>
<testcase name="响应式设计测试 › 桌面端适配 › 4K 显示测试" classname="e2e/responsive.spec.ts" time="14.952">
<failure message="responsive.spec.ts:132:9 4K 显示测试" type="FAILURE">
<![CDATA[  [Mobile Chrome] › e2e/responsive.spec.ts:132:9 › 响应式设计测试 › 桌面端适配 › 4K 显示测试 ───────────────────────

    Error: Timed out 5000ms waiting for expect(locator).toHaveCSS(expected)

    Locator: locator('h1')
    Expected pattern: /^[4-9]\d*px$/
    Received string:  "128px"
    Call log:
      - Expect "toHaveCSS" with timeout 5000ms
      - waiting for locator('h1')
        9 × locator resolved to <h1 class="text-7xl md:text-8xl lg:text-9xl font-bold mb-8 bg-gradient-to-r from-blue-400 via-purple-400 to-blue-400 bg-clip-text text-transparent leading-tight animate-fade-in">ZOOM EARTH AI</h1>
          - unexpected value "128px"


      148 |       // 验证文字大小在4K屏幕上仍然可读
      149 |       const heroTitle = page.locator('h1');
    > 150 |       await expect(heroTitle).toHaveCSS('font-size', /^[4-9]\d*px$/);
          |                               ^
      151 |     });
      152 |   });
      153 |   
        at /Users/dahuang/CascadeProjects/earthzoomai.org/tests/e2e/responsive.spec.ts:150:31

    attachment #1: screenshot (image/png) ──────────────────────────────────────────────────────────
    ../test-results/e2e-responsive-响应式设计测试-桌面端适配-4K-显示测试-Mobile-Chrome/test-failed-1.png
    ────────────────────────────────────────────────────────────────────────────────────────────────

    attachment #2: video (video/webm) ──────────────────────────────────────────────────────────────
    ../test-results/e2e-responsive-响应式设计测试-桌面端适配-4K-显示测试-Mobile-Chrome/video.webm
    ────────────────────────────────────────────────────────────────────────────────────────────────

    Error Context: ../test-results/e2e-responsive-响应式设计测试-桌面端适配-4K-显示测试-Mobile-Chrome/error-context.md
]]>
</failure>
<system-out>
<![CDATA[
[[ATTACHMENT|e2e-responsive-响应式设计测试-桌面端适配-4K-显示测试-Mobile-Chrome/test-failed-1.png]]

[[ATTACHMENT|e2e-responsive-响应式设计测试-桌面端适配-4K-显示测试-Mobile-Chrome/video.webm]]

[[ATTACHMENT|e2e-responsive-响应式设计测试-桌面端适配-4K-显示测试-Mobile-Chrome/error-context.md]]
]]>
</system-out>
</testcase>
<testcase name="响应式设计测试 › 断点测试 › 断点切换测试" classname="e2e/responsive.spec.ts" time="5.546">
<failure message="responsive.spec.ts:155:9 断点切换测试" type="FAILURE">
<![CDATA[  [Mobile Chrome] › e2e/responsive.spec.ts:155:9 › 响应式设计测试 › 断点测试 › 断点切换测试 ─────────────────────────

    Error: expect.toBeVisible: Error: strict mode violation: locator('nav button') resolved to 4 elements:
        1) <button class="font-medium transition-colors duration-200 text-gray-300 hover:text-blue-400">Showcase</button> aka getByRole('button', { name: 'Showcase' })
        2) <button class="font-medium transition-colors duration-200 text-gray-300 hover:text-blue-400">Features</button> aka getByRole('button', { name: 'Features' })
        3) <button class="font-medium transition-colors duration-200 text-gray-300 hover:text-blue-400">Reviews</button> aka getByRole('button', { name: 'Reviews' })
        4) <button class="font-medium transition-colors duration-200 text-gray-300 hover:text-blue-400">FAQ</button> aka getByRole('button', { name: 'FAQ' })

    Call log:
      - Expect "toBeVisible" with timeout 5000ms
      - waiting for locator('nav button')


      161 |       
      162 |       const navigation = new NavigationComponent(page);
    > 163 |       await expect(navigation.navLinks).toBeVisible();
          |                                         ^
      164 |       await expect(navigation.mobileMenuButton).toBeHidden();
      165 |       
      166 |       // 切换到平板尺寸
        at /Users/dahuang/CascadeProjects/earthzoomai.org/tests/e2e/responsive.spec.ts:163:41

    attachment #1: screenshot (image/png) ──────────────────────────────────────────────────────────
    ../test-results/e2e-responsive-响应式设计测试-断点测试-断点切换测试-Mobile-Chrome/test-failed-1.png
    ────────────────────────────────────────────────────────────────────────────────────────────────

    attachment #2: video (video/webm) ──────────────────────────────────────────────────────────────
    ../test-results/e2e-responsive-响应式设计测试-断点测试-断点切换测试-Mobile-Chrome/video.webm
    ────────────────────────────────────────────────────────────────────────────────────────────────

    Error Context: ../test-results/e2e-responsive-响应式设计测试-断点测试-断点切换测试-Mobile-Chrome/error-context.md
]]>
</failure>
<system-out>
<![CDATA[
[[ATTACHMENT|e2e-responsive-响应式设计测试-断点测试-断点切换测试-Mobile-Chrome/test-failed-1.png]]

[[ATTACHMENT|e2e-responsive-响应式设计测试-断点测试-断点切换测试-Mobile-Chrome/video.webm]]

[[ATTACHMENT|e2e-responsive-响应式设计测试-断点测试-断点切换测试-Mobile-Chrome/error-context.md]]
]]>
</system-out>
</testcase>
<testcase name="响应式设计测试 › 断点测试 › 临界断点测试" classname="e2e/responsive.spec.ts" time="10.299">
<failure message="responsive.spec.ts:180:9 临界断点测试" type="FAILURE">
<![CDATA[  [Mobile Chrome] › e2e/responsive.spec.ts:180:9 › 响应式设计测试 › 断点测试 › 临界断点测试 ─────────────────────────

    Error: Timed out 5000ms waiting for expect(locator).toBeVisible()

    Locator: locator('button').filter({ hasText: /M4 6h16/ })
    Expected: visible
    Received: <element(s) not found>
    Call log:
      - Expect "toBeVisible" with timeout 5000ms
      - waiting for locator('button').filter({ hasText: /M4 6h16/ })


      186 |       
      187 |       const navigation = new NavigationComponent(page);
    > 188 |       await expect(navigation.mobileMenuButton).toBeVisible();
          |                                                 ^
      189 |       
      190 |       // 测试769px（刚好超过断点）
      191 |       await page.setViewportSize({ width: 769, height: 1024 });
        at /Users/dahuang/CascadeProjects/earthzoomai.org/tests/e2e/responsive.spec.ts:188:49

    attachment #1: screenshot (image/png) ──────────────────────────────────────────────────────────
    ../test-results/e2e-responsive-响应式设计测试-断点测试-临界断点测试-Mobile-Chrome/test-failed-1.png
    ────────────────────────────────────────────────────────────────────────────────────────────────

    attachment #2: video (video/webm) ──────────────────────────────────────────────────────────────
    ../test-results/e2e-responsive-响应式设计测试-断点测试-临界断点测试-Mobile-Chrome/video.webm
    ────────────────────────────────────────────────────────────────────────────────────────────────

    Error Context: ../test-results/e2e-responsive-响应式设计测试-断点测试-临界断点测试-Mobile-Chrome/error-context.md
]]>
</failure>
<system-out>
<![CDATA[
[[ATTACHMENT|e2e-responsive-响应式设计测试-断点测试-临界断点测试-Mobile-Chrome/test-failed-1.png]]

[[ATTACHMENT|e2e-responsive-响应式设计测试-断点测试-临界断点测试-Mobile-Chrome/video.webm]]

[[ATTACHMENT|e2e-responsive-响应式设计测试-断点测试-临界断点测试-Mobile-Chrome/error-context.md]]
]]>
</system-out>
</testcase>
<testcase name="响应式设计测试 › 内容适配 › 图片响应式测试" classname="e2e/responsive.spec.ts" time="6.534">
</testcase>
<testcase name="响应式设计测试 › 内容适配 › 文字响应式测试" classname="e2e/responsive.spec.ts" time="5.531">
</testcase>
<testcase name="响应式设计测试 › 内容适配 › 布局响应式测试" classname="e2e/responsive.spec.ts" time="7.441">
</testcase>
<testcase name="响应式设计测试 › 性能测试 › 不同设备性能测试" classname="e2e/responsive.spec.ts" time="9.516">
<failure message="responsive.spec.ts:294:9 不同设备性能测试" type="FAILURE">
<![CDATA[  [Mobile Chrome] › e2e/responsive.spec.ts:294:9 › 响应式设计测试 › 性能测试 › 不同设备性能测试 ───────────────────────

    Error: Timed out 5000ms waiting for expect(locator).toBeVisible()

    Locator: locator('.feature-card').first()
    Expected: visible
    Received: <element(s) not found>
    Call log:
      - Expect "toBeVisible" with timeout 5000ms
      - waiting for locator('.feature-card').first()


      310 |       // 等待关键内容加载
      311 |       await expect(page.locator('h1')).toBeVisible();
    > 312 |       await expect(page.locator('.feature-card').first()).toBeVisible();
          |                                                           ^
      313 |       
      314 |       const loadTime = Date.now() - startTime;
      315 |       
        at /Users/dahuang/CascadeProjects/earthzoomai.org/tests/e2e/responsive.spec.ts:312:59

    attachment #1: screenshot (image/png) ──────────────────────────────────────────────────────────
    ../test-results/e2e-responsive-响应式设计测试-性能测试-不同设备性能测试-Mobile-Chrome/test-failed-1.png
    ────────────────────────────────────────────────────────────────────────────────────────────────

    Error Context: ../test-results/e2e-responsive-响应式设计测试-性能测试-不同设备性能测试-Mobile-Chrome/error-context.md
]]>
</failure>
<system-out>
<![CDATA[
[[ATTACHMENT|e2e-responsive-响应式设计测试-性能测试-不同设备性能测试-Mobile-Chrome/test-failed-1.png]]

[[ATTACHMENT|e2e-responsive-响应式设计测试-性能测试-不同设备性能测试-Mobile-Chrome/error-context.md]]
]]>
</system-out>
</testcase>
<testcase name="响应式设计测试 › 性能测试 › 图片懒加载测试" classname="e2e/responsive.spec.ts" time="5.441">
</testcase>
</testsuite>
<testsuite name="integration/integration.spec.ts" timestamp="2025-07-24T07:09:26.317Z" hostname="Mobile Chrome" tests="13" failures="6" skipped="0" time="131.167" errors="0">
<testcase name="集成测试 › 页面组件交互 › 导航与页面内容联动测试" classname="integration/integration.spec.ts" time="14.755">
<failure message="integration.spec.ts:7:9 导航与页面内容联动测试" type="FAILURE">
<![CDATA[  [Mobile Chrome] › integration/integration.spec.ts:7:9 › 集成测试 › 页面组件交互 › 导航与页面内容联动测试 ──────────────

    TimeoutError: locator.click: Timeout 10000ms exceeded.
    Call log:
      - waiting for locator('button:has-text("Features")')
        - locator resolved to <button class="font-medium transition-colors duration-200 text-gray-300 hover:text-blue-400">Features</button>
      - attempting click action
        2 × waiting for element to be visible, enabled and stable
          - element is not visible
        - retrying click action
        - waiting 20ms
        2 × waiting for element to be visible, enabled and stable
          - element is not visible
        - retrying click action
          - waiting 100ms
        18 × waiting for element to be visible, enabled and stable
           - element is not visible
         - retrying click action
           - waiting 500ms
        - waiting for element to be visible, enabled and stable


       at fixtures/page-objects.ts:106

      104 |
      105 |   async clickNavLink(linkText: string) {
    > 106 |     await this.page.locator(`button:has-text("${linkText}")`).click();
          |                                                               ^
      107 |     await this.page.waitForTimeout(1000); // 等待滚动动画
      108 |   }
      109 |
        at NavigationComponent.clickNavLink (/Users/dahuang/CascadeProjects/earthzoomai.org/tests/fixtures/page-objects.ts:106:63)
        at /Users/dahuang/CascadeProjects/earthzoomai.org/tests/integration/integration.spec.ts:18:26

    attachment #1: screenshot (image/png) ──────────────────────────────────────────────────────────
    ../test-results/integration-integration-集成测试-页面组件交互-导航与页面内容联动测试-Mobile-Chrome/test-failed-1.png
    ────────────────────────────────────────────────────────────────────────────────────────────────

    attachment #2: video (video/webm) ──────────────────────────────────────────────────────────────
    ../test-results/integration-integration-集成测试-页面组件交互-导航与页面内容联动测试-Mobile-Chrome/video.webm
    ────────────────────────────────────────────────────────────────────────────────────────────────

    Error Context: ../test-results/integration-integration-集成测试-页面组件交互-导航与页面内容联动测试-Mobile-Chrome/error-context.md
]]>
</failure>
<system-out>
<![CDATA[
[[ATTACHMENT|integration-integration-集成测试-页面组件交互-导航与页面内容联动测试-Mobile-Chrome/test-failed-1.png]]

[[ATTACHMENT|integration-integration-集成测试-页面组件交互-导航与页面内容联动测试-Mobile-Chrome/video.webm]]

[[ATTACHMENT|integration-integration-集成测试-页面组件交互-导航与页面内容联动测试-Mobile-Chrome/error-context.md]]
]]>
</system-out>
</testcase>
<testcase name="集成测试 › 页面组件交互 › Hero区域与导航交互测试" classname="integration/integration.spec.ts" time="9.854">
<failure message="integration.spec.ts:37:9 Hero区域与导航交互测试" type="FAILURE">
<![CDATA[  [Mobile Chrome] › integration/integration.spec.ts:37:9 › 集成测试 › 页面组件交互 › Hero区域与导航交互测试 ───────────

    Error: Timed out 5000ms waiting for expect(locator).toBeInViewport()

    Locator: locator('#showcase')
    Expected: in viewport
    Received: viewport ratio 0
    Call log:
      - Expect "toBeInViewport" with timeout 5000ms
      - waiting for locator('#showcase')
        8 × locator resolved to <section id="showcase" class="relative py-24">…</section>
          - unexpected value "viewport ratio 0"


      51 |       const showcaseSection = page.locator('#showcase');
      52 |       if (await showcaseSection.count() > 0) {
    > 53 |         await expect(showcaseSection).toBeInViewport();
         |                                       ^
      54 |       }
      55 |       
      56 |       // 返回顶部测试
        at /Users/dahuang/CascadeProjects/earthzoomai.org/tests/integration/integration.spec.ts:53:39

    attachment #1: screenshot (image/png) ──────────────────────────────────────────────────────────
    ../test-results/integration-integration-集成测试-页面组件交互-Hero区域与导航交互测试-Mobile-Chrome/test-failed-2.png
    ────────────────────────────────────────────────────────────────────────────────────────────────

    attachment #2: screenshot (image/png) ──────────────────────────────────────────────────────────
    ../test-results/integration-integration-集成测试-页面组件交互-Hero区域与导航交互测试-Mobile-Chrome/test-failed-1.png
    ────────────────────────────────────────────────────────────────────────────────────────────────

    attachment #3: video (video/webm) ──────────────────────────────────────────────────────────────
    ../test-results/integration-integration-集成测试-页面组件交互-Hero区域与导航交互测试-Mobile-Chrome/video.webm
    ────────────────────────────────────────────────────────────────────────────────────────────────

    attachment #4: video (video/webm) ──────────────────────────────────────────────────────────────
    ../test-results/integration-integration-集成测试-页面组件交互-Hero区域与导航交互测试-Mobile-Chrome/video-1.webm
    ────────────────────────────────────────────────────────────────────────────────────────────────

    Error Context: ../test-results/integration-integration-集成测试-页面组件交互-Hero区域与导航交互测试-Mobile-Chrome/error-context.md
]]>
</failure>
<system-out>
<![CDATA[
[[ATTACHMENT|integration-integration-集成测试-页面组件交互-Hero区域与导航交互测试-Mobile-Chrome/test-failed-2.png]]

[[ATTACHMENT|integration-integration-集成测试-页面组件交互-Hero区域与导航交互测试-Mobile-Chrome/test-failed-1.png]]

[[ATTACHMENT|integration-integration-集成测试-页面组件交互-Hero区域与导航交互测试-Mobile-Chrome/video.webm]]

[[ATTACHMENT|integration-integration-集成测试-页面组件交互-Hero区域与导航交互测试-Mobile-Chrome/video-1.webm]]

[[ATTACHMENT|integration-integration-集成测试-页面组件交互-Hero区域与导航交互测试-Mobile-Chrome/error-context.md]]
]]>
</system-out>
</testcase>
<testcase name="集成测试 › 页面组件交互 › FAQ组件与页面滚动交互" classname="integration/integration.spec.ts" time="13.172">
<failure message="integration.spec.ts:65:9 FAQ组件与页面滚动交互" type="FAILURE">
<![CDATA[  [Mobile Chrome] › integration/integration.spec.ts:65:9 › 集成测试 › 页面组件交互 › FAQ组件与页面滚动交互 ────────────

    Error: Timed out 5000ms waiting for expect(locator).toBeVisible()

    Locator: locator('#faq .bg-gray-800').first().locator('.animate-fade-in')
    Expected: visible
    Received: <element(s) not found>
    Call log:
      - Expect "toBeVisible" with timeout 5000ms
      - waiting for locator('#faq .bg-gray-800').first().locator('.animate-fade-in')


      91 |           const secondAnswer = faqComponent.faqItems.nth(1).locator('.animate-fade-in');
      92 |           
    > 93 |           await expect(firstAnswer).toBeVisible();
         |                                     ^
      94 |           await expect(secondAnswer).toBeVisible();
      95 |         }
      96 |       }
        at /Users/dahuang/CascadeProjects/earthzoomai.org/tests/integration/integration.spec.ts:93:37

    attachment #1: screenshot (image/png) ──────────────────────────────────────────────────────────
    ../test-results/integration-integration-集成测试-页面组件交互-FAQ组件与页面滚动交互-Mobile-Chrome/test-failed-1.png
    ────────────────────────────────────────────────────────────────────────────────────────────────

    attachment #2: video (video/webm) ──────────────────────────────────────────────────────────────
    ../test-results/integration-integration-集成测试-页面组件交互-FAQ组件与页面滚动交互-Mobile-Chrome/video.webm
    ────────────────────────────────────────────────────────────────────────────────────────────────

    Error Context: ../test-results/integration-integration-集成测试-页面组件交互-FAQ组件与页面滚动交互-Mobile-Chrome/error-context.md
]]>
</failure>
<system-out>
<![CDATA[
[[ATTACHMENT|integration-integration-集成测试-页面组件交互-FAQ组件与页面滚动交互-Mobile-Chrome/test-failed-1.png]]

[[ATTACHMENT|integration-integration-集成测试-页面组件交互-FAQ组件与页面滚动交互-Mobile-Chrome/video.webm]]

[[ATTACHMENT|integration-integration-集成测试-页面组件交互-FAQ组件与页面滚动交互-Mobile-Chrome/error-context.md]]
]]>
</system-out>
</testcase>
<testcase name="集成测试 › 表单与反馈交互 › Newsletter订阅完整流程测试" classname="integration/integration.spec.ts" time="9.056">
</testcase>
<testcase name="集成测试 › 表单与反馈交互 › 表单验证与用户体验测试" classname="integration/integration.spec.ts" time="6.658">
</testcase>
<testcase name="集成测试 › 响应式交互测试 › 移动端导航与内容交互" classname="integration/integration.spec.ts" time="10.817">
<failure message="integration.spec.ts:198:9 移动端导航与内容交互" type="FAILURE">
<![CDATA[  [Mobile Chrome] › integration/integration.spec.ts:198:9 › 集成测试 › 响应式交互测试 › 移动端导航与内容交互 ────────────

    Error: Timed out 5000ms waiting for expect(locator).toBeVisible()

    Locator: locator('button').filter({ hasText: /M4 6h16/ })
    Expected: visible
    Received: <element(s) not found>
    Call log:
      - Expect "toBeVisible" with timeout 5000ms
      - waiting for locator('button').filter({ hasText: /M4 6h16/ })


      205 |       
      206 |       // 验证移动端菜单按钮可见
    > 207 |       await expect(navigation.mobileMenuButton).toBeVisible();
          |                                                 ^
      208 |       
      209 |       // 打开移动菜单
      210 |       await navigation.toggleMobileMenu();
        at /Users/dahuang/CascadeProjects/earthzoomai.org/tests/integration/integration.spec.ts:207:49

    attachment #1: screenshot (image/png) ──────────────────────────────────────────────────────────
    ../test-results/integration-integration-集成测试-响应式交互测试-移动端导航与内容交互-Mobile-Chrome/test-failed-1.png
    ────────────────────────────────────────────────────────────────────────────────────────────────

    attachment #2: video (video/webm) ──────────────────────────────────────────────────────────────
    ../test-results/integration-integration-集成测试-响应式交互测试-移动端导航与内容交互-Mobile-Chrome/video.webm
    ────────────────────────────────────────────────────────────────────────────────────────────────

    Error Context: ../test-results/integration-integration-集成测试-响应式交互测试-移动端导航与内容交互-Mobile-Chrome/error-context.md
]]>
</failure>
<system-out>
<![CDATA[
[[ATTACHMENT|integration-integration-集成测试-响应式交互测试-移动端导航与内容交互-Mobile-Chrome/test-failed-1.png]]

[[ATTACHMENT|integration-integration-集成测试-响应式交互测试-移动端导航与内容交互-Mobile-Chrome/video.webm]]

[[ATTACHMENT|integration-integration-集成测试-响应式交互测试-移动端导航与内容交互-Mobile-Chrome/error-context.md]]
]]>
</system-out>
</testcase>
<testcase name="集成测试 › 响应式交互测试 › 跨设备一致性测试" classname="integration/integration.spec.ts" time="10.481">
<system-out>
<![CDATA[Mobile (375x667) 测试通过
Tablet (768x1024) 测试通过
Desktop (1920x1080) 测试通过
]]>
</system-out>
</testcase>
<testcase name="集成测试 › 性能与用户体验集成 › 页面加载与交互性能测试" classname="integration/integration.spec.ts" time="4.801">
<system-out>
<![CDATA[页面加载时间: 4233ms
交互响应时间: 71ms
]]>
</system-out>
</testcase>
<testcase name="集成测试 › 性能与用户体验集成 › 滚动性能与动画流畅性测试" classname="integration/integration.spec.ts" time="16.56">
<failure message="integration.spec.ts:299:9 滚动性能与动画流畅性测试" type="FAILURE">
<![CDATA[  [Mobile Chrome] › integration/integration.spec.ts:299:9 › 集成测试 › 性能与用户体验集成 › 滚动性能与动画流畅性测试 ────────

    TimeoutError: locator.click: Timeout 10000ms exceeded.
    Call log:
      - waiting for locator('button:has-text("Features")')
        - locator resolved to <button class="font-medium transition-colors duration-200 text-gray-300 hover:text-blue-400">Features</button>
      - attempting click action
        2 × waiting for element to be visible, enabled and stable
          - element is not visible
        - retrying click action
        - waiting 20ms
        2 × waiting for element to be visible, enabled and stable
          - element is not visible
        - retrying click action
          - waiting 100ms
        18 × waiting for element to be visible, enabled and stable
           - element is not visible
         - retrying click action
           - waiting 500ms


       at fixtures/page-objects.ts:106

      104 |
      105 |   async clickNavLink(linkText: string) {
    > 106 |     await this.page.locator(`button:has-text("${linkText}")`).click();
          |                                                               ^
      107 |     await this.page.waitForTimeout(1000); // 等待滚动动画
      108 |   }
      109 |
        at NavigationComponent.clickNavLink (/Users/dahuang/CascadeProjects/earthzoomai.org/tests/fixtures/page-objects.ts:106:63)
        at /Users/dahuang/CascadeProjects/earthzoomai.org/tests/integration/integration.spec.ts:328:24

    attachment #1: screenshot (image/png) ──────────────────────────────────────────────────────────
    ../test-results/integration-integration-集成测试-性能与用户体验集成-滚动性能与动画流畅性测试-Mobile-Chrome/test-failed-1.png
    ────────────────────────────────────────────────────────────────────────────────────────────────

    attachment #2: video (video/webm) ──────────────────────────────────────────────────────────────
    ../test-results/integration-integration-集成测试-性能与用户体验集成-滚动性能与动画流畅性测试-Mobile-Chrome/video.webm
    ────────────────────────────────────────────────────────────────────────────────────────────────

    Error Context: ../test-results/integration-integration-集成测试-性能与用户体验集成-滚动性能与动画流畅性测试-Mobile-Chrome/error-context.md
]]>
</failure>
<system-out>
<![CDATA[滚动完成时间: 2011ms

[[ATTACHMENT|integration-integration-集成测试-性能与用户体验集成-滚动性能与动画流畅性测试-Mobile-Chrome/test-failed-1.png]]

[[ATTACHMENT|integration-integration-集成测试-性能与用户体验集成-滚动性能与动画流畅性测试-Mobile-Chrome/video.webm]]

[[ATTACHMENT|integration-integration-集成测试-性能与用户体验集成-滚动性能与动画流畅性测试-Mobile-Chrome/error-context.md]]
]]>
</system-out>
</testcase>
<testcase name="集成测试 › 错误处理与恢复 › 网络错误恢复测试" classname="integration/integration.spec.ts" time="8.031">
</testcase>
<testcase name="集成测试 › 错误处理与恢复 › JavaScript错误处理测试" classname="integration/integration.spec.ts" time="5.94">
<system-out>
<![CDATA[检测到 0 个JavaScript错误
]]>
</system-out>
</testcase>
<testcase name="集成测试 › 数据流与状态管理 › 页面状态持久化测试" classname="integration/integration.spec.ts" time="6.38">
</testcase>
<testcase name="集成测试 › 数据流与状态管理 › 用户交互历史测试" classname="integration/integration.spec.ts" time="14.662">
<failure message="integration.spec.ts:442:9 用户交互历史测试" type="FAILURE">
<![CDATA[  [Mobile Chrome] › integration/integration.spec.ts:442:9 › 集成测试 › 数据流与状态管理 › 用户交互历史测试 ─────────────

    TimeoutError: locator.click: Timeout 10000ms exceeded.
    Call log:
      - waiting for locator('button:has-text("Features")')
        - locator resolved to <button class="font-medium transition-colors duration-200 text-gray-300 hover:text-blue-400">Features</button>
      - attempting click action
        2 × waiting for element to be visible, enabled and stable
          - element is not visible
        - retrying click action
        - waiting 20ms
        2 × waiting for element to be visible, enabled and stable
          - element is not visible
        - retrying click action
          - waiting 100ms
        18 × waiting for element to be visible, enabled and stable
           - element is not visible
         - retrying click action
           - waiting 500ms


       at fixtures/page-objects.ts:106

      104 |
      105 |   async clickNavLink(linkText: string) {
    > 106 |     await this.page.locator(`button:has-text("${linkText}")`).click();
          |                                                               ^
      107 |     await this.page.waitForTimeout(1000); // 等待滚动动画
      108 |   }
      109 |
        at NavigationComponent.clickNavLink (/Users/dahuang/CascadeProjects/earthzoomai.org/tests/fixtures/page-objects.ts:106:63)
        at /Users/dahuang/CascadeProjects/earthzoomai.org/tests/integration/integration.spec.ts:458:28

    attachment #1: screenshot (image/png) ──────────────────────────────────────────────────────────
    ../test-results/integration-integration-集成测试-数据流与状态管理-用户交互历史测试-Mobile-Chrome/test-failed-1.png
    ────────────────────────────────────────────────────────────────────────────────────────────────

    attachment #2: video (video/webm) ──────────────────────────────────────────────────────────────
    ../test-results/integration-integration-集成测试-数据流与状态管理-用户交互历史测试-Mobile-Chrome/video.webm
    ────────────────────────────────────────────────────────────────────────────────────────────────

    Error Context: ../test-results/integration-integration-集成测试-数据流与状态管理-用户交互历史测试-Mobile-Chrome/error-context.md
]]>
</failure>
<system-out>
<![CDATA[
[[ATTACHMENT|integration-integration-集成测试-数据流与状态管理-用户交互历史测试-Mobile-Chrome/test-failed-1.png]]

[[ATTACHMENT|integration-integration-集成测试-数据流与状态管理-用户交互历史测试-Mobile-Chrome/video.webm]]

[[ATTACHMENT|integration-integration-集成测试-数据流与状态管理-用户交互历史测试-Mobile-Chrome/error-context.md]]
]]>
</system-out>
</testcase>
</testsuite>
<testsuite name="performance/performance.spec.ts" timestamp="2025-07-24T07:09:26.317Z" hostname="Mobile Chrome" tests="13" failures="6" skipped="0" time="94.257" errors="0">
<testcase name="性能测试 › 页面加载性能 › 首页加载时间测试" classname="performance/performance.spec.ts" time="9.634">
<failure message="performance.spec.ts:7:9 首页加载时间测试" type="FAILURE">
<![CDATA[  [Mobile Chrome] › performance/performance.spec.ts:7:9 › 性能测试 › 页面加载性能 › 首页加载时间测试 ─────────────────

    Error: Timed out 5000ms waiting for expect(locator).toBeVisible()

    Locator: locator('.feature-card').first()
    Expected: visible
    Received: <element(s) not found>
    Call log:
      - Expect "toBeVisible" with timeout 5000ms
      - waiting for locator('.feature-card').first()


      13 |       // 等待关键内容加载完成
      14 |       await expect(page.locator('h1')).toBeVisible();
    > 15 |       await expect(page.locator('.feature-card').first()).toBeVisible();
         |                                                           ^
      16 |       
      17 |       const loadTime = Date.now() - startTime;
      18 |       
        at /Users/dahuang/CascadeProjects/earthzoomai.org/tests/performance/performance.spec.ts:15:59

    attachment #1: screenshot (image/png) ──────────────────────────────────────────────────────────
    ../test-results/performance-performance-性能测试-页面加载性能-首页加载时间测试-Mobile-Chrome/test-failed-1.png
    ────────────────────────────────────────────────────────────────────────────────────────────────

    attachment #2: video (video/webm) ──────────────────────────────────────────────────────────────
    ../test-results/performance-performance-性能测试-页面加载性能-首页加载时间测试-Mobile-Chrome/video.webm
    ────────────────────────────────────────────────────────────────────────────────────────────────

    Error Context: ../test-results/performance-performance-性能测试-页面加载性能-首页加载时间测试-Mobile-Chrome/error-context.md
]]>
</failure>
<system-out>
<![CDATA[
[[ATTACHMENT|performance-performance-性能测试-页面加载性能-首页加载时间测试-Mobile-Chrome/test-failed-1.png]]

[[ATTACHMENT|performance-performance-性能测试-页面加载性能-首页加载时间测试-Mobile-Chrome/video.webm]]

[[ATTACHMENT|performance-performance-性能测试-页面加载性能-首页加载时间测试-Mobile-Chrome/error-context.md]]
]]>
</system-out>
</testcase>
<testcase name="性能测试 › 页面加载性能 › 资源加载性能测试" classname="performance/performance.spec.ts" time="4.619">
<failure message="performance.spec.ts:25:9 资源加载性能测试" type="FAILURE">
<![CDATA[  [Mobile Chrome] › performance/performance.spec.ts:25:9 › 性能测试 › 页面加载性能 › 资源加载性能测试 ────────────────

    Error: expect(received).toBeLessThan(expected)

    Expected: < 50
    Received:   60

      60 |       
      61 |       // 验证没有过多的请求
    > 62 |       expect(requests.length).toBeLessThan(50);
         |                               ^
      63 |       expect(imageRequests.length).toBeLessThan(20);
      64 |       
      65 |       // 验证没有失败的请求
        at /Users/dahuang/CascadeProjects/earthzoomai.org/tests/performance/performance.spec.ts:62:31

    attachment #1: screenshot (image/png) ──────────────────────────────────────────────────────────
    ../test-results/performance-performance-性能测试-页面加载性能-资源加载性能测试-Mobile-Chrome/test-failed-1.png
    ────────────────────────────────────────────────────────────────────────────────────────────────

    attachment #2: video (video/webm) ──────────────────────────────────────────────────────────────
    ../test-results/performance-performance-性能测试-页面加载性能-资源加载性能测试-Mobile-Chrome/video.webm
    ────────────────────────────────────────────────────────────────────────────────────────────────

    Error Context: ../test-results/performance-performance-性能测试-页面加载性能-资源加载性能测试-Mobile-Chrome/error-context.md
]]>
</failure>
<system-out>
<![CDATA[总请求数: 60
图片请求数: 11
脚本请求数: 39
样式表请求数: 0

[[ATTACHMENT|performance-performance-性能测试-页面加载性能-资源加载性能测试-Mobile-Chrome/test-failed-1.png]]

[[ATTACHMENT|performance-performance-性能测试-页面加载性能-资源加载性能测试-Mobile-Chrome/video.webm]]

[[ATTACHMENT|performance-performance-性能测试-页面加载性能-资源加载性能测试-Mobile-Chrome/error-context.md]]
]]>
</system-out>
</testcase>
<testcase name="性能测试 › 页面加载性能 › 图片加载优化测试" classname="performance/performance.spec.ts" time="4.656">
</testcase>
<testcase name="性能测试 › 运行时性能 › 滚动性能测试" classname="performance/performance.spec.ts" time="9.528">
<failure message="performance.spec.ts:99:9 滚动性能测试" type="FAILURE">
<![CDATA[  [Mobile Chrome] › performance/performance.spec.ts:99:9 › 性能测试 › 运行时性能 › 滚动性能测试 ───────────────────

    Error: expect(received).toBeLessThan(expected)

    Expected: < 3000
    Received:   5072

      126 |       
      127 |       // 验证滚动性能
    > 128 |       expect(scrollTime).toBeLessThan(3000);
          |                          ^
      129 |     });
      130 |     
      131 |     test('动画性能测试', async ({ page }) => {
        at /Users/dahuang/CascadeProjects/earthzoomai.org/tests/performance/performance.spec.ts:128:26

    attachment #1: screenshot (image/png) ──────────────────────────────────────────────────────────
    ../test-results/performance-performance-性能测试-运行时性能-滚动性能测试-Mobile-Chrome/test-failed-1.png
    ────────────────────────────────────────────────────────────────────────────────────────────────

    attachment #2: video (video/webm) ──────────────────────────────────────────────────────────────
    ../test-results/performance-performance-性能测试-运行时性能-滚动性能测试-Mobile-Chrome/video.webm
    ────────────────────────────────────────────────────────────────────────────────────────────────

    Error Context: ../test-results/performance-performance-性能测试-运行时性能-滚动性能测试-Mobile-Chrome/error-context.md
]]>
</failure>
<system-out>
<![CDATA[滚动时间: 5072ms

[[ATTACHMENT|performance-performance-性能测试-运行时性能-滚动性能测试-Mobile-Chrome/test-failed-1.png]]

[[ATTACHMENT|performance-performance-性能测试-运行时性能-滚动性能测试-Mobile-Chrome/video.webm]]

[[ATTACHMENT|performance-performance-性能测试-运行时性能-滚动性能测试-Mobile-Chrome/error-context.md]]
]]>
</system-out>
</testcase>
<testcase name="性能测试 › 运行时性能 › 动画性能测试" classname="performance/performance.spec.ts" time="5.056">
<system-out>
<![CDATA[动画时间: 591ms
]]>
</system-out>
</testcase>
<testcase name="性能测试 › 运行时性能 › 内存使用测试" classname="performance/performance.spec.ts" time="5.871">
<failure message="performance.spec.ts:152:9 内存使用测试" type="FAILURE">
<![CDATA[  [Mobile Chrome] › performance/performance.spec.ts:152:9 › 性能测试 › 运行时性能 › 内存使用测试 ──────────────────

    Error: locator.click: Error: strict mode violation: locator('text="Features"') resolved to 2 elements:
        1) <button class="font-medium transition-colors duration-200 text-gray-300 hover:text-blue-400">Features</button> aka getByRole('banner').getByText('Features')
        2) <a href="#features" class="text-gray-300 hover:text-white transition-colors">Features</a> aka getByRole('link', { name: 'Features' })

    Call log:
      - waiting for locator('text="Features"')


      166 |         
      167 |         // 执行一些交互操作
    > 168 |         await page.locator('text="Features"').click();
          |                                               ^
      169 |         await page.waitForTimeout(1000);
      170 |         
      171 |         await page.locator('text="Showcase"').click();
        at /Users/dahuang/CascadeProjects/earthzoomai.org/tests/performance/performance.spec.ts:168:47

    attachment #1: screenshot (image/png) ──────────────────────────────────────────────────────────
    ../test-results/performance-performance-性能测试-运行时性能-内存使用测试-Mobile-Chrome/test-failed-1.png
    ────────────────────────────────────────────────────────────────────────────────────────────────

    attachment #2: video (video/webm) ──────────────────────────────────────────────────────────────
    ../test-results/performance-performance-性能测试-运行时性能-内存使用测试-Mobile-Chrome/video.webm
    ────────────────────────────────────────────────────────────────────────────────────────────────

    Error Context: ../test-results/performance-performance-性能测试-运行时性能-内存使用测试-Mobile-Chrome/error-context.md
]]>
</failure>
<system-out>
<![CDATA[初始内存使用: 21MB

[[ATTACHMENT|performance-performance-性能测试-运行时性能-内存使用测试-Mobile-Chrome/test-failed-1.png]]

[[ATTACHMENT|performance-performance-性能测试-运行时性能-内存使用测试-Mobile-Chrome/video.webm]]

[[ATTACHMENT|performance-performance-性能测试-运行时性能-内存使用测试-Mobile-Chrome/error-context.md]]
]]>
</system-out>
</testcase>
<testcase name="性能测试 › 网络性能 › 慢网络条件下的性能" classname="performance/performance.spec.ts" time="6.474">
<system-out>
<![CDATA[慢网络加载时间: 6034ms
]]>
</system-out>
</testcase>
<testcase name="性能测试 › 网络性能 › 缓存性能测试" classname="performance/performance.spec.ts" time="4.868">
<system-out>
<![CDATA[首次加载时间: 4180ms
缓存加载时间: 198ms
]]>
</system-out>
</testcase>
<testcase name="性能测试 › 移动端性能 › 移动设备性能测试" classname="performance/performance.spec.ts" time="4.555">
<failure message="performance.spec.ts:245:9 移动设备性能测试" type="FAILURE">
<![CDATA[  [Mobile Chrome] › performance/performance.spec.ts:245:9 › 性能测试 › 移动端性能 › 移动设备性能测试 ────────────────

    Error: expect(received).toBeLessThan(expected)

    Expected: < 3000
    Received:   4109

      260 |       
      261 |       // 移动端加载时间应该在合理范围内
    > 262 |       expect(loadTime).toBeLessThan(testData.performanceBenchmarks.maxLoadTime);
          |                        ^
      263 |     });
      264 |     
      265 |     test('触摸交互性能测试', async ({ page }) => {
        at /Users/dahuang/CascadeProjects/earthzoomai.org/tests/performance/performance.spec.ts:262:24

    attachment #1: screenshot (image/png) ──────────────────────────────────────────────────────────
    ../test-results/performance-performance-性能测试-移动端性能-移动设备性能测试-Mobile-Chrome/test-failed-1.png
    ────────────────────────────────────────────────────────────────────────────────────────────────

    attachment #2: video (video/webm) ──────────────────────────────────────────────────────────────
    ../test-results/performance-performance-性能测试-移动端性能-移动设备性能测试-Mobile-Chrome/video.webm
    ────────────────────────────────────────────────────────────────────────────────────────────────

    Error Context: ../test-results/performance-performance-性能测试-移动端性能-移动设备性能测试-Mobile-Chrome/error-context.md
]]>
</failure>
<system-out>
<![CDATA[移动端加载时间: 4109ms

[[ATTACHMENT|performance-performance-性能测试-移动端性能-移动设备性能测试-Mobile-Chrome/test-failed-1.png]]

[[ATTACHMENT|performance-performance-性能测试-移动端性能-移动设备性能测试-Mobile-Chrome/video.webm]]

[[ATTACHMENT|performance-performance-性能测试-移动端性能-移动设备性能测试-Mobile-Chrome/error-context.md]]
]]>
</system-out>
</testcase>
<testcase name="性能测试 › 移动端性能 › 触摸交互性能测试" classname="performance/performance.spec.ts" time="5.097">
<system-out>
<![CDATA[移动菜单响应时间: 429ms
]]>
</system-out>
</testcase>
<testcase name="性能测试 › Core Web Vitals › Largest Contentful Paint (LCP)" classname="performance/performance.spec.ts" time="9.547">
</testcase>
<testcase name="性能测试 › Core Web Vitals › First Input Delay (FID) 模拟" classname="performance/performance.spec.ts" time="14.58">
<failure message="performance.spec.ts:316:9 First Input Delay (FID) 模拟" type="FAILURE">
<![CDATA[  [Mobile Chrome] › performance/performance.spec.ts:316:9 › 性能测试 › Core Web Vitals › First Input Delay (FID) 模拟 

    TimeoutError: locator.click: Timeout 10000ms exceeded.
    Call log:
      - waiting for locator('text="Try Now"')
        - locator resolved to <a target="_blank" rel="noopener noreferrer" href="https://pollo.ai?ref=ytayndd" class="bg-blue-600 hover:bg-blue-700 text-white px-6 py-2 rounded-lg font-semibold transition-all duration-300 transform hover:scale-105">Try Now</a>
      - attempting click action
        2 × waiting for element to be visible, enabled and stable
          - element is not visible
        - retrying click action
        - waiting 20ms
        2 × waiting for element to be visible, enabled and stable
          - element is not visible
        - retrying click action
          - waiting 100ms
        19 × waiting for element to be visible, enabled and stable
           - element is not visible
         - retrying click action
           - waiting 500ms


      323 |       // 模拟用户首次交互
      324 |       const startTime = Date.now();
    > 325 |       await page.locator('text="Try Now"').click();
          |                                            ^
      326 |       const responseTime = Date.now() - startTime;
      327 |       
      328 |       console.log(`首次交互延迟: ${responseTime}ms`);
        at /Users/dahuang/CascadeProjects/earthzoomai.org/tests/performance/performance.spec.ts:325:44

    attachment #1: screenshot (image/png) ──────────────────────────────────────────────────────────
    ../test-results/performance-performance-性能-e759a-ls-First-Input-Delay-FID-模拟-Mobile-Chrome/test-failed-1.png
    ────────────────────────────────────────────────────────────────────────────────────────────────

    attachment #2: video (video/webm) ──────────────────────────────────────────────────────────────
    ../test-results/performance-performance-性能-e759a-ls-First-Input-Delay-FID-模拟-Mobile-Chrome/video.webm
    ────────────────────────────────────────────────────────────────────────────────────────────────

    Error Context: ../test-results/performance-performance-性能-e759a-ls-First-Input-Delay-FID-模拟-Mobile-Chrome/error-context.md
]]>
</failure>
<system-out>
<![CDATA[
[[ATTACHMENT|performance-performance-性能-e759a-ls-First-Input-Delay-FID-模拟-Mobile-Chrome/test-failed-1.png]]

[[ATTACHMENT|performance-performance-性能-e759a-ls-First-Input-Delay-FID-模拟-Mobile-Chrome/video.webm]]

[[ATTACHMENT|performance-performance-性能-e759a-ls-First-Input-Delay-FID-模拟-Mobile-Chrome/error-context.md]]
]]>
</system-out>
</testcase>
<testcase name="性能测试 › Core Web Vitals › Cumulative Layout Shift (CLS) 检测" classname="performance/performance.spec.ts" time="9.772">
<system-out>
<![CDATA[CLS: 0
]]>
</system-out>
</testcase>
</testsuite>
<testsuite name="seo/seo.spec.ts" timestamp="2025-07-24T07:09:26.317Z" hostname="Mobile Chrome" tests="18" failures="6" skipped="0" time="90.423" errors="0">
<testcase name="SEO测试 › 基础SEO元素 › 页面标题测试" classname="seo/seo.spec.ts" time="4.767">
<failure message="seo.spec.ts:7:9 页面标题测试" type="FAILURE">
<![CDATA[  [Mobile Chrome] › seo/seo.spec.ts:7:9 › SEO测试 › 基础SEO元素 › 页面标题测试 ─────────────────────────────────

    Error: expect(received).toBeLessThan(expected)

    Expected: < 60
    Received:   64

      13 |       expect(title).toContain(testData.seoData.expectedTitle);
      14 |       expect(title.length).toBeGreaterThan(10);
    > 15 |       expect(title.length).toBeLessThan(60); // SEO最佳实践
         |                            ^
      16 |       
      17 |       console.log(`页面标题: ${title}`);
      18 |     });
        at /Users/dahuang/CascadeProjects/earthzoomai.org/tests/seo/seo.spec.ts:15:28

    attachment #1: screenshot (image/png) ──────────────────────────────────────────────────────────
    ../test-results/seo-seo-SEO测试-基础SEO元素-页面标题测试-Mobile-Chrome/test-failed-1.png
    ────────────────────────────────────────────────────────────────────────────────────────────────

    attachment #2: video (video/webm) ──────────────────────────────────────────────────────────────
    ../test-results/seo-seo-SEO测试-基础SEO元素-页面标题测试-Mobile-Chrome/video.webm
    ────────────────────────────────────────────────────────────────────────────────────────────────

    Error Context: ../test-results/seo-seo-SEO测试-基础SEO元素-页面标题测试-Mobile-Chrome/error-context.md
]]>
</failure>
<system-out>
<![CDATA[
[[ATTACHMENT|seo-seo-SEO测试-基础SEO元素-页面标题测试-Mobile-Chrome/test-failed-1.png]]

[[ATTACHMENT|seo-seo-SEO测试-基础SEO元素-页面标题测试-Mobile-Chrome/video.webm]]

[[ATTACHMENT|seo-seo-SEO测试-基础SEO元素-页面标题测试-Mobile-Chrome/error-context.md]]
]]>
</system-out>
</testcase>
<testcase name="SEO测试 › 基础SEO元素 › Meta描述测试" classname="seo/seo.spec.ts" time="4.699">
<failure message="seo.spec.ts:20:9 Meta描述测试" type="FAILURE">
<![CDATA[  [Mobile Chrome] › seo/seo.spec.ts:20:9 › SEO测试 › 基础SEO元素 › Meta描述测试 ──────────────────────────────

    Error: expect(received).toBeLessThan(expected)

    Expected: < 160
    Received:   176

      26 |       expect(metaDescription).toBeTruthy();
      27 |       expect(metaDescription!.length).toBeGreaterThan(50);
    > 28 |       expect(metaDescription!.length).toBeLessThan(160); // SEO最佳实践
         |                                       ^
      29 |       expect(metaDescription).toMatch(testData.seoData.expectedDescription);
      30 |       
      31 |       console.log(`Meta描述: ${metaDescription}`);
        at /Users/dahuang/CascadeProjects/earthzoomai.org/tests/seo/seo.spec.ts:28:39

    attachment #1: screenshot (image/png) ──────────────────────────────────────────────────────────
    ../test-results/seo-seo-SEO测试-基础SEO元素-Meta描述测试-Mobile-Chrome/test-failed-1.png
    ────────────────────────────────────────────────────────────────────────────────────────────────

    attachment #2: video (video/webm) ──────────────────────────────────────────────────────────────
    ../test-results/seo-seo-SEO测试-基础SEO元素-Meta描述测试-Mobile-Chrome/video.webm
    ────────────────────────────────────────────────────────────────────────────────────────────────

    Error Context: ../test-results/seo-seo-SEO测试-基础SEO元素-Meta描述测试-Mobile-Chrome/error-context.md
]]>
</failure>
<system-out>
<![CDATA[
[[ATTACHMENT|seo-seo-SEO测试-基础SEO元素-Meta描述测试-Mobile-Chrome/test-failed-1.png]]

[[ATTACHMENT|seo-seo-SEO测试-基础SEO元素-Meta描述测试-Mobile-Chrome/video.webm]]

[[ATTACHMENT|seo-seo-SEO测试-基础SEO元素-Meta描述测试-Mobile-Chrome/error-context.md]]
]]>
</system-out>
</testcase>
<testcase name="SEO测试 › 基础SEO元素 › Meta关键词测试" classname="seo/seo.spec.ts" time="4.802">
<system-out>
<![CDATA[Meta关键词: ZOOM EARTH AI, earth zoom, AI video generation, geographic visualization, satellite imagery, earth observation
]]>
</system-out>
</testcase>
<testcase name="SEO测试 › 基础SEO元素 › Canonical URL测试" classname="seo/seo.spec.ts" time="8.365">
<system-out>
<![CDATA[Canonical URL: http://localhost:3001/
]]>
</system-out>
</testcase>
<testcase name="SEO测试 › Open Graph标签 › OG基础标签测试" classname="seo/seo.spec.ts" time="4.916">
<system-out>
<![CDATA[Open Graph标签验证通过
]]>
</system-out>
</testcase>
<testcase name="SEO测试 › Open Graph标签 › Twitter Card标签测试" classname="seo/seo.spec.ts" time="4.78">
<system-out>
<![CDATA[Twitter Card标签验证通过
]]>
</system-out>
</testcase>
<testcase name="SEO测试 › 结构化数据 › JSON-LD结构化数据测试" classname="seo/seo.spec.ts" time="4.754">
<system-out>
<![CDATA[结构化数据 1: WebApplication
结构化数据 2: Organization
结构化数据 3: FAQPage
结构化数据 4: FAQPage
]]>
</system-out>
</testcase>
<testcase name="SEO测试 › 结构化数据 › FAQ结构化数据测试" classname="seo/seo.spec.ts" time="5.529">
<system-out>
<![CDATA[FAQ结构化数据包含 6 个问题
]]>
</system-out>
</testcase>
<testcase name="SEO测试 › 结构化数据 › Organization结构化数据测试" classname="seo/seo.spec.ts" time="4.683">
<failure message="seo.spec.ts:195:9 Organization结构化数据测试" type="FAILURE">
<![CDATA[  [Mobile Chrome] › seo/seo.spec.ts:195:9 › SEO测试 › 结构化数据 › Organization结构化数据测试 ────────────────────

    Error: expect(received).toBe(expected) // Object.is equality

    Expected: "Organization"
    Received: "WebApplication"

      207 |           
      208 |           const orgData = JSON.parse(content);
    > 209 |           expect(orgData['@type']).toBe('Organization');
          |                                    ^
      210 |           expect(orgData.name).toBeTruthy();
      211 |           expect(orgData.url).toBeTruthy();
      212 |           
        at /Users/dahuang/CascadeProjects/earthzoomai.org/tests/seo/seo.spec.ts:209:36

    attachment #1: screenshot (image/png) ──────────────────────────────────────────────────────────
    ../test-results/seo-seo-SEO测试-结构化数据-Organization结构化数据测试-Mobile-Chrome/test-failed-1.png
    ────────────────────────────────────────────────────────────────────────────────────────────────

    attachment #2: video (video/webm) ──────────────────────────────────────────────────────────────
    ../test-results/seo-seo-SEO测试-结构化数据-Organization结构化数据测试-Mobile-Chrome/video.webm
    ────────────────────────────────────────────────────────────────────────────────────────────────

    Error Context: ../test-results/seo-seo-SEO测试-结构化数据-Organization结构化数据测试-Mobile-Chrome/error-context.md
]]>
</failure>
<system-out>
<![CDATA[
[[ATTACHMENT|seo-seo-SEO测试-结构化数据-Organization结构化数据测试-Mobile-Chrome/test-failed-1.png]]

[[ATTACHMENT|seo-seo-SEO测试-结构化数据-Organization结构化数据测试-Mobile-Chrome/video.webm]]

[[ATTACHMENT|seo-seo-SEO测试-结构化数据-Organization结构化数据测试-Mobile-Chrome/error-context.md]]
]]>
</system-out>
</testcase>
<testcase name="SEO测试 › HTML语义化 › 标题层级测试" classname="seo/seo.spec.ts" time="4.776">
<system-out>
<![CDATA[标题层级: 1, 2, 3, 3, 3, 2, 3, 3, 3, 3, 3, 3, 2, 3, 3, 3, 3, 3, 3, 2, 3, 3, 3, 3, 3, 3, 2, 3, 3, 3, 3
]]>
</system-out>
</testcase>
<testcase name="SEO测试 › HTML语义化 › 语义化标签测试" classname="seo/seo.spec.ts" time="4.943">
<system-out>
<![CDATA[语义化标签验证通过: 6个section, 1个nav
]]>
</system-out>
</testcase>
<testcase name="SEO测试 › HTML语义化 › 图片Alt属性测试" classname="seo/seo.spec.ts" time="4.857">
<system-out>
<![CDATA[图片 1: /favicon.ico - Alt: ZOOM EARTH AI Logo
图片 2: /images/showcase/landmark-transition.webp - Alt: Landmark Transition - From street view to satellite perspective
图片 3: /images/showcase/creative-effects.webp - Alt: Creative Effects - Artistic zoom sequences with style
图片 4: /images/showcase/advanced-features.webp - Alt: Advanced Features - Professional-grade zoom capabilities
所有 4 张图片都有有效的Alt属性
]]>
</system-out>
</testcase>
<testcase name="SEO测试 › HTML语义化 › 链接可访问性测试" classname="seo/seo.spec.ts" time="4.739">
<failure message="seo.spec.ts:299:9 链接可访问性测试" type="FAILURE">
<![CDATA[  [Mobile Chrome] › seo/seo.spec.ts:299:9 › SEO测试 › HTML语义化 › 链接可访问性测试 ─────────────────────────────

    Error: expect(received).toBeTruthy()

    Received: null

      313 |         // 验证链接有有效的文本或aria-label
      314 |         const hasValidText = (text && text.trim().length > 0) || (ariaLabel && ariaLabel.length > 0);
    > 315 |         expect(hasValidText).toBeTruthy();
          |                              ^
      316 |         
      317 |         // 如果是外部链接，验证target和rel属性
      318 |         if (href && (href.startsWith('http') || href.startsWith('//'))) {
        at /Users/dahuang/CascadeProjects/earthzoomai.org/tests/seo/seo.spec.ts:315:30

    attachment #1: screenshot (image/png) ──────────────────────────────────────────────────────────
    ../test-results/seo-seo-SEO测试-HTML语义化-链接可访问性测试-Mobile-Chrome/test-failed-1.png
    ────────────────────────────────────────────────────────────────────────────────────────────────

    attachment #2: video (video/webm) ──────────────────────────────────────────────────────────────
    ../test-results/seo-seo-SEO测试-HTML语义化-链接可访问性测试-Mobile-Chrome/video.webm
    ────────────────────────────────────────────────────────────────────────────────────────────────

    Error Context: ../test-results/seo-seo-SEO测试-HTML语义化-链接可访问性测试-Mobile-Chrome/error-context.md
]]>
</failure>
<system-out>
<![CDATA[
[[ATTACHMENT|seo-seo-SEO测试-HTML语义化-链接可访问性测试-Mobile-Chrome/test-failed-1.png]]

[[ATTACHMENT|seo-seo-SEO测试-HTML语义化-链接可访问性测试-Mobile-Chrome/video.webm]]

[[ATTACHMENT|seo-seo-SEO测试-HTML语义化-链接可访问性测试-Mobile-Chrome/error-context.md]]
]]>
</system-out>
</testcase>
<testcase name="SEO测试 › 页面性能SEO › 页面加载速度SEO测试" classname="seo/seo.spec.ts" time="4.737">
<failure message="seo.spec.ts:333:9 页面加载速度SEO测试" type="FAILURE">
<![CDATA[  [Mobile Chrome] › seo/seo.spec.ts:333:9 › SEO测试 › 页面性能SEO › 页面加载速度SEO测试 ──────────────────────────

    Error: expect(received).toBeLessThan(expected)

    Expected: < 3000
    Received:   4230

      343 |       
      344 |       // 页面加载时间对SEO很重要
    > 345 |       expect(loadTime).toBeLessThan(3000);
          |                        ^
      346 |       
      347 |       console.log(`页面加载时间: ${loadTime}ms (SEO友好)`);
      348 |     });
        at /Users/dahuang/CascadeProjects/earthzoomai.org/tests/seo/seo.spec.ts:345:24

    attachment #1: screenshot (image/png) ──────────────────────────────────────────────────────────
    ../test-results/seo-seo-SEO测试-页面性能SEO-页面加载速度SEO测试-Mobile-Chrome/test-failed-1.png
    ────────────────────────────────────────────────────────────────────────────────────────────────

    attachment #2: video (video/webm) ──────────────────────────────────────────────────────────────
    ../test-results/seo-seo-SEO测试-页面性能SEO-页面加载速度SEO测试-Mobile-Chrome/video.webm
    ────────────────────────────────────────────────────────────────────────────────────────────────

    Error Context: ../test-results/seo-seo-SEO测试-页面性能SEO-页面加载速度SEO测试-Mobile-Chrome/error-context.md
]]>
</failure>
<system-out>
<![CDATA[
[[ATTACHMENT|seo-seo-SEO测试-页面性能SEO-页面加载速度SEO测试-Mobile-Chrome/test-failed-1.png]]

[[ATTACHMENT|seo-seo-SEO测试-页面性能SEO-页面加载速度SEO测试-Mobile-Chrome/video.webm]]

[[ATTACHMENT|seo-seo-SEO测试-页面性能SEO-页面加载速度SEO测试-Mobile-Chrome/error-context.md]]
]]>
</system-out>
</testcase>
<testcase name="SEO测试 › 页面性能SEO › 移动端友好性测试" classname="seo/seo.spec.ts" time="4.703">
<system-out>
<![CDATA[移动端友好性验证通过，H1字体大小: 72px
]]>
</system-out>
</testcase>
<testcase name="SEO测试 › 页面性能SEO › HTTPS和安全性测试" classname="seo/seo.spec.ts" time="4.862">
<failure message="seo.spec.ts:378:9 HTTPS和安全性测试" type="FAILURE">
<![CDATA[  [Mobile Chrome] › seo/seo.spec.ts:378:9 › SEO测试 › 页面性能SEO › HTTPS和安全性测试 ──────────────────────────

    Error: expect(received).toMatch(expected)

    Expected pattern: /^https:/
    Received string:  "http://localhost:3001/"

      382 |       // 验证页面使用HTTPS
      383 |       const url = page.url();
    > 384 |       expect(url).toMatch(/^https:/);
          |                   ^
      385 |       
      386 |       // 验证没有混合内容警告
      387 |       const mixedContentWarnings: string[] = [];
        at /Users/dahuang/CascadeProjects/earthzoomai.org/tests/seo/seo.spec.ts:384:19

    attachment #1: screenshot (image/png) ──────────────────────────────────────────────────────────
    ../test-results/seo-seo-SEO测试-页面性能SEO-HTTPS和安全性测试-Mobile-Chrome/test-failed-1.png
    ────────────────────────────────────────────────────────────────────────────────────────────────

    attachment #2: video (video/webm) ──────────────────────────────────────────────────────────────
    ../test-results/seo-seo-SEO测试-页面性能SEO-HTTPS和安全性测试-Mobile-Chrome/video.webm
    ────────────────────────────────────────────────────────────────────────────────────────────────

    Error Context: ../test-results/seo-seo-SEO测试-页面性能SEO-HTTPS和安全性测试-Mobile-Chrome/error-context.md
]]>
</failure>
<system-out>
<![CDATA[
[[ATTACHMENT|seo-seo-SEO测试-页面性能SEO-HTTPS和安全性测试-Mobile-Chrome/test-failed-1.png]]

[[ATTACHMENT|seo-seo-SEO测试-页面性能SEO-HTTPS和安全性测试-Mobile-Chrome/video.webm]]

[[ATTACHMENT|seo-seo-SEO测试-页面性能SEO-HTTPS和安全性测试-Mobile-Chrome/error-context.md]]
]]>
</system-out>
</testcase>
<testcase name="SEO测试 › 内容SEO › 内容质量测试" classname="seo/seo.spec.ts" time="4.791">
<system-out>
<![CDATA[内容词数: 595
关键词分布: [
  { keyword: [32m'zoom'[39m, count: [33m28[39m },
  { keyword: [32m'earth'[39m, count: [33m22[39m },
  { keyword: [32m'ai'[39m, count: [33m34[39m },
  { keyword: [32m'satellite'[39m, count: [33m4[39m },
  { keyword: [32m'video'[39m, count: [33m6[39m },
  { keyword: [32m'generation'[39m, count: [33m1[39m }
]
]]>
</system-out>
</testcase>
<testcase name="SEO测试 › 内容SEO › 内部链接结构测试" classname="seo/seo.spec.ts" time="4.72">
<system-out>
<![CDATA[内部链接数量: 12, 锚点链接: 4
]]>
</system-out>
</testcase>
</testsuite>
<testsuite name="visual/visual-regression.spec.ts" timestamp="2025-07-24T07:09:26.317Z" hostname="Mobile Chrome" tests="28" failures="26" skipped="2" time="211.706" errors="0">
<testcase name="视觉回归测试 › 页面截图对比 › 首页完整截图" classname="visual/visual-regression.spec.ts" time="8.081">
<failure message="visual-regression.spec.ts:7:9 首页完整截图" type="FAILURE">
<![CDATA[  [Mobile Chrome] › visual/visual-regression.spec.ts:7:9 › 视觉回归测试 › 页面截图对比 › 首页完整截图 ────────────────

    Error: A snapshot doesn't exist at /Users/dahuang/CascadeProjects/earthzoomai.org/tests/visual/visual-regression.spec.ts-snapshots/homepage-full-Mobile-Chrome-darwin.png, writing actual.

      25 |       
      26 |       // 全页面截图
    > 27 |       await expect(page).toHaveScreenshot('homepage-full.png', {
         |       ^
      28 |         fullPage: true,
      29 |         animations: 'disabled'
      30 |       });
        at /Users/dahuang/CascadeProjects/earthzoomai.org/tests/visual/visual-regression.spec.ts:27:7

    attachment #1: homepage-full (image/png) ───────────────────────────────────────────────────────
    Expected: visual/visual-regression.spec.ts-snapshots/homepage-full-Mobile-Chrome-darwin.png
    Received: ../test-results/visual-visual-regression-视觉回归测试-页面截图对比-首页完整截图-Mobile-Chrome/homepage-full-actual.png
    ────────────────────────────────────────────────────────────────────────────────────────────────

    attachment #2: screenshot (image/png) ──────────────────────────────────────────────────────────
    ../test-results/visual-visual-regression-视觉回归测试-页面截图对比-首页完整截图-Mobile-Chrome/test-failed-1.png
    ────────────────────────────────────────────────────────────────────────────────────────────────

    attachment #3: video (video/webm) ──────────────────────────────────────────────────────────────
    ../test-results/visual-visual-regression-视觉回归测试-页面截图对比-首页完整截图-Mobile-Chrome/video.webm
    ────────────────────────────────────────────────────────────────────────────────────────────────

    Error Context: ../test-results/visual-visual-regression-视觉回归测试-页面截图对比-首页完整截图-Mobile-Chrome/error-context.md
]]>
</failure>
<system-out>
<![CDATA[
[[ATTACHMENT|../tests/visual/visual-regression.spec.ts-snapshots/homepage-full-Mobile-Chrome-darwin.png]]

[[ATTACHMENT|visual-visual-regression-视觉回归测试-页面截图对比-首页完整截图-Mobile-Chrome/homepage-full-actual.png]]

[[ATTACHMENT|visual-visual-regression-视觉回归测试-页面截图对比-首页完整截图-Mobile-Chrome/test-failed-1.png]]

[[ATTACHMENT|visual-visual-regression-视觉回归测试-页面截图对比-首页完整截图-Mobile-Chrome/video.webm]]

[[ATTACHMENT|visual-visual-regression-视觉回归测试-页面截图对比-首页完整截图-Mobile-Chrome/error-context.md]]
]]>
</system-out>
</testcase>
<testcase name="视觉回归测试 › 页面截图对比 › 首页Hero区域截图" classname="visual/visual-regression.spec.ts" time="6.681">
<failure message="visual-regression.spec.ts:33:9 首页Hero区域截图" type="FAILURE">
<![CDATA[  [Mobile Chrome] › visual/visual-regression.spec.ts:33:9 › 视觉回归测试 › 页面截图对比 › 首页Hero区域截图 ───────────

    Error: A snapshot doesn't exist at /Users/dahuang/CascadeProjects/earthzoomai.org/tests/visual/visual-regression.spec.ts-snapshots/hero-section-Mobile-Chrome-darwin.png, writing actual.

      40 |       // Hero区域截图
      41 |       const heroSection = page.locator('section').first();
    > 42 |       await expect(heroSection).toHaveScreenshot('hero-section.png', {
         |       ^
      43 |         animations: 'disabled'
      44 |       });
      45 |     });
        at /Users/dahuang/CascadeProjects/earthzoomai.org/tests/visual/visual-regression.spec.ts:42:7

    attachment #1: hero-section (image/png) ────────────────────────────────────────────────────────
    Expected: visual/visual-regression.spec.ts-snapshots/hero-section-Mobile-Chrome-darwin.png
    Received: ../test-results/visual-visual-regression-视觉回归测试-页面截图对比-首页Hero区域截图-Mobile-Chrome/hero-section-actual.png
    ────────────────────────────────────────────────────────────────────────────────────────────────

    attachment #2: screenshot (image/png) ──────────────────────────────────────────────────────────
    ../test-results/visual-visual-regression-视觉回归测试-页面截图对比-首页Hero区域截图-Mobile-Chrome/test-failed-1.png
    ────────────────────────────────────────────────────────────────────────────────────────────────

    attachment #3: video (video/webm) ──────────────────────────────────────────────────────────────
    ../test-results/visual-visual-regression-视觉回归测试-页面截图对比-首页Hero区域截图-Mobile-Chrome/video.webm
    ────────────────────────────────────────────────────────────────────────────────────────────────

    Error Context: ../test-results/visual-visual-regression-视觉回归测试-页面截图对比-首页Hero区域截图-Mobile-Chrome/error-context.md
]]>
</failure>
<system-out>
<![CDATA[
[[ATTACHMENT|../tests/visual/visual-regression.spec.ts-snapshots/hero-section-Mobile-Chrome-darwin.png]]

[[ATTACHMENT|visual-visual-regression-视觉回归测试-页面截图对比-首页Hero区域截图-Mobile-Chrome/hero-section-actual.png]]

[[ATTACHMENT|visual-visual-regression-视觉回归测试-页面截图对比-首页Hero区域截图-Mobile-Chrome/test-failed-1.png]]

[[ATTACHMENT|visual-visual-regression-视觉回归测试-页面截图对比-首页Hero区域截图-Mobile-Chrome/video.webm]]

[[ATTACHMENT|visual-visual-regression-视觉回归测试-页面截图对比-首页Hero区域截图-Mobile-Chrome/error-context.md]]
]]>
</system-out>
</testcase>
<testcase name="视觉回归测试 › 页面截图对比 › 导航栏截图" classname="visual/visual-regression.spec.ts" time="5.021">
<failure message="visual-regression.spec.ts:47:9 导航栏截图" type="FAILURE">
<![CDATA[  [Mobile Chrome] › visual/visual-regression.spec.ts:47:9 › 视觉回归测试 › 页面截图对比 › 导航栏截图 ────────────────

    Error: A snapshot doesn't exist at /Users/dahuang/CascadeProjects/earthzoomai.org/tests/visual/visual-regression.spec.ts-snapshots/navigation-header-Mobile-Chrome-darwin.png, writing actual.

      52 |       
      53 |       // 导航栏截图
    > 54 |       await expect(navigation.header).toHaveScreenshot('navigation-header.png', {
         |       ^
      55 |         animations: 'disabled'
      56 |       });
      57 |     });
        at /Users/dahuang/CascadeProjects/earthzoomai.org/tests/visual/visual-regression.spec.ts:54:7

    attachment #1: navigation-header (image/png) ───────────────────────────────────────────────────
    Expected: visual/visual-regression.spec.ts-snapshots/navigation-header-Mobile-Chrome-darwin.png
    Received: ../test-results/visual-visual-regression-视觉回归测试-页面截图对比-导航栏截图-Mobile-Chrome/navigation-header-actual.png
    ────────────────────────────────────────────────────────────────────────────────────────────────

    attachment #2: screenshot (image/png) ──────────────────────────────────────────────────────────
    ../test-results/visual-visual-regression-视觉回归测试-页面截图对比-导航栏截图-Mobile-Chrome/test-failed-1.png
    ────────────────────────────────────────────────────────────────────────────────────────────────

    attachment #3: video (video/webm) ──────────────────────────────────────────────────────────────
    ../test-results/visual-visual-regression-视觉回归测试-页面截图对比-导航栏截图-Mobile-Chrome/video.webm
    ────────────────────────────────────────────────────────────────────────────────────────────────

    Error Context: ../test-results/visual-visual-regression-视觉回归测试-页面截图对比-导航栏截图-Mobile-Chrome/error-context.md
]]>
</failure>
<system-out>
<![CDATA[
[[ATTACHMENT|../tests/visual/visual-regression.spec.ts-snapshots/navigation-header-Mobile-Chrome-darwin.png]]

[[ATTACHMENT|visual-visual-regression-视觉回归测试-页面截图对比-导航栏截图-Mobile-Chrome/navigation-header-actual.png]]

[[ATTACHMENT|visual-visual-regression-视觉回归测试-页面截图对比-导航栏截图-Mobile-Chrome/test-failed-1.png]]

[[ATTACHMENT|visual-visual-regression-视觉回归测试-页面截图对比-导航栏截图-Mobile-Chrome/video.webm]]

[[ATTACHMENT|visual-visual-regression-视觉回归测试-页面截图对比-导航栏截图-Mobile-Chrome/error-context.md]]
]]>
</system-out>
</testcase>
<testcase name="视觉回归测试 › 页面截图对比 › Features区域截图" classname="visual/visual-regression.spec.ts" time="9.46">
<failure message="visual-regression.spec.ts:59:9 Features区域截图" type="FAILURE">
<![CDATA[  [Mobile Chrome] › visual/visual-regression.spec.ts:59:9 › 视觉回归测试 › 页面截图对比 › Features区域截图 ─────────

    Error: A snapshot doesn't exist at /Users/dahuang/CascadeProjects/earthzoomai.org/tests/visual/visual-regression.spec.ts-snapshots/features-section-Mobile-Chrome-darwin.png, writing actual.

      69 |       
      70 |       // Features区域截图
    > 71 |       await expect(featuresSection).toHaveScreenshot('features-section.png', {
         |       ^
      72 |         animations: 'disabled'
      73 |       });
      74 |     });
        at /Users/dahuang/CascadeProjects/earthzoomai.org/tests/visual/visual-regression.spec.ts:71:7

    attachment #1: features-section (image/png) ────────────────────────────────────────────────────
    Expected: visual/visual-regression.spec.ts-snapshots/features-section-Mobile-Chrome-darwin.png
    Received: ../test-results/visual-visual-regression-视觉回归测试-页面截图对比-Features区域截图-Mobile-Chrome/features-section-actual.png
    ────────────────────────────────────────────────────────────────────────────────────────────────

    attachment #2: screenshot (image/png) ──────────────────────────────────────────────────────────
    ../test-results/visual-visual-regression-视觉回归测试-页面截图对比-Features区域截图-Mobile-Chrome/test-failed-1.png
    ────────────────────────────────────────────────────────────────────────────────────────────────

    attachment #3: video (video/webm) ──────────────────────────────────────────────────────────────
    ../test-results/visual-visual-regression-视觉回归测试-页面截图对比-Features区域截图-Mobile-Chrome/video.webm
    ────────────────────────────────────────────────────────────────────────────────────────────────

    Error Context: ../test-results/visual-visual-regression-视觉回归测试-页面截图对比-Features区域截图-Mobile-Chrome/error-context.md
]]>
</failure>
<system-out>
<![CDATA[
[[ATTACHMENT|../tests/visual/visual-regression.spec.ts-snapshots/features-section-Mobile-Chrome-darwin.png]]

[[ATTACHMENT|visual-visual-regression-视觉回归测试-页面截图对比-Features区域截图-Mobile-Chrome/features-section-actual.png]]

[[ATTACHMENT|visual-visual-regression-视觉回归测试-页面截图对比-Features区域截图-Mobile-Chrome/test-failed-1.png]]

[[ATTACHMENT|visual-visual-regression-视觉回归测试-页面截图对比-Features区域截图-Mobile-Chrome/video.webm]]

[[ATTACHMENT|visual-visual-regression-视觉回归测试-页面截图对比-Features区域截图-Mobile-Chrome/error-context.md]]
]]>
</system-out>
</testcase>
<testcase name="视觉回归测试 › 页面截图对比 › FAQ区域截图" classname="visual/visual-regression.spec.ts" time="10.264">
<failure message="visual-regression.spec.ts:76:9 FAQ区域截图" type="FAILURE">
<![CDATA[  [Mobile Chrome] › visual/visual-regression.spec.ts:76:9 › 视觉回归测试 › 页面截图对比 › FAQ区域截图 ──────────────

    Error: Timed out 5000ms waiting for expect(locator).toHaveScreenshot(expected)

    Locator: locator('#faq')
      Failed to take two consecutive stable screenshots.

      Snapshot: faq-section.png

    Call log:
      - Expect "toHaveScreenshot(faq-section.png)" with timeout 5000ms
        - generating new stable screenshot expectation
      - waiting for locator('#faq')
        - locator resolved to <section id="faq" class="py-20 relative bg-gray-900/30">…</section>
      - taking element screenshot
        - disabled all CSS animations
      - waiting for fonts to load...
      - fonts loaded
      - attempting scroll into view action
        - waiting for element to be stable
      - waiting 100ms before taking screenshot
      - waiting for locator('#faq')
        - locator resolved to <section id="faq" class="py-20 relative bg-gray-900/30">…</section>
      - taking element screenshot
        - disabled all CSS animations
      - waiting for fonts to load...
      - fonts loaded
      - attempting scroll into view action
        - waiting for element to be stable
      - 262 pixels (ratio 0.01 of all image pixels) are different.
      - waiting 250ms before taking screenshot
      - waiting for locator('#faq')
        - locator resolved to <section id="faq" class="py-20 relative bg-gray-900/30">…</section>
      - taking element screenshot
        - disabled all CSS animations
      - waiting for fonts to load...
      - fonts loaded
      - attempting scroll into view action
        - waiting for element to be stable
      - 314 pixels (ratio 0.01 of all image pixels) are different.
      - waiting 500ms before taking screenshot
      - waiting for locator('#faq')
        - locator resolved to <section id="faq" class="py-20 relative bg-gray-900/30">…</section>
      - taking element screenshot
        - disabled all CSS animations
      - waiting for fonts to load...
      - fonts loaded
      - attempting scroll into view action
        - waiting for element to be stable
      - 291 pixels (ratio 0.01 of all image pixels) are different.
      - waiting 1000ms before taking screenshot
      - waiting for locator('#faq')
        - locator resolved to <section id="faq" class="py-20 relative bg-gray-900/30">…</section>
      - taking element screenshot
        - disabled all CSS animations
      - waiting for fonts to load...
      - fonts loaded
      - attempting scroll into view action
        - waiting for element to be stable
      - 267 pixels (ratio 0.01 of all image pixels) are different.
      - waiting 1000ms before taking screenshot
      - waiting for locator('#faq')
        - locator resolved to <section id="faq" class="py-20 relative bg-gray-900/30">…</section>
      - taking element screenshot
        - disabled all CSS animations
      - waiting for fonts to load...
      - fonts loaded
      - attempting scroll into view action
        - waiting for element to be stable
      - 325 pixels (ratio 0.01 of all image pixels) are different.
      - waiting 1000ms before taking screenshot
      - waiting for locator('#faq')
        - locator resolved to <section id="faq" class="py-20 relative bg-gray-900/30">…</section>
      - taking element screenshot
        - disabled all CSS animations
      - waiting for fonts to load...
      - fonts loaded
      - attempting scroll into view action
        - waiting for element to be stable
      - 293 pixels (ratio 0.01 of all image pixels) are different.
      - waiting 1000ms before taking screenshot
      - waiting for locator('#faq')
      - Timeout 5000ms exceeded.


      86 |       
      87 |       // FAQ区域截图
    > 88 |       await expect(faqSection).toHaveScreenshot('faq-section.png', {
         |                                ^
      89 |         animations: 'disabled'
      90 |       });
      91 |     });
        at /Users/dahuang/CascadeProjects/earthzoomai.org/tests/visual/visual-regression.spec.ts:88:32

    attachment #1: faq-section (image/png) ─────────────────────────────────────────────────────────
    Received: ../test-results/visual-visual-regression-视觉回归测试-页面截图对比-FAQ区域截图-Mobile-Chrome/faq-section-actual.png
    Previous: ../test-results/visual-visual-regression-视觉回归测试-页面截图对比-FAQ区域截图-Mobile-Chrome/faq-section-previous.png
    Diff:     ../test-results/visual-visual-regression-视觉回归测试-页面截图对比-FAQ区域截图-Mobile-Chrome/faq-section-diff.png
    ────────────────────────────────────────────────────────────────────────────────────────────────

    attachment #2: screenshot (image/png) ──────────────────────────────────────────────────────────
    ../test-results/visual-visual-regression-视觉回归测试-页面截图对比-FAQ区域截图-Mobile-Chrome/test-failed-1.png
    ────────────────────────────────────────────────────────────────────────────────────────────────

    attachment #3: video (video/webm) ──────────────────────────────────────────────────────────────
    ../test-results/visual-visual-regression-视觉回归测试-页面截图对比-FAQ区域截图-Mobile-Chrome/video.webm
    ────────────────────────────────────────────────────────────────────────────────────────────────

    Error Context: ../test-results/visual-visual-regression-视觉回归测试-页面截图对比-FAQ区域截图-Mobile-Chrome/error-context.md
]]>
</failure>
<system-out>
<![CDATA[
[[ATTACHMENT|visual-visual-regression-视觉回归测试-页面截图对比-FAQ区域截图-Mobile-Chrome/faq-section-previous.png]]

[[ATTACHMENT|visual-visual-regression-视觉回归测试-页面截图对比-FAQ区域截图-Mobile-Chrome/faq-section-actual.png]]

[[ATTACHMENT|visual-visual-regression-视觉回归测试-页面截图对比-FAQ区域截图-Mobile-Chrome/faq-section-diff.png]]

[[ATTACHMENT|visual-visual-regression-视觉回归测试-页面截图对比-FAQ区域截图-Mobile-Chrome/test-failed-1.png]]

[[ATTACHMENT|visual-visual-regression-视觉回归测试-页面截图对比-FAQ区域截图-Mobile-Chrome/video.webm]]

[[ATTACHMENT|visual-visual-regression-视觉回归测试-页面截图对比-FAQ区域截图-Mobile-Chrome/error-context.md]]
]]>
</system-out>
</testcase>
<testcase name="视觉回归测试 › 页面截图对比 › Footer截图" classname="visual/visual-regression.spec.ts" time="5.306">
<failure message="visual-regression.spec.ts:93:9 Footer截图" type="FAILURE">
<![CDATA[  [Mobile Chrome] › visual/visual-regression.spec.ts:93:9 › 视觉回归测试 › 页面截图对比 › Footer截图 ─────────────

    Error: A snapshot doesn't exist at /Users/dahuang/CascadeProjects/earthzoomai.org/tests/visual/visual-regression.spec.ts-snapshots/footer-section-Mobile-Chrome-darwin.png, writing actual.

      102 |       
      103 |       // Footer截图
    > 104 |       await expect(page.locator('footer')).toHaveScreenshot('footer-section.png', {
          |       ^
      105 |         animations: 'disabled'
      106 |       });
      107 |     });
        at /Users/dahuang/CascadeProjects/earthzoomai.org/tests/visual/visual-regression.spec.ts:104:7

    attachment #1: footer-section (image/png) ──────────────────────────────────────────────────────
    Expected: visual/visual-regression.spec.ts-snapshots/footer-section-Mobile-Chrome-darwin.png
    Received: ../test-results/visual-visual-regression-视觉回归测试-页面截图对比-Footer截图-Mobile-Chrome/footer-section-actual.png
    ────────────────────────────────────────────────────────────────────────────────────────────────

    attachment #2: screenshot (image/png) ──────────────────────────────────────────────────────────
    ../test-results/visual-visual-regression-视觉回归测试-页面截图对比-Footer截图-Mobile-Chrome/test-failed-1.png
    ────────────────────────────────────────────────────────────────────────────────────────────────

    attachment #3: video (video/webm) ──────────────────────────────────────────────────────────────
    ../test-results/visual-visual-regression-视觉回归测试-页面截图对比-Footer截图-Mobile-Chrome/video.webm
    ────────────────────────────────────────────────────────────────────────────────────────────────

    Error Context: ../test-results/visual-visual-regression-视觉回归测试-页面截图对比-Footer截图-Mobile-Chrome/error-context.md
]]>
</failure>
<system-out>
<![CDATA[
[[ATTACHMENT|../tests/visual/visual-regression.spec.ts-snapshots/footer-section-Mobile-Chrome-darwin.png]]

[[ATTACHMENT|visual-visual-regression-视觉回归测试-页面截图对比-Footer截图-Mobile-Chrome/footer-section-actual.png]]

[[ATTACHMENT|visual-visual-regression-视觉回归测试-页面截图对比-Footer截图-Mobile-Chrome/test-failed-1.png]]

[[ATTACHMENT|visual-visual-regression-视觉回归测试-页面截图对比-Footer截图-Mobile-Chrome/video.webm]]

[[ATTACHMENT|visual-visual-regression-视觉回归测试-页面截图对比-Footer截图-Mobile-Chrome/error-context.md]]
]]>
</system-out>
</testcase>
<testcase name="视觉回归测试 › 响应式截图对比 › 移动端首页截图" classname="visual/visual-regression.spec.ts" time="7.686">
<failure message="visual-regression.spec.ts:111:9 移动端首页截图" type="FAILURE">
<![CDATA[  [Mobile Chrome] › visual/visual-regression.spec.ts:111:9 › 视觉回归测试 › 响应式截图对比 › 移动端首页截图 ────────────

    Error: A snapshot doesn't exist at /Users/dahuang/CascadeProjects/earthzoomai.org/tests/visual/visual-regression.spec.ts-snapshots/homepage-mobile-Mobile-Chrome-darwin.png, writing actual.

      119 |       
      120 |       // 移动端全页面截图
    > 121 |       await expect(page).toHaveScreenshot('homepage-mobile.png', {
          |       ^
      122 |         fullPage: true,
      123 |         animations: 'disabled'
      124 |       });
        at /Users/dahuang/CascadeProjects/earthzoomai.org/tests/visual/visual-regression.spec.ts:121:7

    attachment #1: homepage-mobile (image/png) ─────────────────────────────────────────────────────
    Expected: visual/visual-regression.spec.ts-snapshots/homepage-mobile-Mobile-Chrome-darwin.png
    Received: ../test-results/visual-visual-regression-视觉回归测试-响应式截图对比-移动端首页截图-Mobile-Chrome/homepage-mobile-actual.png
    ────────────────────────────────────────────────────────────────────────────────────────────────

    attachment #2: screenshot (image/png) ──────────────────────────────────────────────────────────
    ../test-results/visual-visual-regression-视觉回归测试-响应式截图对比-移动端首页截图-Mobile-Chrome/test-failed-1.png
    ────────────────────────────────────────────────────────────────────────────────────────────────

    attachment #3: video (video/webm) ──────────────────────────────────────────────────────────────
    ../test-results/visual-visual-regression-视觉回归测试-响应式截图对比-移动端首页截图-Mobile-Chrome/video.webm
    ────────────────────────────────────────────────────────────────────────────────────────────────

    Error Context: ../test-results/visual-visual-regression-视觉回归测试-响应式截图对比-移动端首页截图-Mobile-Chrome/error-context.md
]]>
</failure>
<system-out>
<![CDATA[
[[ATTACHMENT|../tests/visual/visual-regression.spec.ts-snapshots/homepage-mobile-Mobile-Chrome-darwin.png]]

[[ATTACHMENT|visual-visual-regression-视觉回归测试-响应式截图对比-移动端首页截图-Mobile-Chrome/homepage-mobile-actual.png]]

[[ATTACHMENT|visual-visual-regression-视觉回归测试-响应式截图对比-移动端首页截图-Mobile-Chrome/test-failed-1.png]]

[[ATTACHMENT|visual-visual-regression-视觉回归测试-响应式截图对比-移动端首页截图-Mobile-Chrome/video.webm]]

[[ATTACHMENT|visual-visual-regression-视觉回归测试-响应式截图对比-移动端首页截图-Mobile-Chrome/error-context.md]]
]]>
</system-out>
</testcase>
<testcase name="视觉回归测试 › 响应式截图对比 › 平板端首页截图" classname="visual/visual-regression.spec.ts" time="8.436">
<failure message="visual-regression.spec.ts:127:9 平板端首页截图" type="FAILURE">
<![CDATA[  [Mobile Chrome] › visual/visual-regression.spec.ts:127:9 › 视觉回归测试 › 响应式截图对比 › 平板端首页截图 ────────────

    Error: A snapshot doesn't exist at /Users/dahuang/CascadeProjects/earthzoomai.org/tests/visual/visual-regression.spec.ts-snapshots/homepage-tablet-Mobile-Chrome-darwin.png, writing actual.

      135 |       
      136 |       // 平板端全页面截图
    > 137 |       await expect(page).toHaveScreenshot('homepage-tablet.png', {
          |       ^
      138 |         fullPage: true,
      139 |         animations: 'disabled'
      140 |       });
        at /Users/dahuang/CascadeProjects/earthzoomai.org/tests/visual/visual-regression.spec.ts:137:7

    attachment #1: homepage-tablet (image/png) ─────────────────────────────────────────────────────
    Expected: visual/visual-regression.spec.ts-snapshots/homepage-tablet-Mobile-Chrome-darwin.png
    Received: ../test-results/visual-visual-regression-视觉回归测试-响应式截图对比-平板端首页截图-Mobile-Chrome/homepage-tablet-actual.png
    ────────────────────────────────────────────────────────────────────────────────────────────────

    attachment #2: screenshot (image/png) ──────────────────────────────────────────────────────────
    ../test-results/visual-visual-regression-视觉回归测试-响应式截图对比-平板端首页截图-Mobile-Chrome/test-failed-1.png
    ────────────────────────────────────────────────────────────────────────────────────────────────

    attachment #3: video (video/webm) ──────────────────────────────────────────────────────────────
    ../test-results/visual-visual-regression-视觉回归测试-响应式截图对比-平板端首页截图-Mobile-Chrome/video.webm
    ────────────────────────────────────────────────────────────────────────────────────────────────

    Error Context: ../test-results/visual-visual-regression-视觉回归测试-响应式截图对比-平板端首页截图-Mobile-Chrome/error-context.md
]]>
</failure>
<system-out>
<![CDATA[
[[ATTACHMENT|../tests/visual/visual-regression.spec.ts-snapshots/homepage-tablet-Mobile-Chrome-darwin.png]]

[[ATTACHMENT|visual-visual-regression-视觉回归测试-响应式截图对比-平板端首页截图-Mobile-Chrome/homepage-tablet-actual.png]]

[[ATTACHMENT|visual-visual-regression-视觉回归测试-响应式截图对比-平板端首页截图-Mobile-Chrome/test-failed-1.png]]

[[ATTACHMENT|visual-visual-regression-视觉回归测试-响应式截图对比-平板端首页截图-Mobile-Chrome/video.webm]]

[[ATTACHMENT|visual-visual-regression-视觉回归测试-响应式截图对比-平板端首页截图-Mobile-Chrome/error-context.md]]
]]>
</system-out>
</testcase>
<testcase name="视觉回归测试 › 响应式截图对比 › 桌面端首页截图" classname="visual/visual-regression.spec.ts" time="10.072">
<failure message="visual-regression.spec.ts:143:9 桌面端首页截图" type="FAILURE">
<![CDATA[  [Mobile Chrome] › visual/visual-regression.spec.ts:143:9 › 视觉回归测试 › 响应式截图对比 › 桌面端首页截图 ────────────

    Error: A snapshot doesn't exist at /Users/dahuang/CascadeProjects/earthzoomai.org/tests/visual/visual-regression.spec.ts-snapshots/homepage-desktop-Mobile-Chrome-darwin.png, writing actual.

      151 |       
      152 |       // 桌面端全页面截图
    > 153 |       await expect(page).toHaveScreenshot('homepage-desktop.png', {
          |       ^
      154 |         fullPage: true,
      155 |         animations: 'disabled'
      156 |       });
        at /Users/dahuang/CascadeProjects/earthzoomai.org/tests/visual/visual-regression.spec.ts:153:7

    attachment #1: homepage-desktop (image/png) ────────────────────────────────────────────────────
    Expected: visual/visual-regression.spec.ts-snapshots/homepage-desktop-Mobile-Chrome-darwin.png
    Received: ../test-results/visual-visual-regression-视觉回归测试-响应式截图对比-桌面端首页截图-Mobile-Chrome/homepage-desktop-actual.png
    ────────────────────────────────────────────────────────────────────────────────────────────────

    attachment #2: screenshot (image/png) ──────────────────────────────────────────────────────────
    ../test-results/visual-visual-regression-视觉回归测试-响应式截图对比-桌面端首页截图-Mobile-Chrome/test-failed-1.png
    ────────────────────────────────────────────────────────────────────────────────────────────────

    attachment #3: video (video/webm) ──────────────────────────────────────────────────────────────
    ../test-results/visual-visual-regression-视觉回归测试-响应式截图对比-桌面端首页截图-Mobile-Chrome/video.webm
    ────────────────────────────────────────────────────────────────────────────────────────────────

    Error Context: ../test-results/visual-visual-regression-视觉回归测试-响应式截图对比-桌面端首页截图-Mobile-Chrome/error-context.md
]]>
</failure>
<system-out>
<![CDATA[
[[ATTACHMENT|../tests/visual/visual-regression.spec.ts-snapshots/homepage-desktop-Mobile-Chrome-darwin.png]]

[[ATTACHMENT|visual-visual-regression-视觉回归测试-响应式截图对比-桌面端首页截图-Mobile-Chrome/homepage-desktop-actual.png]]

[[ATTACHMENT|visual-visual-regression-视觉回归测试-响应式截图对比-桌面端首页截图-Mobile-Chrome/test-failed-1.png]]

[[ATTACHMENT|visual-visual-regression-视觉回归测试-响应式截图对比-桌面端首页截图-Mobile-Chrome/video.webm]]

[[ATTACHMENT|visual-visual-regression-视觉回归测试-响应式截图对比-桌面端首页截图-Mobile-Chrome/error-context.md]]
]]>
</system-out>
</testcase>
<testcase name="视觉回归测试 › 响应式截图对比 › 移动端导航菜单截图" classname="visual/visual-regression.spec.ts" time="14.841">
<failure message="visual-regression.spec.ts:159:9 移动端导航菜单截图" type="FAILURE">
<![CDATA[  [Mobile Chrome] › visual/visual-regression.spec.ts:159:9 › 视觉回归测试 › 响应式截图对比 › 移动端导航菜单截图 ──────────

    TimeoutError: locator.click: Timeout 10000ms exceeded.
    Call log:
      - waiting for locator('button').filter({ hasText: /M4 6h16/ })


       at fixtures/page-objects.ts:111

      109 |
      110 |   async toggleMobileMenu() {
    > 111 |     await this.mobileMenuButton.click();
          |                                 ^
      112 |   }
      113 |
      114 |   async verifyNavigation() {
        at NavigationComponent.toggleMobileMenu (/Users/dahuang/CascadeProjects/earthzoomai.org/tests/fixtures/page-objects.ts:111:33)
        at /Users/dahuang/CascadeProjects/earthzoomai.org/tests/visual/visual-regression.spec.ts:168:24

    attachment #1: screenshot (image/png) ──────────────────────────────────────────────────────────
    ../test-results/visual-visual-regression-视觉回归测试-响应式截图对比-移动端导航菜单截图-Mobile-Chrome/test-failed-1.png
    ────────────────────────────────────────────────────────────────────────────────────────────────

    attachment #2: video (video/webm) ──────────────────────────────────────────────────────────────
    ../test-results/visual-visual-regression-视觉回归测试-响应式截图对比-移动端导航菜单截图-Mobile-Chrome/video.webm
    ────────────────────────────────────────────────────────────────────────────────────────────────

    Error Context: ../test-results/visual-visual-regression-视觉回归测试-响应式截图对比-移动端导航菜单截图-Mobile-Chrome/error-context.md
]]>
</failure>
<system-out>
<![CDATA[
[[ATTACHMENT|visual-visual-regression-视觉回归测试-响应式截图对比-移动端导航菜单截图-Mobile-Chrome/test-failed-1.png]]

[[ATTACHMENT|visual-visual-regression-视觉回归测试-响应式截图对比-移动端导航菜单截图-Mobile-Chrome/video.webm]]

[[ATTACHMENT|visual-visual-regression-视觉回归测试-响应式截图对比-移动端导航菜单截图-Mobile-Chrome/error-context.md]]
]]>
</system-out>
</testcase>
<testcase name="视觉回归测试 › 交互状态截图 › 按钮悬停状态截图" classname="visual/visual-regression.spec.ts" time="5.394">
<failure message="visual-regression.spec.ts:179:9 按钮悬停状态截图" type="FAILURE">
<![CDATA[  [Mobile Chrome] › visual/visual-regression.spec.ts:179:9 › 视觉回归测试 › 交互状态截图 › 按钮悬停状态截图 ────────────

    Error: A snapshot doesn't exist at /Users/dahuang/CascadeProjects/earthzoomai.org/tests/visual/visual-regression.spec.ts-snapshots/button-hover-state-Mobile-Chrome-darwin.png, writing actual.

      191 |       
      192 |       // 悬停状态截图
    > 193 |       await expect(primaryButton).toHaveScreenshot('button-hover-state.png', {
          |       ^
      194 |         animations: 'disabled'
      195 |       });
      196 |     });
        at /Users/dahuang/CascadeProjects/earthzoomai.org/tests/visual/visual-regression.spec.ts:193:7

    attachment #1: button-hover-state (image/png) ──────────────────────────────────────────────────
    Expected: visual/visual-regression.spec.ts-snapshots/button-hover-state-Mobile-Chrome-darwin.png
    Received: ../test-results/visual-visual-regression-视觉回归测试-交互状态截图-按钮悬停状态截图-Mobile-Chrome/button-hover-state-actual.png
    ────────────────────────────────────────────────────────────────────────────────────────────────

    attachment #2: screenshot (image/png) ──────────────────────────────────────────────────────────
    ../test-results/visual-visual-regression-视觉回归测试-交互状态截图-按钮悬停状态截图-Mobile-Chrome/test-failed-1.png
    ────────────────────────────────────────────────────────────────────────────────────────────────

    attachment #3: video (video/webm) ──────────────────────────────────────────────────────────────
    ../test-results/visual-visual-regression-视觉回归测试-交互状态截图-按钮悬停状态截图-Mobile-Chrome/video.webm
    ────────────────────────────────────────────────────────────────────────────────────────────────

    Error Context: ../test-results/visual-visual-regression-视觉回归测试-交互状态截图-按钮悬停状态截图-Mobile-Chrome/error-context.md
]]>
</failure>
<system-out>
<![CDATA[
[[ATTACHMENT|../tests/visual/visual-regression.spec.ts-snapshots/button-hover-state-Mobile-Chrome-darwin.png]]

[[ATTACHMENT|visual-visual-regression-视觉回归测试-交互状态截图-按钮悬停状态截图-Mobile-Chrome/button-hover-state-actual.png]]

[[ATTACHMENT|visual-visual-regression-视觉回归测试-交互状态截图-按钮悬停状态截图-Mobile-Chrome/test-failed-1.png]]

[[ATTACHMENT|visual-visual-regression-视觉回归测试-交互状态截图-按钮悬停状态截图-Mobile-Chrome/video.webm]]

[[ATTACHMENT|visual-visual-regression-视觉回归测试-交互状态截图-按钮悬停状态截图-Mobile-Chrome/error-context.md]]
]]>
</system-out>
</testcase>
<testcase name="视觉回归测试 › 交互状态截图 › 链接悬停状态截图" classname="visual/visual-regression.spec.ts" time="14.873">
<failure message="visual-regression.spec.ts:198:9 链接悬停状态截图" type="FAILURE">
<![CDATA[  [Mobile Chrome] › visual/visual-regression.spec.ts:198:9 › 视觉回归测试 › 交互状态截图 › 链接悬停状态截图 ────────────

    TimeoutError: locator.hover: Timeout 10000ms exceeded.
    Call log:
      - waiting for locator('nav a').first()


      206 |       
      207 |       // 悬停状态
    > 208 |       await navLink.hover();
          |                     ^
      209 |       await page.waitForTimeout(300);
      210 |       
      211 |       // 悬停状态截图
        at /Users/dahuang/CascadeProjects/earthzoomai.org/tests/visual/visual-regression.spec.ts:208:21

    attachment #1: screenshot (image/png) ──────────────────────────────────────────────────────────
    ../test-results/visual-visual-regression-视觉回归测试-交互状态截图-链接悬停状态截图-Mobile-Chrome/test-failed-1.png
    ────────────────────────────────────────────────────────────────────────────────────────────────

    attachment #2: video (video/webm) ──────────────────────────────────────────────────────────────
    ../test-results/visual-visual-regression-视觉回归测试-交互状态截图-链接悬停状态截图-Mobile-Chrome/video.webm
    ────────────────────────────────────────────────────────────────────────────────────────────────

    Error Context: ../test-results/visual-visual-regression-视觉回归测试-交互状态截图-链接悬停状态截图-Mobile-Chrome/error-context.md
]]>
</failure>
<system-out>
<![CDATA[
[[ATTACHMENT|visual-visual-regression-视觉回归测试-交互状态截图-链接悬停状态截图-Mobile-Chrome/test-failed-1.png]]

[[ATTACHMENT|visual-visual-regression-视觉回归测试-交互状态截图-链接悬停状态截图-Mobile-Chrome/video.webm]]

[[ATTACHMENT|visual-visual-regression-视觉回归测试-交互状态截图-链接悬停状态截图-Mobile-Chrome/error-context.md]]
]]>
</system-out>
</testcase>
<testcase name="视觉回归测试 › 交互状态截图 › 表单焦点状态截图" classname="visual/visual-regression.spec.ts" time="5.752">
<failure message="visual-regression.spec.ts:217:9 表单焦点状态截图" type="FAILURE">
<![CDATA[  [Mobile Chrome] › visual/visual-regression.spec.ts:217:9 › 视觉回归测试 › 交互状态截图 › 表单焦点状态截图 ────────────

    Error: A snapshot doesn't exist at /Users/dahuang/CascadeProjects/earthzoomai.org/tests/visual/visual-regression.spec.ts-snapshots/input-focus-state-Mobile-Chrome-darwin.png, writing actual.

      230 |         
      231 |         // 焦点状态截图
    > 232 |         await expect(emailInput).toHaveScreenshot('input-focus-state.png', {
          |         ^
      233 |           animations: 'disabled'
      234 |         });
      235 |       }
        at /Users/dahuang/CascadeProjects/earthzoomai.org/tests/visual/visual-regression.spec.ts:232:9

    attachment #1: input-focus-state (image/png) ───────────────────────────────────────────────────
    Expected: visual/visual-regression.spec.ts-snapshots/input-focus-state-Mobile-Chrome-darwin.png
    Received: ../test-results/visual-visual-regression-视觉回归测试-交互状态截图-表单焦点状态截图-Mobile-Chrome/input-focus-state-actual.png
    ────────────────────────────────────────────────────────────────────────────────────────────────

    attachment #2: screenshot (image/png) ──────────────────────────────────────────────────────────
    ../test-results/visual-visual-regression-视觉回归测试-交互状态截图-表单焦点状态截图-Mobile-Chrome/test-failed-1.png
    ────────────────────────────────────────────────────────────────────────────────────────────────

    attachment #3: video (video/webm) ──────────────────────────────────────────────────────────────
    ../test-results/visual-visual-regression-视觉回归测试-交互状态截图-表单焦点状态截图-Mobile-Chrome/video.webm
    ────────────────────────────────────────────────────────────────────────────────────────────────

    Error Context: ../test-results/visual-visual-regression-视觉回归测试-交互状态截图-表单焦点状态截图-Mobile-Chrome/error-context.md
]]>
</failure>
<system-out>
<![CDATA[
[[ATTACHMENT|../tests/visual/visual-regression.spec.ts-snapshots/input-focus-state-Mobile-Chrome-darwin.png]]

[[ATTACHMENT|visual-visual-regression-视觉回归测试-交互状态截图-表单焦点状态截图-Mobile-Chrome/input-focus-state-actual.png]]

[[ATTACHMENT|visual-visual-regression-视觉回归测试-交互状态截图-表单焦点状态截图-Mobile-Chrome/test-failed-1.png]]

[[ATTACHMENT|visual-visual-regression-视觉回归测试-交互状态截图-表单焦点状态截图-Mobile-Chrome/video.webm]]

[[ATTACHMENT|visual-visual-regression-视觉回归测试-交互状态截图-表单焦点状态截图-Mobile-Chrome/error-context.md]]
]]>
</system-out>
</testcase>
<testcase name="视觉回归测试 › 交互状态截图 › FAQ展开状态截图" classname="visual/visual-regression.spec.ts" time="6.704">
<failure message="visual-regression.spec.ts:238:9 FAQ展开状态截图" type="FAILURE">
<![CDATA[  [Mobile Chrome] › visual/visual-regression.spec.ts:238:9 › 视觉回归测试 › 交互状态截图 › FAQ展开状态截图 ───────────

    Error: A snapshot doesn't exist at /Users/dahuang/CascadeProjects/earthzoomai.org/tests/visual/visual-regression.spec.ts-snapshots/faq-expanded-state-Mobile-Chrome-darwin.png, writing actual.

      255 |         
      256 |         // 展开状态截图
    > 257 |         await expect(faqSection).toHaveScreenshot('faq-expanded-state.png', {
          |         ^
      258 |           animations: 'disabled'
      259 |         });
      260 |       }
        at /Users/dahuang/CascadeProjects/earthzoomai.org/tests/visual/visual-regression.spec.ts:257:9

    attachment #1: faq-expanded-state (image/png) ──────────────────────────────────────────────────
    Expected: visual/visual-regression.spec.ts-snapshots/faq-expanded-state-Mobile-Chrome-darwin.png
    Received: ../test-results/visual-visual-regression-视觉回归测试-交互状态截图-FAQ展开状态截图-Mobile-Chrome/faq-expanded-state-actual.png
    ────────────────────────────────────────────────────────────────────────────────────────────────

    attachment #2: screenshot (image/png) ──────────────────────────────────────────────────────────
    ../test-results/visual-visual-regression-视觉回归测试-交互状态截图-FAQ展开状态截图-Mobile-Chrome/test-failed-1.png
    ────────────────────────────────────────────────────────────────────────────────────────────────

    attachment #3: video (video/webm) ──────────────────────────────────────────────────────────────
    ../test-results/visual-visual-regression-视觉回归测试-交互状态截图-FAQ展开状态截图-Mobile-Chrome/video.webm
    ────────────────────────────────────────────────────────────────────────────────────────────────

    Error Context: ../test-results/visual-visual-regression-视觉回归测试-交互状态截图-FAQ展开状态截图-Mobile-Chrome/error-context.md
]]>
</failure>
<system-out>
<![CDATA[
[[ATTACHMENT|../tests/visual/visual-regression.spec.ts-snapshots/faq-expanded-state-Mobile-Chrome-darwin.png]]

[[ATTACHMENT|visual-visual-regression-视觉回归测试-交互状态截图-FAQ展开状态截图-Mobile-Chrome/faq-expanded-state-actual.png]]

[[ATTACHMENT|visual-visual-regression-视觉回归测试-交互状态截图-FAQ展开状态截图-Mobile-Chrome/test-failed-1.png]]

[[ATTACHMENT|visual-visual-regression-视觉回归测试-交互状态截图-FAQ展开状态截图-Mobile-Chrome/video.webm]]

[[ATTACHMENT|visual-visual-regression-视觉回归测试-交互状态截图-FAQ展开状态截图-Mobile-Chrome/error-context.md]]
]]>
</system-out>
</testcase>
<testcase name="视觉回归测试 › 主题和样式变化 › 深色主题截图" classname="visual/visual-regression.spec.ts" time="7.949">
<failure message="visual-regression.spec.ts:265:9 深色主题截图" type="FAILURE">
<![CDATA[  [Mobile Chrome] › visual/visual-regression.spec.ts:265:9 › 视觉回归测试 › 主题和样式变化 › 深色主题截图 ─────────────

    Error: A snapshot doesn't exist at /Users/dahuang/CascadeProjects/earthzoomai.org/tests/visual/visual-regression.spec.ts-snapshots/homepage-dark-theme-Mobile-Chrome-darwin.png, writing actual.

      274 |       
      275 |       // 深色主题截图
    > 276 |       await expect(page).toHaveScreenshot('homepage-dark-theme.png', {
          |       ^
      277 |         fullPage: true,
      278 |         animations: 'disabled'
      279 |       });
        at /Users/dahuang/CascadeProjects/earthzoomai.org/tests/visual/visual-regression.spec.ts:276:7

    attachment #1: homepage-dark-theme (image/png) ─────────────────────────────────────────────────
    Expected: visual/visual-regression.spec.ts-snapshots/homepage-dark-theme-Mobile-Chrome-darwin.png
    Received: ../test-results/visual-visual-regression-视觉回归测试-主题和样式变化-深色主题截图-Mobile-Chrome/homepage-dark-theme-actual.png
    ────────────────────────────────────────────────────────────────────────────────────────────────

    attachment #2: screenshot (image/png) ──────────────────────────────────────────────────────────
    ../test-results/visual-visual-regression-视觉回归测试-主题和样式变化-深色主题截图-Mobile-Chrome/test-failed-1.png
    ────────────────────────────────────────────────────────────────────────────────────────────────

    attachment #3: video (video/webm) ──────────────────────────────────────────────────────────────
    ../test-results/visual-visual-regression-视觉回归测试-主题和样式变化-深色主题截图-Mobile-Chrome/video.webm
    ────────────────────────────────────────────────────────────────────────────────────────────────

    Error Context: ../test-results/visual-visual-regression-视觉回归测试-主题和样式变化-深色主题截图-Mobile-Chrome/error-context.md
]]>
</failure>
<system-out>
<![CDATA[
[[ATTACHMENT|../tests/visual/visual-regression.spec.ts-snapshots/homepage-dark-theme-Mobile-Chrome-darwin.png]]

[[ATTACHMENT|visual-visual-regression-视觉回归测试-主题和样式变化-深色主题截图-Mobile-Chrome/homepage-dark-theme-actual.png]]

[[ATTACHMENT|visual-visual-regression-视觉回归测试-主题和样式变化-深色主题截图-Mobile-Chrome/test-failed-1.png]]

[[ATTACHMENT|visual-visual-regression-视觉回归测试-主题和样式变化-深色主题截图-Mobile-Chrome/video.webm]]

[[ATTACHMENT|visual-visual-regression-视觉回归测试-主题和样式变化-深色主题截图-Mobile-Chrome/error-context.md]]
]]>
</system-out>
</testcase>
<testcase name="视觉回归测试 › 主题和样式变化 › 浅色主题截图" classname="visual/visual-regression.spec.ts" time="8.192">
<failure message="visual-regression.spec.ts:282:9 浅色主题截图" type="FAILURE">
<![CDATA[  [Mobile Chrome] › visual/visual-regression.spec.ts:282:9 › 视觉回归测试 › 主题和样式变化 › 浅色主题截图 ─────────────

    Error: A snapshot doesn't exist at /Users/dahuang/CascadeProjects/earthzoomai.org/tests/visual/visual-regression.spec.ts-snapshots/homepage-light-theme-Mobile-Chrome-darwin.png, writing actual.

      291 |       
      292 |       // 浅色主题截图
    > 293 |       await expect(page).toHaveScreenshot('homepage-light-theme.png', {
          |       ^
      294 |         fullPage: true,
      295 |         animations: 'disabled'
      296 |       });
        at /Users/dahuang/CascadeProjects/earthzoomai.org/tests/visual/visual-regression.spec.ts:293:7

    attachment #1: homepage-light-theme (image/png) ────────────────────────────────────────────────
    Expected: visual/visual-regression.spec.ts-snapshots/homepage-light-theme-Mobile-Chrome-darwin.png
    Received: ../test-results/visual-visual-regression-视觉回归测试-主题和样式变化-浅色主题截图-Mobile-Chrome/homepage-light-theme-actual.png
    ────────────────────────────────────────────────────────────────────────────────────────────────

    attachment #2: screenshot (image/png) ──────────────────────────────────────────────────────────
    ../test-results/visual-visual-regression-视觉回归测试-主题和样式变化-浅色主题截图-Mobile-Chrome/test-failed-1.png
    ────────────────────────────────────────────────────────────────────────────────────────────────

    attachment #3: video (video/webm) ──────────────────────────────────────────────────────────────
    ../test-results/visual-visual-regression-视觉回归测试-主题和样式变化-浅色主题截图-Mobile-Chrome/video.webm
    ────────────────────────────────────────────────────────────────────────────────────────────────

    Error Context: ../test-results/visual-visual-regression-视觉回归测试-主题和样式变化-浅色主题截图-Mobile-Chrome/error-context.md
]]>
</failure>
<system-out>
<![CDATA[
[[ATTACHMENT|../tests/visual/visual-regression.spec.ts-snapshots/homepage-light-theme-Mobile-Chrome-darwin.png]]

[[ATTACHMENT|visual-visual-regression-视觉回归测试-主题和样式变化-浅色主题截图-Mobile-Chrome/homepage-light-theme-actual.png]]

[[ATTACHMENT|visual-visual-regression-视觉回归测试-主题和样式变化-浅色主题截图-Mobile-Chrome/test-failed-1.png]]

[[ATTACHMENT|visual-visual-regression-视觉回归测试-主题和样式变化-浅色主题截图-Mobile-Chrome/video.webm]]

[[ATTACHMENT|visual-visual-regression-视觉回归测试-主题和样式变化-浅色主题截图-Mobile-Chrome/error-context.md]]
]]>
</system-out>
</testcase>
<testcase name="视觉回归测试 › 主题和样式变化 › 高对比度模式截图" classname="visual/visual-regression.spec.ts" time="8.104">
<failure message="visual-regression.spec.ts:299:9 高对比度模式截图" type="FAILURE">
<![CDATA[  [Mobile Chrome] › visual/visual-regression.spec.ts:299:9 › 视觉回归测试 › 主题和样式变化 › 高对比度模式截图 ───────────

    Error: A snapshot doesn't exist at /Users/dahuang/CascadeProjects/earthzoomai.org/tests/visual/visual-regression.spec.ts-snapshots/homepage-high-contrast-Mobile-Chrome-darwin.png, writing actual.

      308 |       
      309 |       // 高对比度模式截图
    > 310 |       await expect(page).toHaveScreenshot('homepage-high-contrast.png', {
          |       ^
      311 |         fullPage: true,
      312 |         animations: 'disabled'
      313 |       });
        at /Users/dahuang/CascadeProjects/earthzoomai.org/tests/visual/visual-regression.spec.ts:310:7

    attachment #1: homepage-high-contrast (image/png) ──────────────────────────────────────────────
    Expected: visual/visual-regression.spec.ts-snapshots/homepage-high-contrast-Mobile-Chrome-darwin.png
    Received: ../test-results/visual-visual-regression-视觉回归测试-主题和样式变化-高对比度模式截图-Mobile-Chrome/homepage-high-contrast-actual.png
    ────────────────────────────────────────────────────────────────────────────────────────────────

    attachment #2: screenshot (image/png) ──────────────────────────────────────────────────────────
    ../test-results/visual-visual-regression-视觉回归测试-主题和样式变化-高对比度模式截图-Mobile-Chrome/test-failed-1.png
    ────────────────────────────────────────────────────────────────────────────────────────────────

    attachment #3: video (video/webm) ──────────────────────────────────────────────────────────────
    ../test-results/visual-visual-regression-视觉回归测试-主题和样式变化-高对比度模式截图-Mobile-Chrome/video.webm
    ────────────────────────────────────────────────────────────────────────────────────────────────

    Error Context: ../test-results/visual-visual-regression-视觉回归测试-主题和样式变化-高对比度模式截图-Mobile-Chrome/error-context.md
]]>
</failure>
<system-out>
<![CDATA[
[[ATTACHMENT|../tests/visual/visual-regression.spec.ts-snapshots/homepage-high-contrast-Mobile-Chrome-darwin.png]]

[[ATTACHMENT|visual-visual-regression-视觉回归测试-主题和样式变化-高对比度模式截图-Mobile-Chrome/homepage-high-contrast-actual.png]]

[[ATTACHMENT|visual-visual-regression-视觉回归测试-主题和样式变化-高对比度模式截图-Mobile-Chrome/test-failed-1.png]]

[[ATTACHMENT|visual-visual-regression-视觉回归测试-主题和样式变化-高对比度模式截图-Mobile-Chrome/video.webm]]

[[ATTACHMENT|visual-visual-regression-视觉回归测试-主题和样式变化-高对比度模式截图-Mobile-Chrome/error-context.md]]
]]>
</system-out>
</testcase>
<testcase name="视觉回归测试 › 元素级别截图 › Logo截图" classname="visual/visual-regression.spec.ts" time="10.628">
<failure message="visual-regression.spec.ts:318:9 Logo截图" type="FAILURE">
<![CDATA[  [Mobile Chrome] › visual/visual-regression.spec.ts:318:9 › 视觉回归测试 › 元素级别截图 › Logo截图 ──────────────

    Error: A snapshot doesn't exist at /Users/dahuang/CascadeProjects/earthzoomai.org/tests/visual/visual-regression.spec.ts-snapshots/logo-Mobile-Chrome-darwin.png, writing actual.

      326 |       
      327 |       if (await logo.count() > 0) {
    > 328 |         await expect(logo).toHaveScreenshot('logo.png', {
          |         ^
      329 |           animations: 'disabled'
      330 |         });
      331 |       }
        at /Users/dahuang/CascadeProjects/earthzoomai.org/tests/visual/visual-regression.spec.ts:328:9

    attachment #1: logo (image/png) ────────────────────────────────────────────────────────────────
    Expected: visual/visual-regression.spec.ts-snapshots/logo-Mobile-Chrome-darwin.png
    Received: ../test-results/visual-visual-regression-视觉回归测试-元素级别截图-Logo截图-Mobile-Chrome/logo-actual.png
    ────────────────────────────────────────────────────────────────────────────────────────────────

    attachment #2: screenshot (image/png) ──────────────────────────────────────────────────────────
    ../test-results/visual-visual-regression-视觉回归测试-元素级别截图-Logo截图-Mobile-Chrome/test-failed-1.png
    ────────────────────────────────────────────────────────────────────────────────────────────────

    attachment #3: video (video/webm) ──────────────────────────────────────────────────────────────
    ../test-results/visual-visual-regression-视觉回归测试-元素级别截图-Logo截图-Mobile-Chrome/video.webm
    ────────────────────────────────────────────────────────────────────────────────────────────────

    Error Context: ../test-results/visual-visual-regression-视觉回归测试-元素级别截图-Logo截图-Mobile-Chrome/error-context.md
]]>
</failure>
<system-out>
<![CDATA[
[[ATTACHMENT|../tests/visual/visual-regression.spec.ts-snapshots/logo-Mobile-Chrome-darwin.png]]

[[ATTACHMENT|visual-visual-regression-视觉回归测试-元素级别截图-Logo截图-Mobile-Chrome/logo-actual.png]]

[[ATTACHMENT|visual-visual-regression-视觉回归测试-元素级别截图-Logo截图-Mobile-Chrome/test-failed-1.png]]

[[ATTACHMENT|visual-visual-regression-视觉回归测试-元素级别截图-Logo截图-Mobile-Chrome/video.webm]]

[[ATTACHMENT|visual-visual-regression-视觉回归测试-元素级别截图-Logo截图-Mobile-Chrome/error-context.md]]
]]>
</system-out>
</testcase>
<testcase name="视觉回归测试 › 元素级别截图 › 特色标签截图" classname="visual/visual-regression.spec.ts" time="7.588">
<failure message="visual-regression.spec.ts:334:9 特色标签截图" type="FAILURE">
<![CDATA[  [Mobile Chrome] › visual/visual-regression.spec.ts:334:9 › 视觉回归测试 › 元素级别截图 › 特色标签截图 ──────────────

    Error: locator.count: Unexpected token "/" while parsing css selector ".bg-blue-500/20". Did you mean to CSS.escape it?

      339 |       
      340 |       // 特色标签截图
    > 341 |       if (await homePage.featureTags.count() > 0) {
          |                                      ^
      342 |         await expect(homePage.featureTags.first()).toHaveScreenshot('feature-tags.png', {
      343 |           animations: 'disabled'
      344 |         });
        at /Users/dahuang/CascadeProjects/earthzoomai.org/tests/visual/visual-regression.spec.ts:341:38

    attachment #1: screenshot (image/png) ──────────────────────────────────────────────────────────
    ../test-results/visual-visual-regression-视觉回归测试-元素级别截图-特色标签截图-Mobile-Chrome/test-failed-1.png
    ────────────────────────────────────────────────────────────────────────────────────────────────

    attachment #2: video (video/webm) ──────────────────────────────────────────────────────────────
    ../test-results/visual-visual-regression-视觉回归测试-元素级别截图-特色标签截图-Mobile-Chrome/video.webm
    ────────────────────────────────────────────────────────────────────────────────────────────────

    Error Context: ../test-results/visual-visual-regression-视觉回归测试-元素级别截图-特色标签截图-Mobile-Chrome/error-context.md
]]>
</failure>
<system-out>
<![CDATA[
[[ATTACHMENT|visual-visual-regression-视觉回归测试-元素级别截图-特色标签截图-Mobile-Chrome/test-failed-1.png]]

[[ATTACHMENT|visual-visual-regression-视觉回归测试-元素级别截图-特色标签截图-Mobile-Chrome/video.webm]]

[[ATTACHMENT|visual-visual-regression-视觉回归测试-元素级别截图-特色标签截图-Mobile-Chrome/error-context.md]]
]]>
</system-out>
</testcase>
<testcase name="视觉回归测试 › 元素级别截图 › 用户评价卡片截图" classname="visual/visual-regression.spec.ts" time="5.434">
<failure message="visual-regression.spec.ts:348:9 用户评价卡片截图" type="FAILURE">
<![CDATA[  [Mobile Chrome] › visual/visual-regression.spec.ts:348:9 › 视觉回归测试 › 元素级别截图 › 用户评价卡片截图 ────────────

    Error: A snapshot doesn't exist at /Users/dahuang/CascadeProjects/earthzoomai.org/tests/visual/visual-regression.spec.ts-snapshots/testimonial-card-Mobile-Chrome-darwin.png, writing actual.

      361 |       
      362 |       if (await testimonialCard.count() > 0) {
    > 363 |         await expect(testimonialCard).toHaveScreenshot('testimonial-card.png', {
          |         ^
      364 |           animations: 'disabled'
      365 |         });
      366 |       }
        at /Users/dahuang/CascadeProjects/earthzoomai.org/tests/visual/visual-regression.spec.ts:363:9

    attachment #1: testimonial-card (image/png) ────────────────────────────────────────────────────
    Expected: visual/visual-regression.spec.ts-snapshots/testimonial-card-Mobile-Chrome-darwin.png
    Received: ../test-results/visual-visual-regression-视觉回归测试-元素级别截图-用户评价卡片截图-Mobile-Chrome/testimonial-card-actual.png
    ────────────────────────────────────────────────────────────────────────────────────────────────

    attachment #2: screenshot (image/png) ──────────────────────────────────────────────────────────
    ../test-results/visual-visual-regression-视觉回归测试-元素级别截图-用户评价卡片截图-Mobile-Chrome/test-failed-1.png
    ────────────────────────────────────────────────────────────────────────────────────────────────

    attachment #3: video (video/webm) ──────────────────────────────────────────────────────────────
    ../test-results/visual-visual-regression-视觉回归测试-元素级别截图-用户评价卡片截图-Mobile-Chrome/video.webm
    ────────────────────────────────────────────────────────────────────────────────────────────────

    Error Context: ../test-results/visual-visual-regression-视觉回归测试-元素级别截图-用户评价卡片截图-Mobile-Chrome/error-context.md
]]>
</failure>
<system-out>
<![CDATA[
[[ATTACHMENT|../tests/visual/visual-regression.spec.ts-snapshots/testimonial-card-Mobile-Chrome-darwin.png]]

[[ATTACHMENT|visual-visual-regression-视觉回归测试-元素级别截图-用户评价卡片截图-Mobile-Chrome/testimonial-card-actual.png]]

[[ATTACHMENT|visual-visual-regression-视觉回归测试-元素级别截图-用户评价卡片截图-Mobile-Chrome/test-failed-1.png]]

[[ATTACHMENT|visual-visual-regression-视觉回归测试-元素级别截图-用户评价卡片截图-Mobile-Chrome/video.webm]]

[[ATTACHMENT|visual-visual-regression-视觉回归测试-元素级别截图-用户评价卡片截图-Mobile-Chrome/error-context.md]]
]]>
</system-out>
</testcase>
<testcase name="视觉回归测试 › 元素级别截图 › Newsletter订阅框截图" classname="visual/visual-regression.spec.ts" time="5.823">
<failure message="visual-regression.spec.ts:369:9 Newsletter订阅框截图" type="FAILURE">
<![CDATA[  [Mobile Chrome] › visual/visual-regression.spec.ts:369:9 › 视觉回归测试 › 元素级别截图 › Newsletter订阅框截图 ─────

    Error: A snapshot doesn't exist at /Users/dahuang/CascadeProjects/earthzoomai.org/tests/visual/visual-regression.spec.ts-snapshots/newsletter-section-Mobile-Chrome-darwin.png, writing actual.

      379 |       
      380 |       // Newsletter订阅框截图
    > 381 |       await expect(newsletterSection).toHaveScreenshot('newsletter-section.png', {
          |       ^
      382 |         animations: 'disabled'
      383 |       });
      384 |     });
        at /Users/dahuang/CascadeProjects/earthzoomai.org/tests/visual/visual-regression.spec.ts:381:7

    attachment #1: newsletter-section (image/png) ──────────────────────────────────────────────────
    Expected: visual/visual-regression.spec.ts-snapshots/newsletter-section-Mobile-Chrome-darwin.png
    Received: ../test-results/visual-visual-regression-视觉回归测试-元素级别截图-Newsletter订阅框截图-Mobile-Chrome/newsletter-section-actual.png
    ────────────────────────────────────────────────────────────────────────────────────────────────

    attachment #2: screenshot (image/png) ──────────────────────────────────────────────────────────
    ../test-results/visual-visual-regression-视觉回归测试-元素级别截图-Newsletter订阅框截图-Mobile-Chrome/test-failed-1.png
    ────────────────────────────────────────────────────────────────────────────────────────────────

    attachment #3: video (video/webm) ──────────────────────────────────────────────────────────────
    ../test-results/visual-visual-regression-视觉回归测试-元素级别截图-Newsletter订阅框截图-Mobile-Chrome/video.webm
    ────────────────────────────────────────────────────────────────────────────────────────────────

    Error Context: ../test-results/visual-visual-regression-视觉回归测试-元素级别截图-Newsletter订阅框截图-Mobile-Chrome/error-context.md
]]>
</failure>
<system-out>
<![CDATA[
[[ATTACHMENT|../tests/visual/visual-regression.spec.ts-snapshots/newsletter-section-Mobile-Chrome-darwin.png]]

[[ATTACHMENT|visual-visual-regression-视觉回归测试-元素级别截图-Newsletter订阅框截图-Mobile-Chrome/newsletter-section-actual.png]]

[[ATTACHMENT|visual-visual-regression-视觉回归测试-元素级别截图-Newsletter订阅框截图-Mobile-Chrome/test-failed-1.png]]

[[ATTACHMENT|visual-visual-regression-视觉回归测试-元素级别截图-Newsletter订阅框截图-Mobile-Chrome/video.webm]]

[[ATTACHMENT|visual-visual-regression-视觉回归测试-元素级别截图-Newsletter订阅框截图-Mobile-Chrome/error-context.md]]
]]>
</system-out>
</testcase>
<testcase name="视觉回归测试 › 错误状态截图 › 表单验证错误截图" classname="visual/visual-regression.spec.ts" time="7.223">
<failure message="visual-regression.spec.ts:388:9 表单验证错误截图" type="FAILURE">
<![CDATA[  [Mobile Chrome] › visual/visual-regression.spec.ts:388:9 › 视觉回归测试 › 错误状态截图 › 表单验证错误截图 ────────────

    Error: A snapshot doesn't exist at /Users/dahuang/CascadeProjects/earthzoomai.org/tests/visual/visual-regression.spec.ts-snapshots/form-validation-error-Mobile-Chrome-darwin.png, writing actual.

      407 |           // 错误状态截图
      408 |           const newsletterSection = page.locator('section').last();
    > 409 |           await expect(newsletterSection).toHaveScreenshot('form-validation-error.png', {
          |           ^
      410 |             animations: 'disabled'
      411 |           });
      412 |         }
        at /Users/dahuang/CascadeProjects/earthzoomai.org/tests/visual/visual-regression.spec.ts:409:11

    attachment #1: form-validation-error (image/png) ───────────────────────────────────────────────
    Expected: visual/visual-regression.spec.ts-snapshots/form-validation-error-Mobile-Chrome-darwin.png
    Received: ../test-results/visual-visual-regression-视觉回归测试-错误状态截图-表单验证错误截图-Mobile-Chrome/form-validation-error-actual.png
    ────────────────────────────────────────────────────────────────────────────────────────────────

    attachment #2: screenshot (image/png) ──────────────────────────────────────────────────────────
    ../test-results/visual-visual-regression-视觉回归测试-错误状态截图-表单验证错误截图-Mobile-Chrome/test-failed-1.png
    ────────────────────────────────────────────────────────────────────────────────────────────────

    attachment #3: video (video/webm) ──────────────────────────────────────────────────────────────
    ../test-results/visual-visual-regression-视觉回归测试-错误状态截图-表单验证错误截图-Mobile-Chrome/video.webm
    ────────────────────────────────────────────────────────────────────────────────────────────────

    Error Context: ../test-results/visual-visual-regression-视觉回归测试-错误状态截图-表单验证错误截图-Mobile-Chrome/error-context.md
]]>
</failure>
<system-out>
<![CDATA[
[[ATTACHMENT|../tests/visual/visual-regression.spec.ts-snapshots/form-validation-error-Mobile-Chrome-darwin.png]]

[[ATTACHMENT|visual-visual-regression-视觉回归测试-错误状态截图-表单验证错误截图-Mobile-Chrome/form-validation-error-actual.png]]

[[ATTACHMENT|visual-visual-regression-视觉回归测试-错误状态截图-表单验证错误截图-Mobile-Chrome/test-failed-1.png]]

[[ATTACHMENT|visual-visual-regression-视觉回归测试-错误状态截图-表单验证错误截图-Mobile-Chrome/video.webm]]

[[ATTACHMENT|visual-visual-regression-视觉回归测试-错误状态截图-表单验证错误截图-Mobile-Chrome/error-context.md]]
]]>
</system-out>
</testcase>
<testcase name="视觉回归测试 › 错误状态截图 › 网络错误状态截图" classname="visual/visual-regression.spec.ts" time="8.417">
<failure message="visual-regression.spec.ts:416:9 网络错误状态截图" type="FAILURE">
<![CDATA[  [Mobile Chrome] › visual/visual-regression.spec.ts:416:9 › 视觉回归测试 › 错误状态截图 › 网络错误状态截图 ────────────

    Error: A snapshot doesn't exist at /Users/dahuang/CascadeProjects/earthzoomai.org/tests/visual/visual-regression.spec.ts-snapshots/network-error-state-Mobile-Chrome-darwin.png, writing actual.

      431 |       
      432 |       // 网络错误状态截图
    > 433 |       await expect(page).toHaveScreenshot('network-error-state.png', {
          |       ^
      434 |         fullPage: true,
      435 |         animations: 'disabled'
      436 |       });
        at /Users/dahuang/CascadeProjects/earthzoomai.org/tests/visual/visual-regression.spec.ts:433:7

    attachment #1: network-error-state (image/png) ─────────────────────────────────────────────────
    Expected: visual/visual-regression.spec.ts-snapshots/network-error-state-Mobile-Chrome-darwin.png
    Received: ../test-results/visual-visual-regression-视觉回归测试-错误状态截图-网络错误状态截图-Mobile-Chrome/network-error-state-actual.png
    ────────────────────────────────────────────────────────────────────────────────────────────────

    attachment #2: screenshot (image/png) ──────────────────────────────────────────────────────────
    ../test-results/visual-visual-regression-视觉回归测试-错误状态截图-网络错误状态截图-Mobile-Chrome/test-failed-1.png
    ────────────────────────────────────────────────────────────────────────────────────────────────

    attachment #3: video (video/webm) ──────────────────────────────────────────────────────────────
    ../test-results/visual-visual-regression-视觉回归测试-错误状态截图-网络错误状态截图-Mobile-Chrome/video.webm
    ────────────────────────────────────────────────────────────────────────────────────────────────

    Error Context: ../test-results/visual-visual-regression-视觉回归测试-错误状态截图-网络错误状态截图-Mobile-Chrome/error-context.md
]]>
</failure>
<system-out>
<![CDATA[
[[ATTACHMENT|../tests/visual/visual-regression.spec.ts-snapshots/network-error-state-Mobile-Chrome-darwin.png]]

[[ATTACHMENT|visual-visual-regression-视觉回归测试-错误状态截图-网络错误状态截图-Mobile-Chrome/network-error-state-actual.png]]

[[ATTACHMENT|visual-visual-regression-视觉回归测试-错误状态截图-网络错误状态截图-Mobile-Chrome/test-failed-1.png]]

[[ATTACHMENT|visual-visual-regression-视觉回归测试-错误状态截图-网络错误状态截图-Mobile-Chrome/video.webm]]

[[ATTACHMENT|visual-visual-regression-视觉回归测试-错误状态截图-网络错误状态截图-Mobile-Chrome/error-context.md]]
]]>
</system-out>
</testcase>
<testcase name="视觉回归测试 › 动画和过渡效果 › 页面加载动画截图" classname="visual/visual-regression.spec.ts" time="4.933">
<failure message="visual-regression.spec.ts:441:9 页面加载动画截图" type="FAILURE">
<![CDATA[  [Mobile Chrome] › visual/visual-regression.spec.ts:441:9 › 视觉回归测试 › 动画和过渡效果 › 页面加载动画截图 ───────────

    Error: A snapshot doesn't exist at /Users/dahuang/CascadeProjects/earthzoomai.org/tests/visual/visual-regression.spec.ts-snapshots/page-loading-state-Mobile-Chrome-darwin.png, writing actual.

      449 |       
      450 |       // 加载状态截图
    > 451 |       await expect(page).toHaveScreenshot('page-loading-state.png', {
          |       ^
      452 |         animations: 'allow'
      453 |       });
      454 |       
        at /Users/dahuang/CascadeProjects/earthzoomai.org/tests/visual/visual-regression.spec.ts:451:7

    attachment #1: page-loading-state (image/png) ──────────────────────────────────────────────────
    Expected: visual/visual-regression.spec.ts-snapshots/page-loading-state-Mobile-Chrome-darwin.png
    Received: ../test-results/visual-visual-regression-视觉回归测试-动画和过渡效果-页面加载动画截图-Mobile-Chrome/page-loading-state-actual.png
    ────────────────────────────────────────────────────────────────────────────────────────────────

    attachment #2: screenshot (image/png) ──────────────────────────────────────────────────────────
    ../test-results/visual-visual-regression-视觉回归测试-动画和过渡效果-页面加载动画截图-Mobile-Chrome/test-failed-1.png
    ────────────────────────────────────────────────────────────────────────────────────────────────

    attachment #3: video (video/webm) ──────────────────────────────────────────────────────────────
    ../test-results/visual-visual-regression-视觉回归测试-动画和过渡效果-页面加载动画截图-Mobile-Chrome/video.webm
    ────────────────────────────────────────────────────────────────────────────────────────────────

    Error Context: ../test-results/visual-visual-regression-视觉回归测试-动画和过渡效果-页面加载动画截图-Mobile-Chrome/error-context.md
]]>
</failure>
<system-out>
<![CDATA[
[[ATTACHMENT|../tests/visual/visual-regression.spec.ts-snapshots/page-loading-state-Mobile-Chrome-darwin.png]]

[[ATTACHMENT|visual-visual-regression-视觉回归测试-动画和过渡效果-页面加载动画截图-Mobile-Chrome/page-loading-state-actual.png]]

[[ATTACHMENT|visual-visual-regression-视觉回归测试-动画和过渡效果-页面加载动画截图-Mobile-Chrome/test-failed-1.png]]

[[ATTACHMENT|visual-visual-regression-视觉回归测试-动画和过渡效果-页面加载动画截图-Mobile-Chrome/video.webm]]

[[ATTACHMENT|visual-visual-regression-视觉回归测试-动画和过渡效果-页面加载动画截图-Mobile-Chrome/error-context.md]]
]]>
</system-out>
</testcase>
<testcase name="视觉回归测试 › 动画和过渡效果 › 滚动动画截图" classname="visual/visual-regression.spec.ts" time="10.696">
<failure message="visual-regression.spec.ts:459:9 滚动动画截图" type="FAILURE">
<![CDATA[  [Mobile Chrome] › visual/visual-regression.spec.ts:459:9 › 视觉回归测试 › 动画和过渡效果 › 滚动动画截图 ─────────────

    Error: Timed out 5000ms waiting for expect(page).toHaveScreenshot(expected)

      Failed to take two consecutive stable screenshots.

      Snapshot: scroll-animation-state.png

    Call log:
      - Expect "toHaveScreenshot(scroll-animation-state.png)" with timeout 5000ms
        - generating new stable screenshot expectation
      - taking page screenshot
      - waiting for fonts to load...
      - fonts loaded
      - waiting 100ms before taking screenshot
      - taking page screenshot
      - waiting for fonts to load...
      - fonts loaded
      - 1494 pixels (ratio 0.01 of all image pixels) are different.
      - waiting 250ms before taking screenshot
      - taking page screenshot
      - waiting for fonts to load...
      - fonts loaded
      - 333 pixels (ratio 0.01 of all image pixels) are different.
      - waiting 500ms before taking screenshot
      - taking page screenshot
      - waiting for fonts to load...
      - fonts loaded
      - 371 pixels (ratio 0.01 of all image pixels) are different.
      - waiting 1000ms before taking screenshot
      - taking page screenshot
      - waiting for fonts to load...
      - fonts loaded
      - 328 pixels (ratio 0.01 of all image pixels) are different.
      - waiting 1000ms before taking screenshot
      - taking page screenshot
      - waiting for fonts to load...
      - fonts loaded
      - 246 pixels (ratio 0.01 of all image pixels) are different.
      - waiting 1000ms before taking screenshot
      - taking page screenshot
      - waiting for fonts to load...
      - fonts loaded
      - 140 pixels (ratio 0.01 of all image pixels) are different.
      - waiting 1000ms before taking screenshot
      - Timeout 5000ms exceeded.


      471 |       
      472 |       // 滚动状态截图
    > 473 |       await expect(page).toHaveScreenshot('scroll-animation-state.png', {
          |                          ^
      474 |         animations: 'allow'
      475 |       });
      476 |     });
        at /Users/dahuang/CascadeProjects/earthzoomai.org/tests/visual/visual-regression.spec.ts:473:26

    attachment #1: scroll-animation-state (image/png) ──────────────────────────────────────────────
    Received: ../test-results/visual-visual-regression-视觉回归测试-动画和过渡效果-滚动动画截图-Mobile-Chrome/scroll-animation-state-actual.png
    Previous: ../test-results/visual-visual-regression-视觉回归测试-动画和过渡效果-滚动动画截图-Mobile-Chrome/scroll-animation-state-previous.png
    Diff:     ../test-results/visual-visual-regression-视觉回归测试-动画和过渡效果-滚动动画截图-Mobile-Chrome/scroll-animation-state-diff.png
    ────────────────────────────────────────────────────────────────────────────────────────────────

    attachment #2: screenshot (image/png) ──────────────────────────────────────────────────────────
    ../test-results/visual-visual-regression-视觉回归测试-动画和过渡效果-滚动动画截图-Mobile-Chrome/test-failed-1.png
    ────────────────────────────────────────────────────────────────────────────────────────────────

    attachment #3: video (video/webm) ──────────────────────────────────────────────────────────────
    ../test-results/visual-visual-regression-视觉回归测试-动画和过渡效果-滚动动画截图-Mobile-Chrome/video.webm
    ────────────────────────────────────────────────────────────────────────────────────────────────

    Error Context: ../test-results/visual-visual-regression-视觉回归测试-动画和过渡效果-滚动动画截图-Mobile-Chrome/error-context.md
]]>
</failure>
<system-out>
<![CDATA[
[[ATTACHMENT|visual-visual-regression-视觉回归测试-动画和过渡效果-滚动动画截图-Mobile-Chrome/scroll-animation-state-previous.png]]

[[ATTACHMENT|visual-visual-regression-视觉回归测试-动画和过渡效果-滚动动画截图-Mobile-Chrome/scroll-animation-state-actual.png]]

[[ATTACHMENT|visual-visual-regression-视觉回归测试-动画和过渡效果-滚动动画截图-Mobile-Chrome/scroll-animation-state-diff.png]]

[[ATTACHMENT|visual-visual-regression-视觉回归测试-动画和过渡效果-滚动动画截图-Mobile-Chrome/test-failed-1.png]]

[[ATTACHMENT|visual-visual-regression-视觉回归测试-动画和过渡效果-滚动动画截图-Mobile-Chrome/video.webm]]

[[ATTACHMENT|visual-visual-regression-视觉回归测试-动画和过渡效果-滚动动画截图-Mobile-Chrome/error-context.md]]
]]>
</system-out>
</testcase>
<testcase name="视觉回归测试 › 跨浏览器视觉对比 › Chromium渲染截图" classname="visual/visual-regression.spec.ts" time="7.84">
<failure message="visual-regression.spec.ts:480:9 Chromium渲染截图" type="FAILURE">
<![CDATA[  [Mobile Chrome] › visual/visual-regression.spec.ts:480:9 › 视觉回归测试 › 跨浏览器视觉对比 › Chromium渲染截图 ──────

    Error: A snapshot doesn't exist at /Users/dahuang/CascadeProjects/earthzoomai.org/tests/visual/visual-regression.spec.ts-snapshots/homepage-chromium-Mobile-Chrome-darwin.png, writing actual.

      488 |       
      489 |       // Chromium渲染截图
    > 490 |       await expect(page).toHaveScreenshot('homepage-chromium.png', {
          |       ^
      491 |         fullPage: true,
      492 |         animations: 'disabled'
      493 |       });
        at /Users/dahuang/CascadeProjects/earthzoomai.org/tests/visual/visual-regression.spec.ts:490:7

    attachment #1: homepage-chromium (image/png) ───────────────────────────────────────────────────
    Expected: visual/visual-regression.spec.ts-snapshots/homepage-chromium-Mobile-Chrome-darwin.png
    Received: ../test-results/visual-visual-regression-视觉回归测试-跨浏览器视觉对比-Chromium渲染截图-Mobile-Chrome/homepage-chromium-actual.png
    ────────────────────────────────────────────────────────────────────────────────────────────────

    attachment #2: screenshot (image/png) ──────────────────────────────────────────────────────────
    ../test-results/visual-visual-regression-视觉回归测试-跨浏览器视觉对比-Chromium渲染截图-Mobile-Chrome/test-failed-1.png
    ────────────────────────────────────────────────────────────────────────────────────────────────

    attachment #3: video (video/webm) ──────────────────────────────────────────────────────────────
    ../test-results/visual-visual-regression-视觉回归测试-跨浏览器视觉对比-Chromium渲染截图-Mobile-Chrome/video.webm
    ────────────────────────────────────────────────────────────────────────────────────────────────

    Error Context: ../test-results/visual-visual-regression-视觉回归测试-跨浏览器视觉对比-Chromium渲染截图-Mobile-Chrome/error-context.md
]]>
</failure>
<system-out>
<![CDATA[
[[ATTACHMENT|../tests/visual/visual-regression.spec.ts-snapshots/homepage-chromium-Mobile-Chrome-darwin.png]]

[[ATTACHMENT|visual-visual-regression-视觉回归测试-跨浏览器视觉对比-Chromium渲染截图-Mobile-Chrome/homepage-chromium-actual.png]]

[[ATTACHMENT|visual-visual-regression-视觉回归测试-跨浏览器视觉对比-Chromium渲染截图-Mobile-Chrome/test-failed-1.png]]

[[ATTACHMENT|visual-visual-regression-视觉回归测试-跨浏览器视觉对比-Chromium渲染截图-Mobile-Chrome/video.webm]]

[[ATTACHMENT|visual-visual-regression-视觉回归测试-跨浏览器视觉对比-Chromium渲染截图-Mobile-Chrome/error-context.md]]
]]>
</system-out>
</testcase>
<testcase name="视觉回归测试 › 跨浏览器视觉对比 › Firefox渲染截图" classname="visual/visual-regression.spec.ts" time="0.159">
<properties>
<property name="skip" value="仅在Firefox中运行">
</property>
</properties>
<skipped>
</skipped>
</testcase>
<testcase name="视觉回归测试 › 跨浏览器视觉对比 › WebKit渲染截图" classname="visual/visual-regression.spec.ts" time="0.149">
<properties>
<property name="skip" value="仅在WebKit中运行">
</property>
</properties>
<skipped>
</skipped>
</testcase>
</testsuite>
<testsuite name="e2e/accessibility.spec.ts" timestamp="2025-07-24T07:09:26.317Z" hostname="Mobile Safari" tests="20" failures="20" skipped="0" time="0.039" errors="0">
<testcase name="可访问性测试 › 键盘导航 › Tab键导航测试" classname="e2e/accessibility.spec.ts" time="0.001">
<failure message="accessibility.spec.ts:7:9 Tab键导航测试" type="FAILURE">
<![CDATA[  [Mobile Safari] › e2e/accessibility.spec.ts:7:9 › 可访问性测试 › 键盘导航 › Tab键导航测试 ───────────────────────

    Error: browserType.launch: Target page, context or browser has been closed
    Browser logs:

    <launching> /Users/dahuang/Library/Caches/ms-playwright/webkit-2191/pw_run.sh --inspector-pipe --headless --no-startup-window
    <launched> pid=53318
    [pid=53318][err] /Users/dahuang/Library/Caches/ms-playwright/webkit-2191/pw_run.sh: line 7: 53324 Bus error: 10           DYLD_FRAMEWORK_PATH="$DYLIB_PATH" DYLD_LIBRARY_PATH="$DYLIB_PATH" "$PLAYWRIGHT" "$@"
    Call log:
      - <launching> /Users/dahuang/Library/Caches/ms-playwright/webkit-2191/pw_run.sh --inspector-pipe --headless --no-startup-window
      - <launched> pid=53318
      - [pid=53318][err] /Users/dahuang/Library/Caches/ms-playwright/webkit-2191/pw_run.sh: line 7: 53324 Bus error: 10           DYLD_FRAMEWORK_PATH="$DYLIB_PATH" DYLD_LIBRARY_PATH="$DYLIB_PATH" "$PLAYWRIGHT" "$@"

]]>
</failure>
</testcase>
<testcase name="可访问性测试 › 键盘导航 › Shift+Tab反向导航测试" classname="e2e/accessibility.spec.ts" time="0.002">
<failure message="accessibility.spec.ts:34:9 Shift+Tab反向导航测试" type="FAILURE">
<![CDATA[  [Mobile Safari] › e2e/accessibility.spec.ts:34:9 › 可访问性测试 › 键盘导航 › Shift+Tab反向导航测试 ───────────────

    Error: browserType.launch: Target page, context or browser has been closed
    Browser logs:

    <launching> /Users/dahuang/Library/Caches/ms-playwright/webkit-2191/pw_run.sh --inspector-pipe --headless --no-startup-window
    <launched> pid=53334
    [pid=53334][err] /Users/dahuang/Library/Caches/ms-playwright/webkit-2191/pw_run.sh: line 7: 53340 Bus error: 10           DYLD_FRAMEWORK_PATH="$DYLIB_PATH" DYLD_LIBRARY_PATH="$DYLIB_PATH" "$PLAYWRIGHT" "$@"
    Call log:
      - <launching> /Users/dahuang/Library/Caches/ms-playwright/webkit-2191/pw_run.sh --inspector-pipe --headless --no-startup-window
      - <launched> pid=53334
      - [pid=53334][err] /Users/dahuang/Library/Caches/ms-playwright/webkit-2191/pw_run.sh: line 7: 53340 Bus error: 10           DYLD_FRAMEWORK_PATH="$DYLIB_PATH" DYLD_LIBRARY_PATH="$DYLIB_PATH" "$PLAYWRIGHT" "$@"

]]>
</failure>
</testcase>
<testcase name="可访问性测试 › 键盘导航 › Enter键激活测试" classname="e2e/accessibility.spec.ts" time="0.005">
<failure message="accessibility.spec.ts:58:9 Enter键激活测试" type="FAILURE">
<![CDATA[  [Mobile Safari] › e2e/accessibility.spec.ts:58:9 › 可访问性测试 › 键盘导航 › Enter键激活测试 ────────────────────

    Error: browserType.launch: Target page, context or browser has been closed
    Browser logs:

    <launching> /Users/dahuang/Library/Caches/ms-playwright/webkit-2191/pw_run.sh --inspector-pipe --headless --no-startup-window
    <launched> pid=53341
    [pid=53341][err] /Users/dahuang/Library/Caches/ms-playwright/webkit-2191/pw_run.sh: line 7: 53347 Bus error: 10           DYLD_FRAMEWORK_PATH="$DYLIB_PATH" DYLD_LIBRARY_PATH="$DYLIB_PATH" "$PLAYWRIGHT" "$@"
    Call log:
      - <launching> /Users/dahuang/Library/Caches/ms-playwright/webkit-2191/pw_run.sh --inspector-pipe --headless --no-startup-window
      - <launched> pid=53341
      - [pid=53341][err] /Users/dahuang/Library/Caches/ms-playwright/webkit-2191/pw_run.sh: line 7: 53347 Bus error: 10           DYLD_FRAMEWORK_PATH="$DYLIB_PATH" DYLD_LIBRARY_PATH="$DYLIB_PATH" "$PLAYWRIGHT" "$@"

]]>
</failure>
</testcase>
<testcase name="可访问性测试 › 键盘导航 › 空格键激活测试" classname="e2e/accessibility.spec.ts" time="0.001">
<failure message="accessibility.spec.ts:78:9 空格键激活测试" type="FAILURE">
<![CDATA[  [Mobile Safari] › e2e/accessibility.spec.ts:78:9 › 可访问性测试 › 键盘导航 › 空格键激活测试 ───────────────────────

    Error: browserType.launch: Target page, context or browser has been closed
    Browser logs:

    <launching> /Users/dahuang/Library/Caches/ms-playwright/webkit-2191/pw_run.sh --inspector-pipe --headless --no-startup-window
    <launched> pid=53350
    [pid=53350][err] /Users/dahuang/Library/Caches/ms-playwright/webkit-2191/pw_run.sh: line 7: 53356 Bus error: 10           DYLD_FRAMEWORK_PATH="$DYLIB_PATH" DYLD_LIBRARY_PATH="$DYLIB_PATH" "$PLAYWRIGHT" "$@"
    Call log:
      - <launching> /Users/dahuang/Library/Caches/ms-playwright/webkit-2191/pw_run.sh --inspector-pipe --headless --no-startup-window
      - <launched> pid=53350
      - [pid=53350][err] /Users/dahuang/Library/Caches/ms-playwright/webkit-2191/pw_run.sh: line 7: 53356 Bus error: 10           DYLD_FRAMEWORK_PATH="$DYLIB_PATH" DYLD_LIBRARY_PATH="$DYLIB_PATH" "$PLAYWRIGHT" "$@"

]]>
</failure>
</testcase>
<testcase name="可访问性测试 › ARIA属性 › ARIA标签测试" classname="e2e/accessibility.spec.ts" time="0.002">
<failure message="accessibility.spec.ts:97:9 ARIA标签测试" type="FAILURE">
<![CDATA[  [Mobile Safari] › e2e/accessibility.spec.ts:97:9 › 可访问性测试 › ARIA属性 › ARIA标签测试 ────────────────────

    Error: browserType.launch: Target page, context or browser has been closed
    Browser logs:

    <launching> /Users/dahuang/Library/Caches/ms-playwright/webkit-2191/pw_run.sh --inspector-pipe --headless --no-startup-window
    <launched> pid=53357
    [pid=53357][err] /Users/dahuang/Library/Caches/ms-playwright/webkit-2191/pw_run.sh: line 7: 53363 Bus error: 10           DYLD_FRAMEWORK_PATH="$DYLIB_PATH" DYLD_LIBRARY_PATH="$DYLIB_PATH" "$PLAYWRIGHT" "$@"
    Call log:
      - <launching> /Users/dahuang/Library/Caches/ms-playwright/webkit-2191/pw_run.sh --inspector-pipe --headless --no-startup-window
      - <launched> pid=53357
      - [pid=53357][err] /Users/dahuang/Library/Caches/ms-playwright/webkit-2191/pw_run.sh: line 7: 53363 Bus error: 10           DYLD_FRAMEWORK_PATH="$DYLIB_PATH" DYLD_LIBRARY_PATH="$DYLIB_PATH" "$PLAYWRIGHT" "$@"

]]>
</failure>
</testcase>
<testcase name="可访问性测试 › ARIA属性 › ARIA展开状态测试" classname="e2e/accessibility.spec.ts" time="0.001">
<failure message="accessibility.spec.ts:128:9 ARIA展开状态测试" type="FAILURE">
<![CDATA[  [Mobile Safari] › e2e/accessibility.spec.ts:128:9 › 可访问性测试 › ARIA属性 › ARIA展开状态测试 ─────────────────

    Error: browserType.launch: Target page, context or browser has been closed
    Browser logs:

    <launching> /Users/dahuang/Library/Caches/ms-playwright/webkit-2191/pw_run.sh --inspector-pipe --headless --no-startup-window
    <launched> pid=53372
    [pid=53372][err] /Users/dahuang/Library/Caches/ms-playwright/webkit-2191/pw_run.sh: line 7: 53378 Bus error: 10           DYLD_FRAMEWORK_PATH="$DYLIB_PATH" DYLD_LIBRARY_PATH="$DYLIB_PATH" "$PLAYWRIGHT" "$@"
    Call log:
      - <launching> /Users/dahuang/Library/Caches/ms-playwright/webkit-2191/pw_run.sh --inspector-pipe --headless --no-startup-window
      - <launched> pid=53372
      - [pid=53372][err] /Users/dahuang/Library/Caches/ms-playwright/webkit-2191/pw_run.sh: line 7: 53378 Bus error: 10           DYLD_FRAMEWORK_PATH="$DYLIB_PATH" DYLD_LIBRARY_PATH="$DYLIB_PATH" "$PLAYWRIGHT" "$@"

]]>
</failure>
</testcase>
<testcase name="可访问性测试 › ARIA属性 › ARIA隐藏元素测试" classname="e2e/accessibility.spec.ts" time="0.002">
<failure message="accessibility.spec.ts:153:9 ARIA隐藏元素测试" type="FAILURE">
<![CDATA[  [Mobile Safari] › e2e/accessibility.spec.ts:153:9 › 可访问性测试 › ARIA属性 › ARIA隐藏元素测试 ─────────────────

    Error: browserType.launch: Target page, context or browser has been closed
    Browser logs:

    <launching> /Users/dahuang/Library/Caches/ms-playwright/webkit-2191/pw_run.sh --inspector-pipe --headless --no-startup-window
    <launched> pid=53379
    [pid=53379][err] /Users/dahuang/Library/Caches/ms-playwright/webkit-2191/pw_run.sh: line 7: 53388 Bus error: 10           DYLD_FRAMEWORK_PATH="$DYLIB_PATH" DYLD_LIBRARY_PATH="$DYLIB_PATH" "$PLAYWRIGHT" "$@"
    Call log:
      - <launching> /Users/dahuang/Library/Caches/ms-playwright/webkit-2191/pw_run.sh --inspector-pipe --headless --no-startup-window
      - <launched> pid=53379
      - [pid=53379][err] /Users/dahuang/Library/Caches/ms-playwright/webkit-2191/pw_run.sh: line 7: 53388 Bus error: 10           DYLD_FRAMEWORK_PATH="$DYLIB_PATH" DYLD_LIBRARY_PATH="$DYLIB_PATH" "$PLAYWRIGHT" "$@"

]]>
</failure>
</testcase>
<testcase name="可访问性测试 › 颜色对比度 › 文本颜色对比度测试" classname="e2e/accessibility.spec.ts" time="0.001">
<failure message="accessibility.spec.ts:179:9 文本颜色对比度测试" type="FAILURE">
<![CDATA[  [Mobile Safari] › e2e/accessibility.spec.ts:179:9 › 可访问性测试 › 颜色对比度 › 文本颜色对比度测试 ───────────────────

    Error: browserType.launch: Target page, context or browser has been closed
    Browser logs:

    <launching> /Users/dahuang/Library/Caches/ms-playwright/webkit-2191/pw_run.sh --inspector-pipe --headless --no-startup-window
    <launched> pid=53393
    [pid=53393][err] /Users/dahuang/Library/Caches/ms-playwright/webkit-2191/pw_run.sh: line 7: 53399 Bus error: 10           DYLD_FRAMEWORK_PATH="$DYLIB_PATH" DYLD_LIBRARY_PATH="$DYLIB_PATH" "$PLAYWRIGHT" "$@"
    Call log:
      - <launching> /Users/dahuang/Library/Caches/ms-playwright/webkit-2191/pw_run.sh --inspector-pipe --headless --no-startup-window
      - <launched> pid=53393
      - [pid=53393][err] /Users/dahuang/Library/Caches/ms-playwright/webkit-2191/pw_run.sh: line 7: 53399 Bus error: 10           DYLD_FRAMEWORK_PATH="$DYLIB_PATH" DYLD_LIBRARY_PATH="$DYLIB_PATH" "$PLAYWRIGHT" "$@"

]]>
</failure>
</testcase>
<testcase name="可访问性测试 › 颜色对比度 › 链接颜色区分测试" classname="e2e/accessibility.spec.ts" time="0.002">
<failure message="accessibility.spec.ts:210:9 链接颜色区分测试" type="FAILURE">
<![CDATA[  [Mobile Safari] › e2e/accessibility.spec.ts:210:9 › 可访问性测试 › 颜色对比度 › 链接颜色区分测试 ────────────────────

    Error: browserType.launch: Target page, context or browser has been closed
    Browser logs:

    <launching> /Users/dahuang/Library/Caches/ms-playwright/webkit-2191/pw_run.sh --inspector-pipe --headless --no-startup-window
    <launched> pid=53400
    [pid=53400][err] /Users/dahuang/Library/Caches/ms-playwright/webkit-2191/pw_run.sh: line 7: 53406 Bus error: 10           DYLD_FRAMEWORK_PATH="$DYLIB_PATH" DYLD_LIBRARY_PATH="$DYLIB_PATH" "$PLAYWRIGHT" "$@"
    Call log:
      - <launching> /Users/dahuang/Library/Caches/ms-playwright/webkit-2191/pw_run.sh --inspector-pipe --headless --no-startup-window
      - <launched> pid=53400
      - [pid=53400][err] /Users/dahuang/Library/Caches/ms-playwright/webkit-2191/pw_run.sh: line 7: 53406 Bus error: 10           DYLD_FRAMEWORK_PATH="$DYLIB_PATH" DYLD_LIBRARY_PATH="$DYLIB_PATH" "$PLAYWRIGHT" "$@"

]]>
</failure>
</testcase>
<testcase name="可访问性测试 › 表单可访问性 › 表单标签关联测试" classname="e2e/accessibility.spec.ts" time="0.002">
<failure message="accessibility.spec.ts:244:9 表单标签关联测试" type="FAILURE">
<![CDATA[  [Mobile Safari] › e2e/accessibility.spec.ts:244:9 › 可访问性测试 › 表单可访问性 › 表单标签关联测试 ───────────────────

    Error: browserType.launch: Target page, context or browser has been closed
    Browser logs:

    <launching> /Users/dahuang/Library/Caches/ms-playwright/webkit-2191/pw_run.sh --inspector-pipe --headless --no-startup-window
    <launched> pid=53416
    [pid=53416][err] /Users/dahuang/Library/Caches/ms-playwright/webkit-2191/pw_run.sh: line 7: 53422 Bus error: 10           DYLD_FRAMEWORK_PATH="$DYLIB_PATH" DYLD_LIBRARY_PATH="$DYLIB_PATH" "$PLAYWRIGHT" "$@"
    Call log:
      - <launching> /Users/dahuang/Library/Caches/ms-playwright/webkit-2191/pw_run.sh --inspector-pipe --headless --no-startup-window
      - <launched> pid=53416
      - [pid=53416][err] /Users/dahuang/Library/Caches/ms-playwright/webkit-2191/pw_run.sh: line 7: 53422 Bus error: 10           DYLD_FRAMEWORK_PATH="$DYLIB_PATH" DYLD_LIBRARY_PATH="$DYLIB_PATH" "$PLAYWRIGHT" "$@"

]]>
</failure>
</testcase>
<testcase name="可访问性测试 › 表单可访问性 › 表单错误提示测试" classname="e2e/accessibility.spec.ts" time="0.002">
<failure message="accessibility.spec.ts:277:9 表单错误提示测试" type="FAILURE">
<![CDATA[  [Mobile Safari] › e2e/accessibility.spec.ts:277:9 › 可访问性测试 › 表单可访问性 › 表单错误提示测试 ───────────────────

    Error: browserType.launch: Target page, context or browser has been closed
    Browser logs:

    <launching> /Users/dahuang/Library/Caches/ms-playwright/webkit-2191/pw_run.sh --inspector-pipe --headless --no-startup-window
    <launched> pid=53423
    [pid=53423][err] /Users/dahuang/Library/Caches/ms-playwright/webkit-2191/pw_run.sh: line 7: 53429 Bus error: 10           DYLD_FRAMEWORK_PATH="$DYLIB_PATH" DYLD_LIBRARY_PATH="$DYLIB_PATH" "$PLAYWRIGHT" "$@"
    Call log:
      - <launching> /Users/dahuang/Library/Caches/ms-playwright/webkit-2191/pw_run.sh --inspector-pipe --headless --no-startup-window
      - <launched> pid=53423
      - [pid=53423][err] /Users/dahuang/Library/Caches/ms-playwright/webkit-2191/pw_run.sh: line 7: 53429 Bus error: 10           DYLD_FRAMEWORK_PATH="$DYLIB_PATH" DYLD_LIBRARY_PATH="$DYLIB_PATH" "$PLAYWRIGHT" "$@"

]]>
</failure>
</testcase>
<testcase name="可访问性测试 › 焦点管理 › 焦点可见性测试" classname="e2e/accessibility.spec.ts" time="0.001">
<failure message="accessibility.spec.ts:309:9 焦点可见性测试" type="FAILURE">
<![CDATA[  [Mobile Safari] › e2e/accessibility.spec.ts:309:9 › 可访问性测试 › 焦点管理 › 焦点可见性测试 ──────────────────────

    Error: browserType.launch: Target page, context or browser has been closed
    Browser logs:

    <launching> /Users/dahuang/Library/Caches/ms-playwright/webkit-2191/pw_run.sh --inspector-pipe --headless --no-startup-window
    <launched> pid=53438
    [pid=53438][err] /Users/dahuang/Library/Caches/ms-playwright/webkit-2191/pw_run.sh: line 7: 53444 Bus error: 10           DYLD_FRAMEWORK_PATH="$DYLIB_PATH" DYLD_LIBRARY_PATH="$DYLIB_PATH" "$PLAYWRIGHT" "$@"
    Call log:
      - <launching> /Users/dahuang/Library/Caches/ms-playwright/webkit-2191/pw_run.sh --inspector-pipe --headless --no-startup-window
      - <launched> pid=53438
      - [pid=53438][err] /Users/dahuang/Library/Caches/ms-playwright/webkit-2191/pw_run.sh: line 7: 53444 Bus error: 10           DYLD_FRAMEWORK_PATH="$DYLIB_PATH" DYLD_LIBRARY_PATH="$DYLIB_PATH" "$PLAYWRIGHT" "$@"

]]>
</failure>
</testcase>
<testcase name="可访问性测试 › 焦点管理 › 焦点陷阱测试" classname="e2e/accessibility.spec.ts" time="0.002">
<failure message="accessibility.spec.ts:347:9 焦点陷阱测试" type="FAILURE">
<![CDATA[  [Mobile Safari] › e2e/accessibility.spec.ts:347:9 › 可访问性测试 › 焦点管理 › 焦点陷阱测试 ───────────────────────

    Error: browserType.launch: Target page, context or browser has been closed
    Browser logs:

    <launching> /Users/dahuang/Library/Caches/ms-playwright/webkit-2191/pw_run.sh --inspector-pipe --headless --no-startup-window
    <launched> pid=53445
    [pid=53445][err] /Users/dahuang/Library/Caches/ms-playwright/webkit-2191/pw_run.sh: line 7: 53451 Bus error: 10           DYLD_FRAMEWORK_PATH="$DYLIB_PATH" DYLD_LIBRARY_PATH="$DYLIB_PATH" "$PLAYWRIGHT" "$@"
    Call log:
      - <launching> /Users/dahuang/Library/Caches/ms-playwright/webkit-2191/pw_run.sh --inspector-pipe --headless --no-startup-window
      - <launched> pid=53445
      - [pid=53445][err] /Users/dahuang/Library/Caches/ms-playwright/webkit-2191/pw_run.sh: line 7: 53451 Bus error: 10           DYLD_FRAMEWORK_PATH="$DYLIB_PATH" DYLD_LIBRARY_PATH="$DYLIB_PATH" "$PLAYWRIGHT" "$@"

]]>
</failure>
</testcase>
<testcase name="可访问性测试 › 屏幕阅读器支持 › 标题结构测试" classname="e2e/accessibility.spec.ts" time="0.001">
<failure message="accessibility.spec.ts:383:9 标题结构测试" type="FAILURE">
<![CDATA[  [Mobile Safari] › e2e/accessibility.spec.ts:383:9 › 可访问性测试 › 屏幕阅读器支持 › 标题结构测试 ────────────────────

    Error: browserType.launch: Target page, context or browser has been closed
    Browser logs:

    <launching> /Users/dahuang/Library/Caches/ms-playwright/webkit-2191/pw_run.sh --inspector-pipe --headless --no-startup-window
    <launched> pid=53452
    [pid=53452][err] /Users/dahuang/Library/Caches/ms-playwright/webkit-2191/pw_run.sh: line 7: 53458 Bus error: 10           DYLD_FRAMEWORK_PATH="$DYLIB_PATH" DYLD_LIBRARY_PATH="$DYLIB_PATH" "$PLAYWRIGHT" "$@"
    Call log:
      - <launching> /Users/dahuang/Library/Caches/ms-playwright/webkit-2191/pw_run.sh --inspector-pipe --headless --no-startup-window
      - <launched> pid=53452
      - [pid=53452][err] /Users/dahuang/Library/Caches/ms-playwright/webkit-2191/pw_run.sh: line 7: 53458 Bus error: 10           DYLD_FRAMEWORK_PATH="$DYLIB_PATH" DYLD_LIBRARY_PATH="$DYLIB_PATH" "$PLAYWRIGHT" "$@"

]]>
</failure>
</testcase>
<testcase name="可访问性测试 › 屏幕阅读器支持 › 地标元素测试" classname="e2e/accessibility.spec.ts" time="0.003">
<failure message="accessibility.spec.ts:412:9 地标元素测试" type="FAILURE">
<![CDATA[  [Mobile Safari] › e2e/accessibility.spec.ts:412:9 › 可访问性测试 › 屏幕阅读器支持 › 地标元素测试 ────────────────────

    Error: browserType.launch: Target page, context or browser has been closed
    Browser logs:

    <launching> /Users/dahuang/Library/Caches/ms-playwright/webkit-2191/pw_run.sh --inspector-pipe --headless --no-startup-window
    <launched> pid=53462
    [pid=53462][err] /Users/dahuang/Library/Caches/ms-playwright/webkit-2191/pw_run.sh: line 7: 53468 Bus error: 10           DYLD_FRAMEWORK_PATH="$DYLIB_PATH" DYLD_LIBRARY_PATH="$DYLIB_PATH" "$PLAYWRIGHT" "$@"
    Call log:
      - <launching> /Users/dahuang/Library/Caches/ms-playwright/webkit-2191/pw_run.sh --inspector-pipe --headless --no-startup-window
      - <launched> pid=53462
      - [pid=53462][err] /Users/dahuang/Library/Caches/ms-playwright/webkit-2191/pw_run.sh: line 7: 53468 Bus error: 10           DYLD_FRAMEWORK_PATH="$DYLIB_PATH" DYLD_LIBRARY_PATH="$DYLIB_PATH" "$PLAYWRIGHT" "$@"

]]>
</failure>
</testcase>
<testcase name="可访问性测试 › 屏幕阅读器支持 › 列表结构测试" classname="e2e/accessibility.spec.ts" time="0.002">
<failure message="accessibility.spec.ts:429:9 列表结构测试" type="FAILURE">
<![CDATA[  [Mobile Safari] › e2e/accessibility.spec.ts:429:9 › 可访问性测试 › 屏幕阅读器支持 › 列表结构测试 ────────────────────

    Error: browserType.launch: Target page, context or browser has been closed
    Browser logs:

    <launching> /Users/dahuang/Library/Caches/ms-playwright/webkit-2191/pw_run.sh --inspector-pipe --headless --no-startup-window
    <launched> pid=53469
    [pid=53469][err] /Users/dahuang/Library/Caches/ms-playwright/webkit-2191/pw_run.sh: line 7: 53475 Bus error: 10           DYLD_FRAMEWORK_PATH="$DYLIB_PATH" DYLD_LIBRARY_PATH="$DYLIB_PATH" "$PLAYWRIGHT" "$@"
    Call log:
      - <launching> /Users/dahuang/Library/Caches/ms-playwright/webkit-2191/pw_run.sh --inspector-pipe --headless --no-startup-window
      - <launched> pid=53469
      - [pid=53469][err] /Users/dahuang/Library/Caches/ms-playwright/webkit-2191/pw_run.sh: line 7: 53475 Bus error: 10           DYLD_FRAMEWORK_PATH="$DYLIB_PATH" DYLD_LIBRARY_PATH="$DYLIB_PATH" "$PLAYWRIGHT" "$@"

]]>
</failure>
</testcase>
<testcase name="可访问性测试 › 动画和运动 › 减少动画偏好测试" classname="e2e/accessibility.spec.ts" time="0.002">
<failure message="accessibility.spec.ts:451:9 减少动画偏好测试" type="FAILURE">
<![CDATA[  [Mobile Safari] › e2e/accessibility.spec.ts:451:9 › 可访问性测试 › 动画和运动 › 减少动画偏好测试 ────────────────────

    Error: browserType.launch: Target page, context or browser has been closed
    Browser logs:

    <launching> /Users/dahuang/Library/Caches/ms-playwright/webkit-2191/pw_run.sh --inspector-pipe --headless --no-startup-window
    <launched> pid=53477
    [pid=53477][err] /Users/dahuang/Library/Caches/ms-playwright/webkit-2191/pw_run.sh: line 7: 53485 Bus error: 10           DYLD_FRAMEWORK_PATH="$DYLIB_PATH" DYLD_LIBRARY_PATH="$DYLIB_PATH" "$PLAYWRIGHT" "$@"
    Call log:
      - <launching> /Users/dahuang/Library/Caches/ms-playwright/webkit-2191/pw_run.sh --inspector-pipe --headless --no-startup-window
      - <launched> pid=53477
      - [pid=53477][err] /Users/dahuang/Library/Caches/ms-playwright/webkit-2191/pw_run.sh: line 7: 53485 Bus error: 10           DYLD_FRAMEWORK_PATH="$DYLIB_PATH" DYLD_LIBRARY_PATH="$DYLIB_PATH" "$PLAYWRIGHT" "$@"

]]>
</failure>
</testcase>
<testcase name="可访问性测试 › 动画和运动 › 自动播放内容测试" classname="e2e/accessibility.spec.ts" time="0.002">
<failure message="accessibility.spec.ts:465:9 自动播放内容测试" type="FAILURE">
<![CDATA[  [Mobile Safari] › e2e/accessibility.spec.ts:465:9 › 可访问性测试 › 动画和运动 › 自动播放内容测试 ────────────────────

    Error: browserType.launch: Target page, context or browser has been closed
    Browser logs:

    <launching> /Users/dahuang/Library/Caches/ms-playwright/webkit-2191/pw_run.sh --inspector-pipe --headless --no-startup-window
    <launched> pid=53493
    [pid=53493][err] /Users/dahuang/Library/Caches/ms-playwright/webkit-2191/pw_run.sh: line 7: 53499 Bus error: 10           DYLD_FRAMEWORK_PATH="$DYLIB_PATH" DYLD_LIBRARY_PATH="$DYLIB_PATH" "$PLAYWRIGHT" "$@"
    Call log:
      - <launching> /Users/dahuang/Library/Caches/ms-playwright/webkit-2191/pw_run.sh --inspector-pipe --headless --no-startup-window
      - <launched> pid=53493
      - [pid=53493][err] /Users/dahuang/Library/Caches/ms-playwright/webkit-2191/pw_run.sh: line 7: 53499 Bus error: 10           DYLD_FRAMEWORK_PATH="$DYLIB_PATH" DYLD_LIBRARY_PATH="$DYLIB_PATH" "$PLAYWRIGHT" "$@"

]]>
</failure>
</testcase>
<testcase name="可访问性测试 › 移动端可访问性 › 触摸目标大小测试" classname="e2e/accessibility.spec.ts" time="0.002">
<failure message="accessibility.spec.ts:490:9 触摸目标大小测试" type="FAILURE">
<![CDATA[  [Mobile Safari] › e2e/accessibility.spec.ts:490:9 › 可访问性测试 › 移动端可访问性 › 触摸目标大小测试 ──────────────────

    Error: browserType.launch: Target page, context or browser has been closed
    Browser logs:

    <launching> /Users/dahuang/Library/Caches/ms-playwright/webkit-2191/pw_run.sh --inspector-pipe --headless --no-startup-window
    <launched> pid=53503
    [pid=53503][err] /Users/dahuang/Library/Caches/ms-playwright/webkit-2191/pw_run.sh: line 7: 53509 Bus error: 10           DYLD_FRAMEWORK_PATH="$DYLIB_PATH" DYLD_LIBRARY_PATH="$DYLIB_PATH" "$PLAYWRIGHT" "$@"
    Call log:
      - <launching> /Users/dahuang/Library/Caches/ms-playwright/webkit-2191/pw_run.sh --inspector-pipe --headless --no-startup-window
      - <launched> pid=53503
      - [pid=53503][err] /Users/dahuang/Library/Caches/ms-playwright/webkit-2191/pw_run.sh: line 7: 53509 Bus error: 10           DYLD_FRAMEWORK_PATH="$DYLIB_PATH" DYLD_LIBRARY_PATH="$DYLIB_PATH" "$PLAYWRIGHT" "$@"

]]>
</failure>
</testcase>
<testcase name="可访问性测试 › 移动端可访问性 › 移动端导航可访问性" classname="e2e/accessibility.spec.ts" time="0.003">
<failure message="accessibility.spec.ts:514:9 移动端导航可访问性" type="FAILURE">
<![CDATA[  [Mobile Safari] › e2e/accessibility.spec.ts:514:9 › 可访问性测试 › 移动端可访问性 › 移动端导航可访问性 ─────────────────

    Error: browserType.launch: Target page, context or browser has been closed
    Browser logs:

    <launching> /Users/dahuang/Library/Caches/ms-playwright/webkit-2191/pw_run.sh --inspector-pipe --headless --no-startup-window
    <launched> pid=53512
    [pid=53512][err] /Users/dahuang/Library/Caches/ms-playwright/webkit-2191/pw_run.sh: line 7: 53518 Bus error: 10           DYLD_FRAMEWORK_PATH="$DYLIB_PATH" DYLD_LIBRARY_PATH="$DYLIB_PATH" "$PLAYWRIGHT" "$@"
    Call log:
      - <launching> /Users/dahuang/Library/Caches/ms-playwright/webkit-2191/pw_run.sh --inspector-pipe --headless --no-startup-window
      - <launched> pid=53512
      - [pid=53512][err] /Users/dahuang/Library/Caches/ms-playwright/webkit-2191/pw_run.sh: line 7: 53518 Bus error: 10           DYLD_FRAMEWORK_PATH="$DYLIB_PATH" DYLD_LIBRARY_PATH="$DYLIB_PATH" "$PLAYWRIGHT" "$@"

]]>
</failure>
</testcase>
</testsuite>
<testsuite name="e2e/e2e.spec.ts" timestamp="2025-07-24T07:09:26.317Z" hostname="Mobile Safari" tests="9" failures="9" skipped="0" time="0.011" errors="0">
<testcase name="端到端测试 › 完整用户流程 › 新用户首次访问完整流程" classname="e2e/e2e.spec.ts" time="0.001">
<failure message="e2e.spec.ts:7:9 新用户首次访问完整流程" type="FAILURE">
<![CDATA[  [Mobile Safari] › e2e/e2e.spec.ts:7:9 › 端到端测试 › 完整用户流程 › 新用户首次访问完整流程 ─────────────────────────────

    Error: browserType.launch: Target page, context or browser has been closed
    Browser logs:

    <launching> /Users/dahuang/Library/Caches/ms-playwright/webkit-2191/pw_run.sh --inspector-pipe --headless --no-startup-window
    <launched> pid=53536
    [pid=53536][err] /Users/dahuang/Library/Caches/ms-playwright/webkit-2191/pw_run.sh: line 7: 53542 Bus error: 10           DYLD_FRAMEWORK_PATH="$DYLIB_PATH" DYLD_LIBRARY_PATH="$DYLIB_PATH" "$PLAYWRIGHT" "$@"
    Call log:
      - <launching> /Users/dahuang/Library/Caches/ms-playwright/webkit-2191/pw_run.sh --inspector-pipe --headless --no-startup-window
      - <launched> pid=53536
      - [pid=53536][err] /Users/dahuang/Library/Caches/ms-playwright/webkit-2191/pw_run.sh: line 7: 53542 Bus error: 10           DYLD_FRAMEWORK_PATH="$DYLIB_PATH" DYLD_LIBRARY_PATH="$DYLIB_PATH" "$PLAYWRIGHT" "$@"

]]>
</failure>
</testcase>
<testcase name="端到端测试 › 完整用户流程 › 移动端用户完整流程" classname="e2e/e2e.spec.ts" time="0.002">
<failure message="e2e.spec.ts:106:9 移动端用户完整流程" type="FAILURE">
<![CDATA[  [Mobile Safari] › e2e/e2e.spec.ts:106:9 › 端到端测试 › 完整用户流程 › 移动端用户完整流程 ─────────────────────────────

    Error: browserType.launch: Target page, context or browser has been closed
    Browser logs:

    <launching> /Users/dahuang/Library/Caches/ms-playwright/webkit-2191/pw_run.sh --inspector-pipe --headless --no-startup-window
    <launched> pid=53526
    [pid=53526][err] /Users/dahuang/Library/Caches/ms-playwright/webkit-2191/pw_run.sh: line 7: 53533 Bus error: 10           DYLD_FRAMEWORK_PATH="$DYLIB_PATH" DYLD_LIBRARY_PATH="$DYLIB_PATH" "$PLAYWRIGHT" "$@"
    Call log:
      - <launching> /Users/dahuang/Library/Caches/ms-playwright/webkit-2191/pw_run.sh --inspector-pipe --headless --no-startup-window
      - <launched> pid=53526
      - [pid=53526][err] /Users/dahuang/Library/Caches/ms-playwright/webkit-2191/pw_run.sh: line 7: 53533 Bus error: 10           DYLD_FRAMEWORK_PATH="$DYLIB_PATH" DYLD_LIBRARY_PATH="$DYLIB_PATH" "$PLAYWRIGHT" "$@"

]]>
</failure>
</testcase>
<testcase name="端到端测试 › 真实场景模拟 › 用户快速浏览场景" classname="e2e/e2e.spec.ts" time="0.001">
<failure message="e2e.spec.ts:166:9 用户快速浏览场景" type="FAILURE">
<![CDATA[  [Mobile Safari] › e2e/e2e.spec.ts:166:9 › 端到端测试 › 真实场景模拟 › 用户快速浏览场景 ──────────────────────────────

    Error: browserType.launch: Target page, context or browser has been closed
    Browser logs:

    <launching> /Users/dahuang/Library/Caches/ms-playwright/webkit-2191/pw_run.sh --inspector-pipe --headless --no-startup-window
    <launched> pid=53543
    [pid=53543][err] /Users/dahuang/Library/Caches/ms-playwright/webkit-2191/pw_run.sh: line 7: 53549 Bus error: 10           DYLD_FRAMEWORK_PATH="$DYLIB_PATH" DYLD_LIBRARY_PATH="$DYLIB_PATH" "$PLAYWRIGHT" "$@"
    Call log:
      - <launching> /Users/dahuang/Library/Caches/ms-playwright/webkit-2191/pw_run.sh --inspector-pipe --headless --no-startup-window
      - <launched> pid=53543
      - [pid=53543][err] /Users/dahuang/Library/Caches/ms-playwright/webkit-2191/pw_run.sh: line 7: 53549 Bus error: 10           DYLD_FRAMEWORK_PATH="$DYLIB_PATH" DYLD_LIBRARY_PATH="$DYLIB_PATH" "$PLAYWRIGHT" "$@"

]]>
</failure>
</testcase>
<testcase name="端到端测试 › 真实场景模拟 › 用户深度探索场景" classname="e2e/e2e.spec.ts" time="0.001">
<failure message="e2e.spec.ts:208:9 用户深度探索场景" type="FAILURE">
<![CDATA[  [Mobile Safari] › e2e/e2e.spec.ts:208:9 › 端到端测试 › 真实场景模拟 › 用户深度探索场景 ──────────────────────────────

    Error: browserType.launch: Target page, context or browser has been closed
    Browser logs:

    <launching> /Users/dahuang/Library/Caches/ms-playwright/webkit-2191/pw_run.sh --inspector-pipe --headless --no-startup-window
    <launched> pid=53551
    [pid=53551][err] /Users/dahuang/Library/Caches/ms-playwright/webkit-2191/pw_run.sh: line 7: 53557 Bus error: 10           DYLD_FRAMEWORK_PATH="$DYLIB_PATH" DYLD_LIBRARY_PATH="$DYLIB_PATH" "$PLAYWRIGHT" "$@"
    Call log:
      - <launching> /Users/dahuang/Library/Caches/ms-playwright/webkit-2191/pw_run.sh --inspector-pipe --headless --no-startup-window
      - <launched> pid=53551
      - [pid=53551][err] /Users/dahuang/Library/Caches/ms-playwright/webkit-2191/pw_run.sh: line 7: 53557 Bus error: 10           DYLD_FRAMEWORK_PATH="$DYLIB_PATH" DYLD_LIBRARY_PATH="$DYLIB_PATH" "$PLAYWRIGHT" "$@"

]]>
</failure>
</testcase>
<testcase name="端到端测试 › 真实场景模拟 › 用户犹豫不决场景" classname="e2e/e2e.spec.ts" time="0.001">
<failure message="e2e.spec.ts:271:9 用户犹豫不决场景" type="FAILURE">
<![CDATA[  [Mobile Safari] › e2e/e2e.spec.ts:271:9 › 端到端测试 › 真实场景模拟 › 用户犹豫不决场景 ──────────────────────────────

    Error: browserType.launch: Target page, context or browser has been closed
    Browser logs:

    <launching> /Users/dahuang/Library/Caches/ms-playwright/webkit-2191/pw_run.sh --inspector-pipe --headless --no-startup-window
    <launched> pid=53561
    [pid=53561][err] /Users/dahuang/Library/Caches/ms-playwright/webkit-2191/pw_run.sh: line 7: 53567 Bus error: 10           DYLD_FRAMEWORK_PATH="$DYLIB_PATH" DYLD_LIBRARY_PATH="$DYLIB_PATH" "$PLAYWRIGHT" "$@"
    Call log:
      - <launching> /Users/dahuang/Library/Caches/ms-playwright/webkit-2191/pw_run.sh --inspector-pipe --headless --no-startup-window
      - <launched> pid=53561
      - [pid=53561][err] /Users/dahuang/Library/Caches/ms-playwright/webkit-2191/pw_run.sh: line 7: 53567 Bus error: 10           DYLD_FRAMEWORK_PATH="$DYLIB_PATH" DYLD_LIBRARY_PATH="$DYLIB_PATH" "$PLAYWRIGHT" "$@"

]]>
</failure>
</testcase>
<testcase name="端到端测试 › 错误恢复场景 › 网络不稳定环境下的用户体验" classname="e2e/e2e.spec.ts" time="0.002">
<failure message="e2e.spec.ts:320:9 网络不稳定环境下的用户体验" type="FAILURE">
<![CDATA[  [Mobile Safari] › e2e/e2e.spec.ts:320:9 › 端到端测试 › 错误恢复场景 › 网络不稳定环境下的用户体验 ─────────────────────────

    Error: browserType.launch: Target page, context or browser has been closed
    Browser logs:

    <launching> /Users/dahuang/Library/Caches/ms-playwright/webkit-2191/pw_run.sh --inspector-pipe --headless --no-startup-window
    <launched> pid=53568
    [pid=53568][err] /Users/dahuang/Library/Caches/ms-playwright/webkit-2191/pw_run.sh: line 7: 53574 Bus error: 10           DYLD_FRAMEWORK_PATH="$DYLIB_PATH" DYLD_LIBRARY_PATH="$DYLIB_PATH" "$PLAYWRIGHT" "$@"
    Call log:
      - <launching> /Users/dahuang/Library/Caches/ms-playwright/webkit-2191/pw_run.sh --inspector-pipe --headless --no-startup-window
      - <launched> pid=53568
      - [pid=53568][err] /Users/dahuang/Library/Caches/ms-playwright/webkit-2191/pw_run.sh: line 7: 53574 Bus error: 10           DYLD_FRAMEWORK_PATH="$DYLIB_PATH" DYLD_LIBRARY_PATH="$DYLIB_PATH" "$PLAYWRIGHT" "$@"

]]>
</failure>
</testcase>
<testcase name="端到端测试 › 错误恢复场景 › 浏览器兼容性场景" classname="e2e/e2e.spec.ts" time="0.001">
<failure message="e2e.spec.ts:361:9 浏览器兼容性场景" type="FAILURE">
<![CDATA[  [Mobile Safari] › e2e/e2e.spec.ts:361:9 › 端到端测试 › 错误恢复场景 › 浏览器兼容性场景 ──────────────────────────────

    Error: browserType.launch: Target page, context or browser has been closed
    Browser logs:

    <launching> /Users/dahuang/Library/Caches/ms-playwright/webkit-2191/pw_run.sh --inspector-pipe --headless --no-startup-window
    <launched> pid=53576
    [pid=53576][err] /Users/dahuang/Library/Caches/ms-playwright/webkit-2191/pw_run.sh: line 7: 53582 Bus error: 10           DYLD_FRAMEWORK_PATH="$DYLIB_PATH" DYLD_LIBRARY_PATH="$DYLIB_PATH" "$PLAYWRIGHT" "$@"
    Call log:
      - <launching> /Users/dahuang/Library/Caches/ms-playwright/webkit-2191/pw_run.sh --inspector-pipe --headless --no-startup-window
      - <launched> pid=53576
      - [pid=53576][err] /Users/dahuang/Library/Caches/ms-playwright/webkit-2191/pw_run.sh: line 7: 53582 Bus error: 10           DYLD_FRAMEWORK_PATH="$DYLIB_PATH" DYLD_LIBRARY_PATH="$DYLIB_PATH" "$PLAYWRIGHT" "$@"

]]>
</failure>
</testcase>
<testcase name="端到端测试 › 性能压力测试 › 高频交互压力测试" classname="e2e/e2e.spec.ts" time="0.001">
<failure message="e2e.spec.ts:426:9 高频交互压力测试" type="FAILURE">
<![CDATA[  [Mobile Safari] › e2e/e2e.spec.ts:426:9 › 端到端测试 › 性能压力测试 › 高频交互压力测试 ──────────────────────────────

    Error: browserType.launch: Target page, context or browser has been closed
    Browser logs:

    <launching> /Users/dahuang/Library/Caches/ms-playwright/webkit-2191/pw_run.sh --inspector-pipe --headless --no-startup-window
    <launched> pid=53584
    [pid=53584][err] /Users/dahuang/Library/Caches/ms-playwright/webkit-2191/pw_run.sh: line 7: 53590 Bus error: 10           DYLD_FRAMEWORK_PATH="$DYLIB_PATH" DYLD_LIBRARY_PATH="$DYLIB_PATH" "$PLAYWRIGHT" "$@"
    Call log:
      - <launching> /Users/dahuang/Library/Caches/ms-playwright/webkit-2191/pw_run.sh --inspector-pipe --headless --no-startup-window
      - <launched> pid=53584
      - [pid=53584][err] /Users/dahuang/Library/Caches/ms-playwright/webkit-2191/pw_run.sh: line 7: 53590 Bus error: 10           DYLD_FRAMEWORK_PATH="$DYLIB_PATH" DYLD_LIBRARY_PATH="$DYLIB_PATH" "$PLAYWRIGHT" "$@"

]]>
</failure>
</testcase>
<testcase name="端到端测试 › 性能压力测试 › 长时间会话测试" classname="e2e/e2e.spec.ts" time="0.001">
<failure message="e2e.spec.ts:469:9 长时间会话测试" type="FAILURE">
<![CDATA[  [Mobile Safari] › e2e/e2e.spec.ts:469:9 › 端到端测试 › 性能压力测试 › 长时间会话测试 ───────────────────────────────

    Error: browserType.launch: Target page, context or browser has been closed
    Browser logs:

    <launching> /Users/dahuang/Library/Caches/ms-playwright/webkit-2191/pw_run.sh --inspector-pipe --headless --no-startup-window
    <launched> pid=53598
    [pid=53598][err] /Users/dahuang/Library/Caches/ms-playwright/webkit-2191/pw_run.sh: line 7: 53604 Bus error: 10           DYLD_FRAMEWORK_PATH="$DYLIB_PATH" DYLD_LIBRARY_PATH="$DYLIB_PATH" "$PLAYWRIGHT" "$@"
    Call log:
      - <launching> /Users/dahuang/Library/Caches/ms-playwright/webkit-2191/pw_run.sh --inspector-pipe --headless --no-startup-window
      - <launched> pid=53598
      - [pid=53598][err] /Users/dahuang/Library/Caches/ms-playwright/webkit-2191/pw_run.sh: line 7: 53604 Bus error: 10           DYLD_FRAMEWORK_PATH="$DYLIB_PATH" DYLD_LIBRARY_PATH="$DYLIB_PATH" "$PLAYWRIGHT" "$@"

]]>
</failure>
</testcase>
</testsuite>
<testsuite name="e2e/homepage.spec.ts" timestamp="2025-07-24T07:09:26.317Z" hostname="Mobile Safari" tests="16" failures="16" skipped="0" time="0.039" errors="0">
<testcase name="首页核心功能测试 › 页面基本元素加载" classname="e2e/homepage.spec.ts" time="0.001">
<failure message="homepage.spec.ts:17:7 页面基本元素加载" type="FAILURE">
<![CDATA[  [Mobile Safari] › e2e/homepage.spec.ts:17:7 › 首页核心功能测试 › 页面基本元素加载 ────────────────────────────────

    Error: browserType.launch: Target page, context or browser has been closed
    Browser logs:

    <launching> /Users/dahuang/Library/Caches/ms-playwright/webkit-2191/pw_run.sh --inspector-pipe --headless --no-startup-window
    <launched> pid=53605
    [pid=53605][err] /Users/dahuang/Library/Caches/ms-playwright/webkit-2191/pw_run.sh: line 7: 53611 Bus error: 10           DYLD_FRAMEWORK_PATH="$DYLIB_PATH" DYLD_LIBRARY_PATH="$DYLIB_PATH" "$PLAYWRIGHT" "$@"
    Call log:
      - <launching> /Users/dahuang/Library/Caches/ms-playwright/webkit-2191/pw_run.sh --inspector-pipe --headless --no-startup-window
      - <launched> pid=53605
      - [pid=53605][err] /Users/dahuang/Library/Caches/ms-playwright/webkit-2191/pw_run.sh: line 7: 53611 Bus error: 10           DYLD_FRAMEWORK_PATH="$DYLIB_PATH" DYLD_LIBRARY_PATH="$DYLIB_PATH" "$PLAYWRIGHT" "$@"

]]>
</failure>
</testcase>
<testcase name="首页核心功能测试 › Hero区域交互功能" classname="e2e/homepage.spec.ts" time="0.001">
<failure message="homepage.spec.ts:28:7 Hero区域交互功能" type="FAILURE">
<![CDATA[  [Mobile Safari] › e2e/homepage.spec.ts:28:7 › 首页核心功能测试 › Hero区域交互功能 ──────────────────────────────

    Error: browserType.launch: Target page, context or browser has been closed
    Browser logs:

    <launching> /Users/dahuang/Library/Caches/ms-playwright/webkit-2191/pw_run.sh --inspector-pipe --headless --no-startup-window
    <launched> pid=53614
    [pid=53614][err] /Users/dahuang/Library/Caches/ms-playwright/webkit-2191/pw_run.sh: line 7: 53620 Bus error: 10           DYLD_FRAMEWORK_PATH="$DYLIB_PATH" DYLD_LIBRARY_PATH="$DYLIB_PATH" "$PLAYWRIGHT" "$@"
    Call log:
      - <launching> /Users/dahuang/Library/Caches/ms-playwright/webkit-2191/pw_run.sh --inspector-pipe --headless --no-startup-window
      - <launched> pid=53614
      - [pid=53614][err] /Users/dahuang/Library/Caches/ms-playwright/webkit-2191/pw_run.sh: line 7: 53620 Bus error: 10           DYLD_FRAMEWORK_PATH="$DYLIB_PATH" DYLD_LIBRARY_PATH="$DYLIB_PATH" "$PLAYWRIGHT" "$@"

]]>
</failure>
</testcase>
<testcase name="首页核心功能测试 › 特色标签显示" classname="e2e/homepage.spec.ts" time="0.001">
<failure message="homepage.spec.ts:42:7 特色标签显示" type="FAILURE">
<![CDATA[  [Mobile Safari] › e2e/homepage.spec.ts:42:7 › 首页核心功能测试 › 特色标签显示 ──────────────────────────────────

    Error: browserType.launch: Target page, context or browser has been closed
    Browser logs:

    <launching> /Users/dahuang/Library/Caches/ms-playwright/webkit-2191/pw_run.sh --inspector-pipe --headless --no-startup-window
    <launched> pid=53622
    [pid=53622][err] /Users/dahuang/Library/Caches/ms-playwright/webkit-2191/pw_run.sh: line 7: 53628 Bus error: 10           DYLD_FRAMEWORK_PATH="$DYLIB_PATH" DYLD_LIBRARY_PATH="$DYLIB_PATH" "$PLAYWRIGHT" "$@"
    Call log:
      - <launching> /Users/dahuang/Library/Caches/ms-playwright/webkit-2191/pw_run.sh --inspector-pipe --headless --no-startup-window
      - <launched> pid=53622
      - [pid=53622][err] /Users/dahuang/Library/Caches/ms-playwright/webkit-2191/pw_run.sh: line 7: 53628 Bus error: 10           DYLD_FRAMEWORK_PATH="$DYLIB_PATH" DYLD_LIBRARY_PATH="$DYLIB_PATH" "$PLAYWRIGHT" "$@"

]]>
</failure>
</testcase>
<testcase name="首页核心功能测试 › 功能展示区域内容" classname="e2e/homepage.spec.ts" time="0.001">
<failure message="homepage.spec.ts:53:7 功能展示区域内容" type="FAILURE">
<![CDATA[  [Mobile Safari] › e2e/homepage.spec.ts:53:7 › 首页核心功能测试 › 功能展示区域内容 ────────────────────────────────

    Error: browserType.launch: Target page, context or browser has been closed
    Browser logs:

    <launching> /Users/dahuang/Library/Caches/ms-playwright/webkit-2191/pw_run.sh --inspector-pipe --headless --no-startup-window
    <launched> pid=53631
    [pid=53631][err] /Users/dahuang/Library/Caches/ms-playwright/webkit-2191/pw_run.sh: line 7: 53637 Bus error: 10           DYLD_FRAMEWORK_PATH="$DYLIB_PATH" DYLD_LIBRARY_PATH="$DYLIB_PATH" "$PLAYWRIGHT" "$@"
    Call log:
      - <launching> /Users/dahuang/Library/Caches/ms-playwright/webkit-2191/pw_run.sh --inspector-pipe --headless --no-startup-window
      - <launched> pid=53631
      - [pid=53631][err] /Users/dahuang/Library/Caches/ms-playwright/webkit-2191/pw_run.sh: line 7: 53637 Bus error: 10           DYLD_FRAMEWORK_PATH="$DYLIB_PATH" DYLD_LIBRARY_PATH="$DYLIB_PATH" "$PLAYWRIGHT" "$@"

]]>
</failure>
</testcase>
<testcase name="首页核心功能测试 › Features区域内容验证" classname="e2e/homepage.spec.ts" time="0.001">
<failure message="homepage.spec.ts:74:7 Features区域内容验证" type="FAILURE">
<![CDATA[  [Mobile Safari] › e2e/homepage.spec.ts:74:7 › 首页核心功能测试 › Features区域内容验证 ──────────────────────────

    Error: browserType.launch: Target page, context or browser has been closed
    Browser logs:

    <launching> /Users/dahuang/Library/Caches/ms-playwright/webkit-2191/pw_run.sh --inspector-pipe --headless --no-startup-window
    <launched> pid=53638
    [pid=53638][err] /Users/dahuang/Library/Caches/ms-playwright/webkit-2191/pw_run.sh: line 7: 53644 Bus error: 10           DYLD_FRAMEWORK_PATH="$DYLIB_PATH" DYLD_LIBRARY_PATH="$DYLIB_PATH" "$PLAYWRIGHT" "$@"
    Call log:
      - <launching> /Users/dahuang/Library/Caches/ms-playwright/webkit-2191/pw_run.sh --inspector-pipe --headless --no-startup-window
      - <launched> pid=53638
      - [pid=53638][err] /Users/dahuang/Library/Caches/ms-playwright/webkit-2191/pw_run.sh: line 7: 53644 Bus error: 10           DYLD_FRAMEWORK_PATH="$DYLIB_PATH" DYLD_LIBRARY_PATH="$DYLIB_PATH" "$PLAYWRIGHT" "$@"

]]>
</failure>
</testcase>
<testcase name="首页核心功能测试 › 用户评价区域显示" classname="e2e/homepage.spec.ts" time="0.001">
<failure message="homepage.spec.ts:86:7 用户评价区域显示" type="FAILURE">
<![CDATA[  [Mobile Safari] › e2e/homepage.spec.ts:86:7 › 首页核心功能测试 › 用户评价区域显示 ────────────────────────────────

    Error: browserType.launch: Target page, context or browser has been closed
    Browser logs:

    <launching> /Users/dahuang/Library/Caches/ms-playwright/webkit-2191/pw_run.sh --inspector-pipe --headless --no-startup-window
    <launched> pid=53646
    [pid=53646][err] /Users/dahuang/Library/Caches/ms-playwright/webkit-2191/pw_run.sh: line 7: 53652 Bus error: 10           DYLD_FRAMEWORK_PATH="$DYLIB_PATH" DYLD_LIBRARY_PATH="$DYLIB_PATH" "$PLAYWRIGHT" "$@"
    Call log:
      - <launching> /Users/dahuang/Library/Caches/ms-playwright/webkit-2191/pw_run.sh --inspector-pipe --headless --no-startup-window
      - <launched> pid=53646
      - [pid=53646][err] /Users/dahuang/Library/Caches/ms-playwright/webkit-2191/pw_run.sh: line 7: 53652 Bus error: 10           DYLD_FRAMEWORK_PATH="$DYLIB_PATH" DYLD_LIBRARY_PATH="$DYLIB_PATH" "$PLAYWRIGHT" "$@"

]]>
</failure>
</testcase>
<testcase name="首页核心功能测试 › FAQ区域交互功能" classname="e2e/homepage.spec.ts" time="0.001">
<failure message="homepage.spec.ts:107:7 FAQ区域交互功能" type="FAILURE">
<![CDATA[  [Mobile Safari] › e2e/homepage.spec.ts:107:7 › 首页核心功能测试 › FAQ区域交互功能 ──────────────────────────────

    Error: browserType.launch: Target page, context or browser has been closed
    Browser logs:

    <launching> /Users/dahuang/Library/Caches/ms-playwright/webkit-2191/pw_run.sh --inspector-pipe --headless --no-startup-window
    <launched> pid=53654
    [pid=53654][err] /Users/dahuang/Library/Caches/ms-playwright/webkit-2191/pw_run.sh: line 7: 53660 Bus error: 10           DYLD_FRAMEWORK_PATH="$DYLIB_PATH" DYLD_LIBRARY_PATH="$DYLIB_PATH" "$PLAYWRIGHT" "$@"
    Call log:
      - <launching> /Users/dahuang/Library/Caches/ms-playwright/webkit-2191/pw_run.sh --inspector-pipe --headless --no-startup-window
      - <launched> pid=53654
      - [pid=53654][err] /Users/dahuang/Library/Caches/ms-playwright/webkit-2191/pw_run.sh: line 7: 53660 Bus error: 10           DYLD_FRAMEWORK_PATH="$DYLIB_PATH" DYLD_LIBRARY_PATH="$DYLIB_PATH" "$PLAYWRIGHT" "$@"

]]>
</failure>
</testcase>
<testcase name="首页核心功能测试 › FAQ结构化数据验证" classname="e2e/homepage.spec.ts" time="0.002">
<failure message="homepage.spec.ts:124:7 FAQ结构化数据验证" type="FAILURE">
<![CDATA[  [Mobile Safari] › e2e/homepage.spec.ts:124:7 › 首页核心功能测试 › FAQ结构化数据验证 ─────────────────────────────

    Error: browserType.launch: Target page, context or browser has been closed
    Browser logs:

    <launching> /Users/dahuang/Library/Caches/ms-playwright/webkit-2191/pw_run.sh --inspector-pipe --headless --no-startup-window
    <launched> pid=53670
    [pid=53670][err] /Users/dahuang/Library/Caches/ms-playwright/webkit-2191/pw_run.sh: line 7: 53676 Bus error: 10           DYLD_FRAMEWORK_PATH="$DYLIB_PATH" DYLD_LIBRARY_PATH="$DYLIB_PATH" "$PLAYWRIGHT" "$@"
    Call log:
      - <launching> /Users/dahuang/Library/Caches/ms-playwright/webkit-2191/pw_run.sh --inspector-pipe --headless --no-startup-window
      - <launched> pid=53670
      - [pid=53670][err] /Users/dahuang/Library/Caches/ms-playwright/webkit-2191/pw_run.sh: line 7: 53676 Bus error: 10           DYLD_FRAMEWORK_PATH="$DYLIB_PATH" DYLD_LIBRARY_PATH="$DYLIB_PATH" "$PLAYWRIGHT" "$@"

]]>
</failure>
</testcase>
<testcase name="首页核心功能测试 › Newsletter订阅功能" classname="e2e/homepage.spec.ts" time="0.003">
<failure message="homepage.spec.ts:128:7 Newsletter订阅功能" type="FAILURE">
<![CDATA[  [Mobile Safari] › e2e/homepage.spec.ts:128:7 › 首页核心功能测试 › Newsletter订阅功能 ─────────────────────────

    Error: browserType.launch: Target page, context or browser has been closed
    Browser logs:

    <launching> /Users/dahuang/Library/Caches/ms-playwright/webkit-2191/pw_run.sh --inspector-pipe --headless --no-startup-window
    <launched> pid=53677
    [pid=53677][err] /Users/dahuang/Library/Caches/ms-playwright/webkit-2191/pw_run.sh: line 7: 53683 Bus error: 10           DYLD_FRAMEWORK_PATH="$DYLIB_PATH" DYLD_LIBRARY_PATH="$DYLIB_PATH" "$PLAYWRIGHT" "$@"
    Call log:
      - <launching> /Users/dahuang/Library/Caches/ms-playwright/webkit-2191/pw_run.sh --inspector-pipe --headless --no-startup-window
      - <launched> pid=53677
      - [pid=53677][err] /Users/dahuang/Library/Caches/ms-playwright/webkit-2191/pw_run.sh: line 7: 53683 Bus error: 10           DYLD_FRAMEWORK_PATH="$DYLIB_PATH" DYLD_LIBRARY_PATH="$DYLIB_PATH" "$PLAYWRIGHT" "$@"

]]>
</failure>
</testcase>
<testcase name="首页核心功能测试 › 页面滚动行为" classname="e2e/homepage.spec.ts" time="0.001">
<failure message="homepage.spec.ts:143:7 页面滚动行为" type="FAILURE">
<![CDATA[  [Mobile Safari] › e2e/homepage.spec.ts:143:7 › 首页核心功能测试 › 页面滚动行为 ─────────────────────────────────

    Error: browserType.launch: Target page, context or browser has been closed
    Browser logs:

    <launching> /Users/dahuang/Library/Caches/ms-playwright/webkit-2191/pw_run.sh --inspector-pipe --headless --no-startup-window
    <launched> pid=53685
    [pid=53685][err] /Users/dahuang/Library/Caches/ms-playwright/webkit-2191/pw_run.sh: line 7: 53692 Bus error: 10           DYLD_FRAMEWORK_PATH="$DYLIB_PATH" DYLD_LIBRARY_PATH="$DYLIB_PATH" "$PLAYWRIGHT" "$@"
    Call log:
      - <launching> /Users/dahuang/Library/Caches/ms-playwright/webkit-2191/pw_run.sh --inspector-pipe --headless --no-startup-window
      - <launched> pid=53685
      - [pid=53685][err] /Users/dahuang/Library/Caches/ms-playwright/webkit-2191/pw_run.sh: line 7: 53692 Bus error: 10           DYLD_FRAMEWORK_PATH="$DYLIB_PATH" DYLD_LIBRARY_PATH="$DYLIB_PATH" "$PLAYWRIGHT" "$@"

]]>
</failure>
</testcase>
<testcase name="首页核心功能测试 › 外部链接验证" classname="e2e/homepage.spec.ts" time="0.001">
<failure message="homepage.spec.ts:156:7 外部链接验证" type="FAILURE">
<![CDATA[  [Mobile Safari] › e2e/homepage.spec.ts:156:7 › 首页核心功能测试 › 外部链接验证 ─────────────────────────────────

    Error: browserType.launch: Target page, context or browser has been closed
    Browser logs:

    <launching> /Users/dahuang/Library/Caches/ms-playwright/webkit-2191/pw_run.sh --inspector-pipe --headless --no-startup-window
    <launched> pid=53694
    [pid=53694][err] /Users/dahuang/Library/Caches/ms-playwright/webkit-2191/pw_run.sh: line 7: 53700 Bus error: 10           DYLD_FRAMEWORK_PATH="$DYLIB_PATH" DYLD_LIBRARY_PATH="$DYLIB_PATH" "$PLAYWRIGHT" "$@"
    Call log:
      - <launching> /Users/dahuang/Library/Caches/ms-playwright/webkit-2191/pw_run.sh --inspector-pipe --headless --no-startup-window
      - <launched> pid=53694
      - [pid=53694][err] /Users/dahuang/Library/Caches/ms-playwright/webkit-2191/pw_run.sh: line 7: 53700 Bus error: 10           DYLD_FRAMEWORK_PATH="$DYLIB_PATH" DYLD_LIBRARY_PATH="$DYLIB_PATH" "$PLAYWRIGHT" "$@"

]]>
</failure>
</testcase>
<testcase name="首页核心功能测试 › 页面性能基础检查" classname="e2e/homepage.spec.ts" time="0.001">
<failure message="homepage.spec.ts:167:7 页面性能基础检查" type="FAILURE">
<![CDATA[  [Mobile Safari] › e2e/homepage.spec.ts:167:7 › 首页核心功能测试 › 页面性能基础检查 ───────────────────────────────

    Error: browserType.launch: Target page, context or browser has been closed
    Browser logs:

    <launching> /Users/dahuang/Library/Caches/ms-playwright/webkit-2191/pw_run.sh --inspector-pipe --headless --no-startup-window
    <launched> pid=53709
    [pid=53709][err] /Users/dahuang/Library/Caches/ms-playwright/webkit-2191/pw_run.sh: line 7: 53715 Bus error: 10           DYLD_FRAMEWORK_PATH="$DYLIB_PATH" DYLD_LIBRARY_PATH="$DYLIB_PATH" "$PLAYWRIGHT" "$@"
    Call log:
      - <launching> /Users/dahuang/Library/Caches/ms-playwright/webkit-2191/pw_run.sh --inspector-pipe --headless --no-startup-window
      - <launched> pid=53709
      - [pid=53709][err] /Users/dahuang/Library/Caches/ms-playwright/webkit-2191/pw_run.sh: line 7: 53715 Bus error: 10           DYLD_FRAMEWORK_PATH="$DYLIB_PATH" DYLD_LIBRARY_PATH="$DYLIB_PATH" "$PLAYWRIGHT" "$@"

]]>
</failure>
</testcase>
<testcase name="首页核心功能测试 › 图片加载和优化检查" classname="e2e/homepage.spec.ts" time="0.002">
<failure message="homepage.spec.ts:180:7 图片加载和优化检查" type="FAILURE">
<![CDATA[  [Mobile Safari] › e2e/homepage.spec.ts:180:7 › 首页核心功能测试 › 图片加载和优化检查 ──────────────────────────────

    Error: browserType.launch: Target page, context or browser has been closed
    Browser logs:

    <launching> /Users/dahuang/Library/Caches/ms-playwright/webkit-2191/pw_run.sh --inspector-pipe --headless --no-startup-window
    <launched> pid=53716
    [pid=53716][err] /Users/dahuang/Library/Caches/ms-playwright/webkit-2191/pw_run.sh: line 7: 53722 Bus error: 10           DYLD_FRAMEWORK_PATH="$DYLIB_PATH" DYLD_LIBRARY_PATH="$DYLIB_PATH" "$PLAYWRIGHT" "$@"
    Call log:
      - <launching> /Users/dahuang/Library/Caches/ms-playwright/webkit-2191/pw_run.sh --inspector-pipe --headless --no-startup-window
      - <launched> pid=53716
      - [pid=53716][err] /Users/dahuang/Library/Caches/ms-playwright/webkit-2191/pw_run.sh: line 7: 53722 Bus error: 10           DYLD_FRAMEWORK_PATH="$DYLIB_PATH" DYLD_LIBRARY_PATH="$DYLIB_PATH" "$PLAYWRIGHT" "$@"

]]>
</failure>
</testcase>
<testcase name="首页错误处理 › 网络错误处理" classname="e2e/homepage.spec.ts" time="0.003">
<failure message="homepage.spec.ts:202:7 网络错误处理" type="FAILURE">
<![CDATA[  [Mobile Safari] › e2e/homepage.spec.ts:202:7 › 首页错误处理 › 网络错误处理 ───────────────────────────────────

    Error: browserType.launch: Target page, context or browser has been closed
    Browser logs:

    <launching> /Users/dahuang/Library/Caches/ms-playwright/webkit-2191/pw_run.sh --inspector-pipe --headless --no-startup-window
    <launched> pid=53724
    [pid=53724][err] /Users/dahuang/Library/Caches/ms-playwright/webkit-2191/pw_run.sh: line 7: 53730 Bus error: 10           DYLD_FRAMEWORK_PATH="$DYLIB_PATH" DYLD_LIBRARY_PATH="$DYLIB_PATH" "$PLAYWRIGHT" "$@"
    Call log:
      - <launching> /Users/dahuang/Library/Caches/ms-playwright/webkit-2191/pw_run.sh --inspector-pipe --headless --no-startup-window
      - <launched> pid=53724
      - [pid=53724][err] /Users/dahuang/Library/Caches/ms-playwright/webkit-2191/pw_run.sh: line 7: 53730 Bus error: 10           DYLD_FRAMEWORK_PATH="$DYLIB_PATH" DYLD_LIBRARY_PATH="$DYLIB_PATH" "$PLAYWRIGHT" "$@"

]]>
</failure>
</testcase>
<testcase name="首页错误处理 › JavaScript错误监控" classname="e2e/homepage.spec.ts" time="0.018">
<failure message="homepage.spec.ts:213:7 JavaScript错误监控" type="FAILURE">
<![CDATA[  [Mobile Safari] › e2e/homepage.spec.ts:213:7 › 首页错误处理 › JavaScript错误监控 ───────────────────────────

    Error: browserType.launch: Target page, context or browser has been closed
    Browser logs:

    <launching> /Users/dahuang/Library/Caches/ms-playwright/webkit-2191/pw_run.sh --inspector-pipe --headless --no-startup-window
    <launched> pid=53732
    [pid=53732][err] /Users/dahuang/Library/Caches/ms-playwright/webkit-2191/pw_run.sh: line 7: 53738 Bus error: 10           DYLD_FRAMEWORK_PATH="$DYLIB_PATH" DYLD_LIBRARY_PATH="$DYLIB_PATH" "$PLAYWRIGHT" "$@"
    Call log:
      - <launching> /Users/dahuang/Library/Caches/ms-playwright/webkit-2191/pw_run.sh --inspector-pipe --headless --no-startup-window
      - <launched> pid=53732
      - [pid=53732][err] /Users/dahuang/Library/Caches/ms-playwright/webkit-2191/pw_run.sh: line 7: 53738 Bus error: 10           DYLD_FRAMEWORK_PATH="$DYLIB_PATH" DYLD_LIBRARY_PATH="$DYLIB_PATH" "$PLAYWRIGHT" "$@"

]]>
</failure>
</testcase>
<testcase name="首页错误处理 › 控制台错误检查" classname="e2e/homepage.spec.ts" time="0.001">
<failure message="homepage.spec.ts:228:7 控制台错误检查" type="FAILURE">
<![CDATA[  [Mobile Safari] › e2e/homepage.spec.ts:228:7 › 首页错误处理 › 控制台错误检查 ──────────────────────────────────

    Error: browserType.launch: Target page, context or browser has been closed
    Browser logs:

    <launching> /Users/dahuang/Library/Caches/ms-playwright/webkit-2191/pw_run.sh --inspector-pipe --headless --no-startup-window
    <launched> pid=53741
    [pid=53741][err] /Users/dahuang/Library/Caches/ms-playwright/webkit-2191/pw_run.sh: line 7: 53747 Bus error: 10           DYLD_FRAMEWORK_PATH="$DYLIB_PATH" DYLD_LIBRARY_PATH="$DYLIB_PATH" "$PLAYWRIGHT" "$@"
    Call log:
      - <launching> /Users/dahuang/Library/Caches/ms-playwright/webkit-2191/pw_run.sh --inspector-pipe --headless --no-startup-window
      - <launched> pid=53741
      - [pid=53741][err] /Users/dahuang/Library/Caches/ms-playwright/webkit-2191/pw_run.sh: line 7: 53747 Bus error: 10           DYLD_FRAMEWORK_PATH="$DYLIB_PATH" DYLD_LIBRARY_PATH="$DYLIB_PATH" "$PLAYWRIGHT" "$@"

]]>
</failure>
</testcase>
</testsuite>
<testsuite name="e2e/navigation.spec.ts" timestamp="2025-07-24T07:09:26.317Z" hostname="Mobile Safari" tests="24" failures="24" skipped="0" time="0.032" errors="0">
<testcase name="导航功能测试 › Header导航基本功能" classname="e2e/navigation.spec.ts" time="0.001">
<failure message="navigation.spec.ts:17:7 Header导航基本功能" type="FAILURE">
<![CDATA[  [Mobile Safari] › e2e/navigation.spec.ts:17:7 › 导航功能测试 › Header导航基本功能 ────────────────────────────

    Error: browserType.launch: Target page, context or browser has been closed
    Browser logs:

    <launching> /Users/dahuang/Library/Caches/ms-playwright/webkit-2191/pw_run.sh --inspector-pipe --headless --no-startup-window
    <launched> pid=53748
    [pid=53748][err] /Users/dahuang/Library/Caches/ms-playwright/webkit-2191/pw_run.sh: line 7: 53754 Bus error: 10           DYLD_FRAMEWORK_PATH="$DYLIB_PATH" DYLD_LIBRARY_PATH="$DYLIB_PATH" "$PLAYWRIGHT" "$@"
    Call log:
      - <launching> /Users/dahuang/Library/Caches/ms-playwright/webkit-2191/pw_run.sh --inspector-pipe --headless --no-startup-window
      - <launched> pid=53748
      - [pid=53748][err] /Users/dahuang/Library/Caches/ms-playwright/webkit-2191/pw_run.sh: line 7: 53754 Bus error: 10           DYLD_FRAMEWORK_PATH="$DYLIB_PATH" DYLD_LIBRARY_PATH="$DYLIB_PATH" "$PLAYWRIGHT" "$@"

]]>
</failure>
</testcase>
<testcase name="导航功能测试 › 锚点导航功能" classname="e2e/navigation.spec.ts" time="0.001">
<failure message="navigation.spec.ts:33:7 锚点导航功能" type="FAILURE">
<![CDATA[  [Mobile Safari] › e2e/navigation.spec.ts:33:7 › 导航功能测试 › 锚点导航功能 ──────────────────────────────────

    Error: browserType.launch: Target page, context or browser has been closed
    Browser logs:

    <launching> /Users/dahuang/Library/Caches/ms-playwright/webkit-2191/pw_run.sh --inspector-pipe --headless --no-startup-window
    <launched> pid=53762
    [pid=53762][err] /Users/dahuang/Library/Caches/ms-playwright/webkit-2191/pw_run.sh: line 7: 53771 Bus error: 10           DYLD_FRAMEWORK_PATH="$DYLIB_PATH" DYLD_LIBRARY_PATH="$DYLIB_PATH" "$PLAYWRIGHT" "$@"
    Call log:
      - <launching> /Users/dahuang/Library/Caches/ms-playwright/webkit-2191/pw_run.sh --inspector-pipe --headless --no-startup-window
      - <launched> pid=53762
      - [pid=53762][err] /Users/dahuang/Library/Caches/ms-playwright/webkit-2191/pw_run.sh: line 7: 53771 Bus error: 10           DYLD_FRAMEWORK_PATH="$DYLIB_PATH" DYLD_LIBRARY_PATH="$DYLIB_PATH" "$PLAYWRIGHT" "$@"

]]>
</failure>
</testcase>
<testcase name="导航功能测试 › 滚动时Header状态变化" classname="e2e/navigation.spec.ts" time="0.001">
<failure message="navigation.spec.ts:51:7 滚动时Header状态变化" type="FAILURE">
<![CDATA[  [Mobile Safari] › e2e/navigation.spec.ts:51:7 › 导航功能测试 › 滚动时Header状态变化 ───────────────────────────

    Error: browserType.launch: Target page, context or browser has been closed
    Browser logs:

    <launching> /Users/dahuang/Library/Caches/ms-playwright/webkit-2191/pw_run.sh --inspector-pipe --headless --no-startup-window
    <launched> pid=53773
    [pid=53773][err] /Users/dahuang/Library/Caches/ms-playwright/webkit-2191/pw_run.sh: line 7: 53779 Bus error: 10           DYLD_FRAMEWORK_PATH="$DYLIB_PATH" DYLD_LIBRARY_PATH="$DYLIB_PATH" "$PLAYWRIGHT" "$@"
    Call log:
      - <launching> /Users/dahuang/Library/Caches/ms-playwright/webkit-2191/pw_run.sh --inspector-pipe --headless --no-startup-window
      - <launched> pid=53773
      - [pid=53773][err] /Users/dahuang/Library/Caches/ms-playwright/webkit-2191/pw_run.sh: line 7: 53779 Bus error: 10           DYLD_FRAMEWORK_PATH="$DYLIB_PATH" DYLD_LIBRARY_PATH="$DYLIB_PATH" "$PLAYWRIGHT" "$@"

]]>
</failure>
</testcase>
<testcase name="导航功能测试 › 导航链接活跃状态" classname="e2e/navigation.spec.ts" time="0.001">
<failure message="navigation.spec.ts:70:7 导航链接活跃状态" type="FAILURE">
<![CDATA[  [Mobile Safari] › e2e/navigation.spec.ts:70:7 › 导航功能测试 › 导航链接活跃状态 ────────────────────────────────

    Error: browserType.launch: Target page, context or browser has been closed
    Browser logs:

    <launching> /Users/dahuang/Library/Caches/ms-playwright/webkit-2191/pw_run.sh --inspector-pipe --headless --no-startup-window
    <launched> pid=53784
    [pid=53784][err] /Users/dahuang/Library/Caches/ms-playwright/webkit-2191/pw_run.sh: line 7: 53790 Bus error: 10           DYLD_FRAMEWORK_PATH="$DYLIB_PATH" DYLD_LIBRARY_PATH="$DYLIB_PATH" "$PLAYWRIGHT" "$@"
    Call log:
      - <launching> /Users/dahuang/Library/Caches/ms-playwright/webkit-2191/pw_run.sh --inspector-pipe --headless --no-startup-window
      - <launched> pid=53784
      - [pid=53784][err] /Users/dahuang/Library/Caches/ms-playwright/webkit-2191/pw_run.sh: line 7: 53790 Bus error: 10           DYLD_FRAMEWORK_PATH="$DYLIB_PATH" DYLD_LIBRARY_PATH="$DYLIB_PATH" "$PLAYWRIGHT" "$@"

]]>
</failure>
</testcase>
<testcase name="导航功能测试 › Logo点击返回顶部" classname="e2e/navigation.spec.ts" time="0.002">
<failure message="navigation.spec.ts:84:7 Logo点击返回顶部" type="FAILURE">
<![CDATA[  [Mobile Safari] › e2e/navigation.spec.ts:84:7 › 导航功能测试 › Logo点击返回顶部 ──────────────────────────────

    Error: browserType.launch: Target page, context or browser has been closed
    Browser logs:

    <launching> /Users/dahuang/Library/Caches/ms-playwright/webkit-2191/pw_run.sh --inspector-pipe --headless --no-startup-window
    <launched> pid=53791
    [pid=53791][err] /Users/dahuang/Library/Caches/ms-playwright/webkit-2191/pw_run.sh: line 7: 53797 Bus error: 10           DYLD_FRAMEWORK_PATH="$DYLIB_PATH" DYLD_LIBRARY_PATH="$DYLIB_PATH" "$PLAYWRIGHT" "$@"
    Call log:
      - <launching> /Users/dahuang/Library/Caches/ms-playwright/webkit-2191/pw_run.sh --inspector-pipe --headless --no-startup-window
      - <launched> pid=53791
      - [pid=53791][err] /Users/dahuang/Library/Caches/ms-playwright/webkit-2191/pw_run.sh: line 7: 53797 Bus error: 10           DYLD_FRAMEWORK_PATH="$DYLIB_PATH" DYLD_LIBRARY_PATH="$DYLIB_PATH" "$PLAYWRIGHT" "$@"

]]>
</failure>
</testcase>
<testcase name="移动端导航测试 › 移动端菜单基本功能" classname="e2e/navigation.spec.ts" time="0.001">
<failure message="navigation.spec.ts:105:7 移动端菜单基本功能" type="FAILURE">
<![CDATA[  [Mobile Safari] › e2e/navigation.spec.ts:105:7 › 移动端导航测试 › 移动端菜单基本功能 ─────────────────────────────

    Error: browserType.launch: Target page, context or browser has been closed
    Browser logs:

    <launching> /Users/dahuang/Library/Caches/ms-playwright/webkit-2191/pw_run.sh --inspector-pipe --headless --no-startup-window
    <launched> pid=53799
    [pid=53799][err] /Users/dahuang/Library/Caches/ms-playwright/webkit-2191/pw_run.sh: line 7: 53805 Bus error: 10           DYLD_FRAMEWORK_PATH="$DYLIB_PATH" DYLD_LIBRARY_PATH="$DYLIB_PATH" "$PLAYWRIGHT" "$@"
    Call log:
      - <launching> /Users/dahuang/Library/Caches/ms-playwright/webkit-2191/pw_run.sh --inspector-pipe --headless --no-startup-window
      - <launched> pid=53799
      - [pid=53799][err] /Users/dahuang/Library/Caches/ms-playwright/webkit-2191/pw_run.sh: line 7: 53805 Bus error: 10           DYLD_FRAMEWORK_PATH="$DYLIB_PATH" DYLD_LIBRARY_PATH="$DYLIB_PATH" "$PLAYWRIGHT" "$@"

]]>
</failure>
</testcase>
<testcase name="移动端导航测试 › 移动端菜单展开收起" classname="e2e/navigation.spec.ts" time="0.001">
<failure message="navigation.spec.ts:118:7 移动端菜单展开收起" type="FAILURE">
<![CDATA[  [Mobile Safari] › e2e/navigation.spec.ts:118:7 › 移动端导航测试 › 移动端菜单展开收起 ─────────────────────────────

    Error: browserType.launch: Target page, context or browser has been closed
    Browser logs:

    <launching> /Users/dahuang/Library/Caches/ms-playwright/webkit-2191/pw_run.sh --inspector-pipe --headless --no-startup-window
    <launched> pid=53807
    [pid=53807][err] /Users/dahuang/Library/Caches/ms-playwright/webkit-2191/pw_run.sh: line 7: 53813 Bus error: 10           DYLD_FRAMEWORK_PATH="$DYLIB_PATH" DYLD_LIBRARY_PATH="$DYLIB_PATH" "$PLAYWRIGHT" "$@"
    Call log:
      - <launching> /Users/dahuang/Library/Caches/ms-playwright/webkit-2191/pw_run.sh --inspector-pipe --headless --no-startup-window
      - <launched> pid=53807
      - [pid=53807][err] /Users/dahuang/Library/Caches/ms-playwright/webkit-2191/pw_run.sh: line 7: 53813 Bus error: 10           DYLD_FRAMEWORK_PATH="$DYLIB_PATH" DYLD_LIBRARY_PATH="$DYLIB_PATH" "$PLAYWRIGHT" "$@"

]]>
</failure>
</testcase>
<testcase name="移动端导航测试 › 移动端导航链接功能" classname="e2e/navigation.spec.ts" time="0.001">
<failure message="navigation.spec.ts:141:7 移动端导航链接功能" type="FAILURE">
<![CDATA[  [Mobile Safari] › e2e/navigation.spec.ts:141:7 › 移动端导航测试 › 移动端导航链接功能 ─────────────────────────────

    Error: browserType.launch: Target page, context or browser has been closed
    Browser logs:

    <launching> /Users/dahuang/Library/Caches/ms-playwright/webkit-2191/pw_run.sh --inspector-pipe --headless --no-startup-window
    <launched> pid=53816
    [pid=53816][err] /Users/dahuang/Library/Caches/ms-playwright/webkit-2191/pw_run.sh: line 7: 53822 Bus error: 10           DYLD_FRAMEWORK_PATH="$DYLIB_PATH" DYLD_LIBRARY_PATH="$DYLIB_PATH" "$PLAYWRIGHT" "$@"
    Call log:
      - <launching> /Users/dahuang/Library/Caches/ms-playwright/webkit-2191/pw_run.sh --inspector-pipe --headless --no-startup-window
      - <launched> pid=53816
      - [pid=53816][err] /Users/dahuang/Library/Caches/ms-playwright/webkit-2191/pw_run.sh: line 7: 53822 Bus error: 10           DYLD_FRAMEWORK_PATH="$DYLIB_PATH" DYLD_LIBRARY_PATH="$DYLIB_PATH" "$PLAYWRIGHT" "$@"

]]>
</failure>
</testcase>
<testcase name="移动端导航测试 › 移动端触摸交互" classname="e2e/navigation.spec.ts" time="0.001">
<failure message="navigation.spec.ts:160:7 移动端触摸交互" type="FAILURE">
<![CDATA[  [Mobile Safari] › e2e/navigation.spec.ts:160:7 › 移动端导航测试 › 移动端触摸交互 ───────────────────────────────

    Error: browserType.launch: Target page, context or browser has been closed
    Browser logs:

    <launching> /Users/dahuang/Library/Caches/ms-playwright/webkit-2191/pw_run.sh --inspector-pipe --headless --no-startup-window
    <launched> pid=53826
    [pid=53826][err] /Users/dahuang/Library/Caches/ms-playwright/webkit-2191/pw_run.sh: line 7: 53834 Bus error: 10           DYLD_FRAMEWORK_PATH="$DYLIB_PATH" DYLD_LIBRARY_PATH="$DYLIB_PATH" "$PLAYWRIGHT" "$@"
    Call log:
      - <launching> /Users/dahuang/Library/Caches/ms-playwright/webkit-2191/pw_run.sh --inspector-pipe --headless --no-startup-window
      - <launched> pid=53826
      - [pid=53826][err] /Users/dahuang/Library/Caches/ms-playwright/webkit-2191/pw_run.sh: line 7: 53834 Bus error: 10           DYLD_FRAMEWORK_PATH="$DYLIB_PATH" DYLD_LIBRARY_PATH="$DYLIB_PATH" "$PLAYWRIGHT" "$@"

]]>
</failure>
</testcase>
<testcase name="Footer导航测试 › Footer基本内容验证" classname="e2e/navigation.spec.ts" time="0.002">
<failure message="navigation.spec.ts:190:7 Footer基本内容验证" type="FAILURE">
<![CDATA[  [Mobile Safari] › e2e/navigation.spec.ts:190:7 › Footer导航测试 › Footer基本内容验证 ───────────────────────

    Error: browserType.launch: Target page, context or browser has been closed
    Browser logs:

    <launching> /Users/dahuang/Library/Caches/ms-playwright/webkit-2191/pw_run.sh --inspector-pipe --headless --no-startup-window
    <launched> pid=53836
    [pid=53836][err] /Users/dahuang/Library/Caches/ms-playwright/webkit-2191/pw_run.sh: line 7: 53842 Bus error: 10           DYLD_FRAMEWORK_PATH="$DYLIB_PATH" DYLD_LIBRARY_PATH="$DYLIB_PATH" "$PLAYWRIGHT" "$@"
    Call log:
      - <launching> /Users/dahuang/Library/Caches/ms-playwright/webkit-2191/pw_run.sh --inspector-pipe --headless --no-startup-window
      - <launched> pid=53836
      - [pid=53836][err] /Users/dahuang/Library/Caches/ms-playwright/webkit-2191/pw_run.sh: line 7: 53842 Bus error: 10           DYLD_FRAMEWORK_PATH="$DYLIB_PATH" DYLD_LIBRARY_PATH="$DYLIB_PATH" "$PLAYWRIGHT" "$@"

]]>
</failure>
</testcase>
<testcase name="Footer导航测试 › Footer快速链接" classname="e2e/navigation.spec.ts" time="0.001">
<failure message="navigation.spec.ts:194:7 Footer快速链接" type="FAILURE">
<![CDATA[  [Mobile Safari] › e2e/navigation.spec.ts:194:7 › Footer导航测试 › Footer快速链接 ─────────────────────────

    Error: browserType.launch: Target page, context or browser has been closed
    Browser logs:

    <launching> /Users/dahuang/Library/Caches/ms-playwright/webkit-2191/pw_run.sh --inspector-pipe --headless --no-startup-window
    <launched> pid=53844
    [pid=53844][err] /Users/dahuang/Library/Caches/ms-playwright/webkit-2191/pw_run.sh: line 7: 53850 Bus error: 10           DYLD_FRAMEWORK_PATH="$DYLIB_PATH" DYLD_LIBRARY_PATH="$DYLIB_PATH" "$PLAYWRIGHT" "$@"
    Call log:
      - <launching> /Users/dahuang/Library/Caches/ms-playwright/webkit-2191/pw_run.sh --inspector-pipe --headless --no-startup-window
      - <launched> pid=53844
      - [pid=53844][err] /Users/dahuang/Library/Caches/ms-playwright/webkit-2191/pw_run.sh: line 7: 53850 Bus error: 10           DYLD_FRAMEWORK_PATH="$DYLIB_PATH" DYLD_LIBRARY_PATH="$DYLIB_PATH" "$PLAYWRIGHT" "$@"

]]>
</failure>
</testcase>
<testcase name="Footer导航测试 › Footer支持链接" classname="e2e/navigation.spec.ts" time="0.001">
<failure message="navigation.spec.ts:199:7 Footer支持链接" type="FAILURE">
<![CDATA[  [Mobile Safari] › e2e/navigation.spec.ts:199:7 › Footer导航测试 › Footer支持链接 ─────────────────────────

    Error: browserType.launch: Target page, context or browser has been closed
    Browser logs:

    <launching> /Users/dahuang/Library/Caches/ms-playwright/webkit-2191/pw_run.sh --inspector-pipe --headless --no-startup-window
    <launched> pid=53853
    [pid=53853][err] /Users/dahuang/Library/Caches/ms-playwright/webkit-2191/pw_run.sh: line 7: 53859 Bus error: 10           DYLD_FRAMEWORK_PATH="$DYLIB_PATH" DYLD_LIBRARY_PATH="$DYLIB_PATH" "$PLAYWRIGHT" "$@"
    Call log:
      - <launching> /Users/dahuang/Library/Caches/ms-playwright/webkit-2191/pw_run.sh --inspector-pipe --headless --no-startup-window
      - <launched> pid=53853
      - [pid=53853][err] /Users/dahuang/Library/Caches/ms-playwright/webkit-2191/pw_run.sh: line 7: 53859 Bus error: 10           DYLD_FRAMEWORK_PATH="$DYLIB_PATH" DYLD_LIBRARY_PATH="$DYLIB_PATH" "$PLAYWRIGHT" "$@"

]]>
</failure>
</testcase>
<testcase name="Footer导航测试 › Footer社交媒体链接" classname="e2e/navigation.spec.ts" time="0.001">
<failure message="navigation.spec.ts:204:7 Footer社交媒体链接" type="FAILURE">
<![CDATA[  [Mobile Safari] › e2e/navigation.spec.ts:204:7 › Footer导航测试 › Footer社交媒体链接 ───────────────────────

    Error: browserType.launch: Target page, context or browser has been closed
    Browser logs:

    <launching> /Users/dahuang/Library/Caches/ms-playwright/webkit-2191/pw_run.sh --inspector-pipe --headless --no-startup-window
    <launched> pid=53860
    [pid=53860][err] /Users/dahuang/Library/Caches/ms-playwright/webkit-2191/pw_run.sh: line 7: 53866 Bus error: 10           DYLD_FRAMEWORK_PATH="$DYLIB_PATH" DYLD_LIBRARY_PATH="$DYLIB_PATH" "$PLAYWRIGHT" "$@"
    Call log:
      - <launching> /Users/dahuang/Library/Caches/ms-playwright/webkit-2191/pw_run.sh --inspector-pipe --headless --no-startup-window
      - <launched> pid=53860
      - [pid=53860][err] /Users/dahuang/Library/Caches/ms-playwright/webkit-2191/pw_run.sh: line 7: 53866 Bus error: 10           DYLD_FRAMEWORK_PATH="$DYLIB_PATH" DYLD_LIBRARY_PATH="$DYLIB_PATH" "$PLAYWRIGHT" "$@"

]]>
</failure>
</testcase>
<testcase name="Footer导航测试 › Footer版权信息" classname="e2e/navigation.spec.ts" time="0.001">
<failure message="navigation.spec.ts:218:7 Footer版权信息" type="FAILURE">
<![CDATA[  [Mobile Safari] › e2e/navigation.spec.ts:218:7 › Footer导航测试 › Footer版权信息 ─────────────────────────

    Error: browserType.launch: Target page, context or browser has been closed
    Browser logs:

    <launching> /Users/dahuang/Library/Caches/ms-playwright/webkit-2191/pw_run.sh --inspector-pipe --headless --no-startup-window
    <launched> pid=53868
    [pid=53868][err] /Users/dahuang/Library/Caches/ms-playwright/webkit-2191/pw_run.sh: line 7: 53874 Bus error: 10           DYLD_FRAMEWORK_PATH="$DYLIB_PATH" DYLD_LIBRARY_PATH="$DYLIB_PATH" "$PLAYWRIGHT" "$@"
    Call log:
      - <launching> /Users/dahuang/Library/Caches/ms-playwright/webkit-2191/pw_run.sh --inspector-pipe --headless --no-startup-window
      - <launched> pid=53868
      - [pid=53868][err] /Users/dahuang/Library/Caches/ms-playwright/webkit-2191/pw_run.sh: line 7: 53874 Bus error: 10           DYLD_FRAMEWORK_PATH="$DYLIB_PATH" DYLD_LIBRARY_PATH="$DYLIB_PATH" "$PLAYWRIGHT" "$@"

]]>
</failure>
</testcase>
<testcase name="Footer导航测试 › Footer链接导航功能" classname="e2e/navigation.spec.ts" time="0.001">
<failure message="navigation.spec.ts:229:7 Footer链接导航功能" type="FAILURE">
<![CDATA[  [Mobile Safari] › e2e/navigation.spec.ts:229:7 › Footer导航测试 › Footer链接导航功能 ───────────────────────

    Error: browserType.launch: Target page, context or browser has been closed
    Browser logs:

    <launching> /Users/dahuang/Library/Caches/ms-playwright/webkit-2191/pw_run.sh --inspector-pipe --headless --no-startup-window
    <launched> pid=53876
    [pid=53876][err] /Users/dahuang/Library/Caches/ms-playwright/webkit-2191/pw_run.sh: line 7: 53882 Bus error: 10           DYLD_FRAMEWORK_PATH="$DYLIB_PATH" DYLD_LIBRARY_PATH="$DYLIB_PATH" "$PLAYWRIGHT" "$@"
    Call log:
      - <launching> /Users/dahuang/Library/Caches/ms-playwright/webkit-2191/pw_run.sh --inspector-pipe --headless --no-startup-window
      - <launched> pid=53876
      - [pid=53876][err] /Users/dahuang/Library/Caches/ms-playwright/webkit-2191/pw_run.sh: line 7: 53882 Bus error: 10           DYLD_FRAMEWORK_PATH="$DYLIB_PATH" DYLD_LIBRARY_PATH="$DYLIB_PATH" "$PLAYWRIGHT" "$@"

]]>
</failure>
</testcase>
<testcase name="跨设备导航一致性测试 › Mobile 导航一致性" classname="e2e/navigation.spec.ts" time="0.002">
<failure message="navigation.spec.ts:251:9 Mobile 导航一致性" type="FAILURE">
<![CDATA[  [Mobile Safari] › e2e/navigation.spec.ts:251:9 › 跨设备导航一致性测试 › Mobile 导航一致性 ───────────────────────

    Error: browserType.launch: Target page, context or browser has been closed
    Browser logs:

    <launching> /Users/dahuang/Library/Caches/ms-playwright/webkit-2191/pw_run.sh --inspector-pipe --headless --no-startup-window
    <launched> pid=53888
    [pid=53888][err] /Users/dahuang/Library/Caches/ms-playwright/webkit-2191/pw_run.sh: line 7: 53894 Bus error: 10           DYLD_FRAMEWORK_PATH="$DYLIB_PATH" DYLD_LIBRARY_PATH="$DYLIB_PATH" "$PLAYWRIGHT" "$@"
    Call log:
      - <launching> /Users/dahuang/Library/Caches/ms-playwright/webkit-2191/pw_run.sh --inspector-pipe --headless --no-startup-window
      - <launched> pid=53888
      - [pid=53888][err] /Users/dahuang/Library/Caches/ms-playwright/webkit-2191/pw_run.sh: line 7: 53894 Bus error: 10           DYLD_FRAMEWORK_PATH="$DYLIB_PATH" DYLD_LIBRARY_PATH="$DYLIB_PATH" "$PLAYWRIGHT" "$@"

]]>
</failure>
</testcase>
<testcase name="跨设备导航一致性测试 › Tablet 导航一致性" classname="e2e/navigation.spec.ts" time="0.001">
<failure message="navigation.spec.ts:251:9 Tablet 导航一致性" type="FAILURE">
<![CDATA[  [Mobile Safari] › e2e/navigation.spec.ts:251:9 › 跨设备导航一致性测试 › Tablet 导航一致性 ───────────────────────

    Error: browserType.launch: Target page, context or browser has been closed
    Browser logs:

    <launching> /Users/dahuang/Library/Caches/ms-playwright/webkit-2191/pw_run.sh --inspector-pipe --headless --no-startup-window
    <launched> pid=53898
    [pid=53898][err] /Users/dahuang/Library/Caches/ms-playwright/webkit-2191/pw_run.sh: line 7: 53904 Bus error: 10           DYLD_FRAMEWORK_PATH="$DYLIB_PATH" DYLD_LIBRARY_PATH="$DYLIB_PATH" "$PLAYWRIGHT" "$@"
    Call log:
      - <launching> /Users/dahuang/Library/Caches/ms-playwright/webkit-2191/pw_run.sh --inspector-pipe --headless --no-startup-window
      - <launched> pid=53898
      - [pid=53898][err] /Users/dahuang/Library/Caches/ms-playwright/webkit-2191/pw_run.sh: line 7: 53904 Bus error: 10           DYLD_FRAMEWORK_PATH="$DYLIB_PATH" DYLD_LIBRARY_PATH="$DYLIB_PATH" "$PLAYWRIGHT" "$@"

]]>
</failure>
</testcase>
<testcase name="跨设备导航一致性测试 › Desktop 导航一致性" classname="e2e/navigation.spec.ts" time="0.001">
<failure message="navigation.spec.ts:251:9 Desktop 导航一致性" type="FAILURE">
<![CDATA[  [Mobile Safari] › e2e/navigation.spec.ts:251:9 › 跨设备导航一致性测试 › Desktop 导航一致性 ──────────────────────

    Error: browserType.launch: Target page, context or browser has been closed
    Browser logs:

    <launching> /Users/dahuang/Library/Caches/ms-playwright/webkit-2191/pw_run.sh --inspector-pipe --headless --no-startup-window
    <launched> pid=53906
    [pid=53906][err] /Users/dahuang/Library/Caches/ms-playwright/webkit-2191/pw_run.sh: line 7: 53912 Bus error: 10           DYLD_FRAMEWORK_PATH="$DYLIB_PATH" DYLD_LIBRARY_PATH="$DYLIB_PATH" "$PLAYWRIGHT" "$@"
    Call log:
      - <launching> /Users/dahuang/Library/Caches/ms-playwright/webkit-2191/pw_run.sh --inspector-pipe --headless --no-startup-window
      - <launched> pid=53906
      - [pid=53906][err] /Users/dahuang/Library/Caches/ms-playwright/webkit-2191/pw_run.sh: line 7: 53912 Bus error: 10           DYLD_FRAMEWORK_PATH="$DYLIB_PATH" DYLD_LIBRARY_PATH="$DYLIB_PATH" "$PLAYWRIGHT" "$@"

]]>
</failure>
</testcase>
<testcase name="导航性能测试 › 导航响应速度" classname="e2e/navigation.spec.ts" time="0.001">
<failure message="navigation.spec.ts:280:7 导航响应速度" type="FAILURE">
<![CDATA[  [Mobile Safari] › e2e/navigation.spec.ts:280:7 › 导航性能测试 › 导航响应速度 ─────────────────────────────────

    Error: browserType.launch: Target page, context or browser has been closed
    Browser logs:

    <launching> /Users/dahuang/Library/Caches/ms-playwright/webkit-2191/pw_run.sh --inspector-pipe --headless --no-startup-window
    <launched> pid=53914
    [pid=53914][err] /Users/dahuang/Library/Caches/ms-playwright/webkit-2191/pw_run.sh: line 7: 53920 Bus error: 10           DYLD_FRAMEWORK_PATH="$DYLIB_PATH" DYLD_LIBRARY_PATH="$DYLIB_PATH" "$PLAYWRIGHT" "$@"
    Call log:
      - <launching> /Users/dahuang/Library/Caches/ms-playwright/webkit-2191/pw_run.sh --inspector-pipe --headless --no-startup-window
      - <launched> pid=53914
      - [pid=53914][err] /Users/dahuang/Library/Caches/ms-playwright/webkit-2191/pw_run.sh: line 7: 53920 Bus error: 10           DYLD_FRAMEWORK_PATH="$DYLIB_PATH" DYLD_LIBRARY_PATH="$DYLIB_PATH" "$PLAYWRIGHT" "$@"

]]>
</failure>
</testcase>
<testcase name="导航性能测试 › 滚动性能" classname="e2e/navigation.spec.ts" time="0.001">
<failure message="navigation.spec.ts:298:7 滚动性能" type="FAILURE">
<![CDATA[  [Mobile Safari] › e2e/navigation.spec.ts:298:7 › 导航性能测试 › 滚动性能 ───────────────────────────────────

    Error: browserType.launch: Target page, context or browser has been closed
    Browser logs:

    <launching> /Users/dahuang/Library/Caches/ms-playwright/webkit-2191/pw_run.sh --inspector-pipe --headless --no-startup-window
    <launched> pid=53923
    [pid=53923][err] /Users/dahuang/Library/Caches/ms-playwright/webkit-2191/pw_run.sh: line 7: 53929 Bus error: 10           DYLD_FRAMEWORK_PATH="$DYLIB_PATH" DYLD_LIBRARY_PATH="$DYLIB_PATH" "$PLAYWRIGHT" "$@"
    Call log:
      - <launching> /Users/dahuang/Library/Caches/ms-playwright/webkit-2191/pw_run.sh --inspector-pipe --headless --no-startup-window
      - <launched> pid=53923
      - [pid=53923][err] /Users/dahuang/Library/Caches/ms-playwright/webkit-2191/pw_run.sh: line 7: 53929 Bus error: 10           DYLD_FRAMEWORK_PATH="$DYLIB_PATH" DYLD_LIBRARY_PATH="$DYLIB_PATH" "$PLAYWRIGHT" "$@"

]]>
</failure>
</testcase>
<testcase name="导航性能测试 › Header状态切换性能" classname="e2e/navigation.spec.ts" time="0.002">
<failure message="navigation.spec.ts:316:7 Header状态切换性能" type="FAILURE">
<![CDATA[  [Mobile Safari] › e2e/navigation.spec.ts:316:7 › 导航性能测试 › Header状态切换性能 ───────────────────────────

    Error: browserType.launch: Target page, context or browser has been closed
    Browser logs:

    <launching> /Users/dahuang/Library/Caches/ms-playwright/webkit-2191/pw_run.sh --inspector-pipe --headless --no-startup-window
    <launched> pid=53930
    [pid=53930][err] /Users/dahuang/Library/Caches/ms-playwright/webkit-2191/pw_run.sh: line 7: 53936 Bus error: 10           DYLD_FRAMEWORK_PATH="$DYLIB_PATH" DYLD_LIBRARY_PATH="$DYLIB_PATH" "$PLAYWRIGHT" "$@"
    Call log:
      - <launching> /Users/dahuang/Library/Caches/ms-playwright/webkit-2191/pw_run.sh --inspector-pipe --headless --no-startup-window
      - <launched> pid=53930
      - [pid=53930][err] /Users/dahuang/Library/Caches/ms-playwright/webkit-2191/pw_run.sh: line 7: 53936 Bus error: 10           DYLD_FRAMEWORK_PATH="$DYLIB_PATH" DYLD_LIBRARY_PATH="$DYLIB_PATH" "$PLAYWRIGHT" "$@"

]]>
</failure>
</testcase>
<testcase name="导航错误处理 › 无效锚点处理" classname="e2e/navigation.spec.ts" time="0.004">
<failure message="navigation.spec.ts:342:7 无效锚点处理" type="FAILURE">
<![CDATA[  [Mobile Safari] › e2e/navigation.spec.ts:342:7 › 导航错误处理 › 无效锚点处理 ─────────────────────────────────

    Error: browserType.launch: Target page, context or browser has been closed
    Browser logs:

    <launching> /Users/dahuang/Library/Caches/ms-playwright/webkit-2191/pw_run.sh --inspector-pipe --headless --no-startup-window
    <launched> pid=53938
    [pid=53938][err] /Users/dahuang/Library/Caches/ms-playwright/webkit-2191/pw_run.sh: line 7: 53944 Bus error: 10           DYLD_FRAMEWORK_PATH="$DYLIB_PATH" DYLD_LIBRARY_PATH="$DYLIB_PATH" "$PLAYWRIGHT" "$@"
    Call log:
      - <launching> /Users/dahuang/Library/Caches/ms-playwright/webkit-2191/pw_run.sh --inspector-pipe --headless --no-startup-window
      - <launched> pid=53938
      - [pid=53938][err] /Users/dahuang/Library/Caches/ms-playwright/webkit-2191/pw_run.sh: line 7: 53944 Bus error: 10           DYLD_FRAMEWORK_PATH="$DYLIB_PATH" DYLD_LIBRARY_PATH="$DYLIB_PATH" "$PLAYWRIGHT" "$@"

]]>
</failure>
</testcase>
<testcase name="导航错误处理 › JavaScript禁用时的导航" classname="e2e/navigation.spec.ts" time="0.002">
<failure message="navigation.spec.ts:361:7 JavaScript禁用时的导航" type="FAILURE">
<![CDATA[  [Mobile Safari] › e2e/navigation.spec.ts:361:7 › 导航错误处理 › JavaScript禁用时的导航 ───────────────────────

    Error: browserType.launch: Target page, context or browser has been closed
    Browser logs:

    <launching> /Users/dahuang/Library/Caches/ms-playwright/webkit-2191/pw_run.sh --inspector-pipe --headless --no-startup-window
    <launched> pid=53947
    [pid=53947][err] /Users/dahuang/Library/Caches/ms-playwright/webkit-2191/pw_run.sh: line 7: 53954 Bus error: 10           DYLD_FRAMEWORK_PATH="$DYLIB_PATH" DYLD_LIBRARY_PATH="$DYLIB_PATH" "$PLAYWRIGHT" "$@"
    Call log:
      - <launching> /Users/dahuang/Library/Caches/ms-playwright/webkit-2191/pw_run.sh --inspector-pipe --headless --no-startup-window
      - <launched> pid=53947
      - [pid=53947][err] /Users/dahuang/Library/Caches/ms-playwright/webkit-2191/pw_run.sh: line 7: 53954 Bus error: 10           DYLD_FRAMEWORK_PATH="$DYLIB_PATH" DYLD_LIBRARY_PATH="$DYLIB_PATH" "$PLAYWRIGHT" "$@"

]]>
</failure>
</testcase>
<testcase name="导航错误处理 › 网络中断时的导航" classname="e2e/navigation.spec.ts" time="0.001">
<failure message="navigation.spec.ts:376:7 网络中断时的导航" type="FAILURE">
<![CDATA[  [Mobile Safari] › e2e/navigation.spec.ts:376:7 › 导航错误处理 › 网络中断时的导航 ───────────────────────────────

    Error: browserType.launch: Target page, context or browser has been closed
    Browser logs:

    <launching> /Users/dahuang/Library/Caches/ms-playwright/webkit-2191/pw_run.sh --inspector-pipe --headless --no-startup-window
    <launched> pid=53960
    [pid=53960][err] /Users/dahuang/Library/Caches/ms-playwright/webkit-2191/pw_run.sh: line 7: 53966 Bus error: 10           DYLD_FRAMEWORK_PATH="$DYLIB_PATH" DYLD_LIBRARY_PATH="$DYLIB_PATH" "$PLAYWRIGHT" "$@"
    Call log:
      - <launching> /Users/dahuang/Library/Caches/ms-playwright/webkit-2191/pw_run.sh --inspector-pipe --headless --no-startup-window
      - <launched> pid=53960
      - [pid=53960][err] /Users/dahuang/Library/Caches/ms-playwright/webkit-2191/pw_run.sh: line 7: 53966 Bus error: 10           DYLD_FRAMEWORK_PATH="$DYLIB_PATH" DYLD_LIBRARY_PATH="$DYLIB_PATH" "$PLAYWRIGHT" "$@"

]]>
</failure>
</testcase>
</testsuite>
<testsuite name="e2e/responsive.spec.ts" timestamp="2025-07-24T07:09:26.317Z" hostname="Mobile Safari" tests="12" failures="12" skipped="0" time="0.015" errors="0">
<testcase name="响应式设计测试 › 移动端适配 › iPhone SE 显示测试" classname="e2e/responsive.spec.ts" time="0.001">
<failure message="responsive.spec.ts:23:9 iPhone SE 显示测试" type="FAILURE">
<![CDATA[  [Mobile Safari] › e2e/responsive.spec.ts:23:9 › 响应式设计测试 › 移动端适配 › iPhone SE 显示测试 ─────────────────

    Error: browserType.launch: Target page, context or browser has been closed
    Browser logs:

    <launching> /Users/dahuang/Library/Caches/ms-playwright/webkit-2191/pw_run.sh --inspector-pipe --headless --no-startup-window
    <launched> pid=53967
    [pid=53967][err] /Users/dahuang/Library/Caches/ms-playwright/webkit-2191/pw_run.sh: line 7: 53973 Bus error: 10           DYLD_FRAMEWORK_PATH="$DYLIB_PATH" DYLD_LIBRARY_PATH="$DYLIB_PATH" "$PLAYWRIGHT" "$@"
    Call log:
      - <launching> /Users/dahuang/Library/Caches/ms-playwright/webkit-2191/pw_run.sh --inspector-pipe --headless --no-startup-window
      - <launched> pid=53967
      - [pid=53967][err] /Users/dahuang/Library/Caches/ms-playwright/webkit-2191/pw_run.sh: line 7: 53973 Bus error: 10           DYLD_FRAMEWORK_PATH="$DYLIB_PATH" DYLD_LIBRARY_PATH="$DYLIB_PATH" "$PLAYWRIGHT" "$@"

]]>
</failure>
</testcase>
<testcase name="响应式设计测试 › 移动端适配 › iPad 显示测试" classname="e2e/responsive.spec.ts" time="0.001">
<failure message="responsive.spec.ts:44:9 iPad 显示测试" type="FAILURE">
<![CDATA[  [Mobile Safari] › e2e/responsive.spec.ts:44:9 › 响应式设计测试 › 移动端适配 › iPad 显示测试 ──────────────────────

    Error: browserType.launch: Target page, context or browser has been closed
    Browser logs:

    <launching> /Users/dahuang/Library/Caches/ms-playwright/webkit-2191/pw_run.sh --inspector-pipe --headless --no-startup-window
    <launched> pid=53974
    [pid=53974][err] /Users/dahuang/Library/Caches/ms-playwright/webkit-2191/pw_run.sh: line 7: 53980 Bus error: 10           DYLD_FRAMEWORK_PATH="$DYLIB_PATH" DYLD_LIBRARY_PATH="$DYLIB_PATH" "$PLAYWRIGHT" "$@"
    Call log:
      - <launching> /Users/dahuang/Library/Caches/ms-playwright/webkit-2191/pw_run.sh --inspector-pipe --headless --no-startup-window
      - <launched> pid=53974
      - [pid=53974][err] /Users/dahuang/Library/Caches/ms-playwright/webkit-2191/pw_run.sh: line 7: 53980 Bus error: 10           DYLD_FRAMEWORK_PATH="$DYLIB_PATH" DYLD_LIBRARY_PATH="$DYLIB_PATH" "$PLAYWRIGHT" "$@"

]]>
</failure>
</testcase>
<testcase name="响应式设计测试 › 移动端适配 › 移动端菜单交互" classname="e2e/responsive.spec.ts" time="0.001">
<failure message="responsive.spec.ts:71:9 移动端菜单交互" type="FAILURE">
<![CDATA[  [Mobile Safari] › e2e/responsive.spec.ts:71:9 › 响应式设计测试 › 移动端适配 › 移动端菜单交互 ────────────────────────

    Error: browserType.launch: Target page, context or browser has been closed
    Browser logs:

    <launching> /Users/dahuang/Library/Caches/ms-playwright/webkit-2191/pw_run.sh --inspector-pipe --headless --no-startup-window
    <launched> pid=53982
    [pid=53982][err] /Users/dahuang/Library/Caches/ms-playwright/webkit-2191/pw_run.sh: line 7: 53989 Bus error: 10           DYLD_FRAMEWORK_PATH="$DYLIB_PATH" DYLD_LIBRARY_PATH="$DYLIB_PATH" "$PLAYWRIGHT" "$@"
    Call log:
      - <launching> /Users/dahuang/Library/Caches/ms-playwright/webkit-2191/pw_run.sh --inspector-pipe --headless --no-startup-window
      - <launched> pid=53982
      - [pid=53982][err] /Users/dahuang/Library/Caches/ms-playwright/webkit-2191/pw_run.sh: line 7: 53989 Bus error: 10           DYLD_FRAMEWORK_PATH="$DYLIB_PATH" DYLD_LIBRARY_PATH="$DYLIB_PATH" "$PLAYWRIGHT" "$@"

]]>
</failure>
</testcase>
<testcase name="响应式设计测试 › 桌面端适配 › 1920x1080 显示测试" classname="e2e/responsive.spec.ts" time="0.001">
<failure message="responsive.spec.ts:99:9 1920x1080 显示测试" type="FAILURE">
<![CDATA[  [Mobile Safari] › e2e/responsive.spec.ts:99:9 › 响应式设计测试 › 桌面端适配 › 1920x1080 显示测试 ─────────────────

    Error: browserType.launch: Target page, context or browser has been closed
    Browser logs:

    <launching> /Users/dahuang/Library/Caches/ms-playwright/webkit-2191/pw_run.sh --inspector-pipe --headless --no-startup-window
    <launched> pid=53992
    [pid=53992][err] /Users/dahuang/Library/Caches/ms-playwright/webkit-2191/pw_run.sh: line 7: 53998 Bus error: 10           DYLD_FRAMEWORK_PATH="$DYLIB_PATH" DYLD_LIBRARY_PATH="$DYLIB_PATH" "$PLAYWRIGHT" "$@"
    Call log:
      - <launching> /Users/dahuang/Library/Caches/ms-playwright/webkit-2191/pw_run.sh --inspector-pipe --headless --no-startup-window
      - <launched> pid=53992
      - [pid=53992][err] /Users/dahuang/Library/Caches/ms-playwright/webkit-2191/pw_run.sh: line 7: 53998 Bus error: 10           DYLD_FRAMEWORK_PATH="$DYLIB_PATH" DYLD_LIBRARY_PATH="$DYLIB_PATH" "$PLAYWRIGHT" "$@"

]]>
</failure>
</testcase>
<testcase name="响应式设计测试 › 桌面端适配 › 4K 显示测试" classname="e2e/responsive.spec.ts" time="0.002">
<failure message="responsive.spec.ts:132:9 4K 显示测试" type="FAILURE">
<![CDATA[  [Mobile Safari] › e2e/responsive.spec.ts:132:9 › 响应式设计测试 › 桌面端适配 › 4K 显示测试 ───────────────────────

    Error: browserType.launch: Target page, context or browser has been closed
    Browser logs:

    <launching> /Users/dahuang/Library/Caches/ms-playwright/webkit-2191/pw_run.sh --inspector-pipe --headless --no-startup-window
    <launched> pid=53999
    [pid=53999][err] /Users/dahuang/Library/Caches/ms-playwright/webkit-2191/pw_run.sh: line 7: 54005 Bus error: 10           DYLD_FRAMEWORK_PATH="$DYLIB_PATH" DYLD_LIBRARY_PATH="$DYLIB_PATH" "$PLAYWRIGHT" "$@"
    Call log:
      - <launching> /Users/dahuang/Library/Caches/ms-playwright/webkit-2191/pw_run.sh --inspector-pipe --headless --no-startup-window
      - <launched> pid=53999
      - [pid=53999][err] /Users/dahuang/Library/Caches/ms-playwright/webkit-2191/pw_run.sh: line 7: 54005 Bus error: 10           DYLD_FRAMEWORK_PATH="$DYLIB_PATH" DYLD_LIBRARY_PATH="$DYLIB_PATH" "$PLAYWRIGHT" "$@"

]]>
</failure>
</testcase>
<testcase name="响应式设计测试 › 断点测试 › 断点切换测试" classname="e2e/responsive.spec.ts" time="0.001">
<failure message="responsive.spec.ts:155:9 断点切换测试" type="FAILURE">
<![CDATA[  [Mobile Safari] › e2e/responsive.spec.ts:155:9 › 响应式设计测试 › 断点测试 › 断点切换测试 ─────────────────────────

    Error: browserType.launch: Target page, context or browser has been closed
    Browser logs:

    <launching> /Users/dahuang/Library/Caches/ms-playwright/webkit-2191/pw_run.sh --inspector-pipe --headless --no-startup-window
    <launched> pid=54012
    [pid=54012][err] /Users/dahuang/Library/Caches/ms-playwright/webkit-2191/pw_run.sh: line 7: 54018 Bus error: 10           DYLD_FRAMEWORK_PATH="$DYLIB_PATH" DYLD_LIBRARY_PATH="$DYLIB_PATH" "$PLAYWRIGHT" "$@"
    Call log:
      - <launching> /Users/dahuang/Library/Caches/ms-playwright/webkit-2191/pw_run.sh --inspector-pipe --headless --no-startup-window
      - <launched> pid=54012
      - [pid=54012][err] /Users/dahuang/Library/Caches/ms-playwright/webkit-2191/pw_run.sh: line 7: 54018 Bus error: 10           DYLD_FRAMEWORK_PATH="$DYLIB_PATH" DYLD_LIBRARY_PATH="$DYLIB_PATH" "$PLAYWRIGHT" "$@"

]]>
</failure>
</testcase>
<testcase name="响应式设计测试 › 断点测试 › 临界断点测试" classname="e2e/responsive.spec.ts" time="0.001">
<failure message="responsive.spec.ts:180:9 临界断点测试" type="FAILURE">
<![CDATA[  [Mobile Safari] › e2e/responsive.spec.ts:180:9 › 响应式设计测试 › 断点测试 › 临界断点测试 ─────────────────────────

    Error: browserType.launch: Target page, context or browser has been closed
    Browser logs:

    <launching> /Users/dahuang/Library/Caches/ms-playwright/webkit-2191/pw_run.sh --inspector-pipe --headless --no-startup-window
    <launched> pid=54020
    [pid=54020][err] /Users/dahuang/Library/Caches/ms-playwright/webkit-2191/pw_run.sh: line 7: 54026 Bus error: 10           DYLD_FRAMEWORK_PATH="$DYLIB_PATH" DYLD_LIBRARY_PATH="$DYLIB_PATH" "$PLAYWRIGHT" "$@"
    Call log:
      - <launching> /Users/dahuang/Library/Caches/ms-playwright/webkit-2191/pw_run.sh --inspector-pipe --headless --no-startup-window
      - <launched> pid=54020
      - [pid=54020][err] /Users/dahuang/Library/Caches/ms-playwright/webkit-2191/pw_run.sh: line 7: 54026 Bus error: 10           DYLD_FRAMEWORK_PATH="$DYLIB_PATH" DYLD_LIBRARY_PATH="$DYLIB_PATH" "$PLAYWRIGHT" "$@"

]]>
</failure>
</testcase>
<testcase name="响应式设计测试 › 内容适配 › 图片响应式测试" classname="e2e/responsive.spec.ts" time="0.001">
<failure message="responsive.spec.ts:204:9 图片响应式测试" type="FAILURE">
<![CDATA[  [Mobile Safari] › e2e/responsive.spec.ts:204:9 › 响应式设计测试 › 内容适配 › 图片响应式测试 ────────────────────────

    Error: browserType.launch: Target page, context or browser has been closed
    Browser logs:

    <launching> /Users/dahuang/Library/Caches/ms-playwright/webkit-2191/pw_run.sh --inspector-pipe --headless --no-startup-window
    <launched> pid=54029
    [pid=54029][err] /Users/dahuang/Library/Caches/ms-playwright/webkit-2191/pw_run.sh: line 7: 54035 Bus error: 10           DYLD_FRAMEWORK_PATH="$DYLIB_PATH" DYLD_LIBRARY_PATH="$DYLIB_PATH" "$PLAYWRIGHT" "$@"
    Call log:
      - <launching> /Users/dahuang/Library/Caches/ms-playwright/webkit-2191/pw_run.sh --inspector-pipe --headless --no-startup-window
      - <launched> pid=54029
      - [pid=54029][err] /Users/dahuang/Library/Caches/ms-playwright/webkit-2191/pw_run.sh: line 7: 54035 Bus error: 10           DYLD_FRAMEWORK_PATH="$DYLIB_PATH" DYLD_LIBRARY_PATH="$DYLIB_PATH" "$PLAYWRIGHT" "$@"

]]>
</failure>
</testcase>
<testcase name="响应式设计测试 › 内容适配 › 文字响应式测试" classname="e2e/responsive.spec.ts" time="0.002">
<failure message="responsive.spec.ts:230:9 文字响应式测试" type="FAILURE">
<![CDATA[  [Mobile Safari] › e2e/responsive.spec.ts:230:9 › 响应式设计测试 › 内容适配 › 文字响应式测试 ────────────────────────

    Error: browserType.launch: Target page, context or browser has been closed
    Browser logs:

    <launching> /Users/dahuang/Library/Caches/ms-playwright/webkit-2191/pw_run.sh --inspector-pipe --headless --no-startup-window
    <launched> pid=54036
    [pid=54036][err] /Users/dahuang/Library/Caches/ms-playwright/webkit-2191/pw_run.sh: line 7: 54042 Bus error: 10           DYLD_FRAMEWORK_PATH="$DYLIB_PATH" DYLD_LIBRARY_PATH="$DYLIB_PATH" "$PLAYWRIGHT" "$@"
    Call log:
      - <launching> /Users/dahuang/Library/Caches/ms-playwright/webkit-2191/pw_run.sh --inspector-pipe --headless --no-startup-window
      - <launched> pid=54036
      - [pid=54036][err] /Users/dahuang/Library/Caches/ms-playwright/webkit-2191/pw_run.sh: line 7: 54042 Bus error: 10           DYLD_FRAMEWORK_PATH="$DYLIB_PATH" DYLD_LIBRARY_PATH="$DYLIB_PATH" "$PLAYWRIGHT" "$@"

]]>
</failure>
</testcase>
<testcase name="响应式设计测试 › 内容适配 › 布局响应式测试" classname="e2e/responsive.spec.ts" time="0.001">
<failure message="responsive.spec.ts:255:9 布局响应式测试" type="FAILURE">
<![CDATA[  [Mobile Safari] › e2e/responsive.spec.ts:255:9 › 响应式设计测试 › 内容适配 › 布局响应式测试 ────────────────────────

    Error: browserType.launch: Target page, context or browser has been closed
    Browser logs:

    <launching> /Users/dahuang/Library/Caches/ms-playwright/webkit-2191/pw_run.sh --inspector-pipe --headless --no-startup-window
    <launched> pid=54044
    [pid=54044][err] /Users/dahuang/Library/Caches/ms-playwright/webkit-2191/pw_run.sh: line 7: 54050 Bus error: 10           DYLD_FRAMEWORK_PATH="$DYLIB_PATH" DYLD_LIBRARY_PATH="$DYLIB_PATH" "$PLAYWRIGHT" "$@"
    Call log:
      - <launching> /Users/dahuang/Library/Caches/ms-playwright/webkit-2191/pw_run.sh --inspector-pipe --headless --no-startup-window
      - <launched> pid=54044
      - [pid=54044][err] /Users/dahuang/Library/Caches/ms-playwright/webkit-2191/pw_run.sh: line 7: 54050 Bus error: 10           DYLD_FRAMEWORK_PATH="$DYLIB_PATH" DYLD_LIBRARY_PATH="$DYLIB_PATH" "$PLAYWRIGHT" "$@"

]]>
</failure>
</testcase>
<testcase name="响应式设计测试 › 性能测试 › 不同设备性能测试" classname="e2e/responsive.spec.ts" time="0.002">
<failure message="responsive.spec.ts:294:9 不同设备性能测试" type="FAILURE">
<![CDATA[  [Mobile Safari] › e2e/responsive.spec.ts:294:9 › 响应式设计测试 › 性能测试 › 不同设备性能测试 ───────────────────────

    Error: browserType.launch: Target page, context or browser has been closed
    Browser logs:

    <launching> /Users/dahuang/Library/Caches/ms-playwright/webkit-2191/pw_run.sh --inspector-pipe --headless --no-startup-window
    <launched> pid=54052
    [pid=54052][err] /Users/dahuang/Library/Caches/ms-playwright/webkit-2191/pw_run.sh: line 7: 54058 Bus error: 10           DYLD_FRAMEWORK_PATH="$DYLIB_PATH" DYLD_LIBRARY_PATH="$DYLIB_PATH" "$PLAYWRIGHT" "$@"
    Call log:
      - <launching> /Users/dahuang/Library/Caches/ms-playwright/webkit-2191/pw_run.sh --inspector-pipe --headless --no-startup-window
      - <launched> pid=54052
      - [pid=54052][err] /Users/dahuang/Library/Caches/ms-playwright/webkit-2191/pw_run.sh: line 7: 54058 Bus error: 10           DYLD_FRAMEWORK_PATH="$DYLIB_PATH" DYLD_LIBRARY_PATH="$DYLIB_PATH" "$PLAYWRIGHT" "$@"

]]>
</failure>
</testcase>
<testcase name="响应式设计测试 › 性能测试 › 图片懒加载测试" classname="e2e/responsive.spec.ts" time="0.001">
<failure message="responsive.spec.ts:322:9 图片懒加载测试" type="FAILURE">
<![CDATA[  [Mobile Safari] › e2e/responsive.spec.ts:322:9 › 响应式设计测试 › 性能测试 › 图片懒加载测试 ────────────────────────

    Error: browserType.launch: Target page, context or browser has been closed
    Browser logs:

    <launching> /Users/dahuang/Library/Caches/ms-playwright/webkit-2191/pw_run.sh --inspector-pipe --headless --no-startup-window
    <launched> pid=54061
    [pid=54061][err] /Users/dahuang/Library/Caches/ms-playwright/webkit-2191/pw_run.sh: line 7: 54067 Bus error: 10           DYLD_FRAMEWORK_PATH="$DYLIB_PATH" DYLD_LIBRARY_PATH="$DYLIB_PATH" "$PLAYWRIGHT" "$@"
    Call log:
      - <launching> /Users/dahuang/Library/Caches/ms-playwright/webkit-2191/pw_run.sh --inspector-pipe --headless --no-startup-window
      - <launched> pid=54061
      - [pid=54061][err] /Users/dahuang/Library/Caches/ms-playwright/webkit-2191/pw_run.sh: line 7: 54067 Bus error: 10           DYLD_FRAMEWORK_PATH="$DYLIB_PATH" DYLD_LIBRARY_PATH="$DYLIB_PATH" "$PLAYWRIGHT" "$@"

]]>
</failure>
</testcase>
</testsuite>
<testsuite name="integration/integration.spec.ts" timestamp="2025-07-24T07:09:26.317Z" hostname="Mobile Safari" tests="13" failures="13" skipped="0" time="0.02" errors="0">
<testcase name="集成测试 › 页面组件交互 › 导航与页面内容联动测试" classname="integration/integration.spec.ts" time="0.002">
<failure message="integration.spec.ts:7:9 导航与页面内容联动测试" type="FAILURE">
<![CDATA[  [Mobile Safari] › integration/integration.spec.ts:7:9 › 集成测试 › 页面组件交互 › 导航与页面内容联动测试 ──────────────

    Error: browserType.launch: Target page, context or browser has been closed
    Browser logs:

    <launching> /Users/dahuang/Library/Caches/ms-playwright/webkit-2191/pw_run.sh --inspector-pipe --headless --no-startup-window
    <launched> pid=54075
    [pid=54075][err] /Users/dahuang/Library/Caches/ms-playwright/webkit-2191/pw_run.sh: line 7: 54081 Bus error: 10           DYLD_FRAMEWORK_PATH="$DYLIB_PATH" DYLD_LIBRARY_PATH="$DYLIB_PATH" "$PLAYWRIGHT" "$@"
    Call log:
      - <launching> /Users/dahuang/Library/Caches/ms-playwright/webkit-2191/pw_run.sh --inspector-pipe --headless --no-startup-window
      - <launched> pid=54075
      - [pid=54075][err] /Users/dahuang/Library/Caches/ms-playwright/webkit-2191/pw_run.sh: line 7: 54081 Bus error: 10           DYLD_FRAMEWORK_PATH="$DYLIB_PATH" DYLD_LIBRARY_PATH="$DYLIB_PATH" "$PLAYWRIGHT" "$@"

]]>
</failure>
</testcase>
<testcase name="集成测试 › 页面组件交互 › Hero区域与导航交互测试" classname="integration/integration.spec.ts" time="0.001">
<failure message="integration.spec.ts:37:9 Hero区域与导航交互测试" type="FAILURE">
<![CDATA[  [Mobile Safari] › integration/integration.spec.ts:37:9 › 集成测试 › 页面组件交互 › Hero区域与导航交互测试 ───────────

    Error: browserType.launch: Target page, context or browser has been closed
    Browser logs:

    <launching> /Users/dahuang/Library/Caches/ms-playwright/webkit-2191/pw_run.sh --inspector-pipe --headless --no-startup-window
    <launched> pid=54083
    [pid=54083][err] /Users/dahuang/Library/Caches/ms-playwright/webkit-2191/pw_run.sh: line 7: 54089 Bus error: 10           DYLD_FRAMEWORK_PATH="$DYLIB_PATH" DYLD_LIBRARY_PATH="$DYLIB_PATH" "$PLAYWRIGHT" "$@"
    Call log:
      - <launching> /Users/dahuang/Library/Caches/ms-playwright/webkit-2191/pw_run.sh --inspector-pipe --headless --no-startup-window
      - <launched> pid=54083
      - [pid=54083][err] /Users/dahuang/Library/Caches/ms-playwright/webkit-2191/pw_run.sh: line 7: 54089 Bus error: 10           DYLD_FRAMEWORK_PATH="$DYLIB_PATH" DYLD_LIBRARY_PATH="$DYLIB_PATH" "$PLAYWRIGHT" "$@"

]]>
</failure>
</testcase>
<testcase name="集成测试 › 页面组件交互 › FAQ组件与页面滚动交互" classname="integration/integration.spec.ts" time="0.001">
<failure message="integration.spec.ts:65:9 FAQ组件与页面滚动交互" type="FAILURE">
<![CDATA[  [Mobile Safari] › integration/integration.spec.ts:65:9 › 集成测试 › 页面组件交互 › FAQ组件与页面滚动交互 ────────────

    Error: browserType.launch: Target page, context or browser has been closed
    Browser logs:

    <launching> /Users/dahuang/Library/Caches/ms-playwright/webkit-2191/pw_run.sh --inspector-pipe --headless --no-startup-window
    <launched> pid=54091
    [pid=54091][err] /Users/dahuang/Library/Caches/ms-playwright/webkit-2191/pw_run.sh: line 7: 54097 Bus error: 10           DYLD_FRAMEWORK_PATH="$DYLIB_PATH" DYLD_LIBRARY_PATH="$DYLIB_PATH" "$PLAYWRIGHT" "$@"
    Call log:
      - <launching> /Users/dahuang/Library/Caches/ms-playwright/webkit-2191/pw_run.sh --inspector-pipe --headless --no-startup-window
      - <launched> pid=54091
      - [pid=54091][err] /Users/dahuang/Library/Caches/ms-playwright/webkit-2191/pw_run.sh: line 7: 54097 Bus error: 10           DYLD_FRAMEWORK_PATH="$DYLIB_PATH" DYLD_LIBRARY_PATH="$DYLIB_PATH" "$PLAYWRIGHT" "$@"

]]>
</failure>
</testcase>
<testcase name="集成测试 › 表单与反馈交互 › Newsletter订阅完整流程测试" classname="integration/integration.spec.ts" time="0.002">
<failure message="integration.spec.ts:101:9 Newsletter订阅完整流程测试" type="FAILURE">
<![CDATA[  [Mobile Safari] › integration/integration.spec.ts:101:9 › 集成测试 › 表单与反馈交互 › Newsletter订阅完整流程测试 ────

    Error: browserType.launch: Target page, context or browser has been closed
    Browser logs:

    <launching> /Users/dahuang/Library/Caches/ms-playwright/webkit-2191/pw_run.sh --inspector-pipe --headless --no-startup-window
    <launched> pid=54101
    [pid=54101][err] /Users/dahuang/Library/Caches/ms-playwright/webkit-2191/pw_run.sh: line 7: 54107 Bus error: 10           DYLD_FRAMEWORK_PATH="$DYLIB_PATH" DYLD_LIBRARY_PATH="$DYLIB_PATH" "$PLAYWRIGHT" "$@"
    Call log:
      - <launching> /Users/dahuang/Library/Caches/ms-playwright/webkit-2191/pw_run.sh --inspector-pipe --headless --no-startup-window
      - <launched> pid=54101
      - [pid=54101][err] /Users/dahuang/Library/Caches/ms-playwright/webkit-2191/pw_run.sh: line 7: 54107 Bus error: 10           DYLD_FRAMEWORK_PATH="$DYLIB_PATH" DYLD_LIBRARY_PATH="$DYLIB_PATH" "$PLAYWRIGHT" "$@"

]]>
</failure>
</testcase>
<testcase name="集成测试 › 表单与反馈交互 › 表单验证与用户体验测试" classname="integration/integration.spec.ts" time="0.002">
<failure message="integration.spec.ts:142:9 表单验证与用户体验测试" type="FAILURE">
<![CDATA[  [Mobile Safari] › integration/integration.spec.ts:142:9 › 集成测试 › 表单与反馈交互 › 表单验证与用户体验测试 ───────────

    Error: browserType.launch: Target page, context or browser has been closed
    Browser logs:

    <launching> /Users/dahuang/Library/Caches/ms-playwright/webkit-2191/pw_run.sh --inspector-pipe --headless --no-startup-window
    <launched> pid=54108
    [pid=54108][err] /Users/dahuang/Library/Caches/ms-playwright/webkit-2191/pw_run.sh: line 7: 54114 Bus error: 10           DYLD_FRAMEWORK_PATH="$DYLIB_PATH" DYLD_LIBRARY_PATH="$DYLIB_PATH" "$PLAYWRIGHT" "$@"
    Call log:
      - <launching> /Users/dahuang/Library/Caches/ms-playwright/webkit-2191/pw_run.sh --inspector-pipe --headless --no-startup-window
      - <launched> pid=54108
      - [pid=54108][err] /Users/dahuang/Library/Caches/ms-playwright/webkit-2191/pw_run.sh: line 7: 54114 Bus error: 10           DYLD_FRAMEWORK_PATH="$DYLIB_PATH" DYLD_LIBRARY_PATH="$DYLIB_PATH" "$PLAYWRIGHT" "$@"

]]>
</failure>
</testcase>
<testcase name="集成测试 › 响应式交互测试 › 移动端导航与内容交互" classname="integration/integration.spec.ts" time="0.001">
<failure message="integration.spec.ts:198:9 移动端导航与内容交互" type="FAILURE">
<![CDATA[  [Mobile Safari] › integration/integration.spec.ts:198:9 › 集成测试 › 响应式交互测试 › 移动端导航与内容交互 ────────────

    Error: browserType.launch: Target page, context or browser has been closed
    Browser logs:

    <launching> /Users/dahuang/Library/Caches/ms-playwright/webkit-2191/pw_run.sh --inspector-pipe --headless --no-startup-window
    <launched> pid=54116
    [pid=54116][err] /Users/dahuang/Library/Caches/ms-playwright/webkit-2191/pw_run.sh: line 7: 54122 Bus error: 10           DYLD_FRAMEWORK_PATH="$DYLIB_PATH" DYLD_LIBRARY_PATH="$DYLIB_PATH" "$PLAYWRIGHT" "$@"
    Call log:
      - <launching> /Users/dahuang/Library/Caches/ms-playwright/webkit-2191/pw_run.sh --inspector-pipe --headless --no-startup-window
      - <launched> pid=54116
      - [pid=54116][err] /Users/dahuang/Library/Caches/ms-playwright/webkit-2191/pw_run.sh: line 7: 54122 Bus error: 10           DYLD_FRAMEWORK_PATH="$DYLIB_PATH" DYLD_LIBRARY_PATH="$DYLIB_PATH" "$PLAYWRIGHT" "$@"

]]>
</failure>
</testcase>
<testcase name="集成测试 › 响应式交互测试 › 跨设备一致性测试" classname="integration/integration.spec.ts" time="0.001">
<failure message="integration.spec.ts:241:9 跨设备一致性测试" type="FAILURE">
<![CDATA[  [Mobile Safari] › integration/integration.spec.ts:241:9 › 集成测试 › 响应式交互测试 › 跨设备一致性测试 ──────────────

    Error: browserType.launch: Target page, context or browser has been closed
    Browser logs:

    <launching> /Users/dahuang/Library/Caches/ms-playwright/webkit-2191/pw_run.sh --inspector-pipe --headless --no-startup-window
    <launched> pid=54124
    [pid=54124][err] /Users/dahuang/Library/Caches/ms-playwright/webkit-2191/pw_run.sh: line 7: 54130 Bus error: 10           DYLD_FRAMEWORK_PATH="$DYLIB_PATH" DYLD_LIBRARY_PATH="$DYLIB_PATH" "$PLAYWRIGHT" "$@"
    Call log:
      - <launching> /Users/dahuang/Library/Caches/ms-playwright/webkit-2191/pw_run.sh --inspector-pipe --headless --no-startup-window
      - <launched> pid=54124
      - [pid=54124][err] /Users/dahuang/Library/Caches/ms-playwright/webkit-2191/pw_run.sh: line 7: 54130 Bus error: 10           DYLD_FRAMEWORK_PATH="$DYLIB_PATH" DYLD_LIBRARY_PATH="$DYLIB_PATH" "$PLAYWRIGHT" "$@"

]]>
</failure>
</testcase>
<testcase name="集成测试 › 性能与用户体验集成 › 页面加载与交互性能测试" classname="integration/integration.spec.ts" time="0.002">
<failure message="integration.spec.ts:270:9 页面加载与交互性能测试" type="FAILURE">
<![CDATA[  [Mobile Safari] › integration/integration.spec.ts:270:9 › 集成测试 › 性能与用户体验集成 › 页面加载与交互性能测试 ─────────

    Error: browserType.launch: Target page, context or browser has been closed
    Browser logs:

    <launching> /Users/dahuang/Library/Caches/ms-playwright/webkit-2191/pw_run.sh --inspector-pipe --headless --no-startup-window
    <launched> pid=54135
    [pid=54135][err] /Users/dahuang/Library/Caches/ms-playwright/webkit-2191/pw_run.sh: line 7: 54144 Bus error: 10           DYLD_FRAMEWORK_PATH="$DYLIB_PATH" DYLD_LIBRARY_PATH="$DYLIB_PATH" "$PLAYWRIGHT" "$@"
    Call log:
      - <launching> /Users/dahuang/Library/Caches/ms-playwright/webkit-2191/pw_run.sh --inspector-pipe --headless --no-startup-window
      - <launched> pid=54135
      - [pid=54135][err] /Users/dahuang/Library/Caches/ms-playwright/webkit-2191/pw_run.sh: line 7: 54144 Bus error: 10           DYLD_FRAMEWORK_PATH="$DYLIB_PATH" DYLD_LIBRARY_PATH="$DYLIB_PATH" "$PLAYWRIGHT" "$@"

]]>
</failure>
</testcase>
<testcase name="集成测试 › 性能与用户体验集成 › 滚动性能与动画流畅性测试" classname="integration/integration.spec.ts" time="0.001">
<failure message="integration.spec.ts:299:9 滚动性能与动画流畅性测试" type="FAILURE">
<![CDATA[  [Mobile Safari] › integration/integration.spec.ts:299:9 › 集成测试 › 性能与用户体验集成 › 滚动性能与动画流畅性测试 ────────

    Error: browserType.launch: Target page, context or browser has been closed
    Browser logs:

    <launching> /Users/dahuang/Library/Caches/ms-playwright/webkit-2191/pw_run.sh --inspector-pipe --headless --no-startup-window
    <launched> pid=54145
    [pid=54145][err] /Users/dahuang/Library/Caches/ms-playwright/webkit-2191/pw_run.sh: line 7: 54151 Bus error: 10           DYLD_FRAMEWORK_PATH="$DYLIB_PATH" DYLD_LIBRARY_PATH="$DYLIB_PATH" "$PLAYWRIGHT" "$@"
    Call log:
      - <launching> /Users/dahuang/Library/Caches/ms-playwright/webkit-2191/pw_run.sh --inspector-pipe --headless --no-startup-window
      - <launched> pid=54145
      - [pid=54145][err] /Users/dahuang/Library/Caches/ms-playwright/webkit-2191/pw_run.sh: line 7: 54151 Bus error: 10           DYLD_FRAMEWORK_PATH="$DYLIB_PATH" DYLD_LIBRARY_PATH="$DYLIB_PATH" "$PLAYWRIGHT" "$@"

]]>
</failure>
</testcase>
<testcase name="集成测试 › 错误处理与恢复 › 网络错误恢复测试" classname="integration/integration.spec.ts" time="0.002">
<failure message="integration.spec.ts:339:9 网络错误恢复测试" type="FAILURE">
<![CDATA[  [Mobile Safari] › integration/integration.spec.ts:339:9 › 集成测试 › 错误处理与恢复 › 网络错误恢复测试 ──────────────

    Error: browserType.launch: Target page, context or browser has been closed
    Browser logs:

    <launching> /Users/dahuang/Library/Caches/ms-playwright/webkit-2191/pw_run.sh --inspector-pipe --headless --no-startup-window
    <launched> pid=54153
    [pid=54153][err] /Users/dahuang/Library/Caches/ms-playwright/webkit-2191/pw_run.sh: line 7: 54159 Bus error: 10           DYLD_FRAMEWORK_PATH="$DYLIB_PATH" DYLD_LIBRARY_PATH="$DYLIB_PATH" "$PLAYWRIGHT" "$@"
    Call log:
      - <launching> /Users/dahuang/Library/Caches/ms-playwright/webkit-2191/pw_run.sh --inspector-pipe --headless --no-startup-window
      - <launched> pid=54153
      - [pid=54153][err] /Users/dahuang/Library/Caches/ms-playwright/webkit-2191/pw_run.sh: line 7: 54159 Bus error: 10           DYLD_FRAMEWORK_PATH="$DYLIB_PATH" DYLD_LIBRARY_PATH="$DYLIB_PATH" "$PLAYWRIGHT" "$@"

]]>
</failure>
</testcase>
<testcase name="集成测试 › 错误处理与恢复 › JavaScript错误处理测试" classname="integration/integration.spec.ts" time="0.002">
<failure message="integration.spec.ts:374:9 JavaScript错误处理测试" type="FAILURE">
<![CDATA[  [Mobile Safari] › integration/integration.spec.ts:374:9 › 集成测试 › 错误处理与恢复 › JavaScript错误处理测试 ──────

    Error: browserType.launch: Target page, context or browser has been closed
    Browser logs:

    <launching> /Users/dahuang/Library/Caches/ms-playwright/webkit-2191/pw_run.sh --inspector-pipe --headless --no-startup-window
    <launched> pid=54161
    [pid=54161][err] /Users/dahuang/Library/Caches/ms-playwright/webkit-2191/pw_run.sh: line 7: 54167 Bus error: 10           DYLD_FRAMEWORK_PATH="$DYLIB_PATH" DYLD_LIBRARY_PATH="$DYLIB_PATH" "$PLAYWRIGHT" "$@"
    Call log:
      - <launching> /Users/dahuang/Library/Caches/ms-playwright/webkit-2191/pw_run.sh --inspector-pipe --headless --no-startup-window
      - <launched> pid=54161
      - [pid=54161][err] /Users/dahuang/Library/Caches/ms-playwright/webkit-2191/pw_run.sh: line 7: 54167 Bus error: 10           DYLD_FRAMEWORK_PATH="$DYLIB_PATH" DYLD_LIBRARY_PATH="$DYLIB_PATH" "$PLAYWRIGHT" "$@"

]]>
</failure>
</testcase>
<testcase name="集成测试 › 数据流与状态管理 › 页面状态持久化测试" classname="integration/integration.spec.ts" time="0.002">
<failure message="integration.spec.ts:414:9 页面状态持久化测试" type="FAILURE">
<![CDATA[  [Mobile Safari] › integration/integration.spec.ts:414:9 › 集成测试 › 数据流与状态管理 › 页面状态持久化测试 ────────────

    Error: browserType.launch: Target page, context or browser has been closed
    Browser logs:

    <launching> /Users/dahuang/Library/Caches/ms-playwright/webkit-2191/pw_run.sh --inspector-pipe --headless --no-startup-window
    <launched> pid=54170
    [pid=54170][err] /Users/dahuang/Library/Caches/ms-playwright/webkit-2191/pw_run.sh: line 7: 54176 Bus error: 10           DYLD_FRAMEWORK_PATH="$DYLIB_PATH" DYLD_LIBRARY_PATH="$DYLIB_PATH" "$PLAYWRIGHT" "$@"
    Call log:
      - <launching> /Users/dahuang/Library/Caches/ms-playwright/webkit-2191/pw_run.sh --inspector-pipe --headless --no-startup-window
      - <launched> pid=54170
      - [pid=54170][err] /Users/dahuang/Library/Caches/ms-playwright/webkit-2191/pw_run.sh: line 7: 54176 Bus error: 10           DYLD_FRAMEWORK_PATH="$DYLIB_PATH" DYLD_LIBRARY_PATH="$DYLIB_PATH" "$PLAYWRIGHT" "$@"

]]>
</failure>
</testcase>
<testcase name="集成测试 › 数据流与状态管理 › 用户交互历史测试" classname="integration/integration.spec.ts" time="0.001">
<failure message="integration.spec.ts:442:9 用户交互历史测试" type="FAILURE">
<![CDATA[  [Mobile Safari] › integration/integration.spec.ts:442:9 › 集成测试 › 数据流与状态管理 › 用户交互历史测试 ─────────────

    Error: browserType.launch: Target page, context or browser has been closed
    Browser logs:

    <launching> /Users/dahuang/Library/Caches/ms-playwright/webkit-2191/pw_run.sh --inspector-pipe --headless --no-startup-window
    <launched> pid=54177
    [pid=54177][err] /Users/dahuang/Library/Caches/ms-playwright/webkit-2191/pw_run.sh: line 7: 54183 Bus error: 10           DYLD_FRAMEWORK_PATH="$DYLIB_PATH" DYLD_LIBRARY_PATH="$DYLIB_PATH" "$PLAYWRIGHT" "$@"
    Call log:
      - <launching> /Users/dahuang/Library/Caches/ms-playwright/webkit-2191/pw_run.sh --inspector-pipe --headless --no-startup-window
      - <launched> pid=54177
      - [pid=54177][err] /Users/dahuang/Library/Caches/ms-playwright/webkit-2191/pw_run.sh: line 7: 54183 Bus error: 10           DYLD_FRAMEWORK_PATH="$DYLIB_PATH" DYLD_LIBRARY_PATH="$DYLIB_PATH" "$PLAYWRIGHT" "$@"

]]>
</failure>
</testcase>
</testsuite>
<testsuite name="performance/performance.spec.ts" timestamp="2025-07-24T07:09:26.317Z" hostname="Mobile Safari" tests="13" failures="13" skipped="0" time="0.019" errors="0">
<testcase name="性能测试 › 页面加载性能 › 首页加载时间测试" classname="performance/performance.spec.ts" time="0.002">
<failure message="performance.spec.ts:7:9 首页加载时间测试" type="FAILURE">
<![CDATA[  [Mobile Safari] › performance/performance.spec.ts:7:9 › 性能测试 › 页面加载性能 › 首页加载时间测试 ─────────────────

    Error: browserType.launch: Target page, context or browser has been closed
    Browser logs:

    <launching> /Users/dahuang/Library/Caches/ms-playwright/webkit-2191/pw_run.sh --inspector-pipe --headless --no-startup-window
    <launched> pid=54185
    [pid=54185][err] /Users/dahuang/Library/Caches/ms-playwright/webkit-2191/pw_run.sh: line 7: 54191 Bus error: 10           DYLD_FRAMEWORK_PATH="$DYLIB_PATH" DYLD_LIBRARY_PATH="$DYLIB_PATH" "$PLAYWRIGHT" "$@"
    Call log:
      - <launching> /Users/dahuang/Library/Caches/ms-playwright/webkit-2191/pw_run.sh --inspector-pipe --headless --no-startup-window
      - <launched> pid=54185
      - [pid=54185][err] /Users/dahuang/Library/Caches/ms-playwright/webkit-2191/pw_run.sh: line 7: 54191 Bus error: 10           DYLD_FRAMEWORK_PATH="$DYLIB_PATH" DYLD_LIBRARY_PATH="$DYLIB_PATH" "$PLAYWRIGHT" "$@"

]]>
</failure>
</testcase>
<testcase name="性能测试 › 页面加载性能 › 资源加载性能测试" classname="performance/performance.spec.ts" time="0.002">
<failure message="performance.spec.ts:25:9 资源加载性能测试" type="FAILURE">
<![CDATA[  [Mobile Safari] › performance/performance.spec.ts:25:9 › 性能测试 › 页面加载性能 › 资源加载性能测试 ────────────────

    Error: browserType.launch: Target page, context or browser has been closed
    Browser logs:

    <launching> /Users/dahuang/Library/Caches/ms-playwright/webkit-2191/pw_run.sh --inspector-pipe --headless --no-startup-window
    <launched> pid=54193
    [pid=54193][err] /Users/dahuang/Library/Caches/ms-playwright/webkit-2191/pw_run.sh: line 7: 54199 Bus error: 10           DYLD_FRAMEWORK_PATH="$DYLIB_PATH" DYLD_LIBRARY_PATH="$DYLIB_PATH" "$PLAYWRIGHT" "$@"
    Call log:
      - <launching> /Users/dahuang/Library/Caches/ms-playwright/webkit-2191/pw_run.sh --inspector-pipe --headless --no-startup-window
      - <launched> pid=54193
      - [pid=54193][err] /Users/dahuang/Library/Caches/ms-playwright/webkit-2191/pw_run.sh: line 7: 54199 Bus error: 10           DYLD_FRAMEWORK_PATH="$DYLIB_PATH" DYLD_LIBRARY_PATH="$DYLIB_PATH" "$PLAYWRIGHT" "$@"

]]>
</failure>
</testcase>
<testcase name="性能测试 › 页面加载性能 › 图片加载优化测试" classname="performance/performance.spec.ts" time="0.001">
<failure message="performance.spec.ts:70:9 图片加载优化测试" type="FAILURE">
<![CDATA[  [Mobile Safari] › performance/performance.spec.ts:70:9 › 性能测试 › 页面加载性能 › 图片加载优化测试 ────────────────

    Error: browserType.launch: Target page, context or browser has been closed
    Browser logs:

    <launching> /Users/dahuang/Library/Caches/ms-playwright/webkit-2191/pw_run.sh --inspector-pipe --headless --no-startup-window
    <launched> pid=54207
    [pid=54207][err] /Users/dahuang/Library/Caches/ms-playwright/webkit-2191/pw_run.sh: line 7: 54213 Bus error: 10           DYLD_FRAMEWORK_PATH="$DYLIB_PATH" DYLD_LIBRARY_PATH="$DYLIB_PATH" "$PLAYWRIGHT" "$@"
    Call log:
      - <launching> /Users/dahuang/Library/Caches/ms-playwright/webkit-2191/pw_run.sh --inspector-pipe --headless --no-startup-window
      - <launched> pid=54207
      - [pid=54207][err] /Users/dahuang/Library/Caches/ms-playwright/webkit-2191/pw_run.sh: line 7: 54213 Bus error: 10           DYLD_FRAMEWORK_PATH="$DYLIB_PATH" DYLD_LIBRARY_PATH="$DYLIB_PATH" "$PLAYWRIGHT" "$@"

]]>
</failure>
</testcase>
<testcase name="性能测试 › 运行时性能 › 滚动性能测试" classname="performance/performance.spec.ts" time="0.001">
<failure message="performance.spec.ts:99:9 滚动性能测试" type="FAILURE">
<![CDATA[  [Mobile Safari] › performance/performance.spec.ts:99:9 › 性能测试 › 运行时性能 › 滚动性能测试 ───────────────────

    Error: browserType.launch: Target page, context or browser has been closed
    Browser logs:

    <launching> /Users/dahuang/Library/Caches/ms-playwright/webkit-2191/pw_run.sh --inspector-pipe --headless --no-startup-window
    <launched> pid=54214
    [pid=54214][err] /Users/dahuang/Library/Caches/ms-playwright/webkit-2191/pw_run.sh: line 7: 54220 Bus error: 10           DYLD_FRAMEWORK_PATH="$DYLIB_PATH" DYLD_LIBRARY_PATH="$DYLIB_PATH" "$PLAYWRIGHT" "$@"
    Call log:
      - <launching> /Users/dahuang/Library/Caches/ms-playwright/webkit-2191/pw_run.sh --inspector-pipe --headless --no-startup-window
      - <launched> pid=54214
      - [pid=54214][err] /Users/dahuang/Library/Caches/ms-playwright/webkit-2191/pw_run.sh: line 7: 54220 Bus error: 10           DYLD_FRAMEWORK_PATH="$DYLIB_PATH" DYLD_LIBRARY_PATH="$DYLIB_PATH" "$PLAYWRIGHT" "$@"

]]>
</failure>
</testcase>
<testcase name="性能测试 › 运行时性能 › 动画性能测试" classname="performance/performance.spec.ts" time="0.002">
<failure message="performance.spec.ts:131:9 动画性能测试" type="FAILURE">
<![CDATA[  [Mobile Safari] › performance/performance.spec.ts:131:9 › 性能测试 › 运行时性能 › 动画性能测试 ──────────────────

    Error: browserType.launch: Target page, context or browser has been closed
    Browser logs:

    <launching> /Users/dahuang/Library/Caches/ms-playwright/webkit-2191/pw_run.sh --inspector-pipe --headless --no-startup-window
    <launched> pid=54222
    [pid=54222][err] /Users/dahuang/Library/Caches/ms-playwright/webkit-2191/pw_run.sh: line 7: 54228 Bus error: 10           DYLD_FRAMEWORK_PATH="$DYLIB_PATH" DYLD_LIBRARY_PATH="$DYLIB_PATH" "$PLAYWRIGHT" "$@"
    Call log:
      - <launching> /Users/dahuang/Library/Caches/ms-playwright/webkit-2191/pw_run.sh --inspector-pipe --headless --no-startup-window
      - <launched> pid=54222
      - [pid=54222][err] /Users/dahuang/Library/Caches/ms-playwright/webkit-2191/pw_run.sh: line 7: 54228 Bus error: 10           DYLD_FRAMEWORK_PATH="$DYLIB_PATH" DYLD_LIBRARY_PATH="$DYLIB_PATH" "$PLAYWRIGHT" "$@"

]]>
</failure>
</testcase>
<testcase name="性能测试 › 运行时性能 › 内存使用测试" classname="performance/performance.spec.ts" time="0.001">
<failure message="performance.spec.ts:152:9 内存使用测试" type="FAILURE">
<![CDATA[  [Mobile Safari] › performance/performance.spec.ts:152:9 › 性能测试 › 运行时性能 › 内存使用测试 ──────────────────

    Error: browserType.launch: Target page, context or browser has been closed
    Browser logs:

    <launching> /Users/dahuang/Library/Caches/ms-playwright/webkit-2191/pw_run.sh --inspector-pipe --headless --no-startup-window
    <launched> pid=54230
    [pid=54230][err] /Users/dahuang/Library/Caches/ms-playwright/webkit-2191/pw_run.sh: line 7: 54236 Bus error: 10           DYLD_FRAMEWORK_PATH="$DYLIB_PATH" DYLD_LIBRARY_PATH="$DYLIB_PATH" "$PLAYWRIGHT" "$@"
    Call log:
      - <launching> /Users/dahuang/Library/Caches/ms-playwright/webkit-2191/pw_run.sh --inspector-pipe --headless --no-startup-window
      - <launched> pid=54230
      - [pid=54230][err] /Users/dahuang/Library/Caches/ms-playwright/webkit-2191/pw_run.sh: line 7: 54236 Bus error: 10           DYLD_FRAMEWORK_PATH="$DYLIB_PATH" DYLD_LIBRARY_PATH="$DYLIB_PATH" "$PLAYWRIGHT" "$@"

]]>
</failure>
</testcase>
<testcase name="性能测试 › 网络性能 › 慢网络条件下的性能" classname="performance/performance.spec.ts" time="0.001">
<failure message="performance.spec.ts:199:9 慢网络条件下的性能" type="FAILURE">
<![CDATA[  [Mobile Safari] › performance/performance.spec.ts:199:9 › 性能测试 › 网络性能 › 慢网络条件下的性能 ────────────────

    Error: browserType.launch: Target page, context or browser has been closed
    Browser logs:

    <launching> /Users/dahuang/Library/Caches/ms-playwright/webkit-2191/pw_run.sh --inspector-pipe --headless --no-startup-window
    <launched> pid=54239
    [pid=54239][err] /Users/dahuang/Library/Caches/ms-playwright/webkit-2191/pw_run.sh: line 7: 54245 Bus error: 10           DYLD_FRAMEWORK_PATH="$DYLIB_PATH" DYLD_LIBRARY_PATH="$DYLIB_PATH" "$PLAYWRIGHT" "$@"
    Call log:
      - <launching> /Users/dahuang/Library/Caches/ms-playwright/webkit-2191/pw_run.sh --inspector-pipe --headless --no-startup-window
      - <launched> pid=54239
      - [pid=54239][err] /Users/dahuang/Library/Caches/ms-playwright/webkit-2191/pw_run.sh: line 7: 54245 Bus error: 10           DYLD_FRAMEWORK_PATH="$DYLIB_PATH" DYLD_LIBRARY_PATH="$DYLIB_PATH" "$PLAYWRIGHT" "$@"

]]>
</failure>
</testcase>
<testcase name="性能测试 › 网络性能 › 缓存性能测试" classname="performance/performance.spec.ts" time="0.001">
<failure message="performance.spec.ts:221:9 缓存性能测试" type="FAILURE">
<![CDATA[  [Mobile Safari] › performance/performance.spec.ts:221:9 › 性能测试 › 网络性能 › 缓存性能测试 ───────────────────

    Error: browserType.launch: Target page, context or browser has been closed
    Browser logs:

    <launching> /Users/dahuang/Library/Caches/ms-playwright/webkit-2191/pw_run.sh --inspector-pipe --headless --no-startup-window
    <launched> pid=54246
    [pid=54246][err] /Users/dahuang/Library/Caches/ms-playwright/webkit-2191/pw_run.sh: line 7: 54253 Bus error: 10           DYLD_FRAMEWORK_PATH="$DYLIB_PATH" DYLD_LIBRARY_PATH="$DYLIB_PATH" "$PLAYWRIGHT" "$@"
    Call log:
      - <launching> /Users/dahuang/Library/Caches/ms-playwright/webkit-2191/pw_run.sh --inspector-pipe --headless --no-startup-window
      - <launched> pid=54246
      - [pid=54246][err] /Users/dahuang/Library/Caches/ms-playwright/webkit-2191/pw_run.sh: line 7: 54253 Bus error: 10           DYLD_FRAMEWORK_PATH="$DYLIB_PATH" DYLD_LIBRARY_PATH="$DYLIB_PATH" "$PLAYWRIGHT" "$@"

]]>
</failure>
</testcase>
<testcase name="性能测试 › 移动端性能 › 移动设备性能测试" classname="performance/performance.spec.ts" time="0.001">
<failure message="performance.spec.ts:245:9 移动设备性能测试" type="FAILURE">
<![CDATA[  [Mobile Safari] › performance/performance.spec.ts:245:9 › 性能测试 › 移动端性能 › 移动设备性能测试 ────────────────

    Error: browserType.launch: Target page, context or browser has been closed
    Browser logs:

    <launching> /Users/dahuang/Library/Caches/ms-playwright/webkit-2191/pw_run.sh --inspector-pipe --headless --no-startup-window
    <launched> pid=54254
    [pid=54254][err] /Users/dahuang/Library/Caches/ms-playwright/webkit-2191/pw_run.sh: line 7: 54261 Bus error: 10           DYLD_FRAMEWORK_PATH="$DYLIB_PATH" DYLD_LIBRARY_PATH="$DYLIB_PATH" "$PLAYWRIGHT" "$@"
    Call log:
      - <launching> /Users/dahuang/Library/Caches/ms-playwright/webkit-2191/pw_run.sh --inspector-pipe --headless --no-startup-window
      - <launched> pid=54254
      - [pid=54254][err] /Users/dahuang/Library/Caches/ms-playwright/webkit-2191/pw_run.sh: line 7: 54261 Bus error: 10           DYLD_FRAMEWORK_PATH="$DYLIB_PATH" DYLD_LIBRARY_PATH="$DYLIB_PATH" "$PLAYWRIGHT" "$@"

]]>
</failure>
</testcase>
<testcase name="性能测试 › 移动端性能 › 触摸交互性能测试" classname="performance/performance.spec.ts" time="0.002">
<failure message="performance.spec.ts:265:9 触摸交互性能测试" type="FAILURE">
<![CDATA[  [Mobile Safari] › performance/performance.spec.ts:265:9 › 性能测试 › 移动端性能 › 触摸交互性能测试 ────────────────

    Error: browserType.launch: Target page, context or browser has been closed
    Browser logs:

    <launching> /Users/dahuang/Library/Caches/ms-playwright/webkit-2191/pw_run.sh --inspector-pipe --headless --no-startup-window
    <launched> pid=54267
    [pid=54267][err] /Users/dahuang/Library/Caches/ms-playwright/webkit-2191/pw_run.sh: line 7: 54273 Bus error: 10           DYLD_FRAMEWORK_PATH="$DYLIB_PATH" DYLD_LIBRARY_PATH="$DYLIB_PATH" "$PLAYWRIGHT" "$@"
    Call log:
      - <launching> /Users/dahuang/Library/Caches/ms-playwright/webkit-2191/pw_run.sh --inspector-pipe --headless --no-startup-window
      - <launched> pid=54267
      - [pid=54267][err] /Users/dahuang/Library/Caches/ms-playwright/webkit-2191/pw_run.sh: line 7: 54273 Bus error: 10           DYLD_FRAMEWORK_PATH="$DYLIB_PATH" DYLD_LIBRARY_PATH="$DYLIB_PATH" "$PLAYWRIGHT" "$@"

]]>
</failure>
</testcase>
<testcase name="性能测试 › Core Web Vitals › Largest Contentful Paint (LCP)" classname="performance/performance.spec.ts" time="0.002">
<failure message="performance.spec.ts:289:9 Largest Contentful Paint (LCP)" type="FAILURE">
<![CDATA[  [Mobile Safari] › performance/performance.spec.ts:289:9 › 性能测试 › Core Web Vitals › Largest Contentful Paint (LCP) 

    Error: browserType.launch: Target page, context or browser has been closed
    Browser logs:

    <launching> /Users/dahuang/Library/Caches/ms-playwright/webkit-2191/pw_run.sh --inspector-pipe --headless --no-startup-window
    <launched> pid=54276
    [pid=54276][err] /Users/dahuang/Library/Caches/ms-playwright/webkit-2191/pw_run.sh: line 7: 54282 Bus error: 10           DYLD_FRAMEWORK_PATH="$DYLIB_PATH" DYLD_LIBRARY_PATH="$DYLIB_PATH" "$PLAYWRIGHT" "$@"
    Call log:
      - <launching> /Users/dahuang/Library/Caches/ms-playwright/webkit-2191/pw_run.sh --inspector-pipe --headless --no-startup-window
      - <launched> pid=54276
      - [pid=54276][err] /Users/dahuang/Library/Caches/ms-playwright/webkit-2191/pw_run.sh: line 7: 54282 Bus error: 10           DYLD_FRAMEWORK_PATH="$DYLIB_PATH" DYLD_LIBRARY_PATH="$DYLIB_PATH" "$PLAYWRIGHT" "$@"

]]>
</failure>
</testcase>
<testcase name="性能测试 › Core Web Vitals › First Input Delay (FID) 模拟" classname="performance/performance.spec.ts" time="0.001">
<failure message="performance.spec.ts:316:9 First Input Delay (FID) 模拟" type="FAILURE">
<![CDATA[  [Mobile Safari] › performance/performance.spec.ts:316:9 › 性能测试 › Core Web Vitals › First Input Delay (FID) 模拟 

    Error: browserType.launch: Target page, context or browser has been closed
    Browser logs:

    <launching> /Users/dahuang/Library/Caches/ms-playwright/webkit-2191/pw_run.sh --inspector-pipe --headless --no-startup-window
    <launched> pid=54283
    [pid=54283][err] /Users/dahuang/Library/Caches/ms-playwright/webkit-2191/pw_run.sh: line 7: 54289 Bus error: 10           DYLD_FRAMEWORK_PATH="$DYLIB_PATH" DYLD_LIBRARY_PATH="$DYLIB_PATH" "$PLAYWRIGHT" "$@"
    Call log:
      - <launching> /Users/dahuang/Library/Caches/ms-playwright/webkit-2191/pw_run.sh --inspector-pipe --headless --no-startup-window
      - <launched> pid=54283
      - [pid=54283][err] /Users/dahuang/Library/Caches/ms-playwright/webkit-2191/pw_run.sh: line 7: 54289 Bus error: 10           DYLD_FRAMEWORK_PATH="$DYLIB_PATH" DYLD_LIBRARY_PATH="$DYLIB_PATH" "$PLAYWRIGHT" "$@"

]]>
</failure>
</testcase>
<testcase name="性能测试 › Core Web Vitals › Cumulative Layout Shift (CLS) 检测" classname="performance/performance.spec.ts" time="0.002">
<failure message="performance.spec.ts:334:9 Cumulative Layout Shift (CLS) 检测" type="FAILURE">
<![CDATA[  [Mobile Safari] › performance/performance.spec.ts:334:9 › 性能测试 › Core Web Vitals › Cumulative Layout Shift (CLS) 检测 

    Error: browserType.launch: Target page, context or browser has been closed
    Browser logs:

    <launching> /Users/dahuang/Library/Caches/ms-playwright/webkit-2191/pw_run.sh --inspector-pipe --headless --no-startup-window
    <launched> pid=54291
    [pid=54291][err] /Users/dahuang/Library/Caches/ms-playwright/webkit-2191/pw_run.sh: line 7: 54297 Bus error: 10           DYLD_FRAMEWORK_PATH="$DYLIB_PATH" DYLD_LIBRARY_PATH="$DYLIB_PATH" "$PLAYWRIGHT" "$@"
    Call log:
      - <launching> /Users/dahuang/Library/Caches/ms-playwright/webkit-2191/pw_run.sh --inspector-pipe --headless --no-startup-window
      - <launched> pid=54291
      - [pid=54291][err] /Users/dahuang/Library/Caches/ms-playwright/webkit-2191/pw_run.sh: line 7: 54297 Bus error: 10           DYLD_FRAMEWORK_PATH="$DYLIB_PATH" DYLD_LIBRARY_PATH="$DYLIB_PATH" "$PLAYWRIGHT" "$@"

]]>
</failure>
</testcase>
</testsuite>
<testsuite name="seo/seo.spec.ts" timestamp="2025-07-24T07:09:26.317Z" hostname="Mobile Safari" tests="18" failures="18" skipped="0" time="0.029" errors="0">
<testcase name="SEO测试 › 基础SEO元素 › 页面标题测试" classname="seo/seo.spec.ts" time="0.002">
<failure message="seo.spec.ts:7:9 页面标题测试" type="FAILURE">
<![CDATA[  [Mobile Safari] › seo/seo.spec.ts:7:9 › SEO测试 › 基础SEO元素 › 页面标题测试 ─────────────────────────────────

    Error: browserType.launch: Target page, context or browser has been closed
    Browser logs:

    <launching> /Users/dahuang/Library/Caches/ms-playwright/webkit-2191/pw_run.sh --inspector-pipe --headless --no-startup-window
    <launched> pid=54299
    [pid=54299][err] /Users/dahuang/Library/Caches/ms-playwright/webkit-2191/pw_run.sh: line 7: 54305 Bus error: 10           DYLD_FRAMEWORK_PATH="$DYLIB_PATH" DYLD_LIBRARY_PATH="$DYLIB_PATH" "$PLAYWRIGHT" "$@"
    Call log:
      - <launching> /Users/dahuang/Library/Caches/ms-playwright/webkit-2191/pw_run.sh --inspector-pipe --headless --no-startup-window
      - <launched> pid=54299
      - [pid=54299][err] /Users/dahuang/Library/Caches/ms-playwright/webkit-2191/pw_run.sh: line 7: 54305 Bus error: 10           DYLD_FRAMEWORK_PATH="$DYLIB_PATH" DYLD_LIBRARY_PATH="$DYLIB_PATH" "$PLAYWRIGHT" "$@"

]]>
</failure>
</testcase>
<testcase name="SEO测试 › 基础SEO元素 › Meta描述测试" classname="seo/seo.spec.ts" time="0.001">
<failure message="seo.spec.ts:20:9 Meta描述测试" type="FAILURE">
<![CDATA[  [Mobile Safari] › seo/seo.spec.ts:20:9 › SEO测试 › 基础SEO元素 › Meta描述测试 ──────────────────────────────

    Error: browserType.launch: Target page, context or browser has been closed
    Browser logs:

    <launching> /Users/dahuang/Library/Caches/ms-playwright/webkit-2191/pw_run.sh --inspector-pipe --headless --no-startup-window
    <launched> pid=54307
    [pid=54307][err] /Users/dahuang/Library/Caches/ms-playwright/webkit-2191/pw_run.sh: line 7: 54314 Bus error: 10           DYLD_FRAMEWORK_PATH="$DYLIB_PATH" DYLD_LIBRARY_PATH="$DYLIB_PATH" "$PLAYWRIGHT" "$@"
    Call log:
      - <launching> /Users/dahuang/Library/Caches/ms-playwright/webkit-2191/pw_run.sh --inspector-pipe --headless --no-startup-window
      - <launched> pid=54307
      - [pid=54307][err] /Users/dahuang/Library/Caches/ms-playwright/webkit-2191/pw_run.sh: line 7: 54314 Bus error: 10           DYLD_FRAMEWORK_PATH="$DYLIB_PATH" DYLD_LIBRARY_PATH="$DYLIB_PATH" "$PLAYWRIGHT" "$@"

]]>
</failure>
</testcase>
<testcase name="SEO测试 › 基础SEO元素 › Meta关键词测试" classname="seo/seo.spec.ts" time="0.002">
<failure message="seo.spec.ts:34:9 Meta关键词测试" type="FAILURE">
<![CDATA[  [Mobile Safari] › seo/seo.spec.ts:34:9 › SEO测试 › 基础SEO元素 › Meta关键词测试 ─────────────────────────────

    Error: browserType.launch: Target page, context or browser has been closed
    Browser logs:

    <launching> /Users/dahuang/Library/Caches/ms-playwright/webkit-2191/pw_run.sh --inspector-pipe --headless --no-startup-window
    <launched> pid=54315
    [pid=54315][err] /Users/dahuang/Library/Caches/ms-playwright/webkit-2191/pw_run.sh: line 7: 54322 Bus error: 10           DYLD_FRAMEWORK_PATH="$DYLIB_PATH" DYLD_LIBRARY_PATH="$DYLIB_PATH" "$PLAYWRIGHT" "$@"
    Call log:
      - <launching> /Users/dahuang/Library/Caches/ms-playwright/webkit-2191/pw_run.sh --inspector-pipe --headless --no-startup-window
      - <launched> pid=54315
      - [pid=54315][err] /Users/dahuang/Library/Caches/ms-playwright/webkit-2191/pw_run.sh: line 7: 54322 Bus error: 10           DYLD_FRAMEWORK_PATH="$DYLIB_PATH" DYLD_LIBRARY_PATH="$DYLIB_PATH" "$PLAYWRIGHT" "$@"

]]>
</failure>
</testcase>
<testcase name="SEO测试 › 基础SEO元素 › Canonical URL测试" classname="seo/seo.spec.ts" time="0.002">
<failure message="seo.spec.ts:54:9 Canonical URL测试" type="FAILURE">
<![CDATA[  [Mobile Safari] › seo/seo.spec.ts:54:9 › SEO测试 › 基础SEO元素 › Canonical URL测试 ───────────────────────

    Error: browserType.launch: Target page, context or browser has been closed
    Browser logs:

    <launching> /Users/dahuang/Library/Caches/ms-playwright/webkit-2191/pw_run.sh --inspector-pipe --headless --no-startup-window
    <launched> pid=54328
    [pid=54328][err] /Users/dahuang/Library/Caches/ms-playwright/webkit-2191/pw_run.sh: line 7: 54334 Bus error: 10           DYLD_FRAMEWORK_PATH="$DYLIB_PATH" DYLD_LIBRARY_PATH="$DYLIB_PATH" "$PLAYWRIGHT" "$@"
    Call log:
      - <launching> /Users/dahuang/Library/Caches/ms-playwright/webkit-2191/pw_run.sh --inspector-pipe --headless --no-startup-window
      - <launched> pid=54328
      - [pid=54328][err] /Users/dahuang/Library/Caches/ms-playwright/webkit-2191/pw_run.sh: line 7: 54334 Bus error: 10           DYLD_FRAMEWORK_PATH="$DYLIB_PATH" DYLD_LIBRARY_PATH="$DYLIB_PATH" "$PLAYWRIGHT" "$@"

]]>
</failure>
</testcase>
<testcase name="SEO测试 › Open Graph标签 › OG基础标签测试" classname="seo/seo.spec.ts" time="0.002">
<failure message="seo.spec.ts:69:9 OG基础标签测试" type="FAILURE">
<![CDATA[  [Mobile Safari] › seo/seo.spec.ts:69:9 › SEO测试 › Open Graph标签 › OG基础标签测试 ─────────────────────────

    Error: browserType.launch: Target page, context or browser has been closed
    Browser logs:

    <launching> /Users/dahuang/Library/Caches/ms-playwright/webkit-2191/pw_run.sh --inspector-pipe --headless --no-startup-window
    <launched> pid=54336
    [pid=54336][err] /Users/dahuang/Library/Caches/ms-playwright/webkit-2191/pw_run.sh: line 7: 54342 Bus error: 10           DYLD_FRAMEWORK_PATH="$DYLIB_PATH" DYLD_LIBRARY_PATH="$DYLIB_PATH" "$PLAYWRIGHT" "$@"
    Call log:
      - <launching> /Users/dahuang/Library/Caches/ms-playwright/webkit-2191/pw_run.sh --inspector-pipe --headless --no-startup-window
      - <launched> pid=54336
      - [pid=54336][err] /Users/dahuang/Library/Caches/ms-playwright/webkit-2191/pw_run.sh: line 7: 54342 Bus error: 10           DYLD_FRAMEWORK_PATH="$DYLIB_PATH" DYLD_LIBRARY_PATH="$DYLIB_PATH" "$PLAYWRIGHT" "$@"

]]>
</failure>
</testcase>
<testcase name="SEO测试 › Open Graph标签 › Twitter Card标签测试" classname="seo/seo.spec.ts" time="0.002">
<failure message="seo.spec.ts:100:9 Twitter Card标签测试" type="FAILURE">
<![CDATA[  [Mobile Safari] › seo/seo.spec.ts:100:9 › SEO测试 › Open Graph标签 › Twitter Card标签测试 ────────────────

    Error: browserType.launch: Target page, context or browser has been closed
    Browser logs:

    <launching> /Users/dahuang/Library/Caches/ms-playwright/webkit-2191/pw_run.sh --inspector-pipe --headless --no-startup-window
    <launched> pid=54344
    [pid=54344][err] /Users/dahuang/Library/Caches/ms-playwright/webkit-2191/pw_run.sh: line 7: 54351 Bus error: 10           DYLD_FRAMEWORK_PATH="$DYLIB_PATH" DYLD_LIBRARY_PATH="$DYLIB_PATH" "$PLAYWRIGHT" "$@"
    Call log:
      - <launching> /Users/dahuang/Library/Caches/ms-playwright/webkit-2191/pw_run.sh --inspector-pipe --headless --no-startup-window
      - <launched> pid=54344
      - [pid=54344][err] /Users/dahuang/Library/Caches/ms-playwright/webkit-2191/pw_run.sh: line 7: 54351 Bus error: 10           DYLD_FRAMEWORK_PATH="$DYLIB_PATH" DYLD_LIBRARY_PATH="$DYLIB_PATH" "$PLAYWRIGHT" "$@"

]]>
</failure>
</testcase>
<testcase name="SEO测试 › 结构化数据 › JSON-LD结构化数据测试" classname="seo/seo.spec.ts" time="0.002">
<failure message="seo.spec.ts:126:9 JSON-LD结构化数据测试" type="FAILURE">
<![CDATA[  [Mobile Safari] › seo/seo.spec.ts:126:9 › SEO测试 › 结构化数据 › JSON-LD结构化数据测试 ─────────────────────────

    Error: browserType.launch: Target page, context or browser has been closed
    Browser logs:

    <launching> /Users/dahuang/Library/Caches/ms-playwright/webkit-2191/pw_run.sh --inspector-pipe --headless --no-startup-window
    <launched> pid=54352
    [pid=54352][err] /Users/dahuang/Library/Caches/ms-playwright/webkit-2191/pw_run.sh: line 7: 54359 Bus error: 10           DYLD_FRAMEWORK_PATH="$DYLIB_PATH" DYLD_LIBRARY_PATH="$DYLIB_PATH" "$PLAYWRIGHT" "$@"
    Call log:
      - <launching> /Users/dahuang/Library/Caches/ms-playwright/webkit-2191/pw_run.sh --inspector-pipe --headless --no-startup-window
      - <launched> pid=54352
      - [pid=54352][err] /Users/dahuang/Library/Caches/ms-playwright/webkit-2191/pw_run.sh: line 7: 54359 Bus error: 10           DYLD_FRAMEWORK_PATH="$DYLIB_PATH" DYLD_LIBRARY_PATH="$DYLIB_PATH" "$PLAYWRIGHT" "$@"

]]>
</failure>
</testcase>
<testcase name="SEO测试 › 结构化数据 › FAQ结构化数据测试" classname="seo/seo.spec.ts" time="0.001">
<failure message="seo.spec.ts:154:9 FAQ结构化数据测试" type="FAILURE">
<![CDATA[  [Mobile Safari] › seo/seo.spec.ts:154:9 › SEO测试 › 结构化数据 › FAQ结构化数据测试 ─────────────────────────────

    Error: browserType.launch: Target page, context or browser has been closed
    Browser logs:

    <launching> /Users/dahuang/Library/Caches/ms-playwright/webkit-2191/pw_run.sh --inspector-pipe --headless --no-startup-window
    <launched> pid=54360
    [pid=54360][err] /Users/dahuang/Library/Caches/ms-playwright/webkit-2191/pw_run.sh: line 7: 54366 Bus error: 10           DYLD_FRAMEWORK_PATH="$DYLIB_PATH" DYLD_LIBRARY_PATH="$DYLIB_PATH" "$PLAYWRIGHT" "$@"
    Call log:
      - <launching> /Users/dahuang/Library/Caches/ms-playwright/webkit-2191/pw_run.sh --inspector-pipe --headless --no-startup-window
      - <launched> pid=54360
      - [pid=54360][err] /Users/dahuang/Library/Caches/ms-playwright/webkit-2191/pw_run.sh: line 7: 54366 Bus error: 10           DYLD_FRAMEWORK_PATH="$DYLIB_PATH" DYLD_LIBRARY_PATH="$DYLIB_PATH" "$PLAYWRIGHT" "$@"

]]>
</failure>
</testcase>
<testcase name="SEO测试 › 结构化数据 › Organization结构化数据测试" classname="seo/seo.spec.ts" time="0.002">
<failure message="seo.spec.ts:195:9 Organization结构化数据测试" type="FAILURE">
<![CDATA[  [Mobile Safari] › seo/seo.spec.ts:195:9 › SEO测试 › 结构化数据 › Organization结构化数据测试 ────────────────────

    Error: browserType.launch: Target page, context or browser has been closed
    Browser logs:

    <launching> /Users/dahuang/Library/Caches/ms-playwright/webkit-2191/pw_run.sh --inspector-pipe --headless --no-startup-window
    <launched> pid=54370
    [pid=54370][err] /Users/dahuang/Library/Caches/ms-playwright/webkit-2191/pw_run.sh: line 7: 54376 Bus error: 10           DYLD_FRAMEWORK_PATH="$DYLIB_PATH" DYLD_LIBRARY_PATH="$DYLIB_PATH" "$PLAYWRIGHT" "$@"
    Call log:
      - <launching> /Users/dahuang/Library/Caches/ms-playwright/webkit-2191/pw_run.sh --inspector-pipe --headless --no-startup-window
      - <launched> pid=54370
      - [pid=54370][err] /Users/dahuang/Library/Caches/ms-playwright/webkit-2191/pw_run.sh: line 7: 54376 Bus error: 10           DYLD_FRAMEWORK_PATH="$DYLIB_PATH" DYLD_LIBRARY_PATH="$DYLIB_PATH" "$PLAYWRIGHT" "$@"

]]>
</failure>
</testcase>
<testcase name="SEO测试 › HTML语义化 › 标题层级测试" classname="seo/seo.spec.ts" time="0.002">
<failure message="seo.spec.ts:226:9 标题层级测试" type="FAILURE">
<![CDATA[  [Mobile Safari] › seo/seo.spec.ts:226:9 › SEO测试 › HTML语义化 › 标题层级测试 ───────────────────────────────

    Error: browserType.launch: Target page, context or browser has been closed
    Browser logs:

    <launching> /Users/dahuang/Library/Caches/ms-playwright/webkit-2191/pw_run.sh --inspector-pipe --headless --no-startup-window
    <launched> pid=54378
    [pid=54378][err] /Users/dahuang/Library/Caches/ms-playwright/webkit-2191/pw_run.sh: line 7: 54384 Bus error: 10           DYLD_FRAMEWORK_PATH="$DYLIB_PATH" DYLD_LIBRARY_PATH="$DYLIB_PATH" "$PLAYWRIGHT" "$@"
    Call log:
      - <launching> /Users/dahuang/Library/Caches/ms-playwright/webkit-2191/pw_run.sh --inspector-pipe --headless --no-startup-window
      - <launched> pid=54378
      - [pid=54378][err] /Users/dahuang/Library/Caches/ms-playwright/webkit-2191/pw_run.sh: line 7: 54384 Bus error: 10           DYLD_FRAMEWORK_PATH="$DYLIB_PATH" DYLD_LIBRARY_PATH="$DYLIB_PATH" "$PLAYWRIGHT" "$@"

]]>
</failure>
</testcase>
<testcase name="SEO测试 › HTML语义化 › 语义化标签测试" classname="seo/seo.spec.ts" time="0.001">
<failure message="seo.spec.ts:256:9 语义化标签测试" type="FAILURE">
<![CDATA[  [Mobile Safari] › seo/seo.spec.ts:256:9 › SEO测试 › HTML语义化 › 语义化标签测试 ──────────────────────────────

    Error: browserType.launch: Target page, context or browser has been closed
    Browser logs:

    <launching> /Users/dahuang/Library/Caches/ms-playwright/webkit-2191/pw_run.sh --inspector-pipe --headless --no-startup-window
    <launched> pid=54387
    [pid=54387][err] /Users/dahuang/Library/Caches/ms-playwright/webkit-2191/pw_run.sh: line 7: 54395 Bus error: 10           DYLD_FRAMEWORK_PATH="$DYLIB_PATH" DYLD_LIBRARY_PATH="$DYLIB_PATH" "$PLAYWRIGHT" "$@"
    Call log:
      - <launching> /Users/dahuang/Library/Caches/ms-playwright/webkit-2191/pw_run.sh --inspector-pipe --headless --no-startup-window
      - <launched> pid=54387
      - [pid=54387][err] /Users/dahuang/Library/Caches/ms-playwright/webkit-2191/pw_run.sh: line 7: 54395 Bus error: 10           DYLD_FRAMEWORK_PATH="$DYLIB_PATH" DYLD_LIBRARY_PATH="$DYLIB_PATH" "$PLAYWRIGHT" "$@"

]]>
</failure>
</testcase>
<testcase name="SEO测试 › HTML语义化 › 图片Alt属性测试" classname="seo/seo.spec.ts" time="0.001">
<failure message="seo.spec.ts:276:9 图片Alt属性测试" type="FAILURE">
<![CDATA[  [Mobile Safari] › seo/seo.spec.ts:276:9 › SEO测试 › HTML语义化 › 图片Alt属性测试 ────────────────────────────

    Error: browserType.launch: Target page, context or browser has been closed
    Browser logs:

    <launching> /Users/dahuang/Library/Caches/ms-playwright/webkit-2191/pw_run.sh --inspector-pipe --headless --no-startup-window
    <launched> pid=54399
    [pid=54399][err] /Users/dahuang/Library/Caches/ms-playwright/webkit-2191/pw_run.sh: line 7: 54405 Bus error: 10           DYLD_FRAMEWORK_PATH="$DYLIB_PATH" DYLD_LIBRARY_PATH="$DYLIB_PATH" "$PLAYWRIGHT" "$@"
    Call log:
      - <launching> /Users/dahuang/Library/Caches/ms-playwright/webkit-2191/pw_run.sh --inspector-pipe --headless --no-startup-window
      - <launched> pid=54399
      - [pid=54399][err] /Users/dahuang/Library/Caches/ms-playwright/webkit-2191/pw_run.sh: line 7: 54405 Bus error: 10           DYLD_FRAMEWORK_PATH="$DYLIB_PATH" DYLD_LIBRARY_PATH="$DYLIB_PATH" "$PLAYWRIGHT" "$@"

]]>
</failure>
</testcase>
<testcase name="SEO测试 › HTML语义化 › 链接可访问性测试" classname="seo/seo.spec.ts" time="0.001">
<failure message="seo.spec.ts:299:9 链接可访问性测试" type="FAILURE">
<![CDATA[  [Mobile Safari] › seo/seo.spec.ts:299:9 › SEO测试 › HTML语义化 › 链接可访问性测试 ─────────────────────────────

    Error: browserType.launch: Target page, context or browser has been closed
    Browser logs:

    <launching> /Users/dahuang/Library/Caches/ms-playwright/webkit-2191/pw_run.sh --inspector-pipe --headless --no-startup-window
    <launched> pid=54407
    [pid=54407][err] /Users/dahuang/Library/Caches/ms-playwright/webkit-2191/pw_run.sh: line 7: 54413 Bus error: 10           DYLD_FRAMEWORK_PATH="$DYLIB_PATH" DYLD_LIBRARY_PATH="$DYLIB_PATH" "$PLAYWRIGHT" "$@"
    Call log:
      - <launching> /Users/dahuang/Library/Caches/ms-playwright/webkit-2191/pw_run.sh --inspector-pipe --headless --no-startup-window
      - <launched> pid=54407
      - [pid=54407][err] /Users/dahuang/Library/Caches/ms-playwright/webkit-2191/pw_run.sh: line 7: 54413 Bus error: 10           DYLD_FRAMEWORK_PATH="$DYLIB_PATH" DYLD_LIBRARY_PATH="$DYLIB_PATH" "$PLAYWRIGHT" "$@"

]]>
</failure>
</testcase>
<testcase name="SEO测试 › 页面性能SEO › 页面加载速度SEO测试" classname="seo/seo.spec.ts" time="0.001">
<failure message="seo.spec.ts:333:9 页面加载速度SEO测试" type="FAILURE">
<![CDATA[  [Mobile Safari] › seo/seo.spec.ts:333:9 › SEO测试 › 页面性能SEO › 页面加载速度SEO测试 ──────────────────────────

    Error: browserType.launch: Target page, context or browser has been closed
    Browser logs:

    <launching> /Users/dahuang/Library/Caches/ms-playwright/webkit-2191/pw_run.sh --inspector-pipe --headless --no-startup-window
    <launched> pid=54415
    [pid=54415][err] /Users/dahuang/Library/Caches/ms-playwright/webkit-2191/pw_run.sh: line 7: 54422 Bus error: 10           DYLD_FRAMEWORK_PATH="$DYLIB_PATH" DYLD_LIBRARY_PATH="$DYLIB_PATH" "$PLAYWRIGHT" "$@"
    Call log:
      - <launching> /Users/dahuang/Library/Caches/ms-playwright/webkit-2191/pw_run.sh --inspector-pipe --headless --no-startup-window
      - <launched> pid=54415
      - [pid=54415][err] /Users/dahuang/Library/Caches/ms-playwright/webkit-2191/pw_run.sh: line 7: 54422 Bus error: 10           DYLD_FRAMEWORK_PATH="$DYLIB_PATH" DYLD_LIBRARY_PATH="$DYLIB_PATH" "$PLAYWRIGHT" "$@"

]]>
</failure>
</testcase>
<testcase name="SEO测试 › 页面性能SEO › 移动端友好性测试" classname="seo/seo.spec.ts" time="0.002">
<failure message="seo.spec.ts:350:9 移动端友好性测试" type="FAILURE">
<![CDATA[  [Mobile Safari] › seo/seo.spec.ts:350:9 › SEO测试 › 页面性能SEO › 移动端友好性测试 ─────────────────────────────

    Error: browserType.launch: Target page, context or browser has been closed
    Browser logs:

    <launching> /Users/dahuang/Library/Caches/ms-playwright/webkit-2191/pw_run.sh --inspector-pipe --headless --no-startup-window
    <launched> pid=54423
    [pid=54423][err] /Users/dahuang/Library/Caches/ms-playwright/webkit-2191/pw_run.sh: line 7: 54430 Bus error: 10           DYLD_FRAMEWORK_PATH="$DYLIB_PATH" DYLD_LIBRARY_PATH="$DYLIB_PATH" "$PLAYWRIGHT" "$@"
    Call log:
      - <launching> /Users/dahuang/Library/Caches/ms-playwright/webkit-2191/pw_run.sh --inspector-pipe --headless --no-startup-window
      - <launched> pid=54423
      - [pid=54423][err] /Users/dahuang/Library/Caches/ms-playwright/webkit-2191/pw_run.sh: line 7: 54430 Bus error: 10           DYLD_FRAMEWORK_PATH="$DYLIB_PATH" DYLD_LIBRARY_PATH="$DYLIB_PATH" "$PLAYWRIGHT" "$@"

]]>
</failure>
</testcase>
<testcase name="SEO测试 › 页面性能SEO › HTTPS和安全性测试" classname="seo/seo.spec.ts" time="0.001">
<failure message="seo.spec.ts:378:9 HTTPS和安全性测试" type="FAILURE">
<![CDATA[  [Mobile Safari] › seo/seo.spec.ts:378:9 › SEO测试 › 页面性能SEO › HTTPS和安全性测试 ──────────────────────────

    Error: browserType.launch: Target page, context or browser has been closed
    Browser logs:

    <launching> /Users/dahuang/Library/Caches/ms-playwright/webkit-2191/pw_run.sh --inspector-pipe --headless --no-startup-window
    <launched> pid=54432
    [pid=54432][err] /Users/dahuang/Library/Caches/ms-playwright/webkit-2191/pw_run.sh: line 7: 54438 Bus error: 10           DYLD_FRAMEWORK_PATH="$DYLIB_PATH" DYLD_LIBRARY_PATH="$DYLIB_PATH" "$PLAYWRIGHT" "$@"
    Call log:
      - <launching> /Users/dahuang/Library/Caches/ms-playwright/webkit-2191/pw_run.sh --inspector-pipe --headless --no-startup-window
      - <launched> pid=54432
      - [pid=54432][err] /Users/dahuang/Library/Caches/ms-playwright/webkit-2191/pw_run.sh: line 7: 54438 Bus error: 10           DYLD_FRAMEWORK_PATH="$DYLIB_PATH" DYLD_LIBRARY_PATH="$DYLIB_PATH" "$PLAYWRIGHT" "$@"

]]>
</failure>
</testcase>
<testcase name="SEO测试 › 内容SEO › 内容质量测试" classname="seo/seo.spec.ts" time="0.002">
<failure message="seo.spec.ts:402:9 内容质量测试" type="FAILURE">
<![CDATA[  [Mobile Safari] › seo/seo.spec.ts:402:9 › SEO测试 › 内容SEO › 内容质量测试 ─────────────────────────────────

    Error: browserType.launch: Target page, context or browser has been closed
    Browser logs:

    <launching> /Users/dahuang/Library/Caches/ms-playwright/webkit-2191/pw_run.sh --inspector-pipe --headless --no-startup-window
    <launched> pid=54439
    [pid=54439][err] /Users/dahuang/Library/Caches/ms-playwright/webkit-2191/pw_run.sh: line 7: 54445 Bus error: 10           DYLD_FRAMEWORK_PATH="$DYLIB_PATH" DYLD_LIBRARY_PATH="$DYLIB_PATH" "$PLAYWRIGHT" "$@"
    Call log:
      - <launching> /Users/dahuang/Library/Caches/ms-playwright/webkit-2191/pw_run.sh --inspector-pipe --headless --no-startup-window
      - <launched> pid=54439
      - [pid=54439][err] /Users/dahuang/Library/Caches/ms-playwright/webkit-2191/pw_run.sh: line 7: 54445 Bus error: 10           DYLD_FRAMEWORK_PATH="$DYLIB_PATH" DYLD_LIBRARY_PATH="$DYLIB_PATH" "$PLAYWRIGHT" "$@"

]]>
</failure>
</testcase>
<testcase name="SEO测试 › 内容SEO › 内部链接结构测试" classname="seo/seo.spec.ts" time="0.002">
<failure message="seo.spec.ts:429:9 内部链接结构测试" type="FAILURE">
<![CDATA[  [Mobile Safari] › seo/seo.spec.ts:429:9 › SEO测试 › 内容SEO › 内部链接结构测试 ───────────────────────────────

    Error: browserType.launch: Target page, context or browser has been closed
    Browser logs:

    <launching> /Users/dahuang/Library/Caches/ms-playwright/webkit-2191/pw_run.sh --inspector-pipe --headless --no-startup-window
    <launched> pid=54449
    [pid=54449][err] /Users/dahuang/Library/Caches/ms-playwright/webkit-2191/pw_run.sh: line 7: 54456 Bus error: 10           DYLD_FRAMEWORK_PATH="$DYLIB_PATH" DYLD_LIBRARY_PATH="$DYLIB_PATH" "$PLAYWRIGHT" "$@"
    Call log:
      - <launching> /Users/dahuang/Library/Caches/ms-playwright/webkit-2191/pw_run.sh --inspector-pipe --headless --no-startup-window
      - <launched> pid=54449
      - [pid=54449][err] /Users/dahuang/Library/Caches/ms-playwright/webkit-2191/pw_run.sh: line 7: 54456 Bus error: 10           DYLD_FRAMEWORK_PATH="$DYLIB_PATH" DYLD_LIBRARY_PATH="$DYLIB_PATH" "$PLAYWRIGHT" "$@"

]]>
</failure>
</testcase>
</testsuite>
<testsuite name="visual/visual-regression.spec.ts" timestamp="2025-07-24T07:09:26.317Z" hostname="Mobile Safari" tests="28" failures="28" skipped="0" time="0.038" errors="0">
<testcase name="视觉回归测试 › 页面截图对比 › 首页完整截图" classname="visual/visual-regression.spec.ts" time="0.001">
<failure message="visual-regression.spec.ts:7:9 首页完整截图" type="FAILURE">
<![CDATA[  [Mobile Safari] › visual/visual-regression.spec.ts:7:9 › 视觉回归测试 › 页面截图对比 › 首页完整截图 ────────────────

    Error: browserType.launch: Target page, context or browser has been closed
    Browser logs:

    <launching> /Users/dahuang/Library/Caches/ms-playwright/webkit-2191/pw_run.sh --inspector-pipe --headless --no-startup-window
    <launched> pid=54460
    [pid=54460][err] /Users/dahuang/Library/Caches/ms-playwright/webkit-2191/pw_run.sh: line 7: 54466 Bus error: 10           DYLD_FRAMEWORK_PATH="$DYLIB_PATH" DYLD_LIBRARY_PATH="$DYLIB_PATH" "$PLAYWRIGHT" "$@"
    Call log:
      - <launching> /Users/dahuang/Library/Caches/ms-playwright/webkit-2191/pw_run.sh --inspector-pipe --headless --no-startup-window
      - <launched> pid=54460
      - [pid=54460][err] /Users/dahuang/Library/Caches/ms-playwright/webkit-2191/pw_run.sh: line 7: 54466 Bus error: 10           DYLD_FRAMEWORK_PATH="$DYLIB_PATH" DYLD_LIBRARY_PATH="$DYLIB_PATH" "$PLAYWRIGHT" "$@"

]]>
</failure>
</testcase>
<testcase name="视觉回归测试 › 页面截图对比 › 首页Hero区域截图" classname="visual/visual-regression.spec.ts" time="0.002">
<failure message="visual-regression.spec.ts:33:9 首页Hero区域截图" type="FAILURE">
<![CDATA[  [Mobile Safari] › visual/visual-regression.spec.ts:33:9 › 视觉回归测试 › 页面截图对比 › 首页Hero区域截图 ───────────

    Error: browserType.launch: Target page, context or browser has been closed
    Browser logs:

    <launching> /Users/dahuang/Library/Caches/ms-playwright/webkit-2191/pw_run.sh --inspector-pipe --headless --no-startup-window
    <launched> pid=54469
    [pid=54469][err] /Users/dahuang/Library/Caches/ms-playwright/webkit-2191/pw_run.sh: line 7: 54475 Bus error: 10           DYLD_FRAMEWORK_PATH="$DYLIB_PATH" DYLD_LIBRARY_PATH="$DYLIB_PATH" "$PLAYWRIGHT" "$@"
    Call log:
      - <launching> /Users/dahuang/Library/Caches/ms-playwright/webkit-2191/pw_run.sh --inspector-pipe --headless --no-startup-window
      - <launched> pid=54469
      - [pid=54469][err] /Users/dahuang/Library/Caches/ms-playwright/webkit-2191/pw_run.sh: line 7: 54475 Bus error: 10           DYLD_FRAMEWORK_PATH="$DYLIB_PATH" DYLD_LIBRARY_PATH="$DYLIB_PATH" "$PLAYWRIGHT" "$@"

]]>
</failure>
</testcase>
<testcase name="视觉回归测试 › 页面截图对比 › 导航栏截图" classname="visual/visual-regression.spec.ts" time="0.001">
<failure message="visual-regression.spec.ts:47:9 导航栏截图" type="FAILURE">
<![CDATA[  [Mobile Safari] › visual/visual-regression.spec.ts:47:9 › 视觉回归测试 › 页面截图对比 › 导航栏截图 ────────────────

    Error: browserType.launch: Target page, context or browser has been closed
    Browser logs:

    <launching> /Users/dahuang/Library/Caches/ms-playwright/webkit-2191/pw_run.sh --inspector-pipe --headless --no-startup-window
    <launched> pid=54476
    [pid=54476][err] /Users/dahuang/Library/Caches/ms-playwright/webkit-2191/pw_run.sh: line 7: 54482 Bus error: 10           DYLD_FRAMEWORK_PATH="$DYLIB_PATH" DYLD_LIBRARY_PATH="$DYLIB_PATH" "$PLAYWRIGHT" "$@"
    Call log:
      - <launching> /Users/dahuang/Library/Caches/ms-playwright/webkit-2191/pw_run.sh --inspector-pipe --headless --no-startup-window
      - <launched> pid=54476
      - [pid=54476][err] /Users/dahuang/Library/Caches/ms-playwright/webkit-2191/pw_run.sh: line 7: 54482 Bus error: 10           DYLD_FRAMEWORK_PATH="$DYLIB_PATH" DYLD_LIBRARY_PATH="$DYLIB_PATH" "$PLAYWRIGHT" "$@"

]]>
</failure>
</testcase>
<testcase name="视觉回归测试 › 页面截图对比 › Features区域截图" classname="visual/visual-regression.spec.ts" time="0.001">
<failure message="visual-regression.spec.ts:59:9 Features区域截图" type="FAILURE">
<![CDATA[  [Mobile Safari] › visual/visual-regression.spec.ts:59:9 › 视觉回归测试 › 页面截图对比 › Features区域截图 ─────────

    Error: browserType.launch: Target page, context or browser has been closed
    Browser logs:

    <launching> /Users/dahuang/Library/Caches/ms-playwright/webkit-2191/pw_run.sh --inspector-pipe --headless --no-startup-window
    <launched> pid=54484
    [pid=54484][err] /Users/dahuang/Library/Caches/ms-playwright/webkit-2191/pw_run.sh: line 7: 54490 Bus error: 10           DYLD_FRAMEWORK_PATH="$DYLIB_PATH" DYLD_LIBRARY_PATH="$DYLIB_PATH" "$PLAYWRIGHT" "$@"
    Call log:
      - <launching> /Users/dahuang/Library/Caches/ms-playwright/webkit-2191/pw_run.sh --inspector-pipe --headless --no-startup-window
      - <launched> pid=54484
      - [pid=54484][err] /Users/dahuang/Library/Caches/ms-playwright/webkit-2191/pw_run.sh: line 7: 54490 Bus error: 10           DYLD_FRAMEWORK_PATH="$DYLIB_PATH" DYLD_LIBRARY_PATH="$DYLIB_PATH" "$PLAYWRIGHT" "$@"

]]>
</failure>
</testcase>
<testcase name="视觉回归测试 › 页面截图对比 › FAQ区域截图" classname="visual/visual-regression.spec.ts" time="0.001">
<failure message="visual-regression.spec.ts:76:9 FAQ区域截图" type="FAILURE">
<![CDATA[  [Mobile Safari] › visual/visual-regression.spec.ts:76:9 › 视觉回归测试 › 页面截图对比 › FAQ区域截图 ──────────────

    Error: browserType.launch: Target page, context or browser has been closed
    Browser logs:

    <launching> /Users/dahuang/Library/Caches/ms-playwright/webkit-2191/pw_run.sh --inspector-pipe --headless --no-startup-window
    <launched> pid=54492
    [pid=54492][err] /Users/dahuang/Library/Caches/ms-playwright/webkit-2191/pw_run.sh: line 7: 54498 Bus error: 10           DYLD_FRAMEWORK_PATH="$DYLIB_PATH" DYLD_LIBRARY_PATH="$DYLIB_PATH" "$PLAYWRIGHT" "$@"
    Call log:
      - <launching> /Users/dahuang/Library/Caches/ms-playwright/webkit-2191/pw_run.sh --inspector-pipe --headless --no-startup-window
      - <launched> pid=54492
      - [pid=54492][err] /Users/dahuang/Library/Caches/ms-playwright/webkit-2191/pw_run.sh: line 7: 54498 Bus error: 10           DYLD_FRAMEWORK_PATH="$DYLIB_PATH" DYLD_LIBRARY_PATH="$DYLIB_PATH" "$PLAYWRIGHT" "$@"

]]>
</failure>
</testcase>
<testcase name="视觉回归测试 › 页面截图对比 › Footer截图" classname="visual/visual-regression.spec.ts" time="0.002">
<failure message="visual-regression.spec.ts:93:9 Footer截图" type="FAILURE">
<![CDATA[  [Mobile Safari] › visual/visual-regression.spec.ts:93:9 › 视觉回归测试 › 页面截图对比 › Footer截图 ─────────────

    Error: browserType.launch: Target page, context or browser has been closed
    Browser logs:

    <launching> /Users/dahuang/Library/Caches/ms-playwright/webkit-2191/pw_run.sh --inspector-pipe --headless --no-startup-window
    <launched> pid=54501
    [pid=54501][err] /Users/dahuang/Library/Caches/ms-playwright/webkit-2191/pw_run.sh: line 7: 54507 Bus error: 10           DYLD_FRAMEWORK_PATH="$DYLIB_PATH" DYLD_LIBRARY_PATH="$DYLIB_PATH" "$PLAYWRIGHT" "$@"
    Call log:
      - <launching> /Users/dahuang/Library/Caches/ms-playwright/webkit-2191/pw_run.sh --inspector-pipe --headless --no-startup-window
      - <launched> pid=54501
      - [pid=54501][err] /Users/dahuang/Library/Caches/ms-playwright/webkit-2191/pw_run.sh: line 7: 54507 Bus error: 10           DYLD_FRAMEWORK_PATH="$DYLIB_PATH" DYLD_LIBRARY_PATH="$DYLIB_PATH" "$PLAYWRIGHT" "$@"

]]>
</failure>
</testcase>
<testcase name="视觉回归测试 › 响应式截图对比 › 移动端首页截图" classname="visual/visual-regression.spec.ts" time="0.002">
<failure message="visual-regression.spec.ts:111:9 移动端首页截图" type="FAILURE">
<![CDATA[  [Mobile Safari] › visual/visual-regression.spec.ts:111:9 › 视觉回归测试 › 响应式截图对比 › 移动端首页截图 ────────────

    Error: browserType.launch: Target page, context or browser has been closed
    Browser logs:

    <launching> /Users/dahuang/Library/Caches/ms-playwright/webkit-2191/pw_run.sh --inspector-pipe --headless --no-startup-window
    <launched> pid=54508
    [pid=54508][err] /Users/dahuang/Library/Caches/ms-playwright/webkit-2191/pw_run.sh: line 7: 54514 Bus error: 10           DYLD_FRAMEWORK_PATH="$DYLIB_PATH" DYLD_LIBRARY_PATH="$DYLIB_PATH" "$PLAYWRIGHT" "$@"
    Call log:
      - <launching> /Users/dahuang/Library/Caches/ms-playwright/webkit-2191/pw_run.sh --inspector-pipe --headless --no-startup-window
      - <launched> pid=54508
      - [pid=54508][err] /Users/dahuang/Library/Caches/ms-playwright/webkit-2191/pw_run.sh: line 7: 54514 Bus error: 10           DYLD_FRAMEWORK_PATH="$DYLIB_PATH" DYLD_LIBRARY_PATH="$DYLIB_PATH" "$PLAYWRIGHT" "$@"

]]>
</failure>
</testcase>
<testcase name="视觉回归测试 › 响应式截图对比 › 平板端首页截图" classname="visual/visual-regression.spec.ts" time="0.002">
<failure message="visual-regression.spec.ts:127:9 平板端首页截图" type="FAILURE">
<![CDATA[  [Mobile Safari] › visual/visual-regression.spec.ts:127:9 › 视觉回归测试 › 响应式截图对比 › 平板端首页截图 ────────────

    Error: browserType.launch: Target page, context or browser has been closed
    Browser logs:

    <launching> /Users/dahuang/Library/Caches/ms-playwright/webkit-2191/pw_run.sh --inspector-pipe --headless --no-startup-window
    <launched> pid=54521
    [pid=54521][err] /Users/dahuang/Library/Caches/ms-playwright/webkit-2191/pw_run.sh: line 7: 54527 Bus error: 10           DYLD_FRAMEWORK_PATH="$DYLIB_PATH" DYLD_LIBRARY_PATH="$DYLIB_PATH" "$PLAYWRIGHT" "$@"
    Call log:
      - <launching> /Users/dahuang/Library/Caches/ms-playwright/webkit-2191/pw_run.sh --inspector-pipe --headless --no-startup-window
      - <launched> pid=54521
      - [pid=54521][err] /Users/dahuang/Library/Caches/ms-playwright/webkit-2191/pw_run.sh: line 7: 54527 Bus error: 10           DYLD_FRAMEWORK_PATH="$DYLIB_PATH" DYLD_LIBRARY_PATH="$DYLIB_PATH" "$PLAYWRIGHT" "$@"

]]>
</failure>
</testcase>
<testcase name="视觉回归测试 › 响应式截图对比 › 桌面端首页截图" classname="visual/visual-regression.spec.ts" time="0.002">
<failure message="visual-regression.spec.ts:143:9 桌面端首页截图" type="FAILURE">
<![CDATA[  [Mobile Safari] › visual/visual-regression.spec.ts:143:9 › 视觉回归测试 › 响应式截图对比 › 桌面端首页截图 ────────────

    Error: browserType.launch: Target page, context or browser has been closed
    Browser logs:

    <launching> /Users/dahuang/Library/Caches/ms-playwright/webkit-2191/pw_run.sh --inspector-pipe --headless --no-startup-window
    <launched> pid=54529
    [pid=54529][err] /Users/dahuang/Library/Caches/ms-playwright/webkit-2191/pw_run.sh: line 7: 54535 Bus error: 10           DYLD_FRAMEWORK_PATH="$DYLIB_PATH" DYLD_LIBRARY_PATH="$DYLIB_PATH" "$PLAYWRIGHT" "$@"
    Call log:
      - <launching> /Users/dahuang/Library/Caches/ms-playwright/webkit-2191/pw_run.sh --inspector-pipe --headless --no-startup-window
      - <launched> pid=54529
      - [pid=54529][err] /Users/dahuang/Library/Caches/ms-playwright/webkit-2191/pw_run.sh: line 7: 54535 Bus error: 10           DYLD_FRAMEWORK_PATH="$DYLIB_PATH" DYLD_LIBRARY_PATH="$DYLIB_PATH" "$PLAYWRIGHT" "$@"

]]>
</failure>
</testcase>
<testcase name="视觉回归测试 › 响应式截图对比 › 移动端导航菜单截图" classname="visual/visual-regression.spec.ts" time="0.001">
<failure message="visual-regression.spec.ts:159:9 移动端导航菜单截图" type="FAILURE">
<![CDATA[  [Mobile Safari] › visual/visual-regression.spec.ts:159:9 › 视觉回归测试 › 响应式截图对比 › 移动端导航菜单截图 ──────────

    Error: browserType.launch: Target page, context or browser has been closed
    Browser logs:

    <launching> /Users/dahuang/Library/Caches/ms-playwright/webkit-2191/pw_run.sh --inspector-pipe --headless --no-startup-window
    <launched> pid=54537
    [pid=54537][err] /Users/dahuang/Library/Caches/ms-playwright/webkit-2191/pw_run.sh: line 7: 54544 Bus error: 10           DYLD_FRAMEWORK_PATH="$DYLIB_PATH" DYLD_LIBRARY_PATH="$DYLIB_PATH" "$PLAYWRIGHT" "$@"
    Call log:
      - <launching> /Users/dahuang/Library/Caches/ms-playwright/webkit-2191/pw_run.sh --inspector-pipe --headless --no-startup-window
      - <launched> pid=54537
      - [pid=54537][err] /Users/dahuang/Library/Caches/ms-playwright/webkit-2191/pw_run.sh: line 7: 54544 Bus error: 10           DYLD_FRAMEWORK_PATH="$DYLIB_PATH" DYLD_LIBRARY_PATH="$DYLIB_PATH" "$PLAYWRIGHT" "$@"

]]>
</failure>
</testcase>
<testcase name="视觉回归测试 › 交互状态截图 › 按钮悬停状态截图" classname="visual/visual-regression.spec.ts" time="0.001">
<failure message="visual-regression.spec.ts:179:9 按钮悬停状态截图" type="FAILURE">
<![CDATA[  [Mobile Safari] › visual/visual-regression.spec.ts:179:9 › 视觉回归测试 › 交互状态截图 › 按钮悬停状态截图 ────────────

    Error: browserType.launch: Target page, context or browser has been closed
    Browser logs:

    <launching> /Users/dahuang/Library/Caches/ms-playwright/webkit-2191/pw_run.sh --inspector-pipe --headless --no-startup-window
    <launched> pid=54545
    [pid=54545][err] /Users/dahuang/Library/Caches/ms-playwright/webkit-2191/pw_run.sh: line 7: 54551 Bus error: 10           DYLD_FRAMEWORK_PATH="$DYLIB_PATH" DYLD_LIBRARY_PATH="$DYLIB_PATH" "$PLAYWRIGHT" "$@"
    Call log:
      - <launching> /Users/dahuang/Library/Caches/ms-playwright/webkit-2191/pw_run.sh --inspector-pipe --headless --no-startup-window
      - <launched> pid=54545
      - [pid=54545][err] /Users/dahuang/Library/Caches/ms-playwright/webkit-2191/pw_run.sh: line 7: 54551 Bus error: 10           DYLD_FRAMEWORK_PATH="$DYLIB_PATH" DYLD_LIBRARY_PATH="$DYLIB_PATH" "$PLAYWRIGHT" "$@"

]]>
</failure>
</testcase>
<testcase name="视觉回归测试 › 交互状态截图 › 链接悬停状态截图" classname="visual/visual-regression.spec.ts" time="0.001">
<failure message="visual-regression.spec.ts:198:9 链接悬停状态截图" type="FAILURE">
<![CDATA[  [Mobile Safari] › visual/visual-regression.spec.ts:198:9 › 视觉回归测试 › 交互状态截图 › 链接悬停状态截图 ────────────

    Error: browserType.launch: Target page, context or browser has been closed
    Browser logs:

    <launching> /Users/dahuang/Library/Caches/ms-playwright/webkit-2191/pw_run.sh --inspector-pipe --headless --no-startup-window
    <launched> pid=54553
    [pid=54553][err] /Users/dahuang/Library/Caches/ms-playwright/webkit-2191/pw_run.sh: line 7: 54559 Bus error: 10           DYLD_FRAMEWORK_PATH="$DYLIB_PATH" DYLD_LIBRARY_PATH="$DYLIB_PATH" "$PLAYWRIGHT" "$@"
    Call log:
      - <launching> /Users/dahuang/Library/Caches/ms-playwright/webkit-2191/pw_run.sh --inspector-pipe --headless --no-startup-window
      - <launched> pid=54553
      - [pid=54553][err] /Users/dahuang/Library/Caches/ms-playwright/webkit-2191/pw_run.sh: line 7: 54559 Bus error: 10           DYLD_FRAMEWORK_PATH="$DYLIB_PATH" DYLD_LIBRARY_PATH="$DYLIB_PATH" "$PLAYWRIGHT" "$@"

]]>
</failure>
</testcase>
<testcase name="视觉回归测试 › 交互状态截图 › 表单焦点状态截图" classname="visual/visual-regression.spec.ts" time="0.001">
<failure message="visual-regression.spec.ts:217:9 表单焦点状态截图" type="FAILURE">
<![CDATA[  [Mobile Safari] › visual/visual-regression.spec.ts:217:9 › 视觉回归测试 › 交互状态截图 › 表单焦点状态截图 ────────────

    Error: browserType.launch: Target page, context or browser has been closed
    Browser logs:

    <launching> /Users/dahuang/Library/Caches/ms-playwright/webkit-2191/pw_run.sh --inspector-pipe --headless --no-startup-window
    <launched> pid=54562
    [pid=54562][err] /Users/dahuang/Library/Caches/ms-playwright/webkit-2191/pw_run.sh: line 7: 54568 Bus error: 10           DYLD_FRAMEWORK_PATH="$DYLIB_PATH" DYLD_LIBRARY_PATH="$DYLIB_PATH" "$PLAYWRIGHT" "$@"
    Call log:
      - <launching> /Users/dahuang/Library/Caches/ms-playwright/webkit-2191/pw_run.sh --inspector-pipe --headless --no-startup-window
      - <launched> pid=54562
      - [pid=54562][err] /Users/dahuang/Library/Caches/ms-playwright/webkit-2191/pw_run.sh: line 7: 54568 Bus error: 10           DYLD_FRAMEWORK_PATH="$DYLIB_PATH" DYLD_LIBRARY_PATH="$DYLIB_PATH" "$PLAYWRIGHT" "$@"

]]>
</failure>
</testcase>
<testcase name="视觉回归测试 › 交互状态截图 › FAQ展开状态截图" classname="visual/visual-regression.spec.ts" time="0.001">
<failure message="visual-regression.spec.ts:238:9 FAQ展开状态截图" type="FAILURE">
<![CDATA[  [Mobile Safari] › visual/visual-regression.spec.ts:238:9 › 视觉回归测试 › 交互状态截图 › FAQ展开状态截图 ───────────

    Error: browserType.launch: Target page, context or browser has been closed
    Browser logs:

    <launching> /Users/dahuang/Library/Caches/ms-playwright/webkit-2191/pw_run.sh --inspector-pipe --headless --no-startup-window
    <launched> pid=54570
    [pid=54570][err] /Users/dahuang/Library/Caches/ms-playwright/webkit-2191/pw_run.sh: line 7: 54577 Bus error: 10           DYLD_FRAMEWORK_PATH="$DYLIB_PATH" DYLD_LIBRARY_PATH="$DYLIB_PATH" "$PLAYWRIGHT" "$@"
    Call log:
      - <launching> /Users/dahuang/Library/Caches/ms-playwright/webkit-2191/pw_run.sh --inspector-pipe --headless --no-startup-window
      - <launched> pid=54570
      - [pid=54570][err] /Users/dahuang/Library/Caches/ms-playwright/webkit-2191/pw_run.sh: line 7: 54577 Bus error: 10           DYLD_FRAMEWORK_PATH="$DYLIB_PATH" DYLD_LIBRARY_PATH="$DYLIB_PATH" "$PLAYWRIGHT" "$@"

]]>
</failure>
</testcase>
<testcase name="视觉回归测试 › 主题和样式变化 › 深色主题截图" classname="visual/visual-regression.spec.ts" time="0.002">
<failure message="visual-regression.spec.ts:265:9 深色主题截图" type="FAILURE">
<![CDATA[  [Mobile Safari] › visual/visual-regression.spec.ts:265:9 › 视觉回归测试 › 主题和样式变化 › 深色主题截图 ─────────────

    Error: browserType.launch: Target page, context or browser has been closed
    Browser logs:

    <launching> /Users/dahuang/Library/Caches/ms-playwright/webkit-2191/pw_run.sh --inspector-pipe --headless --no-startup-window
    <launched> pid=54583
    [pid=54583][err] /Users/dahuang/Library/Caches/ms-playwright/webkit-2191/pw_run.sh: line 7: 54589 Bus error: 10           DYLD_FRAMEWORK_PATH="$DYLIB_PATH" DYLD_LIBRARY_PATH="$DYLIB_PATH" "$PLAYWRIGHT" "$@"
    Call log:
      - <launching> /Users/dahuang/Library/Caches/ms-playwright/webkit-2191/pw_run.sh --inspector-pipe --headless --no-startup-window
      - <launched> pid=54583
      - [pid=54583][err] /Users/dahuang/Library/Caches/ms-playwright/webkit-2191/pw_run.sh: line 7: 54589 Bus error: 10           DYLD_FRAMEWORK_PATH="$DYLIB_PATH" DYLD_LIBRARY_PATH="$DYLIB_PATH" "$PLAYWRIGHT" "$@"

]]>
</failure>
</testcase>
<testcase name="视觉回归测试 › 主题和样式变化 › 浅色主题截图" classname="visual/visual-regression.spec.ts" time="0.002">
<failure message="visual-regression.spec.ts:282:9 浅色主题截图" type="FAILURE">
<![CDATA[  [Mobile Safari] › visual/visual-regression.spec.ts:282:9 › 视觉回归测试 › 主题和样式变化 › 浅色主题截图 ─────────────

    Error: browserType.launch: Target page, context or browser has been closed
    Browser logs:

    <launching> /Users/dahuang/Library/Caches/ms-playwright/webkit-2191/pw_run.sh --inspector-pipe --headless --no-startup-window
    <launched> pid=54591
    [pid=54591][err] /Users/dahuang/Library/Caches/ms-playwright/webkit-2191/pw_run.sh: line 7: 54597 Bus error: 10           DYLD_FRAMEWORK_PATH="$DYLIB_PATH" DYLD_LIBRARY_PATH="$DYLIB_PATH" "$PLAYWRIGHT" "$@"
    Call log:
      - <launching> /Users/dahuang/Library/Caches/ms-playwright/webkit-2191/pw_run.sh --inspector-pipe --headless --no-startup-window
      - <launched> pid=54591
      - [pid=54591][err] /Users/dahuang/Library/Caches/ms-playwright/webkit-2191/pw_run.sh: line 7: 54597 Bus error: 10           DYLD_FRAMEWORK_PATH="$DYLIB_PATH" DYLD_LIBRARY_PATH="$DYLIB_PATH" "$PLAYWRIGHT" "$@"

]]>
</failure>
</testcase>
<testcase name="视觉回归测试 › 主题和样式变化 › 高对比度模式截图" classname="visual/visual-regression.spec.ts" time="0.001">
<failure message="visual-regression.spec.ts:299:9 高对比度模式截图" type="FAILURE">
<![CDATA[  [Mobile Safari] › visual/visual-regression.spec.ts:299:9 › 视觉回归测试 › 主题和样式变化 › 高对比度模式截图 ───────────

    Error: browserType.launch: Target page, context or browser has been closed
    Browser logs:

    <launching> /Users/dahuang/Library/Caches/ms-playwright/webkit-2191/pw_run.sh --inspector-pipe --headless --no-startup-window
    <launched> pid=54599
    [pid=54599][err] /Users/dahuang/Library/Caches/ms-playwright/webkit-2191/pw_run.sh: line 7: 54605 Bus error: 10           DYLD_FRAMEWORK_PATH="$DYLIB_PATH" DYLD_LIBRARY_PATH="$DYLIB_PATH" "$PLAYWRIGHT" "$@"
    Call log:
      - <launching> /Users/dahuang/Library/Caches/ms-playwright/webkit-2191/pw_run.sh --inspector-pipe --headless --no-startup-window
      - <launched> pid=54599
      - [pid=54599][err] /Users/dahuang/Library/Caches/ms-playwright/webkit-2191/pw_run.sh: line 7: 54605 Bus error: 10           DYLD_FRAMEWORK_PATH="$DYLIB_PATH" DYLD_LIBRARY_PATH="$DYLIB_PATH" "$PLAYWRIGHT" "$@"

]]>
</failure>
</testcase>
<testcase name="视觉回归测试 › 元素级别截图 › Logo截图" classname="visual/visual-regression.spec.ts" time="0.002">
<failure message="visual-regression.spec.ts:318:9 Logo截图" type="FAILURE">
<![CDATA[  [Mobile Safari] › visual/visual-regression.spec.ts:318:9 › 视觉回归测试 › 元素级别截图 › Logo截图 ──────────────

    Error: browserType.launch: Target page, context or browser has been closed
    Browser logs:

    <launching> /Users/dahuang/Library/Caches/ms-playwright/webkit-2191/pw_run.sh --inspector-pipe --headless --no-startup-window
    <launched> pid=54608
    [pid=54608][err] /Users/dahuang/Library/Caches/ms-playwright/webkit-2191/pw_run.sh: line 7: 54614 Bus error: 10           DYLD_FRAMEWORK_PATH="$DYLIB_PATH" DYLD_LIBRARY_PATH="$DYLIB_PATH" "$PLAYWRIGHT" "$@"
    Call log:
      - <launching> /Users/dahuang/Library/Caches/ms-playwright/webkit-2191/pw_run.sh --inspector-pipe --headless --no-startup-window
      - <launched> pid=54608
      - [pid=54608][err] /Users/dahuang/Library/Caches/ms-playwright/webkit-2191/pw_run.sh: line 7: 54614 Bus error: 10           DYLD_FRAMEWORK_PATH="$DYLIB_PATH" DYLD_LIBRARY_PATH="$DYLIB_PATH" "$PLAYWRIGHT" "$@"

]]>
</failure>
</testcase>
<testcase name="视觉回归测试 › 元素级别截图 › 特色标签截图" classname="visual/visual-regression.spec.ts" time="0.001">
<failure message="visual-regression.spec.ts:334:9 特色标签截图" type="FAILURE">
<![CDATA[  [Mobile Safari] › visual/visual-regression.spec.ts:334:9 › 视觉回归测试 › 元素级别截图 › 特色标签截图 ──────────────

    Error: browserType.launch: Target page, context or browser has been closed
    Browser logs:

    <launching> /Users/dahuang/Library/Caches/ms-playwright/webkit-2191/pw_run.sh --inspector-pipe --headless --no-startup-window
    <launched> pid=54615
    [pid=54615][err] /Users/dahuang/Library/Caches/ms-playwright/webkit-2191/pw_run.sh: line 7: 54621 Bus error: 10           DYLD_FRAMEWORK_PATH="$DYLIB_PATH" DYLD_LIBRARY_PATH="$DYLIB_PATH" "$PLAYWRIGHT" "$@"
    Call log:
      - <launching> /Users/dahuang/Library/Caches/ms-playwright/webkit-2191/pw_run.sh --inspector-pipe --headless --no-startup-window
      - <launched> pid=54615
      - [pid=54615][err] /Users/dahuang/Library/Caches/ms-playwright/webkit-2191/pw_run.sh: line 7: 54621 Bus error: 10           DYLD_FRAMEWORK_PATH="$DYLIB_PATH" DYLD_LIBRARY_PATH="$DYLIB_PATH" "$PLAYWRIGHT" "$@"

]]>
</failure>
</testcase>
<testcase name="视觉回归测试 › 元素级别截图 › 用户评价卡片截图" classname="visual/visual-regression.spec.ts" time="0.001">
<failure message="visual-regression.spec.ts:348:9 用户评价卡片截图" type="FAILURE">
<![CDATA[  [Mobile Safari] › visual/visual-regression.spec.ts:348:9 › 视觉回归测试 › 元素级别截图 › 用户评价卡片截图 ────────────

    Error: browserType.launch: Target page, context or browser has been closed
    Browser logs:

    <launching> /Users/dahuang/Library/Caches/ms-playwright/webkit-2191/pw_run.sh --inspector-pipe --headless --no-startup-window
    <launched> pid=54623
    [pid=54623][err] /Users/dahuang/Library/Caches/ms-playwright/webkit-2191/pw_run.sh: line 7: 54629 Bus error: 10           DYLD_FRAMEWORK_PATH="$DYLIB_PATH" DYLD_LIBRARY_PATH="$DYLIB_PATH" "$PLAYWRIGHT" "$@"
    Call log:
      - <launching> /Users/dahuang/Library/Caches/ms-playwright/webkit-2191/pw_run.sh --inspector-pipe --headless --no-startup-window
      - <launched> pid=54623
      - [pid=54623][err] /Users/dahuang/Library/Caches/ms-playwright/webkit-2191/pw_run.sh: line 7: 54629 Bus error: 10           DYLD_FRAMEWORK_PATH="$DYLIB_PATH" DYLD_LIBRARY_PATH="$DYLIB_PATH" "$PLAYWRIGHT" "$@"

]]>
</failure>
</testcase>
<testcase name="视觉回归测试 › 元素级别截图 › Newsletter订阅框截图" classname="visual/visual-regression.spec.ts" time="0.001">
<failure message="visual-regression.spec.ts:369:9 Newsletter订阅框截图" type="FAILURE">
<![CDATA[  [Mobile Safari] › visual/visual-regression.spec.ts:369:9 › 视觉回归测试 › 元素级别截图 › Newsletter订阅框截图 ─────

    Error: browserType.launch: Target page, context or browser has been closed
    Browser logs:

    <launching> /Users/dahuang/Library/Caches/ms-playwright/webkit-2191/pw_run.sh --inspector-pipe --headless --no-startup-window
    <launched> pid=54631
    [pid=54631][err] /Users/dahuang/Library/Caches/ms-playwright/webkit-2191/pw_run.sh: line 7: 54637 Bus error: 10           DYLD_FRAMEWORK_PATH="$DYLIB_PATH" DYLD_LIBRARY_PATH="$DYLIB_PATH" "$PLAYWRIGHT" "$@"
    Call log:
      - <launching> /Users/dahuang/Library/Caches/ms-playwright/webkit-2191/pw_run.sh --inspector-pipe --headless --no-startup-window
      - <launched> pid=54631
      - [pid=54631][err] /Users/dahuang/Library/Caches/ms-playwright/webkit-2191/pw_run.sh: line 7: 54637 Bus error: 10           DYLD_FRAMEWORK_PATH="$DYLIB_PATH" DYLD_LIBRARY_PATH="$DYLIB_PATH" "$PLAYWRIGHT" "$@"

]]>
</failure>
</testcase>
<testcase name="视觉回归测试 › 错误状态截图 › 表单验证错误截图" classname="visual/visual-regression.spec.ts" time="0.002">
<failure message="visual-regression.spec.ts:388:9 表单验证错误截图" type="FAILURE">
<![CDATA[  [Mobile Safari] › visual/visual-regression.spec.ts:388:9 › 视觉回归测试 › 错误状态截图 › 表单验证错误截图 ────────────

    Error: browserType.launch: Target page, context or browser has been closed
    Browser logs:

    <launching> /Users/dahuang/Library/Caches/ms-playwright/webkit-2191/pw_run.sh --inspector-pipe --headless --no-startup-window
    <launched> pid=54646
    [pid=54646][err] /Users/dahuang/Library/Caches/ms-playwright/webkit-2191/pw_run.sh: line 7: 54652 Bus error: 10           DYLD_FRAMEWORK_PATH="$DYLIB_PATH" DYLD_LIBRARY_PATH="$DYLIB_PATH" "$PLAYWRIGHT" "$@"
    Call log:
      - <launching> /Users/dahuang/Library/Caches/ms-playwright/webkit-2191/pw_run.sh --inspector-pipe --headless --no-startup-window
      - <launched> pid=54646
      - [pid=54646][err] /Users/dahuang/Library/Caches/ms-playwright/webkit-2191/pw_run.sh: line 7: 54652 Bus error: 10           DYLD_FRAMEWORK_PATH="$DYLIB_PATH" DYLD_LIBRARY_PATH="$DYLIB_PATH" "$PLAYWRIGHT" "$@"

]]>
</failure>
</testcase>
<testcase name="视觉回归测试 › 错误状态截图 › 网络错误状态截图" classname="visual/visual-regression.spec.ts" time="0.001">
<failure message="visual-regression.spec.ts:416:9 网络错误状态截图" type="FAILURE">
<![CDATA[  [Mobile Safari] › visual/visual-regression.spec.ts:416:9 › 视觉回归测试 › 错误状态截图 › 网络错误状态截图 ────────────

    Error: browserType.launch: Target page, context or browser has been closed
    Browser logs:

    <launching> /Users/dahuang/Library/Caches/ms-playwright/webkit-2191/pw_run.sh --inspector-pipe --headless --no-startup-window
    <launched> pid=54656
    [pid=54656][err] /Users/dahuang/Library/Caches/ms-playwright/webkit-2191/pw_run.sh: line 7: 54662 Bus error: 10           DYLD_FRAMEWORK_PATH="$DYLIB_PATH" DYLD_LIBRARY_PATH="$DYLIB_PATH" "$PLAYWRIGHT" "$@"
    Call log:
      - <launching> /Users/dahuang/Library/Caches/ms-playwright/webkit-2191/pw_run.sh --inspector-pipe --headless --no-startup-window
      - <launched> pid=54656
      - [pid=54656][err] /Users/dahuang/Library/Caches/ms-playwright/webkit-2191/pw_run.sh: line 7: 54662 Bus error: 10           DYLD_FRAMEWORK_PATH="$DYLIB_PATH" DYLD_LIBRARY_PATH="$DYLIB_PATH" "$PLAYWRIGHT" "$@"

]]>
</failure>
</testcase>
<testcase name="视觉回归测试 › 动画和过渡效果 › 页面加载动画截图" classname="visual/visual-regression.spec.ts" time="0.002">
<failure message="visual-regression.spec.ts:441:9 页面加载动画截图" type="FAILURE">
<![CDATA[  [Mobile Safari] › visual/visual-regression.spec.ts:441:9 › 视觉回归测试 › 动画和过渡效果 › 页面加载动画截图 ───────────

    Error: browserType.launch: Target page, context or browser has been closed
    Browser logs:

    <launching> /Users/dahuang/Library/Caches/ms-playwright/webkit-2191/pw_run.sh --inspector-pipe --headless --no-startup-window
    <launched> pid=54666
    [pid=54666][err] /Users/dahuang/Library/Caches/ms-playwright/webkit-2191/pw_run.sh: line 7: 54672 Bus error: 10           DYLD_FRAMEWORK_PATH="$DYLIB_PATH" DYLD_LIBRARY_PATH="$DYLIB_PATH" "$PLAYWRIGHT" "$@"
    Call log:
      - <launching> /Users/dahuang/Library/Caches/ms-playwright/webkit-2191/pw_run.sh --inspector-pipe --headless --no-startup-window
      - <launched> pid=54666
      - [pid=54666][err] /Users/dahuang/Library/Caches/ms-playwright/webkit-2191/pw_run.sh: line 7: 54672 Bus error: 10           DYLD_FRAMEWORK_PATH="$DYLIB_PATH" DYLD_LIBRARY_PATH="$DYLIB_PATH" "$PLAYWRIGHT" "$@"

]]>
</failure>
</testcase>
<testcase name="视觉回归测试 › 动画和过渡效果 › 滚动动画截图" classname="visual/visual-regression.spec.ts" time="0.001">
<failure message="visual-regression.spec.ts:459:9 滚动动画截图" type="FAILURE">
<![CDATA[  [Mobile Safari] › visual/visual-regression.spec.ts:459:9 › 视觉回归测试 › 动画和过渡效果 › 滚动动画截图 ─────────────

    Error: browserType.launch: Target page, context or browser has been closed
    Browser logs:

    <launching> /Users/dahuang/Library/Caches/ms-playwright/webkit-2191/pw_run.sh --inspector-pipe --headless --no-startup-window
    <launched> pid=54674
    [pid=54674][err] /Users/dahuang/Library/Caches/ms-playwright/webkit-2191/pw_run.sh: line 7: 54680 Bus error: 10           DYLD_FRAMEWORK_PATH="$DYLIB_PATH" DYLD_LIBRARY_PATH="$DYLIB_PATH" "$PLAYWRIGHT" "$@"
    Call log:
      - <launching> /Users/dahuang/Library/Caches/ms-playwright/webkit-2191/pw_run.sh --inspector-pipe --headless --no-startup-window
      - <launched> pid=54674
      - [pid=54674][err] /Users/dahuang/Library/Caches/ms-playwright/webkit-2191/pw_run.sh: line 7: 54680 Bus error: 10           DYLD_FRAMEWORK_PATH="$DYLIB_PATH" DYLD_LIBRARY_PATH="$DYLIB_PATH" "$PLAYWRIGHT" "$@"

]]>
</failure>
</testcase>
<testcase name="视觉回归测试 › 跨浏览器视觉对比 › Chromium渲染截图" classname="visual/visual-regression.spec.ts" time="0.001">
<failure message="visual-regression.spec.ts:480:9 Chromium渲染截图" type="FAILURE">
<![CDATA[  [Mobile Safari] › visual/visual-regression.spec.ts:480:9 › 视觉回归测试 › 跨浏览器视觉对比 › Chromium渲染截图 ──────

    Error: browserType.launch: Target page, context or browser has been closed
    Browser logs:

    <launching> /Users/dahuang/Library/Caches/ms-playwright/webkit-2191/pw_run.sh --inspector-pipe --headless --no-startup-window
    <launched> pid=54682
    [pid=54682][err] /Users/dahuang/Library/Caches/ms-playwright/webkit-2191/pw_run.sh: line 7: 54688 Bus error: 10           DYLD_FRAMEWORK_PATH="$DYLIB_PATH" DYLD_LIBRARY_PATH="$DYLIB_PATH" "$PLAYWRIGHT" "$@"
    Call log:
      - <launching> /Users/dahuang/Library/Caches/ms-playwright/webkit-2191/pw_run.sh --inspector-pipe --headless --no-startup-window
      - <launched> pid=54682
      - [pid=54682][err] /Users/dahuang/Library/Caches/ms-playwright/webkit-2191/pw_run.sh: line 7: 54688 Bus error: 10           DYLD_FRAMEWORK_PATH="$DYLIB_PATH" DYLD_LIBRARY_PATH="$DYLIB_PATH" "$PLAYWRIGHT" "$@"

]]>
</failure>
</testcase>
<testcase name="视觉回归测试 › 跨浏览器视觉对比 › Firefox渲染截图" classname="visual/visual-regression.spec.ts" time="0.001">
<failure message="visual-regression.spec.ts:496:9 Firefox渲染截图" type="FAILURE">
<![CDATA[  [Mobile Safari] › visual/visual-regression.spec.ts:496:9 › 视觉回归测试 › 跨浏览器视觉对比 › Firefox渲染截图 ───────

    Error: browserType.launch: Target page, context or browser has been closed
    Browser logs:

    <launching> /Users/dahuang/Library/Caches/ms-playwright/webkit-2191/pw_run.sh --inspector-pipe --headless --no-startup-window
    <launched> pid=54689
    [pid=54689][err] /Users/dahuang/Library/Caches/ms-playwright/webkit-2191/pw_run.sh: line 7: 54695 Bus error: 10           DYLD_FRAMEWORK_PATH="$DYLIB_PATH" DYLD_LIBRARY_PATH="$DYLIB_PATH" "$PLAYWRIGHT" "$@"
    Call log:
      - <launching> /Users/dahuang/Library/Caches/ms-playwright/webkit-2191/pw_run.sh --inspector-pipe --headless --no-startup-window
      - <launched> pid=54689
      - [pid=54689][err] /Users/dahuang/Library/Caches/ms-playwright/webkit-2191/pw_run.sh: line 7: 54695 Bus error: 10           DYLD_FRAMEWORK_PATH="$DYLIB_PATH" DYLD_LIBRARY_PATH="$DYLIB_PATH" "$PLAYWRIGHT" "$@"

]]>
</failure>
</testcase>
<testcase name="视觉回归测试 › 跨浏览器视觉对比 › WebKit渲染截图" classname="visual/visual-regression.spec.ts" time="0.001">
<failure message="visual-regression.spec.ts:512:9 WebKit渲染截图" type="FAILURE">
<![CDATA[  [Mobile Safari] › visual/visual-regression.spec.ts:512:9 › 视觉回归测试 › 跨浏览器视觉对比 › WebKit渲染截图 ────────

    Error: browserType.launch: Target page, context or browser has been closed
    Browser logs:

    <launching> /Users/dahuang/Library/Caches/ms-playwright/webkit-2191/pw_run.sh --inspector-pipe --headless --no-startup-window
    <launched> pid=54696
    [pid=54696][err] /Users/dahuang/Library/Caches/ms-playwright/webkit-2191/pw_run.sh: line 7: 54702 Bus error: 10           DYLD_FRAMEWORK_PATH="$DYLIB_PATH" DYLD_LIBRARY_PATH="$DYLIB_PATH" "$PLAYWRIGHT" "$@"
    Call log:
      - <launching> /Users/dahuang/Library/Caches/ms-playwright/webkit-2191/pw_run.sh --inspector-pipe --headless --no-startup-window
      - <launched> pid=54696
      - [pid=54696][err] /Users/dahuang/Library/Caches/ms-playwright/webkit-2191/pw_run.sh: line 7: 54702 Bus error: 10           DYLD_FRAMEWORK_PATH="$DYLIB_PATH" DYLD_LIBRARY_PATH="$DYLIB_PATH" "$PLAYWRIGHT" "$@"

]]>
</failure>
</testcase>
</testsuite>
</testsuites>